Can.c:809:6:Can_Init	24	static
Can.c:918:6:Can_DeInit	8	static
Can.c:1060:16:Can_SetControllerMode	24	static
Can.c:1311:6:Can_DisableControllerInterrupts	16	static
Can.c:1386:6:Can_EnableControllerInterrupts	16	static
Can.c:1530:16:Can_GetControllerErrorState	8	static
Can.c:1602:16:Can_GetControllerMode	0	static
Can.c:1695:16:Can_GetControllerRxErrorCounter	8	static
Can.c:1794:16:Can_GetControllerTxErrorCounter	8	static
Can.c:1906:16:Can_Write	8	static
Can.c:2116:10:Can_MainFunction_Write	0	static
Can.c:2228:10:Can_MainFunction_Read	0	static
Can.c:2337:6:Can_MainFunction_BusOff	0	static
Can.c:2410:6:Can_MainFunction_Mode	0	static
Can.c:2562:6:Can_ProcessMesgBufferCommonInterrupt	4	static
Can.c:2632:6:Can_ProcessBusOffInterrupt	16	static
