Clock_Ip.c:199:13:Clock_Ip_NotificatonsEmptyCallback	8	static
Clock_Ip.c:212:13:Clock_Ip_UpdateDriverContext	24	static
Clock_Ip.c:511:13:Clock_Ip_CallEmptyCallbacks	8	static
Clock_Ip.c:551:13:Clock_Ip_ResetClockConfiguration	24	static
Clock_Ip.c:615:21:Clock_Ip_Init	24	static
Clock_Ip.c:674:6:Clock_Ip_InitClock	24	static
Clock_Ip.c:865:24:Clock_Ip_GetPllStatus	32	static
Clock_Ip.c:917:6:Clock_Ip_DistributePll	16	static
Clock_Ip.c:971:6:Clock_Ip_DisableClockMonitor	24	static
Clock_Ip.c:987:24:Clock_Ip_GetClockMonitorStatus	24	static
Clock_Ip.c:1002:6:Clock_Ip_ClearClockMonitorStatus	24	static
Clock_Ip.c:1020:6:Clock_Ip_InstallNotificationsCallback	8	static
Clock_Ip.c:1034:6:Clock_Ip_DisableModuleClock	24	static
Clock_Ip.c:1050:6:Clock_Ip_EnableModuleClock	24	static
Clock_Ip.c:1069:6:Clock_Ip_PowerModeChangeNotification	16	static
Clock_Ip.c:1108:13:Clock_Ip_SetWaitStates	8	static
Clock_Ip.c:1140:6:Clock_Ip_ReportClockErrors	16	static
Clock_Ip.c:1151:6:Clock_Ip_StartTimeout	24	static
Clock_Ip.c:1167:9:Clock_Ip_TimeoutExpired	24	static
Clock_Ip.c:1177:8:Clock_Ip_GetConfiguredFrequencyValue	16	static
