Devassert.h:65:20:DevAssert	8	static
FlexCAN_Ip_HwAccess.h:549:20:FlexCAN_SetRxFifoGlobalMask	8	static
FlexCAN_Ip_HwAccess.h:564:20:FlexCAN_SetTDCOffset	16	static
FlexCAN_Ip_HwAccess.h:635:23:FlexCAN_IsEnabled	8	static
FlexCAN_Ip_HwAccess.h:668:20:FlexCAN_SetFDEnabled	8	static
FlexCAN_Ip_HwAccess.h:688:20:FlexCAN_SetListenOnlyMode	8	static
FlexCAN_Ip_HwAccess.h:767:20:FlexCAN_UnlockRxMsgBuff	8	static
FlexCAN_Ip_HwAccess.h:779:20:FlexCAN_ClearMsgBuffIntStatusFlag	16	static
FlexCAN_Ip_HwAccess.h:828:21:FlexCAN_GetBuffStatusFlag	16	static
FlexCAN_Ip_HwAccess.h:880:21:FlexCAN_GetBuffStatusImask	16	static
FlexCAN_Ip_HwAccess.h:934:20:FlexCAN_SetFDTimeSegments	16	static
FlexCAN_Ip_HwAccess.h:962:20:FlexCAN_SetTimeSegments	16	static
FlexCAN_Ip_HwAccess.h:988:20:FlexCAN_SetExtendedTimeSegments	16	static
FlexCAN_Ip_HwAccess.h:1089:20:FlexCAN_GetExtendedTimeSegments	8	static
FlexCAN_Ip_HwAccess.h:1104:20:FlexCAN_GetTimeSegments	8	static
FlexCAN_Ip_HwAccess.h:1120:20:FlexCAN_GetFDTimeSegments	8	static
FlexCAN_Ip_HwAccess.h:1137:23:FlexCAN_IsExCbtEnabled	8	static
FlexCAN_Ip_HwAccess.h:1171:20:FlexCAN_EnableExtCbt	8	static
FlexCAN_Ip_HwAccess.h:1193:20:FlexCAN_SetSelfReception	8	static
FlexCAN_Ip_HwAccess.h:1204:23:FlexCAN_IsFDEnabled	8	static
FlexCAN_Ip_HwAccess.h:1215:23:FlexCAN_IsListenOnlyModeEnabled	8	static
FlexCAN_Ip_HwAccess.h:1227:22:RxFifoOcuppiedLastMsgBuff	8	static
FlexCAN_Ip_HwAccess.h:1298:20:FlexCAN_SetClkSrc	8	static
FlexCAN_Ip_HwAccess.h:1311:21:FlexCAN_GetMsgBuffIntStatusFlag	16	static
FlexCAN_Ip_HwAccess.h:1366:20:FlexCAN_SetRxMsgBuffGlobalMask	8	static
FlexCAN_Ip_HwAccess.h:1378:20:FlexCAN_SetRxIndividualMask	16	static
FlexCAN_Ip_HwAccess.h:1393:23:FlexCAN_IsFreezeMode	8	static
FlexCAN_Ip_HwAccess.h:1398:20:FlexCAN_SetTxArbitrationStartDelay	8	static
FlexCAN_Ip_HwAccess.h:1409:20:FlexCAN_SetRxMaskType	8	static
FlexCAN_Ip_HwAccess.h:1561:20:FlexCAN_SetRegDefaultVal	16	static
FlexCAN_Ip.c:282:30:FlexCAN_InitRxFifo	24	static
FlexCAN_Ip.c:376:30:FlexCAN_InitCtroll	24	static
FlexCAN_Ip.c:422:30:FlexCAN_InitController	24	static
FlexCAN_Ip.c:843:30:FlexCAN_ProccessLegacyRxFIFO	56	static
FlexCAN_Ip.c:923:30:FlexCAN_StartRxMessageBufferData	32	static
FlexCAN_Ip.c:971:30:FlexCAN_StartSendData	64	static
FlexCAN_Ip.c:1051:30:FlexCAN_StartRxMessageFifoData	40	static
FlexCAN_Ip.c:1202:13:FlexCAN_IRQHandlerRxMB	128	static
FlexCAN_Ip.c:1316:13:FlexCAN_IRQHandlerTxMB	120	static
FlexCAN_Ip.c:1379:20:FlexCAN_IRQHandlerRxFIFO	104	static
FlexCAN_Ip.c:1449:20:FlexCAN_ProcessSpuriousInterruptMB	40	static
FlexCAN_Ip.c:1695:30:FlexCAN_AbortTxTransfer	48	static
FlexCAN_Ip.c:1756:13:FlexCAN_AbortRxTransfer	40	static
FlexCAN_Ip.c:1822:23:FlexCAN_Ip_Init_Privileged	40	static
FlexCAN_Ip.c:1958:23:FlexCAN_Ip_Send	48	static
FlexCAN_Ip.c:2005:23:FlexCAN_Ip_ConfigRxMb	56	static
FlexCAN_Ip.c:2061:23:FlexCAN_Ip_Receive	40	static
FlexCAN_Ip.c:2097:23:FlexCAN_Ip_ReceiveBlocking	48	static
FlexCAN_Ip.c:2218:23:FlexCAN_Ip_RxFifo	24	static
FlexCAN_Ip.c:2262:23:FlexCAN_Ip_RxFifoBlocking	32	static
FlexCAN_Ip.c:2314:23:FlexCAN_Ip_ConfigRxFifo_Privileged	40	static
FlexCAN_Ip.c:2424:23:FlexCAN_Ip_ConfigRemoteResponseMb	64	static
FlexCAN_Ip.c:2487:23:FlexCAN_Ip_GetTransferStatus	24	static
FlexCAN_Ip.c:2550:13:FlexCAN_CompleteRxMessageFifoData	32	static
FlexCAN_Ip.c:2651:6:FlexCAN_IRQHandler	48	static
FlexCAN_Ip.c:2772:6:FlexCAN_Ip_ClearErrorStatus	24	static
FlexCAN_Ip.c:2791:8:FlexCAN_Ip_GetErrorStatus	24	static
FlexCAN_Ip.c:2809:7:FlexCAN_Ip_GetControllerTxErrorCounter	24	static
FlexCAN_Ip.c:2827:7:FlexCAN_Ip_GetControllerRxErrorCounter	24	static
FlexCAN_Ip.c:2964:6:FlexCAN_Error_IRQHandler	32	static
FlexCAN_Ip.c:3029:6:FlexCAN_BusOff_IRQHandler	32	static
FlexCAN_Ip.c:3102:23:FlexCAN_Ip_SendBlocking	72	static
FlexCAN_Ip.c:3197:23:FlexCAN_Ip_SetRxMbGlobalMask_Privileged	32	static
FlexCAN_Ip.c:3246:23:FlexCAN_Ip_EnterFreezeMode_Privileged	24	static
FlexCAN_Ip.c:3259:23:FlexCAN_Ip_ExitFreezeMode_Privileged	24	static
FlexCAN_Ip.c:3272:23:FlexCAN_Ip_SetRxIndividualMask_Privileged	32	static
FlexCAN_Ip.c:3331:23:FlexCAN_Ip_SetRxFifoGlobalMask_Privileged	32	static
FlexCAN_Ip.c:3379:23:FlexCAN_Ip_Deinit_Privileged	24	static
FlexCAN_Ip.c:3420:6:FlexCAN_Ip_MainFunctionRead	24	static
FlexCAN_Ip.c:3486:23:FlexCAN_Ip_MainFunctionBusOff_Privileged	32	static
FlexCAN_Ip.c:3522:6:FlexCAN_Ip_MainFunctionWrite	24	static
FlexCAN_Ip.c:3549:9:FlexCAN_Ip_GetStopMode_Privileged	16	static
FlexCAN_Ip.c:3562:9:FlexCAN_Ip_GetStartMode_Privileged	16	static
FlexCAN_Ip.c:3575:23:FlexCAN_Ip_SetStartMode_Privileged	24	static
FlexCAN_Ip.c:3598:23:FlexCAN_Ip_SetStopMode_Privileged	24	static
FlexCAN_Ip.c:3630:23:FlexCAN_Ip_SetRxMaskType_Privileged	32	static
FlexCAN_Ip.c:3686:23:FlexCAN_Ip_SetBitrate_Privileged	32	static
FlexCAN_Ip.c:3762:9:FlexCAN_Ip_GetBitrate	24	static
FlexCAN_Ip.c:3801:6:FlexCAN_Ip_ClearTDCFail	24	static
FlexCAN_Ip.c:3832:9:FlexCAN_Ip_GetTDCFail	24	static
FlexCAN_Ip.c:3861:7:FlexCAN_Ip_GetTDCValue	24	static
FlexCAN_Ip.c:3893:23:FlexCAN_Ip_SetBitrateCbt_Privileged	32	static
FlexCAN_Ip.c:3964:9:FlexCAN_Ip_GetBitrateFD	24	static
FlexCAN_Ip.c:3996:23:FlexCAN_Ip_SetTDCOffset_Privileged	32	static
FlexCAN_Ip.c:4064:23:FlexCAN_Ip_SetTxArbitrationStartDelay_Privileged	32	static
FlexCAN_Ip.c:4117:9:FlexCAN_Ip_GetBuffStatusFlag	24	static
FlexCAN_Ip.c:4144:6:FlexCAN_Ip_ClearBuffStatusFlag	24	static
FlexCAN_Ip.c:4171:23:FlexCAN_Ip_EnableInterrupts_Privileged	32	static
FlexCAN_Ip.c:4207:23:FlexCAN_Ip_DisableInterrupts_Privileged	32	static
FlexCAN_Ip.c:4243:23:FlexCAN_Ip_SetErrorInt_Privileged	32	static
FlexCAN_Ip.c:4336:23:FlexCAN_Ip_AbortTransfer	32	static
FlexCAN_Ip.c:4401:23:FlexCAN_Ip_SetRxMb14Mask_Privileged	32	static
FlexCAN_Ip.c:4443:23:FlexCAN_Ip_SetRxMb15Mask_Privileged	32	static
FlexCAN_Ip.c:4493:23:FlexCAN_Ip_SetListenOnlyMode_Privileged	32	static
FlexCAN_Ip.c:4545:9:FlexCAN_Ip_GetListenOnlyMode	24	static
FlexCAN_Ip.c:4763:23:FlexCAN_Ip_ManualBusOffRecovery	40	static
