Can_Ipw.c:480:13:Can_Ipw_ParseData	24	static
Can_Ipw.c:549:13:Can_Ipw_InitLegacyFifoFilter	1056	static
Can_Ipw.c:644:13:Can_Ipw_ProcessLegacyFifoPolling	40	static
Can_Ipw.c:741:13:Can_Ipw_InitBaudrate	24	static
Can_Ipw.c:805:16:Can_Ipw_Init	24	static
Can_Ipw.c:899:6:Can_Ipw_DeInit	16	static
Can_Ipw.c:984:23:Can_Ipw_SetControlerErrorInit	24	static
Can_Ipw.c:1015:16:Can_Ipw_SetControllerToStartMode	24	static
Can_Ipw.c:1131:16:Can_Ipw_SetControllerToStopMode	24	static
Can_Ipw.c:1199:6:Can_Ipw_DisableControllerInterrupts	16	static
Can_Ipw.c:1227:6:Can_Ipw_EnableControllerInterrupts	16	static
Can_Ipw.c:1260:7:Can_Ipw_GetControllerErrorState	24	static
Can_Ipw.c:1272:7:Can_Ipw_GetControllerTxErrorCounter	16	static
Can_Ipw.c:1280:7:Can_Ipw_GetControllerRxErrorCounter	16	static
Can_Ipw.c:1289:16:Can_Ipw_Write	56	static
Can_Ipw.c:1369:13:Can_Ipw_InitRx	40	static
Can_Ipw.c:1531:10:Can_Ipw_MainFunction_Write	24	static
Can_Ipw.c:1569:10:Can_Ipw_MainFunction_Read	24	static
Can_Ipw.c:1629:10:Can_Ipw_MainFunction_BusOff	16	static
Can_Ipw.c:1638:6:Can_Ipw_MainFunction_Mode	16	static
