Clock_Ip_Divider.c:247:13:Clock_Ip_Callback_DividerEmpty	8	static
Clock_Ip_Divider.c:254:13:Clock_Ip_SetScgAsyncDiv1	16	static
Clock_Ip_Divider.c:267:13:Clock_Ip_SetScgAsyncDiv2	16	static
Clock_Ip_Divider.c:280:13:Clock_Ip_SetScgRunDivcore	16	static
Clock_Ip_Divider.c:293:13:Clock_Ip_SetScgRunDivbus	16	static
Clock_Ip_Divider.c:306:13:Clock_Ip_SetScgRunDivslow	16	static
Clock_Ip_Divider.c:319:13:Clock_Ip_SetScgVlprDivcore	16	static
Clock_Ip_Divider.c:332:13:Clock_Ip_SetScgVlprDivbus	16	static
Clock_Ip_Divider.c:345:13:Clock_Ip_SetScgVlprDivslow	16	static
Clock_Ip_Divider.c:358:13:Clock_Ip_SetScgHsrunDivcore	16	static
Clock_Ip_Divider.c:371:13:Clock_Ip_SetScgHsrunDivbus	16	static
Clock_Ip_Divider.c:384:13:Clock_Ip_SetScgHsrunDivslow	16	static
Clock_Ip_Divider.c:397:13:Clock_Ip_SetSimClkoutDiv	16	static
Clock_Ip_Divider.c:410:13:Clock_Ip_SetPccPcdDivFrac	16	static
Clock_Ip_Divider.c:423:13:Clock_Ip_SetSimTraceDivMul	16	static
Clock_Ip_Divider.c:439:6:Clock_Ip_SetScgAsyncDiv1_TrustedCall	24	static
Clock_Ip_Divider.c:454:6:Clock_Ip_SetScgAsyncDiv2_TrustedCall	24	static
Clock_Ip_Divider.c:469:6:Clock_Ip_SetScgRunDivcore_TrustedCall	16	static
Clock_Ip_Divider.c:482:6:Clock_Ip_SetScgRunDivbus_TrustedCall	16	static
Clock_Ip_Divider.c:495:6:Clock_Ip_SetScgRunDivslow_TrustedCall	16	static
Clock_Ip_Divider.c:508:6:Clock_Ip_SetScgVlprDivcore_TrustedCall	16	static
Clock_Ip_Divider.c:521:6:Clock_Ip_SetScgVlprDivbus_TrustedCall	16	static
Clock_Ip_Divider.c:534:6:Clock_Ip_SetScgVlprDivslow_TrustedCall	16	static
Clock_Ip_Divider.c:547:6:Clock_Ip_SetScgHsrunDivcore_TrustedCall	16	static
Clock_Ip_Divider.c:560:6:Clock_Ip_SetScgHsrunDivbus_TrustedCall	16	static
Clock_Ip_Divider.c:573:6:Clock_Ip_SetScgHsrunDivslow_TrustedCall	16	static
Clock_Ip_Divider.c:586:6:Clock_Ip_SetSimClkoutDiv_TrustedCall	16	static
Clock_Ip_Divider.c:598:6:Clock_Ip_SetPccPcdDivFrac_TrustedCall	16	static
Clock_Ip_Divider.c:611:6:Clock_Ip_SetSimTraceDivMul_TrustedCall	8	static
