Clock_Ip_Specific.c:283:13:DisableSafeClock	24	static
Clock_Ip_Specific.c:312:6:SetFircToResetValue_TrustedCall	0	static
Clock_Ip_Specific.c:321:6:SetSimLpoclksRegister_TrustedCall	16	static
Clock_Ip_Specific.c:386:13:Clock_Ip_SpecificPlatformInitClock	40	static
Clock_Ip_Specific.c:468:41:getFircConfig	8	static
Clock_Ip_Specific.c:503:39:getSoscConfig	8	static
Clock_Ip_Specific.c:538:38:getSpllConfig	8	static
Clock_Ip_Specific.c:622:43:getSelectorConfig	24	static
Clock_Ip_Specific.c:702:42:getCoreDividerConfig	24	static
Clock_Ip_Specific.c:768:42:getBusDividerConfig	24	static
Clock_Ip_Specific.c:834:42:getSlowDividerConfig	24	static
Clock_Ip_Specific.c:901:13:Clock_Ip_ClockInitializeObjects	8	static
Clock_Ip_Specific.c:981:6:Clock_Ip_ClockPowerModeChangeNotification	16	static
Clock_Ip_Specific.c:1121:6:Clock_Ip_Command	16	static
