Devassert.h:85:20:DevAssert	8	static
OsIf_Timer.c:198:22:OsIf_Timer_Dummy_GetCounter	0	static
OsIf_Timer.c:204:22:OsIf_Timer_Dummy_GetElapsed	8	static
OsIf_Timer.c:211:20:OsIf_Timer_Dummy_SetTimerFrequency	8	static
OsIf_Timer.c:217:22:OsIf_Timer_Dummy_MicrosToTicks	8	static
OsIf_Timer.c:231:6:OsIf_Init	16	static
OsIf_Timer.c:256:8:OsIf_GetCounter	24	static
OsIf_Timer.c:280:8:OsIf_GetElapsed	24	static
OsIf_Timer.c:304:6:OsIf_SetTimerFrequency	16	static
OsIf_Timer.c:325:8:OsIf_MicrosToTicks	24	static
