SchM_Ocu.c:331:8:Ocu_schm_read_msr	0	static
SchM_Ocu.c:415:6:SchM_Enter_Ocu_OCU_EXCLUSIVE_AREA_00	0	static
SchM_Ocu.c:437:6:SchM_Exit_Ocu_OCU_EXCLUSIVE_AREA_00	0	static
SchM_Ocu.c:451:6:SchM_Enter_Ocu_OCU_EXCLUSIVE_AREA_01	0	static
SchM_Ocu.c:473:6:SchM_Exit_Ocu_OCU_EXCLUSIVE_AREA_01	0	static
SchM_Ocu.c:487:6:SchM_Enter_Ocu_OCU_EXCLUSIVE_AREA_02	0	static
SchM_Ocu.c:509:6:SchM_Exit_Ocu_OCU_EXCLUSIVE_AREA_02	0	static
SchM_Ocu.c:523:6:SchM_Enter_Ocu_OCU_EXCLUSIVE_AREA_03	0	static
SchM_Ocu.c:545:6:SchM_Exit_Ocu_OCU_EXCLUSIVE_AREA_03	0	static
SchM_Ocu.c:559:6:SchM_Enter_Ocu_OCU_EXCLUSIVE_AREA_04	0	static
SchM_Ocu.c:581:6:SchM_Exit_Ocu_OCU_EXCLUSIVE_AREA_04	0	static
SchM_Ocu.c:595:6:SchM_Enter_Ocu_OCU_EXCLUSIVE_AREA_05	0	static
SchM_Ocu.c:617:6:SchM_Exit_Ocu_OCU_EXCLUSIVE_AREA_05	0	static
SchM_Ocu.c:631:6:SchM_Enter_Ocu_OCU_EXCLUSIVE_AREA_06	0	static
SchM_Ocu.c:653:6:SchM_Exit_Ocu_OCU_EXCLUSIVE_AREA_06	0	static
SchM_Ocu.c:667:6:SchM_Enter_Ocu_OCU_EXCLUSIVE_AREA_07	0	static
SchM_Ocu.c:689:6:SchM_Exit_Ocu_OCU_EXCLUSIVE_AREA_07	0	static
SchM_Ocu.c:703:6:SchM_Enter_Ocu_OCU_EXCLUSIVE_AREA_10	0	static
SchM_Ocu.c:725:6:SchM_Exit_Ocu_OCU_EXCLUSIVE_AREA_10	0	static
SchM_Ocu.c:739:6:SchM_Enter_Ocu_OCU_EXCLUSIVE_AREA_11	0	static
SchM_Ocu.c:761:6:SchM_Exit_Ocu_OCU_EXCLUSIVE_AREA_11	0	static
SchM_Ocu.c:775:6:SchM_Enter_Ocu_OCU_EXCLUSIVE_AREA_12	0	static
SchM_Ocu.c:797:6:SchM_Exit_Ocu_OCU_EXCLUSIVE_AREA_12	0	static
SchM_Ocu.c:811:6:SchM_Enter_Ocu_OCU_EXCLUSIVE_AREA_13	0	static
SchM_Ocu.c:833:6:SchM_Exit_Ocu_OCU_EXCLUSIVE_AREA_13	0	static
SchM_Ocu.c:847:6:SchM_Enter_Ocu_OCU_EXCLUSIVE_AREA_14	0	static
SchM_Ocu.c:869:6:SchM_Exit_Ocu_OCU_EXCLUSIVE_AREA_14	0	static
SchM_Ocu.c:883:6:SchM_Enter_Ocu_OCU_EXCLUSIVE_AREA_15	0	static
SchM_Ocu.c:905:6:SchM_Exit_Ocu_OCU_EXCLUSIVE_AREA_15	0	static
SchM_Ocu.c:919:6:SchM_Enter_Ocu_OCU_EXCLUSIVE_AREA_16	0	static
SchM_Ocu.c:941:6:SchM_Exit_Ocu_OCU_EXCLUSIVE_AREA_16	0	static
SchM_Ocu.c:955:6:SchM_Enter_Ocu_OCU_EXCLUSIVE_AREA_20	0	static
SchM_Ocu.c:977:6:SchM_Exit_Ocu_OCU_EXCLUSIVE_AREA_20	0	static
SchM_Ocu.c:991:6:SchM_Enter_Ocu_OCU_EXCLUSIVE_AREA_21	0	static
SchM_Ocu.c:1013:6:SchM_Exit_Ocu_OCU_EXCLUSIVE_AREA_21	0	static
SchM_Ocu.c:1027:6:SchM_Enter_Ocu_OCU_EXCLUSIVE_AREA_22	0	static
SchM_Ocu.c:1049:6:SchM_Exit_Ocu_OCU_EXCLUSIVE_AREA_22	0	static
SchM_Ocu.c:1063:6:SchM_Enter_Ocu_OCU_EXCLUSIVE_AREA_23	0	static
SchM_Ocu.c:1085:6:SchM_Exit_Ocu_OCU_EXCLUSIVE_AREA_23	0	static
