ST7789_low_level.c:12:13:TestDelay	8	static
ST7789_low_level.c:48:6:GB_MA_SPI_send_byte_conti	32	static
ST7789_low_level.c:59:9:GB_MA_SPI_exchange_byte	24	static
ST7789_low_level.c:68:6:GB_STT7789_SPI_CS_low	8	static
ST7789_low_level.c:73:6:GB_STT7789_SPI_CS_high	8	static
ST7789_low_level.c:78:6:GB_ST7789_SendCommand	24	static
ST7789_low_level.c:92:6:GB_ST7789_SendData	16	static
ST7789_low_level.c:99:6:GB_ST7789_SendDataIm	16	static
ST7789_low_level.c:106:6:GB_ST7789_Init	24	static
ST7789_low_level.c:190:6:ST7789_SetAddressWindow	32	static
ST7789_low_level.c:214:6:ST7789_Fill_Color	24	static
ST7789_low_level.c:266:6:ST7789_DrawImage	32	static
ST7789_low_level.c:300:6:ST7789DrawPixel	24	static
ST7789_low_level.c:323:6:ST7789_WriteChar	40	static
ST7789_low_level.c:397:6:ST7789_WriteString	32	static
ST7789_low_level.c:425:6:ST7789_WriteStringBox	40	static
ST7789_low_level.c:468:6:ST7789_WriteDec	40	static
ST7789_low_level.c:493:6:ST7789_Float	56	static
