ST7789_low_level.c:13:13:TestDelay	8	static
ST7789_low_level.c:49:6:GB_MA_SPI_send_byte_conti	32	static
ST7789_low_level.c:60:9:GB_MA_SPI_exchange_byte	24	static
ST7789_low_level.c:69:6:GB_STT7789_SPI_CS_low	8	static
ST7789_low_level.c:74:6:GB_STT7789_SPI_CS_high	8	static
ST7789_low_level.c:79:6:GB_ST7789_SendCommand	24	static
ST7789_low_level.c:93:6:GB_ST7789_SendData	16	static
ST7789_low_level.c:100:6:GB_ST7789_SendDataIm	16	static
ST7789_low_level.c:107:6:GB_ST7789_Init	24	static
ST7789_low_level.c:191:6:ST7789_SetAddressWindow	32	static
ST7789_low_level.c:215:6:ST7789_Fill_Color	24	static
ST7789_low_level.c:245:6:ST7789_DrawImage	32	static
ST7789_low_level.c:279:6:ST7789DrawPixel	24	static
ST7789_low_level.c:302:6:ST7789_WriteChar	40	static
ST7789_low_level.c:376:6:ST7789_WriteString	32	static
ST7789_low_level.c:404:6:ST7789_WriteStringBox	40	static
ST7789_low_level.c:447:6:ST7789_WriteDec	40	static
ST7789_low_level.c:472:6:ST7789_Float	56	static
