Can_Ipw.c:540:13:Can_Ipw_InitLegacyFifoFilter	1056	static
Can_Ipw.c:471:13:Can_Ipw_ParseData.isra.0.constprop	16	static
Can_Ipw.c:750:16:Can_Ipw_Init	16	static
Can_Ipw.c:833:6:Can_Ipw_DeInit	0	static
Can_Ipw.c:953:16:Can_Ipw_SetControllerToStartMode	32	static
Can_Ipw.c:1051:16:Can_Ipw_SetControllerToStopMode	24	static
Can_Ipw.c:1119:6:Can_Ipw_DisableControllerInterrupts	16	static
Can_Ipw.c:1147:6:Can_Ipw_EnableControllerInterrupts	16	static
Can_Ipw.c:1180:7:Can_Ipw_GetControllerErrorState	8	static
Can_Ipw.c:1192:7:Can_Ipw_GetControllerTxErrorCounter	0	static
Can_Ipw.c:1200:7:Can_Ipw_GetControllerRxErrorCounter	0	static
Can_Ipw.c:1209:16:Can_Ipw_Write	48	static
Can_Ipw.c:1289:16:Can_Ipw_InitRx	32	static
Can_Ipw.c:1442:10:Can_Ipw_MainFunction_Write	32	static
Can_Ipw.c:1480:10:Can_Ipw_MainFunction_Read	24	static
Can_Ipw.c:1540:10:Can_Ipw_MainFunction_BusOff	0	static
Can_Ipw.c:1549:6:Can_Ipw_MainFunction_Mode	16	static
