Clock_Ip_Gate.c:197:13:ClockSetGateEmpty	0	static
Clock_Ip_Gate.c:202:13:ClockUpdateGateEmpty	0	static
Clock_Ip_Gate.c:429:13:ClockUpdatePccCgcEnable	0	static
Clock_Ip_Gate.c:451:13:ClockSetSimGate_TrustedCall	8	static
Clock_Ip_Gate.c:461:13:ClockSetSimGate	0	static
Clock_Ip_Gate.c:471:13:ClockUpdateSimGate	16	static
Clock_Ip_Gate.c:303:13:ClockSetSimLPO1KEnable	0	static
Clock_Ip_Gate.c:314:13:ClockUpdateSimLPO1KEnable	16	static
Clock_Ip_Gate.c:342:13:ClockSetSimLPO32KEnable	0	static
Clock_Ip_Gate.c:352:13:ClockUpdateSimLPO32KEnable	16	static
Clock_Ip_Gate.c:380:13:ClockSetSimClkoutEnable	0	static
Clock_Ip_Gate.c:390:13:ClockUpdateSimClkoutEnable	16	static
Clock_Ip_Gate.c:505:13:ClockSetSimTraceEnable	0	static
Clock_Ip_Gate.c:516:13:ClockUpdateSimTraceEnable	16	static
Clock_Ip_Gate.c:419:13:ClockSetPccCgcEnable	0	static
