Clock_Ip_Divider.c:289:13:Callback_DividerEmpty	8	static
Clock_Ip_Divider.c:736:13:SetScgAsyncDiv1_TrustedCall	24	static
Clock_Ip_Divider.c:748:13:SetScgAsyncDiv1	16	static
Clock_Ip_Divider.c:761:13:SetScgAsyncDiv2_TrustedCall	24	static
Clock_Ip_Divider.c:772:13:SetScgAsyncDiv2	16	static
Clock_Ip_Divider.c:786:13:SetScgRunDivcore_TrustedCall	16	static
Clock_Ip_Divider.c:798:13:SetScgRunDivcore	16	static
Clock_Ip_Divider.c:812:13:SetScgRunDivbus_TrustedCall	16	static
Clock_Ip_Divider.c:824:13:SetScgRunDivbus	16	static
Clock_Ip_Divider.c:838:13:SetScgRunDivslow_TrustedCall	16	static
Clock_Ip_Divider.c:850:13:SetScgRunDivslow	16	static
Clock_Ip_Divider.c:864:13:SetScgVlprDivcore_TrustedCall	16	static
Clock_Ip_Divider.c:876:13:SetScgVlprDivcore	16	static
Clock_Ip_Divider.c:890:13:SetScgVlprDivbus_TrustedCall	16	static
Clock_Ip_Divider.c:902:13:SetScgVlprDivbus	16	static
Clock_Ip_Divider.c:916:13:SetScgVlprDivslow_TrustedCall	16	static
Clock_Ip_Divider.c:928:13:SetScgVlprDivslow	16	static
Clock_Ip_Divider.c:942:13:SetScgHsrunDivcore_TrustedCall	16	static
Clock_Ip_Divider.c:954:13:SetScgHsrunDivcore	16	static
Clock_Ip_Divider.c:968:13:SetScgHsrunDivbus_TrustedCall	16	static
Clock_Ip_Divider.c:980:13:SetScgHsrunDivbus	16	static
Clock_Ip_Divider.c:994:13:SetScgHsrunDivslow_TrustedCall	16	static
Clock_Ip_Divider.c:1006:13:SetScgHsrunDivslow	16	static
Clock_Ip_Divider.c:1020:13:SetSimClkoutDiv_TrustedCall	16	static
Clock_Ip_Divider.c:1032:13:SetSimClkoutDiv	16	static
Clock_Ip_Divider.c:1045:13:SetPccPcdDivFrac_TrustedCall	16	static
Clock_Ip_Divider.c:1055:13:SetPccPcdDivFrac	16	static
Clock_Ip_Divider.c:1068:13:SetSimTraceDivMul_TrustedCall	8	static
Clock_Ip_Divider.c:1073:13:SetSimTraceDivMul	16	static
