FlexCAN_Ip_HwAccess.h:549:20:FlexCAN_SetRxFifoGlobalMask	8	static
FlexCAN_Ip_HwAccess.h:564:20:FlexCAN_SetTDCOffset	16	static
FlexCAN_Ip_HwAccess.h:635:23:FlexCAN_IsEnabled	8	static
FlexCAN_Ip_HwAccess.h:668:20:FlexCAN_SetFDEnabled	8	static
FlexCAN_Ip_HwAccess.h:688:20:FlexCAN_SetListenOnlyMode	8	static
FlexCAN_Ip_HwAccess.h:767:20:FlexCAN_UnlockRxMsgBuff	8	static
FlexCAN_Ip_HwAccess.h:779:20:FlexCAN_ClearMsgBuffIntStatusFlag	16	static
FlexCAN_Ip_HwAccess.h:828:21:FlexCAN_GetBuffStatusFlag	16	static
FlexCAN_Ip_HwAccess.h:880:21:FlexCAN_GetBuffStatusImask	16	static
FlexCAN_Ip_HwAccess.h:934:20:FlexCAN_SetFDTimeSegments	8	static
FlexCAN_Ip_HwAccess.h:962:20:FlexCAN_SetTimeSegments	8	static
FlexCAN_Ip_HwAccess.h:988:20:FlexCAN_SetExtendedTimeSegments	8	static
FlexCAN_Ip_HwAccess.h:1089:20:FlexCAN_GetExtendedTimeSegments	8	static
FlexCAN_Ip_HwAccess.h:1104:20:FlexCAN_GetTimeSegments	8	static
FlexCAN_Ip_HwAccess.h:1120:20:FlexCAN_GetFDTimeSegments	8	static
FlexCAN_Ip_HwAccess.h:1137:23:FlexCAN_IsExCbtEnabled	8	static
FlexCAN_Ip_HwAccess.h:1171:20:FlexCAN_EnableExtCbt	8	static
FlexCAN_Ip_HwAccess.h:1193:20:FlexCAN_SetSelfReception	8	static
FlexCAN_Ip_HwAccess.h:1204:23:FlexCAN_IsFDEnabled	8	static
FlexCAN_Ip_HwAccess.h:1215:23:FlexCAN_IsListenOnlyModeEnabled	8	static
FlexCAN_Ip_HwAccess.h:1227:22:RxFifoOcuppiedLastMsgBuff	8	static
FlexCAN_Ip_HwAccess.h:1298:20:FlexCAN_SetClkSrc	8	static
FlexCAN_Ip_HwAccess.h:1311:21:FlexCAN_GetMsgBuffIntStatusFlag	16	static
FlexCAN_Ip_HwAccess.h:1366:20:FlexCAN_SetRxMsgBuffGlobalMask	8	static
FlexCAN_Ip_HwAccess.h:1378:20:FlexCAN_SetRxIndividualMask	16	static
FlexCAN_Ip_HwAccess.h:1398:20:FlexCAN_SetTxArbitrationStartDelay	8	static
FlexCAN_Ip_HwAccess.h:1409:20:FlexCAN_SetRxMaskType	8	static
FlexCAN_Ip_HwAccess.h:1561:20:FlexCAN_SetRegDefaultVal	16	static
FlexCAN_Ip.c:282:30:FlexCAN_InitRxFifo	24	static
FlexCAN_Ip.c:376:30:FlexCAN_InitCtroll	24	static
FlexCAN_Ip.c:422:30:FlexCAN_InitController	24	static
FlexCAN_Ip.c:843:30:FlexCAN_ProccessLegacyRxFIFO	56	static
FlexCAN_Ip.c:923:30:FlexCAN_StartRxMessageBufferData	16	static
FlexCAN_Ip.c:971:30:FlexCAN_StartSendData	64	static
FlexCAN_Ip.c:1051:30:FlexCAN_StartRxMessageFifoData	40	static
FlexCAN_Ip.c:1202:13:FlexCAN_IRQHandlerRxMB	128	static
FlexCAN_Ip.c:1316:13:FlexCAN_IRQHandlerTxMB	120	static
FlexCAN_Ip.c:1379:20:FlexCAN_IRQHandlerRxFIFO	104	static
FlexCAN_Ip.c:1449:20:FlexCAN_ProcessSpuriousInterruptMB	40	static
FlexCAN_Ip.c:1695:30:FlexCAN_AbortTxTransfer	48	static
FlexCAN_Ip.c:1756:13:FlexCAN_AbortRxTransfer	40	static
FlexCAN_Ip.c:1822:23:FlexCAN_Ip_Init_Privileged	40	static
FlexCAN_Ip.c:1958:23:FlexCAN_Ip_Send	40	static
FlexCAN_Ip.c:2005:23:FlexCAN_Ip_ConfigRxMb	48	static
FlexCAN_Ip.c:2057:23:FlexCAN_Ip_Receive	24	static
FlexCAN_Ip.c:2093:23:FlexCAN_Ip_ReceiveBlocking	40	static
FlexCAN_Ip.c:2214:23:FlexCAN_Ip_RxFifo	24	static
FlexCAN_Ip.c:2258:23:FlexCAN_Ip_RxFifoBlocking	32	static
FlexCAN_Ip.c:2310:23:FlexCAN_Ip_ConfigRxFifo_Privileged	40	static
FlexCAN_Ip.c:2420:23:FlexCAN_Ip_ConfigRemoteResponseMb	64	static
FlexCAN_Ip.c:2483:23:FlexCAN_Ip_GetTransferStatus	16	static
FlexCAN_Ip.c:2546:13:FlexCAN_CompleteRxMessageFifoData	32	static
FlexCAN_Ip.c:2647:6:FlexCAN_IRQHandler	48	static
FlexCAN_Ip.c:2768:6:FlexCAN_Ip_ClearErrorStatus	16	static
FlexCAN_Ip.c:2787:8:FlexCAN_Ip_GetErrorStatus	16	static
FlexCAN_Ip.c:2805:7:FlexCAN_Ip_GetControllerTxErrorCounter	16	static
FlexCAN_Ip.c:2823:7:FlexCAN_Ip_GetControllerRxErrorCounter	16	static
FlexCAN_Ip.c:2960:6:FlexCAN_Error_IRQHandler	32	static
FlexCAN_Ip.c:3025:6:FlexCAN_BusOff_IRQHandler	32	static
FlexCAN_Ip.c:3098:23:FlexCAN_Ip_SendBlocking	72	static
FlexCAN_Ip.c:3193:23:FlexCAN_Ip_SetRxMbGlobalMask_Privileged	32	static
FlexCAN_Ip.c:3242:23:FlexCAN_Ip_EnterFreezeMode_Privileged	24	static
FlexCAN_Ip.c:3255:23:FlexCAN_Ip_ExitFreezeMode_Privileged	24	static
FlexCAN_Ip.c:3268:23:FlexCAN_Ip_SetRxIndividualMask_Privileged	32	static
FlexCAN_Ip.c:3327:23:FlexCAN_Ip_SetRxFifoGlobalMask_Privileged	32	static
FlexCAN_Ip.c:3375:23:FlexCAN_Ip_Deinit_Privileged	24	static
FlexCAN_Ip.c:3416:6:FlexCAN_Ip_MainFunctionRead	24	static
FlexCAN_Ip.c:3482:23:FlexCAN_Ip_MainFunctionBusOff_Privileged	32	static
FlexCAN_Ip.c:3518:6:FlexCAN_Ip_MainFunctionWrite	24	static
FlexCAN_Ip.c:3545:9:FlexCAN_Ip_GetStopMode_Privileged	16	static
FlexCAN_Ip.c:3558:9:FlexCAN_Ip_GetStartMode_Privileged	16	static
FlexCAN_Ip.c:3571:23:FlexCAN_Ip_SetStartMode_Privileged	24	static
FlexCAN_Ip.c:3594:23:FlexCAN_Ip_SetStopMode_Privileged	24	static
FlexCAN_Ip.c:3626:23:FlexCAN_Ip_SetRxMaskType_Privileged	32	static
FlexCAN_Ip.c:3682:23:FlexCAN_Ip_SetBitrate_Privileged	32	static
FlexCAN_Ip.c:3758:9:FlexCAN_Ip_GetBitrate	24	static
FlexCAN_Ip.c:3797:6:FlexCAN_Ip_ClearTDCFail	24	static
FlexCAN_Ip.c:3828:9:FlexCAN_Ip_GetTDCFail	16	static
FlexCAN_Ip.c:3857:7:FlexCAN_Ip_GetTDCValue	16	static
FlexCAN_Ip.c:3889:23:FlexCAN_Ip_SetBitrateCbt_Privileged	32	static
FlexCAN_Ip.c:3960:9:FlexCAN_Ip_GetBitrateFD	24	static
FlexCAN_Ip.c:3992:23:FlexCAN_Ip_SetTDCOffset_Privileged	32	static
FlexCAN_Ip.c:4060:23:FlexCAN_Ip_SetTxArbitrationStartDelay_Privileged	32	static
FlexCAN_Ip.c:4113:9:FlexCAN_Ip_GetBuffStatusFlag	24	static
FlexCAN_Ip.c:4140:6:FlexCAN_Ip_ClearBuffStatusFlag	24	static
FlexCAN_Ip.c:4167:23:FlexCAN_Ip_EnableInterrupts_Privileged	32	static
FlexCAN_Ip.c:4203:23:FlexCAN_Ip_DisableInterrupts_Privileged	32	static
FlexCAN_Ip.c:4239:23:FlexCAN_Ip_SetErrorInt_Privileged	32	static
FlexCAN_Ip.c:4332:23:FlexCAN_Ip_AbortTransfer	32	static
FlexCAN_Ip.c:4397:23:FlexCAN_Ip_SetRxMb14Mask_Privileged	32	static
FlexCAN_Ip.c:4439:23:FlexCAN_Ip_SetRxMb15Mask_Privileged	32	static
FlexCAN_Ip.c:4489:23:FlexCAN_Ip_SetListenOnlyMode_Privileged	32	static
FlexCAN_Ip.c:4541:9:FlexCAN_Ip_GetListenOnlyMode	24	static
FlexCAN_Ip.c:4759:23:FlexCAN_Ip_ManualBusOffRecovery	40	static
