Pdb_Adc_Ip_HwAccess.h:70:20:Pdb_Adc_HwAcc_SetAdcPretriggerMask	16	static
Pdb_Adc_Ip_HwAccess.h:83:20:Pdb_Adc_HwAcc_DisablePdb	8	static
Pdb_Adc_Ip_HwAccess.h:89:20:Pdb_Adc_HwAcc_SetContinuousMode	8	static
Pdb_Adc_Ip_HwAccess.h:102:20:Pdb_Adc_HwAcc_ConfigAdcPretriggers	24	static
Pdb_Adc_Ip_HwAccess.h:113:20:Pdb_Adc_HwAcc_ClearAdcPretriggerFlags	8	static
Devassert.h:65:20:DevAssert	8	static
Pdb_Adc_Ip.c:196:6:Pdb_Adc_Ip_Init	32	static
Pdb_Adc_Ip.c:272:6:Pdb_Adc_Ip_DeInit	96	static
Pdb_Adc_Ip.c:327:6:Pdb_Adc_Ip_Enable	24	static
Pdb_Adc_Ip.c:347:6:Pdb_Adc_Ip_Disable	24	static
Pdb_Adc_Ip.c:367:6:Pdb_Adc_Ip_SetTriggerInput	24	static
Pdb_Adc_Ip.c:391:6:Pdb_Adc_Ip_SetContinuousMode	24	static
Pdb_Adc_Ip.c:413:6:Pdb_Adc_Ip_SwTrigger	24	static
Pdb_Adc_Ip.c:433:8:Pdb_Adc_Ip_GetTimerValue	24	static
Pdb_Adc_Ip.c:464:6:Pdb_Adc_Ip_LoadRegValues	24	static
Pdb_Adc_Ip.c:495:6:Pdb_Adc_Ip_SetModulus	24	static
Pdb_Adc_Ip.c:520:6:Pdb_Adc_Ip_ConfigAdcPretriggers	32	static
Pdb_Adc_Ip.c:541:8:Pdb_Adc_Ip_GetAdcPretriggerFlags	24	static
Pdb_Adc_Ip.c:565:6:Pdb_Adc_Ip_ClearAdcPretriggerFlags	24	static
Pdb_Adc_Ip.c:588:6:Pdb_Adc_Ip_SetAdcPretriggerBackToBack	24	static
Pdb_Adc_Ip.c:613:6:Pdb_Adc_Ip_SetAdcPretriggerEnable	24	static
Pdb_Adc_Ip.c:638:6:Pdb_Adc_Ip_SetAdcPretriggerDelayEnable	24	static
Pdb_Adc_Ip.c:666:6:Pdb_Adc_Ip_SetAdcPretriggerDelayValue	24	static
Pdb_Adc_Ip.c:687:6:Pdb_Adc_Ip_DisableAndClearPdb	32	static
Pdb_Adc_Ip.c:718:6:Pdb_Adc_Ip_IRQHandler	32	static
Pdb_Adc_Ip.c:754:20:PDB_ADC_ResetChannel	24	static
