IntCtrl_Ip.c:148:6:IntCtrl_Ip_InstallHandlerPrivileged	24	static
IntCtrl_Ip.c:226:6:IntCtrl_Ip_EnableIrqPrivileged	8	static
IntCtrl_Ip.c:245:6:IntCtrl_Ip_DisableIrqPrivileged	8	static
IntCtrl_Ip.c:266:6:IntCtrl_Ip_SetPriorityPrivileged	16	static
IntCtrl_Ip.c:308:7:IntCtrl_Ip_GetPriorityPrivileged	16	static
IntCtrl_Ip.c:342:6:IntCtrl_Ip_ClearPendingPrivileged	8	static
IntCtrl_Ip.c:465:23:IntCtrl_Ip_Init	24	static
IntCtrl_Ip.c:530:6:IntCtrl_Ip_InstallHandler	24	static
IntCtrl_Ip.c:542:6:IntCtrl_Ip_EnableIrq	16	static
IntCtrl_Ip.c:552:6:IntCtrl_Ip_DisableIrq	16	static
IntCtrl_Ip.c:562:6:IntCtrl_Ip_SetPriority	16	static
IntCtrl_Ip.c:572:7:IntCtrl_Ip_GetPriority	16	static
IntCtrl_Ip.c:582:6:IntCtrl_Ip_ClearPending	16	static
