SchM_Spi.c:331:8:Spi_schm_read_msr	4	static
SchM_Spi.c:415:6:SchM_Enter_Spi_SPI_EXCLUSIVE_AREA_00	16	static
SchM_Spi.c:437:6:SchM_Exit_Spi_SPI_EXCLUSIVE_AREA_00	8	static
SchM_Spi.c:451:6:SchM_Enter_Spi_SPI_EXCLUSIVE_AREA_01	16	static
SchM_Spi.c:473:6:SchM_Exit_Spi_SPI_EXCLUSIVE_AREA_01	8	static
SchM_Spi.c:487:6:SchM_Enter_Spi_SPI_EXCLUSIVE_AREA_02	16	static
SchM_Spi.c:509:6:SchM_Exit_Spi_SPI_EXCLUSIVE_AREA_02	8	static
SchM_Spi.c:523:6:SchM_Enter_Spi_SPI_EXCLUSIVE_AREA_03	16	static
SchM_Spi.c:545:6:SchM_Exit_Spi_SPI_EXCLUSIVE_AREA_03	8	static
SchM_Spi.c:559:6:SchM_Enter_Spi_SPI_EXCLUSIVE_AREA_04	16	static
SchM_Spi.c:581:6:SchM_Exit_Spi_SPI_EXCLUSIVE_AREA_04	8	static
SchM_Spi.c:595:6:SchM_Enter_Spi_SPI_EXCLUSIVE_AREA_05	16	static
SchM_Spi.c:617:6:SchM_Exit_Spi_SPI_EXCLUSIVE_AREA_05	8	static
SchM_Spi.c:631:6:SchM_Enter_Spi_SPI_EXCLUSIVE_AREA_06	16	static
SchM_Spi.c:653:6:SchM_Exit_Spi_SPI_EXCLUSIVE_AREA_06	8	static
SchM_Spi.c:667:6:SchM_Enter_Spi_SPI_EXCLUSIVE_AREA_07	16	static
SchM_Spi.c:689:6:SchM_Exit_Spi_SPI_EXCLUSIVE_AREA_07	8	static
SchM_Spi.c:703:6:SchM_Enter_Spi_SPI_EXCLUSIVE_AREA_08	16	static
SchM_Spi.c:725:6:SchM_Exit_Spi_SPI_EXCLUSIVE_AREA_08	8	static
SchM_Spi.c:739:6:SchM_Enter_Spi_SPI_EXCLUSIVE_AREA_09	16	static
SchM_Spi.c:761:6:SchM_Exit_Spi_SPI_EXCLUSIVE_AREA_09	8	static
SchM_Spi.c:775:6:SchM_Enter_Spi_SPI_EXCLUSIVE_AREA_10	16	static
SchM_Spi.c:797:6:SchM_Exit_Spi_SPI_EXCLUSIVE_AREA_10	8	static
SchM_Spi.c:811:6:SchM_Enter_Spi_SPI_EXCLUSIVE_AREA_11	16	static
SchM_Spi.c:833:6:SchM_Exit_Spi_SPI_EXCLUSIVE_AREA_11	8	static
SchM_Spi.c:847:6:SchM_Enter_Spi_SPI_EXCLUSIVE_AREA_12	16	static
SchM_Spi.c:869:6:SchM_Exit_Spi_SPI_EXCLUSIVE_AREA_12	8	static
SchM_Spi.c:883:6:SchM_Enter_Spi_SPI_EXCLUSIVE_AREA_13	16	static
SchM_Spi.c:905:6:SchM_Exit_Spi_SPI_EXCLUSIVE_AREA_13	8	static
SchM_Spi.c:919:6:SchM_Enter_Spi_SPI_EXCLUSIVE_AREA_14	16	static
SchM_Spi.c:941:6:SchM_Exit_Spi_SPI_EXCLUSIVE_AREA_14	8	static
SchM_Spi.c:955:6:SchM_Enter_Spi_SPI_EXCLUSIVE_AREA_15	16	static
SchM_Spi.c:977:6:SchM_Exit_Spi_SPI_EXCLUSIVE_AREA_15	8	static
SchM_Spi.c:991:6:SchM_Enter_Spi_SPI_EXCLUSIVE_AREA_16	16	static
SchM_Spi.c:1013:6:SchM_Exit_Spi_SPI_EXCLUSIVE_AREA_16	8	static
SchM_Spi.c:1027:6:SchM_Enter_Spi_SPI_EXCLUSIVE_AREA_17	16	static
SchM_Spi.c:1049:6:SchM_Exit_Spi_SPI_EXCLUSIVE_AREA_17	8	static
SchM_Spi.c:1063:6:SchM_Enter_Spi_SPI_EXCLUSIVE_AREA_18	16	static
SchM_Spi.c:1085:6:SchM_Exit_Spi_SPI_EXCLUSIVE_AREA_18	8	static
