Clock_Ip_Divider.c:289:13:Callback_DividerEmpty	0	static
Clock_Ip_Divider.c:748:13:SetScgAsyncDiv1	0	static
Clock_Ip_Divider.c:772:13:SetScgAsyncDiv2	0	static
Clock_Ip_Divider.c:1055:13:SetPccPcdDivFrac	0	static
Clock_Ip_Divider.c:1073:13:SetSimTraceDivMul	8	static
Clock_Ip_Divider.c:798:13:SetScgRunDivcore	0	static
Clock_Ip_Divider.c:824:13:SetScgRunDivbus	0	static
Clock_Ip_Divider.c:850:13:SetScgRunDivslow	0	static
Clock_Ip_Divider.c:876:13:SetScgVlprDivcore	0	static
Clock_Ip_Divider.c:902:13:SetScgVlprDivbus	0	static
Clock_Ip_Divider.c:928:13:SetScgVlprDivslow	0	static
Clock_Ip_Divider.c:954:13:SetScgHsrunDivcore	0	static
Clock_Ip_Divider.c:980:13:SetScgHsrunDivbus	0	static
Clock_Ip_Divider.c:1006:13:SetScgHsrunDivslow	0	static
Clock_Ip_Divider.c:1032:13:SetSimClkoutDiv	0	static
