Clock_Ip_IntOsc.c:193:13:InternalOscillatorEmpty	8	static
Clock_Ip_IntOsc.c:198:13:InternalOscillatorEmpty_Disable	8	static
Clock_Ip_IntOsc.c:253:13:SetSirc_TrustedCall	48	static
Clock_Ip_IntOsc.c:315:13:SetSirc	16	static
Clock_Ip_IntOsc.c:325:13:EnableSirc_TrustedCall	40	static
Clock_Ip_IntOsc.c:354:13:EnableSirc	16	static
Clock_Ip_IntOsc.c:364:13:DisableSirc_TrustedCall	8	static
Clock_Ip_IntOsc.c:374:13:DisableSirc	16	static
Clock_Ip_IntOsc.c:387:13:SetSircVlp_TrustedCall	8	static
Clock_Ip_IntOsc.c:397:13:SetSircVlp	16	static
Clock_Ip_IntOsc.c:407:13:EnableSircVlp_TrustedCall	8	static
Clock_Ip_IntOsc.c:415:13:EnableSircVlp	16	static
Clock_Ip_IntOsc.c:425:13:DisableSircVlp_TrustedCall	8	static
Clock_Ip_IntOsc.c:432:13:DisableSircVlp	16	static
Clock_Ip_IntOsc.c:445:13:SetSircStop_TrustedCall	8	static
Clock_Ip_IntOsc.c:457:13:SetSircStop	16	static
Clock_Ip_IntOsc.c:467:13:EnableSircStop_TrustedCall	8	static
Clock_Ip_IntOsc.c:475:13:EnableSircStop	16	static
Clock_Ip_IntOsc.c:485:13:DisableSircStop_TrustedCall	8	static
Clock_Ip_IntOsc.c:492:13:DisableSircStop	16	static
Clock_Ip_IntOsc.c:508:13:SetInputSouceSytemClock	40	static
Clock_Ip_IntOsc.c:536:13:SetFirc_TrustedCall	48	static
Clock_Ip_IntOsc.c:636:13:SetFirc	16	static
Clock_Ip_IntOsc.c:646:13:EnableFirc_TrustedCall	40	static
Clock_Ip_IntOsc.c:675:13:EnableFirc	16	static
Clock_Ip_IntOsc.c:685:13:DisableFirc_TrustedCall	8	static
Clock_Ip_IntOsc.c:692:13:DisableFirc	16	static
