Clock_Ip_Pll.c:185:13:Callback_PllEmpty	8	static
Clock_Ip_Pll.c:190:27:Callback_PllEmptyComplete	8	static
Clock_Ip_Pll.c:196:13:Callback_PllEmptyDisable	8	static
Clock_Ip_Pll.c:489:13:ResetSpll_TrustedCall	8	static
Clock_Ip_Pll.c:508:13:ResetSpll	16	static
Clock_Ip_Pll.c:518:13:SetSpll_TrustedCall	8	static
Clock_Ip_Pll.c:573:13:SetSpll	16	static
Clock_Ip_Pll.c:583:27:CompleteSpll	40	static
Clock_Ip_Pll.c:621:13:DisableSpll_TrustedCall	8	static
Clock_Ip_Pll.c:633:13:DisableSpll	16	static
Clock_Ip_Pll.c:643:13:EnableSpll_TrustedCall	8	static
Clock_Ip_Pll.c:652:13:EnableSpll	16	static
