Clock_Ip_IntOsc.c:179:13:Clock_Ip_InternalOscillatorEmpty	8	static
Clock_Ip_IntOsc.c:184:13:Clock_Ip_InternalOscillatorEmpty_Disable	8	static
Clock_Ip_IntOsc.c:191:13:Clock_Ip_SetSirc	16	static
Clock_Ip_IntOsc.c:201:13:Clock_Ip_EnableSirc	16	static
Clock_Ip_IntOsc.c:211:13:Clock_Ip_DisableSirc	16	static
Clock_Ip_IntOsc.c:224:13:Clock_Ip_SetSircVlp	16	static
Clock_Ip_IntOsc.c:234:13:Clock_Ip_EnableSircVlp	16	static
Clock_Ip_IntOsc.c:244:13:Clock_Ip_DisableSircVlp	16	static
Clock_Ip_IntOsc.c:257:13:Clock_Ip_SetSircStop	16	static
Clock_Ip_IntOsc.c:267:13:Clock_Ip_EnableSircStop	16	static
Clock_Ip_IntOsc.c:277:13:Clock_Ip_DisableSircStop	16	static
Clock_Ip_IntOsc.c:292:13:SetInputSouceSytemClock	40	static
Clock_Ip_IntOsc.c:320:13:Clock_Ip_SetFirc	16	static
Clock_Ip_IntOsc.c:330:13:Clock_Ip_EnableFirc	16	static
Clock_Ip_IntOsc.c:340:13:Clock_Ip_DisableFirc	16	static
Clock_Ip_IntOsc.c:358:6:Clock_Ip_SetSirc_TrustedCall	48	static
Clock_Ip_IntOsc.c:419:6:Clock_Ip_EnableSirc_TrustedCall	40	static
Clock_Ip_IntOsc.c:448:6:Clock_Ip_DisableSirc_TrustedCall	8	static
Clock_Ip_IntOsc.c:461:6:Clock_Ip_SetSircVlp_TrustedCall	8	static
Clock_Ip_IntOsc.c:471:6:Clock_Ip_EnableSircVlp_TrustedCall	8	static
Clock_Ip_IntOsc.c:479:6:Clock_Ip_DisableSircVlp_TrustedCall	8	static
Clock_Ip_IntOsc.c:489:6:Clock_Ip_SetSircStop_TrustedCall	8	static
Clock_Ip_IntOsc.c:501:6:Clock_Ip_EnableSircStop_TrustedCall	8	static
Clock_Ip_IntOsc.c:509:6:Clock_Ip_DisableSircStop_TrustedCall	8	static
Clock_Ip_IntOsc.c:519:6:Clock_Ip_SetFirc_TrustedCall	48	static
Clock_Ip_IntOsc.c:620:6:Clock_Ip_EnableFirc_TrustedCall	40	static
Clock_Ip_IntOsc.c:649:6:Clock_Ip_DisableFirc_TrustedCall	8	static
