Devassert.h:85:20:DevAssert	8	static
IntCtrl_Ip.c:148:6:IntCtrl_Ip_InstallHandlerPrivileged	32	static
IntCtrl_Ip.c:226:6:IntCtrl_Ip_EnableIrqPrivileged	16	static
IntCtrl_Ip.c:245:6:IntCtrl_Ip_DisableIrqPrivileged	16	static
IntCtrl_Ip.c:266:6:IntCtrl_Ip_SetPriorityPrivileged	24	static
IntCtrl_Ip.c:308:7:IntCtrl_Ip_GetPriorityPrivileged	24	static
IntCtrl_Ip.c:342:6:IntCtrl_Ip_ClearPendingPrivileged	16	static
IntCtrl_Ip.c:368:6:IntCtrl_Ip_SetPendingPrivileged	16	static
IntCtrl_Ip.c:391:8:IntCtrl_Ip_GetPendingPrivileged	16	static
IntCtrl_Ip.c:413:8:IntCtrl_Ip_GetActivePrivileged	16	static
IntCtrl_Ip.c:465:23:IntCtrl_Ip_Init	24	static
IntCtrl_Ip.c:502:23:IntCtrl_Ip_ConfigIrqRouting	24	static
IntCtrl_Ip.c:530:6:IntCtrl_Ip_InstallHandler	24	static
IntCtrl_Ip.c:542:6:IntCtrl_Ip_EnableIrq	16	static
IntCtrl_Ip.c:552:6:IntCtrl_Ip_DisableIrq	16	static
IntCtrl_Ip.c:562:6:IntCtrl_Ip_SetPriority	16	static
IntCtrl_Ip.c:572:7:IntCtrl_Ip_GetPriority	16	static
IntCtrl_Ip.c:582:6:IntCtrl_Ip_ClearPending	16	static
IntCtrl_Ip.c:594:6:IntCtrl_Ip_SetPending	16	static
IntCtrl_Ip.c:604:9:IntCtrl_Ip_GetPending	16	static
IntCtrl_Ip.c:615:9:IntCtrl_Ip_GetActive	16	static
