Pwm.c:513:21:Pwm_GetPartitionChannelIdx	8	static
Pwm.c:551:23:Pwm_ValidateGlobalConfigCall	24	static
Pwm.c:609:20:Pwm_EndValidateGlobalConfigCall	8	static
Pwm.c:670:30:Pwm_ValidateChannelConfigCall	24	static
Pwm.c:783:20:Pwm_EndValidateChannelConfigCall	8	static
Pwm.c:811:30:Pwm_ValidateParamPtrInit	24	static
Pwm.c:922:30:Pwm_ValidateParamDuty	24	static
Pwm.c:972:30:Pwm_ValidateParamsPeriodClass	32	static
Pwm.c:1053:30:Pwm_ValidateParamNotification	32	static
Pwm.c:1295:30:Pwm_ValidateModuleId	24	static
Pwm.c:1336:30:Pwm_ValidateForceOutputToZero	24	static
Pwm.c:1500:30:Pwm_ValidateParamsPhaseShift	24	static
Pwm.c:1541:30:Pwm_ValidateParamsDutyPhaseShift	32	static
Pwm.c:1628:30:Pwm_ValidateSetOutPutToIdle	24	static
Pwm.c:1725:6:Pwm_Init	24	static
Pwm.c:1825:6:Pwm_DeInit	24	static
Pwm.c:1929:6:Pwm_SetDutyCycle	32	static
Pwm.c:2026:6:Pwm_SetPeriodAndDuty	32	static
Pwm.c:2109:6:Pwm_SetOutputToIdle	24	static
Pwm.c:2188:21:Pwm_GetOutputState	32	static
Pwm.c:2256:6:Pwm_DisableNotification	24	static
Pwm.c:2318:6:Pwm_EnableNotification	24	static
Pwm.c:2370:6:Pwm_GetVersionInfo	16	static
Pwm.c:2419:8:Pwm_GetChannelState	32	static
Pwm.c:2465:6:Pwm_Notification	32	static
Pwm.c:2548:6:Pwm_ForceOutputToZero	24	static
Pwm.c:2952:6:Pwm_SetDutyCycle_NoUpdate	32	static
Pwm.c:3053:6:Pwm_SetPeriodAndDuty_NoUpdate	32	static
Pwm.c:3113:6:Pwm_SetPhaseShift_NoUpdate	32	static
Pwm.c:3175:6:Pwm_SyncUpdate	24	static
Pwm.c:3233:6:Pwm_SetPhaseShift	32	static
Pwm.c:3294:6:Pwm_SetDutyPhaseShift	32	static
