check_example.h:78:20:Exit_Example	16	static
main.c:637:13:App_PrepareAes128EcbEncryptJob	16	static
main.c:654:13:App_PrepareAes128EcbDecryptJob	16	static
main.c:674:13:App_PrepareAes128CbcEncryptJob	16	static
main.c:694:13:App_PrepareAes128CbcDecryptJob	16	static
main.c:715:23:App_InitCsecHw	16	static
main.c:761:13:App_EraseCsecKeys	48	static
main.c:814:13:App_LoadCsecKey	64	static
main.c:946:16:Util_Memcmp	24	static
main.c:972:13:Util_Memset	24	static
main.c:989:6:TestDelay	8	static
main.c:1015:5:main	32	static
