Devassert.h:65:20:DevAssert	8	static
IntCtrl_Ip.c:188:20:IntCtrl_Ip_InstallHandlerPrivileged	32	static
IntCtrl_Ip.c:245:20:IntCtrl_Ip_EnableIrqPrivileged	16	static
IntCtrl_Ip.c:260:20:IntCtrl_Ip_DisableIrqPrivileged	16	static
IntCtrl_Ip.c:275:20:IntCtrl_Ip_SetPriorityPrivileged	24	static
IntCtrl_Ip.c:310:21:IntCtrl_Ip_GetPriorityPrivileged	24	static
IntCtrl_Ip.c:338:20:IntCtrl_Ip_ClearPendingPrivileged	16	static
IntCtrl_Ip.c:408:20:IntCtrl_Ip_SetPendingPrivileged	16	static
IntCtrl_Ip.c:425:23:IntCtrl_Ip_GetPendingPrivileged	16	static
IntCtrl_Ip.c:441:23:IntCtrl_Ip_GetActivePrivileged	16	static
IntCtrl_Ip.c:568:23:IntCtrl_Ip_Init	24	static
IntCtrl_Ip.c:599:23:IntCtrl_Ip_ConfigIrqRouting	24	static
IntCtrl_Ip.c:627:6:IntCtrl_Ip_InstallHandler	24	static
IntCtrl_Ip.c:639:6:IntCtrl_Ip_EnableIrq	16	static
IntCtrl_Ip.c:649:6:IntCtrl_Ip_DisableIrq	16	static
IntCtrl_Ip.c:659:6:IntCtrl_Ip_SetPriority	16	static
IntCtrl_Ip.c:669:7:IntCtrl_Ip_GetPriority	16	static
IntCtrl_Ip.c:679:6:IntCtrl_Ip_ClearPending	16	static
IntCtrl_Ip.c:709:6:IntCtrl_Ip_SetPending	16	static
IntCtrl_Ip.c:719:9:IntCtrl_Ip_GetPending	16	static
IntCtrl_Ip.c:730:9:IntCtrl_Ip_GetActive	16	static
