Devassert.h:65:20:DevAssert	8	static
OsIf_Timer.c:197:22:OsIf_Timer_Dummy_GetCounter	0	static
OsIf_Timer.c:202:22:OsIf_Timer_Dummy_GetElapsed	8	static
OsIf_Timer.c:208:20:OsIf_Timer_Dummy_SetTimerFrequency	8	static
OsIf_Timer.c:213:22:OsIf_Timer_Dummy_MicrosToTicks	8	static
OsIf_Timer.c:227:6:OsIf_Init	16	static
OsIf_Timer.c:252:8:OsIf_GetCounter	24	static
OsIf_Timer.c:276:8:OsIf_GetElapsed	24	static
OsIf_Timer.c:300:6:OsIf_SetTimerFrequency	16	static
OsIf_Timer.c:321:8:OsIf_MicrosToTicks	24	static
