SchM_Port.c:311:8:Port_schm_read_msr	4	static
SchM_Port.c:395:6:SchM_Enter_Port_PORT_EXCLUSIVE_AREA_00	16	static
SchM_Port.c:417:6:SchM_Exit_Port_PORT_EXCLUSIVE_AREA_00	8	static
SchM_Port.c:431:6:SchM_Enter_Port_PORT_EXCLUSIVE_AREA_01	16	static
SchM_Port.c:453:6:SchM_Exit_Port_PORT_EXCLUSIVE_AREA_01	8	static
SchM_Port.c:467:6:SchM_Enter_Port_PORT_EXCLUSIVE_AREA_02	16	static
SchM_Port.c:489:6:SchM_Exit_Port_PORT_EXCLUSIVE_AREA_02	8	static
SchM_Port.c:503:6:SchM_Enter_Port_PORT_EXCLUSIVE_AREA_03	16	static
SchM_Port.c:525:6:SchM_Exit_Port_PORT_EXCLUSIVE_AREA_03	8	static
SchM_Port.c:539:6:SchM_Enter_Port_PORT_EXCLUSIVE_AREA_04	16	static
SchM_Port.c:561:6:SchM_Exit_Port_PORT_EXCLUSIVE_AREA_04	8	static
SchM_Port.c:575:6:SchM_Enter_Port_PORT_EXCLUSIVE_AREA_05	16	static
SchM_Port.c:597:6:SchM_Exit_Port_PORT_EXCLUSIVE_AREA_05	8	static
SchM_Port.c:611:6:SchM_Enter_Port_PORT_EXCLUSIVE_AREA_06	16	static
SchM_Port.c:633:6:SchM_Exit_Port_PORT_EXCLUSIVE_AREA_06	8	static
SchM_Port.c:647:6:SchM_Enter_Port_PORT_EXCLUSIVE_AREA_07	16	static
SchM_Port.c:669:6:SchM_Exit_Port_PORT_EXCLUSIVE_AREA_07	8	static
SchM_Port.c:683:6:SchM_Enter_Port_PORT_EXCLUSIVE_AREA_08	16	static
SchM_Port.c:705:6:SchM_Exit_Port_PORT_EXCLUSIVE_AREA_08	8	static
