Crypto_Ipw.c:896:23:Crypto_Ipw_TranslateCsecResponse	0	static
Crypto_Ipw.c:854:23:Crypto_Ipw_ProcessOperation	72	static
Crypto_Ipw.c:742:13:Crypto_Ipw_ProcessAsyncCsecResponse	48	static
Crypto_Ipw.c:1020:16:Crypto_Ipw_Init	8	static
Crypto_Ipw.c:1046:16:Crypto_Ipw_ProcessJob	16	static
Crypto_Ipw.c:1109:16:Crypto_Ipw_CancelJob	8	static
Crypto_Ipw.c:1140:16:Crypto_Ipw_ImportKey	88	static
Crypto_Ipw.c:1178:16:Crypto_Ipw_ExportKey	16	static
Crypto_Ipw.c:1216:16:Crypto_Ipw_RandomSeed	8	static
Crypto_Ipw.c:1240:16:Crypto_Ipw_KeyGenerate	0	static
Crypto_Ipw.c:1253:16:Crypto_Ipw_KeyDerive	0	static
Crypto_Ipw.c:1268:16:Crypto_Ipw_CalcSecret	0	static
Crypto_Ipw.c:1285:16:Crypto_Ipw_CertificateParse	0	static
Crypto_Ipw.c:1298:16:Crypto_Ipw_CertificateVerify	0	static
Crypto_Ipw.c:1330:6:Crypto_Ipw_MainFunction	0	static
Crypto_Ipw.c:1341:6:Crypto_Ipw_SetSynchronousRequestsTimeout	0	static
Crypto_Ipw.c:1354:16:Crypto_Ipw_SheSetBootStatus	8	static
Crypto_Ipw.c:1382:16:Crypto_Ipw_SheGetStatus	8	static
Crypto_Ipw.c:1397:16:Crypto_Ipw_SheGetId	8	static
Crypto_Ipw.c:1421:16:Crypto_Ipw_SheDebugChal	8	static
Crypto_Ipw.c:1442:16:Crypto_Ipw_SheDebugAuth	8	static
Crypto_Ipw.c:1463:16:Crypto_Ipw_SheMPCompression	8	static
