Crypto.c:3740:13:Crypto_ReportErrorToDet	0	static
Crypto.c:2459:6:Crypto_Init	8	static
Crypto.c:2520:6:Crypto_GetVersionInfo	0	static
Crypto.c:2545:16:Crypto_ProcessJob	24	static
Crypto.c:2602:16:Crypto_CancelJob	8	static
Crypto.c:2645:16:Crypto_KeyElementSet	48	static
Crypto.c:2752:16:Crypto_KeySetValid	0	static
Crypto.c:2789:16:Crypto_KeyElementGet	32	static
Crypto.c:2933:16:Crypto_KeyElementCopy	32	static
Crypto.c:3053:16:Crypto_KeyElementCopyPartial	32	static
Crypto.c:3150:16:Crypto_KeyCopy	56	static
Crypto.c:3219:16:Crypto_KeyElementIdsGet	16	static
Crypto.c:3281:16:Crypto_RandomSeed	24	static
Crypto.c:3343:16:Crypto_KeyGenerate	24	static
Crypto.c:3390:16:Crypto_KeyDerive	32	static
Crypto.c:3441:16:Crypto_KeyExchangeCalcPubVal	24	static
Crypto.c:3506:16:Crypto_KeyExchangeCalcSecret	32	static
Crypto.c:3566:16:Crypto_CertificateParse	8	static
Crypto.c:3611:16:Crypto_CertificateVerify	8	static
Crypto.c:3681:6:Crypto_MainFunction	0	static
