Crypto_ASRExtension.c:221:16:Crypto_Exts_SetSynchronousRequestsTimeout	8	static
Crypto_ASRExtension.c:244:16:Crypto_Exts_SHE_BootFailure	0	static
Crypto_ASRExtension.c:264:16:Crypto_Exts_SHE_BootOk	0	static
Crypto_ASRExtension.c:285:16:Crypto_Exts_SHE_GetStatus	0	static
Crypto_ASRExtension.c:313:16:Crypto_Exts_SHE_GetId	16	static
Crypto_ASRExtension.c:344:16:Crypto_Exts_SHE_DebugChal	0	static
Crypto_ASRExtension.c:371:16:Crypto_Exts_SHE_DebugAuth	0	static
Crypto_ASRExtension.c:399:16:Crypto_Exts_MPCompression	16	static
