Csec_Ip.c:628:20:Csec_Ip_ClearErrorFlags	0	static
Csec_Ip.c:638:20:Csec_Ip_UpdateState	12	static
Csec_Ip.c:708:13:Csec_Ip_WriteCommandHalfWord	0	static
Csec_Ip.c:821:13:Csec_Ip_ReadCommandBytes	20	static
Csec_Ip.c:751:15:Csec_Ip_WaitCommandCompletion	24	static
Csec_Ip.c:858:20:Csec_Ip_SetInterrupt	8	static
Csec_Ip.c:735:20:Csec_Ip_WriteCommandHeader.constprop	0	static
Csec_Ip.c:659:13:Csec_Ip_WriteCommandBytes	20	static
Csec_Ip.c:901:13:Csec_Ip_StartEncDecECBCmd	16	static
Csec_Ip.c:922:13:Csec_Ip_ContinueEncDecECBCmd	8	static
Csec_Ip.c:1219:13:Csec_Ip_EncryptEcbAsync	8	static
Csec_Ip.c:954:13:Csec_Ip_StartEncDecCBCCmd	16	static
Csec_Ip.c:990:13:Csec_Ip_ContinueEncDecCBCCmd	16	static
Csec_Ip.c:1259:13:Csec_Ip_EncryptCbcAsync	8	static
Csec_Ip.c:1031:13:Csec_Ip_StartGenMACCmd	8	static
Csec_Ip.c:1049:13:Csec_Ip_ContinueGenMACCmd	0	static
Csec_Ip.c:1086:13:Csec_Ip_StartVerifMACCmd	16	static
Csec_Ip.c:1118:13:Csec_Ip_ContinueVerifMACCmd	0	static
Csec_Ip.c:1160:13:Csec_Ip_ProcessReceivedResponse.part.0	16	static
Csec_Ip.c:1351:6:Csec_Ip_Init	0	static
Csec_Ip.c:1378:6:Csec_Ip_Deinit	0	static
Csec_Ip.c:1854:23:Csec_Ip_LoadKey	32	static
Csec_Ip.c:1927:23:Csec_Ip_LoadPlainKey	24	static
Csec_Ip.c:1982:23:Csec_Ip_ExportRamKey	40	static
Csec_Ip.c:2052:23:Csec_Ip_InitRng	16	static
Csec_Ip.c:2099:23:Csec_Ip_ExtendSeed	24	static
Csec_Ip.c:2154:23:Csec_Ip_GenerateRnd	32	static
Csec_Ip.c:2236:23:Csec_Ip_BootFailure	16	static
Csec_Ip.c:2283:23:Csec_Ip_BootOk	16	static
Csec_Ip.c:2330:23:Csec_Ip_BootDefine	24	static
Csec_Ip.c:2385:23:Csec_Ip_GetId	32	static
Csec_Ip.c:2457:23:Csec_Ip_DbgChal	24	static
Csec_Ip.c:2516:23:Csec_Ip_DbgAuth	24	static
Csec_Ip.c:2689:6:Csec_Ip_MainFunction	0	static
Csec_Ip.c:2697:6:Csec_Ip_CancelCommand	8	static
Csec_Ip.c:1387:23:Csec_Ip_EncryptEcb	40	static
Csec_Ip.c:1461:23:Csec_Ip_DecryptEcb	40	static
Csec_Ip.c:1535:23:Csec_Ip_EncryptCbc	40	static
Csec_Ip.c:1612:23:Csec_Ip_DecryptCbc	40	static
Csec_Ip.c:1689:23:Csec_Ip_GenerateMac	40	static
Csec_Ip.c:1768:23:Csec_Ip_VerifyMac	40	static
Csec_Ip.c:2582:23:Csec_Ip_MpCompress	56	static
Csec_Ip.c:2752:6:Csec_Ip_IrqHandler	0	static
Csec_Ip.c:2782:6:Csec_Ip_SetSynchronousCmdTimeout	0	static
Csec_Ip.c:2799:20:Csec_Ip_GetStatus	0	static
Csec_Ip.c:2819:23:Csec_Ip_VerifyMacAddrMode	24	static
Csec_Ip.c:2891:23:Csec_Ip_GenerateMacAddrMode	24	static
