SchM_Crypto.c:309:8:Crypto_schm_read_msr	0	static
SchM_Crypto.c:393:6:SchM_Enter_Crypto_CRYPTO_EXCLUSIVE_AREA_00	0	static
SchM_Crypto.c:415:6:SchM_Exit_Crypto_CRYPTO_EXCLUSIVE_AREA_00	0	static
SchM_Crypto.c:429:6:SchM_Enter_Crypto_CRYPTO_EXCLUSIVE_AREA_01	0	static
SchM_Crypto.c:451:6:SchM_Exit_Crypto_CRYPTO_EXCLUSIVE_AREA_01	0	static
SchM_Crypto.c:465:6:SchM_Enter_Crypto_CRYPTO_EXCLUSIVE_AREA_02	0	static
SchM_Crypto.c:487:6:SchM_Exit_Crypto_CRYPTO_EXCLUSIVE_AREA_02	0	static
SchM_Crypto.c:501:6:SchM_Enter_Crypto_CRYPTO_EXCLUSIVE_AREA_03	0	static
SchM_Crypto.c:523:6:SchM_Exit_Crypto_CRYPTO_EXCLUSIVE_AREA_03	0	static
SchM_Crypto.c:537:6:SchM_Enter_Crypto_CRYPTO_EXCLUSIVE_AREA_04	0	static
SchM_Crypto.c:559:6:SchM_Exit_Crypto_CRYPTO_EXCLUSIVE_AREA_04	0	static
SchM_Crypto.c:573:6:SchM_Enter_Crypto_CRYPTO_EXCLUSIVE_AREA_10	0	static
SchM_Crypto.c:595:6:SchM_Exit_Crypto_CRYPTO_EXCLUSIVE_AREA_10	0	static
SchM_Crypto.c:609:6:SchM_Enter_Crypto_CRYPTO_EXCLUSIVE_AREA_11	0	static
SchM_Crypto.c:631:6:SchM_Exit_Crypto_CRYPTO_EXCLUSIVE_AREA_11	0	static
SchM_Crypto.c:645:6:SchM_Enter_Crypto_CRYPTO_EXCLUSIVE_AREA_12	0	static
SchM_Crypto.c:667:6:SchM_Exit_Crypto_CRYPTO_EXCLUSIVE_AREA_12	0	static
