Devassert.h:65:20:DevAssert	8	static
Lpspi_Ip.c:399:13:Lpspi_Ip_ChannelFinished	24	static
Lpspi_Ip.c:682:13:Lpspi_Ip_TransferProcess	80	static
Lpspi_Ip.c:801:13:Lpspi_Ip_CheckValidParameters	16	static
Lpspi_Ip.c:1606:21:Lpspi_Ip_Init	32	static
Lpspi_Ip.c:1648:21:Lpspi_Ip_DeInit	32	static
Lpspi_Ip.c:1678:21:Lpspi_Ip_SyncTransmit	104	static
Lpspi_Ip.c:1993:13:Lpspi_TransmitTxInit	24	static
Lpspi_Ip.c:2093:13:Lpspi_TransmitRxInit	16	static
Lpspi_Ip.c:2130:21:Lpspi_Ip_AsyncTransmit	48	static
Lpspi_Ip.c:2713:6:Lpspi_Ip_ManageBuffers	24	static
Lpspi_Ip.c:2782:21:Lpspi_Ip_UpdateFrameSize	24	static
Lpspi_Ip.c:2808:21:Lpspi_Ip_UpdateLsb	24	static
Lpspi_Ip.c:2832:21:Lpspi_Ip_UpdateDefaultTransmitData	24	static
Lpspi_Ip.c:2856:21:Lpspi_Ip_UpdateTransferMode	24	static
Lpspi_Ip.c:2880:6:Lpspi_Ip_Cancel	32	static
Lpspi_Ip.c:2929:6:Lpspi_Ip_IrqHandler	32	static
Lpspi_Ip.c:2970:23:Lpspi_Ip_GetStatus	24	static
