Adc.c:723:20:Adc_ReportDetError	16	static
Adc.c:744:20:Adc_ReportDetRuntimeError	16	static
Adc.c:770:13:Adc_ReportValidationError	16	static
Adc.c:803:30:Adc_ValidateGloballCall	24	static
Adc.c:859:30:Adc_ValidatePtrInit	24	static
Adc.c:896:30:Adc_ValidatePtr	24	static
Adc.c:915:20:Adc_ValidateBufferUninit	32	static
Adc.c:953:20:Adc_ValidateTriggerSrc	32	static
Adc.c:1006:20:Adc_ValidateQueueNotFull	32	static
Adc.c:1046:20:Adc_ValidateConvMode	32	static
Adc.c:1186:30:Adc_ValidateExtraParams	32	static
Adc.c:1346:20:Adc_EndValidateGloballCall	8	static
Adc.c:1451:30:Adc_ValidateNotBusyNoQueue	24	static
Adc.c:1504:30:Adc_ValidateNotBusyEnableHwTrig	32	static
Adc.c:1610:30:Adc_ValidateNotBusyNoPrio	24	static
Adc.c:1671:30:Adc_ValidateCheckGroupNotConversion	32	static
Adc.c:1709:30:Adc_ValidateDeInitNotBusy	24	static
Adc.c:1751:30:Adc_ValidateSetupBufferNotBusy	24	static
Adc.c:1782:30:Adc_ValidateStateStartGroupConvNotBusy	40	static
Adc.c:1882:30:Adc_ValidateStateEnableHwTriggNotBusy	24	static
Adc.c:1925:30:Adc_ValidateStateNotIdle	24	static
Adc.c:2037:30:Adc_ValidateCallAndGroup	24	static
Adc.c:2113:30:Adc_ValidateCallAndUnit	24	static
Adc.c:2172:30:Adc_NotifyCapablity	24	static
Adc.c:2216:20:Adc_InitGroupsStatus	16	static
Adc.c:2275:20:Adc_InitUnitStatus	16	static
Adc.c:2337:30:Adc_CheckCurrentCoreId	16	static
Adc.c:2373:6:Adc_RemoveFromQueue	32	static
Adc.c:2480:20:Adc_UpdateStatusStartConversion	24	static
Adc.c:2617:30:Adc_StopSwGroupConversion	32	static
Adc.c:2697:20:Adc_UpdateStatusStopConversion	40	static
Adc.c:2785:20:Adc_UpdateStatusReadGroup	24	static
Adc.c:2803:20:Adc_UpdateStatusReadGroupNoInt	24	static
Adc.c:2848:20:Adc_UpdateSwQueueIndexNoInt	24	static
Adc.c:2906:20:Adc_UpdateStatusReadGroupInt	16	static
Adc.c:2969:20:Adc_UpdateStatusEnableHardware	8	static
Adc.c:2990:20:Adc_UpdateStatusDisableHardware	8	static
Adc.c:3027:20:Adc_UpdateStatusAfterGetStream	16	static
Adc.c:3378:30:Adc_CheckSetChannelParams	40	static
Adc.c:3484:23:Adc_CheckSetClockModeCoreAndParam	24	static
Adc.c:3524:6:Adc_Init	32	static
Adc.c:3608:16:Adc_SetupResultBuffer	32	static
Adc.c:3660:6:Adc_DeInit	24	static
Adc.c:3720:6:Adc_StartGroupConversion	24	static
Adc.c:3768:6:Adc_StopGroupConversion	24	static
Adc.c:3814:16:Adc_ReadGroup	32	static
Adc.c:3861:6:Adc_EnableHardwareTrigger	24	static
Adc.c:3916:6:Adc_DisableHardwareTrigger	24	static
Adc.c:3967:6:Adc_EnableGroupNotification	24	static
Adc.c:4001:6:Adc_DisableGroupNotification	24	static
Adc.c:4036:16:Adc_GetGroupStatus	24	static
Adc.c:4062:25:Adc_GetStreamLastPointer	32	static
Adc.c:4151:6:Adc_GetVersionInfo	16	static
Adc.c:4629:6:Adc_ReadRawData	32	static
Adc.c:4852:6:Adc_Calibrate	24	static
Adc.c:5035:16:Adc_SetClockMode	32	static
Adc.c:5184:6:Adc_SetChannel	48	static
