Adc_Ipw.c:269:30:Adc_Ipw_ReadGroupConvData	40	static
Adc_Ipw.c:370:30:Adc_Ipw_ReadGroupNoInt	32	static
Adc_Ipw.c:450:20:Adc_Ipw_WriteDataBuffer	40	static
Adc_Ipw.c:540:21:Adc_Ipw_ConfigurePdbChannels	48	static
Adc_Ipw.c:703:20:Adc_Ipw_ConfigurePdbConversion	40	static
Adc_Ipw.c:828:30:Adc_Ipw_StopConversionCheckTimeout	32	static
Adc_Ipw.c:1208:7:Adc_Ipw_CalculateNumsBitShift	16	static
Adc_Ipw.c:1256:6:Adc_Ipw_ConfigureConversion	72	static
Adc_Ipw.c:1448:6:Adc_Ipw_StartHwTrigConversion	40	static
Adc_Ipw.c:1522:16:Adc_Ipw_Init	24	static
Adc_Ipw.c:1560:16:Adc_Ipw_DeInit	32	static
Adc_Ipw.c:1621:6:Adc_Ipw_StartNormalConversion	40	static
Adc_Ipw.c:1726:16:Adc_Ipw_StopCurrentConversion	24	static
Adc_Ipw.c:1801:16:Adc_Ipw_EnableHardwareTrigger	24	static
Adc_Ipw.c:1843:6:Adc_Ipw_DisableHardwareTrigger	32	static
Adc_Ipw.c:1902:9:Adc_Ipw_CheckValidConversion	24	static
Adc_Ipw.c:1938:16:Adc_Ipw_ReadGroup	40	static
Adc_Ipw.c:2013:16:Adc_Ipw_GetConvData	32	static
Adc_Ipw.c:2051:9:Adc_Ipw_CheckConversionValuesInRange	32	static
Adc_Ipw.c:2151:16:Adc_Ipw_SetClockMode	40	static
Adc_Ipw.c:2189:6:Adc_Ipw_Calibrate	32	static
Adc_Ipw.c:2222:8:Adc_GetCoreID	0	static
