Devassert.h:65:20:DevAssert	8	static
Clock_Ip_ExtOsc.c:166:13:ExternalOscillatorEmpty	8	static
Clock_Ip_ExtOsc.c:171:13:DisableExternalOscillatorEmpty	8	static
Clock_Ip_ExtOsc.c:405:13:ResetSOSC_TrustedCall	8	static
Clock_Ip_ExtOsc.c:415:13:ResetSOSC	16	static
Clock_Ip_ExtOsc.c:425:13:SetSOSC_TrustedCall	16	static
Clock_Ip_ExtOsc.c:523:13:SetSOSC	16	static
Clock_Ip_ExtOsc.c:539:13:CompleteSOSC	40	static
Clock_Ip_ExtOsc.c:566:13:DisableSOSC_TrustedCall	8	static
Clock_Ip_ExtOsc.c:573:13:DisableSOSC	16	static
Clock_Ip_ExtOsc.c:583:13:EnableSOSC_TrustedCall	8	static
Clock_Ip_ExtOsc.c:591:13:EnableSOSC	16	static
