Devassert.h:65:20:DevAssert	8	static
Flexio_Pwm_Ip_HwAccess.h:193:23:Flexio_Pwm_Ip_GetPinState	8	static
Flexio_Pwm_Ip_HwAccess.h:360:20:Flexio_Pwm_Ip_SetTimerPinOutput	16	static
Flexio_Pwm_Ip_HwAccess.h:376:20:Flexio_Pwm_Ip_SetTimerPin	8	static
Flexio_Pwm_Ip_HwAccess.h:410:20:Flexio_Pwm_Ip_SetTimerMode	16	static
Flexio_Pwm_Ip_HwAccess.h:427:20:Flexio_Pwm_Ip_SetTimerInitMode	16	static
Flexio_Pwm_Ip_HwAccess.h:461:20:Flexio_Pwm_Ip_SetUpperValue	8	static
Flexio_Pwm_Ip_HwAccess.h:478:20:Flexio_Pwm_Ip_SetLowerValue	8	static
Flexio_Pwm_Ip_HwAccess.h:494:21:Flexio_Pwm_Ip_GetUpperValue	8	static
Flexio_Pwm_Ip_HwAccess.h:509:21:Flexio_Pwm_Ip_GetLowerValue	8	static
Flexio_Pwm_Ip.c:256:26:Flexio_Pwm_Ip_InitChannel	24	static
Flexio_Pwm_Ip.c:347:26:Flexio_Pwm_Ip_DeInitChannel	32	static
Flexio_Pwm_Ip.c:480:26:Flexio_Pwm_Ip_UpdatePeriodDuty	24	static
Flexio_Pwm_Ip.c:550:9:Flexio_Pwm_Ip_GetOutputState	24	static
Flexio_Pwm_Ip.c:572:26:Flexio_Pwm_Ip_UpdateInterruptMode	32	static
Flexio_Pwm_Ip.c:647:8:Flexio_Pwm_Ip_GetPeriod	24	static
