Devassert.h:65:20:DevAssert	8	static
Ftm_Pwm_Ip_HwAccess.h:135:20:Ftm_Pwm_Ip_SetClockPs	8	static
Ftm_Pwm_Ip_HwAccess.h:148:21:Ftm_Pwm_Ip_GetClockPs	8	static
Ftm_Pwm_Ip_HwAccess.h:163:20:Ftm_Pwm_Ip_SetClockSource	8	static
Ftm_Pwm_Ip_HwAccess.h:181:21:Ftm_Pwm_Ip_GetClockSource	8	static
Ftm_Pwm_Ip_HwAccess.h:194:20:Ftm_Pwm_Ip_SetCpwms	8	static
Ftm_Pwm_Ip_HwAccess.h:209:42:Ftm_Pwm_Ip_GetCpwms	8	static
Ftm_Pwm_Ip_HwAccess.h:274:20:Ftm_Pwm_Ip_SetTimerOverflowInt	8	static
Ftm_Pwm_Ip_HwAccess.h:313:20:Ftm_Pwm_Ip_ClearTimerOverflow	8	static
Ftm_Pwm_Ip_HwAccess.h:330:20:Ftm_Pwm_Ip_EnablePwmChannelOutputs	8	static
Ftm_Pwm_Ip_HwAccess.h:359:20:Ftm_Pwm_Ip_SetCounter	8	static
Ftm_Pwm_Ip_HwAccess.h:387:20:Ftm_Pwm_Ip_SetMod	8	static
Ftm_Pwm_Ip_HwAccess.h:457:21:Ftm_Pwm_Ip_GetChnEdgeLevel	16	static
Ftm_Pwm_Ip_HwAccess.h:476:20:Ftm_Pwm_Ip_SetChnEdgeLevel	24	static
Ftm_Pwm_Ip_HwAccess.h:498:20:Ftm_Pwm_Ip_SetChnMSBAMode	24	static
Ftm_Pwm_Ip_HwAccess.h:522:21:Ftm_Pwm_Ip_GetChnMode	16	static
Ftm_Pwm_Ip_HwAccess.h:540:20:Ftm_Pwm_Ip_UpdateChnInt	8	static
Ftm_Pwm_Ip_HwAccess.h:564:20:Ftm_Pwm_Ip_ClearChnEventFlag	8	static
Ftm_Pwm_Ip_HwAccess.h:601:23:Ftm_Pwm_Ip_GetChOutputValue	8	static
Ftm_Pwm_Ip_HwAccess.h:616:20:Ftm_Pwm_Ip_SetChnCountVal	8	static
Ftm_Pwm_Ip_HwAccess.h:633:22:Ftm_Pwm_Ip_GetChnCountVal	8	static
Ftm_Pwm_Ip_HwAccess.h:647:20:Ftm_Pwm_Ip_SetCounterInitVal	8	static
Ftm_Pwm_Ip_HwAccess.h:715:20:Ftm_Pwm_Ip_Enable	8	static
Ftm_Pwm_Ip_HwAccess.h:759:20:Ftm_Pwm_Ip_SetPwmSyncMode	8	static
Ftm_Pwm_Ip_HwAccess.h:775:20:Ftm_Pwm_Ip_SetMinLoadingCmd	8	static
Ftm_Pwm_Ip_HwAccess.h:789:20:Ftm_Pwm_Ip_SetMaxLoadingCmd	8	static
Ftm_Pwm_Ip_HwAccess.h:820:20:Ftm_Pwm_Ip_SetOutmaskPwmSyncModeCmd	8	static
Ftm_Pwm_Ip_HwAccess.h:838:20:Ftm_Pwm_Ip_SetHardwareSyncTriggerSrc	8	static
Ftm_Pwm_Ip_HwAccess.h:860:20:Ftm_Pwm_Ip_SetSoftwareTriggerCmd	8	static
Ftm_Pwm_Ip_HwAccess.h:879:20:Ftm_Pwm_Ip_SetChnOutputInitStateCmd	16	static
Ftm_Pwm_Ip_HwAccess.h:906:20:Ftm_Pwm_Ip_SetChnOutputMask	8	static
Ftm_Pwm_Ip_HwAccess.h:928:20:Ftm_Pwm_Ip_SetOutmaskReg	8	static
Ftm_Pwm_Ip_HwAccess.h:943:20:Ftm_Pwm_Ip_ClearOutmaskReg	8	static
Ftm_Pwm_Ip_HwAccess.h:975:20:Ftm_Pwm_Ip_SetDualChnCombineCmd	8	static
Ftm_Pwm_Ip_HwAccess.h:999:23:Ftm_Pwm_Ip_GetDualChnCombineCmd	8	static
Ftm_Pwm_Ip_HwAccess.h:1014:20:Ftm_Pwm_Ip_SetDualChnCompCmd	8	static
Ftm_Pwm_Ip_HwAccess.h:1037:20:Ftm_Pwm_Ip_SetDualChnDeadtimeCmd	8	static
Ftm_Pwm_Ip_HwAccess.h:1060:20:Ftm_Pwm_Ip_SetDualChnPwmSyncCmd	8	static
Ftm_Pwm_Ip_HwAccess.h:1084:20:Ftm_Pwm_Ip_SetDualChnMCombineCmd	8	static
Ftm_Pwm_Ip_HwAccess.h:1108:23:Ftm_Pwm_Ip_GetDualChnMCombineCmd	8	static
Ftm_Pwm_Ip_HwAccess.h:1127:20:Ftm_Pwm_Ip_SetDeadtimeCount	8	static
Ftm_Pwm_Ip_HwAccess.h:1142:20:Ftm_Pwm_Ip_SetDeadtimePrescaler	8	static
Ftm_Pwm_Ip_HwAccess.h:1154:21:Ftm_Pwm_Ip_GetDeadtimePrescaler	8	static
Ftm_Pwm_Ip_HwAccess.h:1165:20:Ftm_Pwm_Ip_SetExtDeadtimeValue	8	static
Ftm_Pwm_Ip_HwAccess.h:1181:20:Ftm_Pwm_Ip_SetInitTriggerCmd	8	static
Ftm_Pwm_Ip_HwAccess.h:1215:20:Ftm_Pwm_Ip_DisableTriggerMask	8	static
Ftm_Pwm_Ip_HwAccess.h:1226:20:Ftm_Pwm_Ip_EnableTriggerMask	8	static
Ftm_Pwm_Ip_HwAccess.h:1243:20:Ftm_Pwm_Ip_SetChnOutputPolarityCmd	16	static
Ftm_Pwm_Ip_HwAccess.h:1266:39:Ftm_Pwm_Ip_GetChnOutputPolarity	8	static
Ftm_Pwm_Ip_HwAccess.h:1301:20:Ftm_Pwm_Ip_SetLoadFreq	8	static
Ftm_Pwm_Ip_HwAccess.h:1326:20:Ftm_Pwm_Ip_SetBdmMode	8	static
Ftm_Pwm_Ip_HwAccess.h:1375:20:Ftm_Pwm_Ip_SetInitTriggerMode	8	static
Ftm_Pwm_Ip_HwAccess.h:1392:20:Ftm_Pwm_Ip_SetHwTriggerSyncModeCmd	8	static
Ftm_Pwm_Ip_HwAccess.h:1406:20:Ftm_Pwm_Ip_SetCntinPwmSyncModeCmd	8	static
Ftm_Pwm_Ip_HwAccess.h:1420:20:Ftm_Pwm_Ip_SetInvctrlPwmSyncModeCmd	8	static
Ftm_Pwm_Ip_HwAccess.h:1434:20:Ftm_Pwm_Ip_SetSwoctrlPwmSyncModeCmd	8	static
Ftm_Pwm_Ip_HwAccess.h:1448:20:Ftm_Pwm_Ip_SetPwmSyncModeCmd	8	static
Ftm_Pwm_Ip_HwAccess.h:1462:20:Ftm_Pwm_Ip_SetCounterSoftwareSyncModeCmd	8	static
Ftm_Pwm_Ip_HwAccess.h:1476:20:Ftm_Pwm_Ip_SetModCntinCvSoftwareSyncModeCmd	8	static
Ftm_Pwm_Ip_HwAccess.h:1490:20:Ftm_Pwm_Ip_SetOutmaskSoftwareSyncModeCmd	8	static
Ftm_Pwm_Ip_HwAccess.h:1504:20:Ftm_Pwm_Ip_SetInvctrlSoftwareSyncModeCmd	8	static
Ftm_Pwm_Ip_HwAccess.h:1518:20:Ftm_Pwm_Ip_SetSwoctrlSoftwareSyncModeCmd	8	static
Ftm_Pwm_Ip_HwAccess.h:1532:20:Ftm_Pwm_Ip_SetCounterHardwareSyncModeCmd	8	static
Ftm_Pwm_Ip_HwAccess.h:1546:20:Ftm_Pwm_Ip_SetModCntinCvHardwareSyncModeCmd	8	static
Ftm_Pwm_Ip_HwAccess.h:1560:20:Ftm_Pwm_Ip_SetOutmaskHardwareSyncModeCmd	8	static
Ftm_Pwm_Ip_HwAccess.h:1574:20:Ftm_Pwm_Ip_SetInvctrlHardwareSyncModeCmd	8	static
Ftm_Pwm_Ip_HwAccess.h:1663:20:Ftm_Pwm_Ip_SetChnSoftwareCtrlVal	16	static
Ftm_Pwm_Ip_HwAccess.h:1702:20:Ftm_Pwm_Ip_SetChnSoftwareCtrlCmd	8	static
Ftm_Pwm_Ip_HwAccess.h:1722:20:Ftm_Pwm_Ip_SoftwareOutputControl	8	static
Ftm_Pwm_Ip_HwAccess.h:1741:20:Ftm_Pwm_Ip_SetPwmLoadChnSelCmd	8	static
Ftm_Pwm_Ip_HwAccess.h:1766:20:Ftm_Pwm_Ip_SetHalfCycleCmd	8	static
Ftm_Pwm_Ip_HwAccess.h:1998:22:Ftm_Pwm_Ip_GetSoftwareOutputControl	8	static
Ftm_Pwm_Ip_HwAccess.h:2012:22:Ftm_Pwm_Ip_GetPolInstance	8	static
Ftm_Pwm_Ip_HwAccess.h:2027:23:Ftm_Pwm_Ip_GetDualChnCompCmd	16	static
Ftm_Pwm_Ip_HwAccess.h:2045:23:Ftm_Pwm_Ip_GetDualChnDeadtimeCmd	16	static
Ftm_Pwm_Ip_HwAccess.h:2056:42:Ftm_Pwm_Ip_GetChannelMode	24	static
Ftm_Pwm_Ip_HwAccess.h:2114:20:Ftm_Pwm_Ip_UpdateWriteProtection	8	static
Ftm_Pwm_Ip_HwAccess.h:2139:20:Ftm_Pwm_Ip_Reset	24	static
Ftm_Pwm_Ip_HwAccess.h:2216:20:Ftm_Pwm_Ip_SetChnTriggerCmd	16	static
Ftm_Pwm_Ip_HwAccess.h:2254:20:Ftm_Pwm_Ip_SetFaultControlMode	8	static
Ftm_Pwm_Ip_HwAccess.h:2287:20:Ftm_Pwm_Ip_SetDualChFaultCtr	8	static
Ftm_Pwm_Ip_HwAccess.h:2305:20:Ftm_Pwm_Ip_SetFaultInterruptEnable	8	static
Ftm_Pwm_Ip_HwAccess.h:2387:23:Ftm_Pwm_Ip_IsEnableFaultControlMode	8	static
Ftm_Pwm_Ip_HwAccess.h:2397:23:Ftm_Pwm_Ip_IsEnableFaultInput	8	static
Ftm_Pwm_Ip_HwAccess.h:2407:20:Ftm_Pwm_Ip_SetFaultFilterValue	8	static
Ftm_Pwm_Ip_HwAccess.h:2418:20:Ftm_Pwm_Ip_SetFaultOutputState	8	static
Ftm_Pwm_Ip_HwAccess.h:2429:20:Ftm_Pwm_Ip_SetFaultPolarity	24	static
Ftm_Pwm_Ip_HwAccess.h:2442:20:Ftm_Pwm_Ip_SetFaultInputEn	16	static
Ftm_Pwm_Ip_HwAccess.h:2455:20:Ftm_Pwm_Ip_SetFaultFilterEn	16	static
Ftm_Pwm_Ip_HwAccess.h:2471:20:Ftm_Pwm_Ip_SetSimOutputBufferEn	8	static
Ftm_Pwm_Ip.c:276:13:Ftm_Pwm_Ip_SetOutputForIdleChannel	24	static
Ftm_Pwm_Ip.c:306:13:Ftm_Pwm_Ip_SetOutputForForcedChannel	24	static
Ftm_Pwm_Ip.c:343:16:Ftm_Pwm_Ip_ValidateParamDeadTime	40	static
Ftm_Pwm_Ip.c:389:15:Ftm_Pwm_Ip_CalculatePhaseShift	16	static
Ftm_Pwm_Ip.c:424:14:Ftm_Pwm_Ip_InitPair	24	static
Ftm_Pwm_Ip.c:506:13:Ftm_Pwm_Ip_DisableCmpIrq	32	static
Ftm_Pwm_Ip.c:559:13:Ftm_Pwm_Ip_UpdateNotificationState	8	static
Ftm_Pwm_Ip.c:610:13:Ftm_Pwm_Ip_UpdateNotificationStateCombine	8	static
Ftm_Pwm_Ip.c:656:13:Ftm_Pwm_Ip_ConfigureSWandHWSync	24	static
Ftm_Pwm_Ip.c:702:13:Ftm_Pwm_Ip_ConfigureSyncType	24	static
Ftm_Pwm_Ip.c:725:30:Ftm_Pwm_Ip_UpdateSync	32	static
Ftm_Pwm_Ip.c:779:13:Ftm_Pwm_Ip_SpecialCheckNotification	24	static
Ftm_Pwm_Ip.c:820:13:Ftm_Pwm_Ip_NormalCheckNotification	32	static
Ftm_Pwm_Ip.c:889:13:Ftm_Pwm_Ip_CheckNotification	16	static
Ftm_Pwm_Ip.c:933:13:Ftm_Pwm_Ip_ResetAndFirstConfigure	24	static
Ftm_Pwm_Ip.c:960:13:Ftm_Pwm_Ip_InitInstance	24	static
Ftm_Pwm_Ip.c:1050:13:Ftm_Pwm_Ip_InitInstanceStart	24	static
Ftm_Pwm_Ip.c:1091:13:Ftm_Pwm_Ip_ConfigurePairedChannelCombinedMode	24	static
Ftm_Pwm_Ip.c:1139:13:Ftm_Pwm_Ip_SetChnTriggerAndSoftwareCtrl	24	static
Ftm_Pwm_Ip.c:1166:13:Ftm_Pwm_Ip_InitChannel	24	static
Ftm_Pwm_Ip.c:1271:13:Ftm_Pwm_Ip_DeInitInstance	24	static
Ftm_Pwm_Ip.c:1311:13:Ftm_Pwm_Ip_DeInitChannel	24	static
Ftm_Pwm_Ip.c:1352:13:Ftm_Pwm_Ip_InitChFault	24	static
Ftm_Pwm_Ip.c:1377:6:Ftm_Pwm_Ip_Init	24	static
Ftm_Pwm_Ip.c:1426:6:Ftm_Pwm_Ip_DeInit	24	static
Ftm_Pwm_Ip.c:1457:6:Ftm_Pwm_Ip_UpdatePwmDutyCycleChannel	40	static
Ftm_Pwm_Ip.c:1551:6:Ftm_Pwm_Ip_UpdatePwmPeriodAndDuty	24	static
Ftm_Pwm_Ip.c:1618:6:Ftm_Pwm_Ip_SwOutputControl	40	static
Ftm_Pwm_Ip.c:1730:23:Ftm_Pwm_Ip_UpdatePwmChannel	32	static
Ftm_Pwm_Ip.c:1820:23:Ftm_Pwm_Ip_UpdatePwmPeriod	24	static
Ftm_Pwm_Ip.c:1860:28:Ftm_Pwm_Ip_GetOutputState	24	static
Ftm_Pwm_Ip.c:1896:6:Ftm_Pwm_Ip_DisableNotification	32	static
Ftm_Pwm_Ip.c:1937:13:Ftm_Pwm_Ip_SetNormalNotificationCase	32	static
Ftm_Pwm_Ip.c:2002:6:Ftm_Pwm_Ip_EnableNotification	24	static
Ftm_Pwm_Ip.c:2067:6:Ftm_Pwm_Ip_SetPowerState	24	static
Ftm_Pwm_Ip.c:2095:6:Ftm_Pwm_Ip_SetClockMode	24	static
Ftm_Pwm_Ip.c:2122:6:Ftm_Pwm_Ip_ResetCounter	24	static
Ftm_Pwm_Ip.c:2143:8:Ftm_Pwm_Ip_GetChannelState	24	static
Ftm_Pwm_Ip.c:2164:6:Ftm_Pwm_Ip_FastUpdatePwmDuty	32	static
Ftm_Pwm_Ip.c:2196:6:Ftm_Pwm_Ip_MaskOutputChannels	24	static
Ftm_Pwm_Ip.c:2222:6:Ftm_Pwm_Ip_UnMaskOutputChannels	24	static
Ftm_Pwm_Ip.c:2247:6:Ftm_Pwm_Ip_SetPhaseShift	40	static
Ftm_Pwm_Ip.c:2331:6:Ftm_Pwm_Ip_SetDutyPhaseShift	48	static
Ftm_Pwm_Ip.c:2417:7:Ftm_Pwm_Ip_DisableTrigger	24	static
Ftm_Pwm_Ip.c:2440:7:Ftm_Pwm_Ip_EnableTrigger	24	static
Ftm_Pwm_Ip.c:2463:6:Ftm_Pwm_Ip_SyncUpdate	24	static
Ftm_Pwm_Ip.c:2484:6:Ftm_Pwm_Ip_SetChannelDeadTime	24	static
