Ftm_Pwm_Ip_HwAccess.h:209:42:Ftm_Pwm_Ip_GetCpwms	8	static
Ftm_Pwm_Ip_HwAccess.h:289:23:Ftm_Pwm_Ip_IsOverflowIntEnabled	8	static
Ftm_Pwm_Ip_HwAccess.h:303:23:Ftm_Pwm_Ip_GetTimerOverflow	8	static
Ftm_Pwm_Ip_HwAccess.h:313:20:Ftm_Pwm_Ip_ClearTimerOverflow	8	static
Ftm_Pwm_Ip_HwAccess.h:457:21:Ftm_Pwm_Ip_GetChnEdgeLevel	16	static
Ftm_Pwm_Ip_HwAccess.h:522:21:Ftm_Pwm_Ip_GetChnMode	16	static
Ftm_Pwm_Ip_HwAccess.h:552:23:Ftm_Pwm_Ip_IsChnIntEnabled	8	static
Ftm_Pwm_Ip_HwAccess.h:564:20:Ftm_Pwm_Ip_ClearChnEventFlag	8	static
Ftm_Pwm_Ip_HwAccess.h:584:23:Ftm_Pwm_Ip_HasChnEventOccurred	8	static
Ftm_Pwm_Ip_HwAccess.h:860:20:Ftm_Pwm_Ip_SetSoftwareTriggerCmd	8	static
Ftm_Pwm_Ip_HwAccess.h:928:20:Ftm_Pwm_Ip_SetOutmaskReg	8	static
Ftm_Pwm_Ip_HwAccess.h:943:20:Ftm_Pwm_Ip_ClearOutmaskReg	8	static
Ftm_Pwm_Ip_HwAccess.h:958:22:Ftm_Pwm_Ip_GetOutputMask	8	static
Ftm_Pwm_Ip_HwAccess.h:1722:20:Ftm_Pwm_Ip_SoftwareOutputControl	8	static
Ftm_Pwm_Ip_HwAccess.h:1998:22:Ftm_Pwm_Ip_GetSoftwareOutputControl	8	static
Ftm_Pwm_Ip_HwAccess.h:2056:42:Ftm_Pwm_Ip_GetChannelMode	24	static
Ftm_Pwm_Ip_HwAccess.h:2344:23:Ftm_Pwm_Ip_GetFaultDetectionFlag	8	static
Ftm_Pwm_Ip_HwAccess.h:2366:22:Ftm_Pwm_Ip_GetFaultModeStatus	8	static
Ftm_Pwm_Ip_HwAccess.h:2376:20:Ftm_Pwm_Ip_SetFaultModeStatus	8	static
Ftm_Pwm_Ip_Irq.c:187:13:Ftm_Pwm_Ip_ProcessErrata	32	static
Ftm_Pwm_Ip_Irq.c:241:13:Ftm_Pwm_Ip_ProcessTofInterrupt	40	static
Ftm_Pwm_Ip_Irq.c:323:13:Ftm_Pwm_Ip_ProcessCommonInterrupt	32	static
Ftm_Pwm_Ip_Irq.c:477:1:FTM_0_OVF_ISR	24	static
Ftm_Pwm_Ip_Irq.c:661:1:FTM_0_CH_0_CH_1_ISR	24	static
