Mcu.c:354:23:Mcu_CheckInit	24	static
Mcu.c:433:23:Mcu_CheckInitClock	24	static
Mcu.c:455:23:Mcu_CheckSetMode	24	static
Mcu.c:501:23:Mcu_CheckDistributePllClock	16	static
Mcu.c:626:23:Mcu_HLDChecksEntry	24	static
Mcu.c:663:13:Mcu_HLDChecksExit	8	static
Mcu.c:701:6:Mcu_Init	24	static
Mcu.c:805:16:Mcu_InitRamSection	24	static
Mcu.c:860:16:Mcu_InitClock	24	static
Mcu.c:912:6:Mcu_SetMode	16	static
Mcu.c:961:16:Mcu_DistributePllClock	16	static
Mcu.c:1017:19:Mcu_GetPllStatus	16	static
Mcu.c:1057:15:Mcu_GetResetReason	16	static
Mcu.c:1094:18:Mcu_GetResetRawValue	16	static
Mcu.c:1652:6:Mcu_SleepOnExit	16	static
