Pwm.c:513:14:Pwm_GetPartitionChannelIdx	8	static
Pwm.c:551:23:Pwm_ValidateGlobalConfigCall	24	static
Pwm.c:609:20:Pwm_EndValidateGlobalConfigCall	8	static
Pwm.c:671:23:Pwm_ValidateChannelConfigCall	24	static
Pwm.c:784:20:Pwm_EndValidateChannelConfigCall	8	static
Pwm.c:812:30:Pwm_ValidateParamPtrInit	24	static
Pwm.c:923:30:Pwm_ValidateParamDuty	24	static
Pwm.c:973:30:Pwm_ValidateParamsPeriodClass	32	static
Pwm.c:1054:30:Pwm_ValidateParamNotification	32	static
Pwm.c:1501:30:Pwm_ValidateParamsPhaseShift	24	static
Pwm.c:1629:30:Pwm_ValidateSetOutPutToIdle	24	static
Pwm.c:1726:6:Pwm_Init	24	static
Pwm.c:1826:6:Pwm_DeInit	24	static
Pwm.c:1930:6:Pwm_SetDutyCycle	32	static
Pwm.c:2027:6:Pwm_SetPeriodAndDuty	32	static
Pwm.c:2110:6:Pwm_SetOutputToIdle	24	static
Pwm.c:2189:21:Pwm_GetOutputState	32	static
Pwm.c:2257:6:Pwm_DisableNotification	24	static
Pwm.c:2319:6:Pwm_EnableNotification	24	static
Pwm.c:2371:6:Pwm_GetVersionInfo	16	static
Pwm.c:2420:8:Pwm_GetChannelState	32	static
Pwm.c:2466:6:Pwm_Notification	32	static
Pwm.c:3235:6:Pwm_SetPhaseShift	32	static
