Adc_Ip_HwAccess.h:150:20:Adc_HwAcc_SetAveraging	8	static
Adc_Ip.c:201:20:Adc_DoCalibration_SetParams	16	static
Adc_Ip.c:384:6:Adc_Ip_SetAveraging	24	static
Adc_Ip.c:404:6:Adc_Ip_SetSampleTime	16	static
Adc_Ip.c:424:6:Adc_Ip_EnableDma	8	static
Adc_Ip.c:444:6:Adc_Ip_DisableDma	8	static
Adc_Ip.c:464:6:Adc_Ip_SetTriggerMode	16	static
Adc_Ip.c:485:6:Adc_Ip_SetContinuousMode	16	static
Adc_Ip.c:508:6:Adc_Ip_SetResolution	16	static
Adc_Ip.c:531:6:Adc_Ip_SetClockMode	16	static
Adc_Ip.c:568:6:Adc_Ip_ConfigChannel	24	static
Adc_Ip.c:232:6:Adc_Ip_Init	24	static
Adc_Ip.c:318:6:Adc_Ip_DeInit	272	static
Adc_Ip.c:616:19:Adc_Ip_SetDisabledChannel	32	static
Adc_Ip.c:661:6:Adc_Ip_StartConversion	16	static
Adc_Ip.c:682:9:Adc_Ip_GetConvActiveFlag	0	static
Adc_Ip.c:704:9:Adc_Ip_GetChanInterrupt	0	static
Adc_Ip.c:725:9:Adc_Ip_GetConvCompleteFlag	0	static
Adc_Ip.c:748:8:Adc_Ip_GetConvData	0	static
Adc_Ip.c:769:19:Adc_Ip_DoCalibration	64	static
Adc_Ip.c:851:19:Adc_Ip_ClearLatchedTriggers	24	static
Adc_Ip.c:890:6:Adc_Ip_EnableChannelNotification	16	static
Adc_Ip.c:911:6:Adc_Ip_DisableChannelNotification	16	static
Adc_Ip.c:932:6:Adc_Ip_ClearTrigErrReg	8	static
Adc_Ip.c:953:8:Adc_Ip_GetTrigErrReg	0	static
Adc_Ip.c:972:8:Adc_Ip_GetDataAddress	0	static
Adc_Ip.c:995:19:Adc_Ip_GetChanData	12	static
Adc_Ip.c:1070:6:Adc_Ip_IRQHandler	24	static
