Pdb_Adc_Ip_HwAccess.h:102:20:Pdb_Adc_HwAcc_ConfigAdcPretriggers	8	static
Pdb_Adc_Ip.c:327:6:Pdb_Adc_Ip_Enable	8	static
Pdb_Adc_Ip.c:347:6:Pdb_Adc_Ip_Disable	8	static
Pdb_Adc_Ip.c:367:6:Pdb_Adc_Ip_SetTriggerInput	16	static
Pdb_Adc_Ip.c:391:6:Pdb_Adc_Ip_SetContinuousMode	16	static
Pdb_Adc_Ip.c:413:6:Pdb_Adc_Ip_SwTrigger	8	static
Pdb_Adc_Ip.c:433:8:Pdb_Adc_Ip_GetTimerValue	0	static
Pdb_Adc_Ip.c:464:6:Pdb_Adc_Ip_LoadRegValues	8	static
Pdb_Adc_Ip.c:495:6:Pdb_Adc_Ip_SetModulus	16	static
Pdb_Adc_Ip.c:196:6:Pdb_Adc_Ip_Init	48	static
Pdb_Adc_Ip.c:272:6:Pdb_Adc_Ip_DeInit	88	static
Pdb_Adc_Ip.c:520:6:Pdb_Adc_Ip_ConfigAdcPretriggers	24	static
Pdb_Adc_Ip.c:541:8:Pdb_Adc_Ip_GetAdcPretriggerFlags	0	static
Pdb_Adc_Ip.c:565:6:Pdb_Adc_Ip_ClearAdcPretriggerFlags	16	static
Pdb_Adc_Ip.c:588:6:Pdb_Adc_Ip_SetAdcPretriggerBackToBack	24	static
Pdb_Adc_Ip.c:613:6:Pdb_Adc_Ip_SetAdcPretriggerEnable	24	static
Pdb_Adc_Ip.c:638:6:Pdb_Adc_Ip_SetAdcPretriggerDelayEnable	24	static
Pdb_Adc_Ip.c:666:6:Pdb_Adc_Ip_SetAdcPretriggerDelayValue	8	static
Pdb_Adc_Ip.c:687:6:Pdb_Adc_Ip_DisableAndClearPdb	24	static
Pdb_Adc_Ip.c:718:6:Pdb_Adc_Ip_IRQHandler	16	static
