Archive member included to satisfy reference by file (symbol)

D:/NXP/S32DS.3.4/S32DS/build_tools/gcc_v9.2/gcc-9.2-arm32-eabi/arm-none-eabi/newlib/lib/thumb/v7e-m+fp/hard\libc_nano.a(lib_a-memset.o)
                              ./src/main.o (memset)

Discarded input sections

 .group         0x00000000        0xc ./Project_Settings/Startup_Code/exceptions.o
 .group         0x00000000        0xc ./Project_Settings/Startup_Code/exceptions.o
 .group         0x00000000        0xc ./Project_Settings/Startup_Code/exceptions.o
 .group         0x00000000        0xc ./Project_Settings/Startup_Code/exceptions.o
 .group         0x00000000        0xc ./Project_Settings/Startup_Code/exceptions.o
 .group         0x00000000        0xc ./Project_Settings/Startup_Code/exceptions.o
 .group         0x00000000        0xc ./Project_Settings/Startup_Code/exceptions.o
 .group         0x00000000        0xc ./Project_Settings/Startup_Code/exceptions.o
 .group         0x00000000        0xc ./Project_Settings/Startup_Code/exceptions.o
 .group         0x00000000        0xc ./Project_Settings/Startup_Code/exceptions.o
 .group         0x00000000        0xc ./Project_Settings/Startup_Code/exceptions.o
 .group         0x00000000        0xc ./Project_Settings/Startup_Code/exceptions.o
 .group         0x00000000        0xc ./Project_Settings/Startup_Code/exceptions.o
 .group         0x00000000        0xc ./Project_Settings/Startup_Code/exceptions.o
 .group         0x00000000        0xc ./Project_Settings/Startup_Code/exceptions.o
 .group         0x00000000        0xc ./Project_Settings/Startup_Code/exceptions.o
 .group         0x00000000        0xc ./Project_Settings/Startup_Code/exceptions.o
 .group         0x00000000        0xc ./Project_Settings/Startup_Code/exceptions.o
 .group         0x00000000        0xc ./Project_Settings/Startup_Code/exceptions.o
 .group         0x00000000        0xc ./Project_Settings/Startup_Code/exceptions.o
 .group         0x00000000        0xc ./Project_Settings/Startup_Code/exceptions.o
 .group         0x00000000        0xc ./Project_Settings/Startup_Code/exceptions.o
 .group         0x00000000        0xc ./Project_Settings/Startup_Code/exceptions.o
 .group         0x00000000        0xc ./Project_Settings/Startup_Code/nvic.o
 .group         0x00000000        0xc ./Project_Settings/Startup_Code/nvic.o
 .group         0x00000000        0xc ./Project_Settings/Startup_Code/nvic.o
 .group         0x00000000        0xc ./Project_Settings/Startup_Code/nvic.o
 .group         0x00000000        0xc ./Project_Settings/Startup_Code/nvic.o
 .group         0x00000000        0xc ./Project_Settings/Startup_Code/nvic.o
 .group         0x00000000        0xc ./Project_Settings/Startup_Code/nvic.o
 .group         0x00000000        0xc ./Project_Settings/Startup_Code/nvic.o
 .group         0x00000000        0xc ./Project_Settings/Startup_Code/nvic.o
 .group         0x00000000        0xc ./Project_Settings/Startup_Code/nvic.o
 .group         0x00000000        0xc ./Project_Settings/Startup_Code/nvic.o
 .group         0x00000000        0xc ./Project_Settings/Startup_Code/nvic.o
 .group         0x00000000        0xc ./Project_Settings/Startup_Code/nvic.o
 .group         0x00000000        0xc ./Project_Settings/Startup_Code/nvic.o
 .group         0x00000000        0xc ./Project_Settings/Startup_Code/nvic.o
 .group         0x00000000        0xc ./Project_Settings/Startup_Code/nvic.o
 .group         0x00000000        0xc ./Project_Settings/Startup_Code/nvic.o
 .group         0x00000000        0xc ./Project_Settings/Startup_Code/nvic.o
 .group         0x00000000        0xc ./Project_Settings/Startup_Code/nvic.o
 .group         0x00000000        0xc ./Project_Settings/Startup_Code/nvic.o
 .group         0x00000000        0xc ./Project_Settings/Startup_Code/nvic.o
 .group         0x00000000        0xc ./Project_Settings/Startup_Code/nvic.o
 .group         0x00000000        0xc ./Project_Settings/Startup_Code/nvic.o
 .group         0x00000000        0xc ./Project_Settings/Startup_Code/nvic.o
 .group         0x00000000        0xc ./Project_Settings/Startup_Code/nvic.o
 .group         0x00000000        0xc ./Project_Settings/Startup_Code/nvic.o
 .group         0x00000000        0xc ./Project_Settings/Startup_Code/nvic.o
 .group         0x00000000        0xc ./Project_Settings/Startup_Code/nvic.o
 .group         0x00000000        0xc ./Project_Settings/Startup_Code/nvic.o
 .group         0x00000000        0xc ./Project_Settings/Startup_Code/nvic.o
 .group         0x00000000        0xc ./Project_Settings/Startup_Code/nvic.o
 .group         0x00000000        0xc ./Project_Settings/Startup_Code/nvic.o
 .group         0x00000000        0xc ./Project_Settings/Startup_Code/nvic.o
 .group         0x00000000        0xc ./Project_Settings/Startup_Code/nvic.o
 .group         0x00000000        0xc ./Project_Settings/Startup_Code/nvic.o
 .group         0x00000000        0xc ./Project_Settings/Startup_Code/nvic.o
[...]
Memory Configuration

Name             Origin             Length             Attributes
int_flash_interrupts 0x00000000         0x00000400
int_flash_config 0x00000400         0x00000010
int_flash        0x00000410         0x0007fbf0
int_sram_results 0x1fff8000         0x00000100
int_sram         0x1fff8100         0x0000df00
int_sram_stack_c0 0x20006000         0x00001000
ram_rsvd2        0x20007000         0x00000000
*default*        0x00000000         0xffffffff

Linker script and memory map

LOAD ./Project_Settings/Startup_Code/Vector_Table.o
LOAD ./Project_Settings/Startup_Code/exceptions.o
LOAD ./Project_Settings/Startup_Code/nvic.o
LOAD ./Project_Settings/Startup_Code/startup.o
LOAD ./Project_Settings/Startup_Code/startup_cm4.o
LOAD ./Project_Settings/Startup_Code/system.o
LOAD ./RTD/src/Clock_Ip.o
LOAD ./RTD/src/Clock_Ip_Data.o
LOAD ./RTD/src/Clock_Ip_Divider.o
LOAD ./RTD/src/Clock_Ip_DividerTrigger.o
LOAD ./RTD/src/Clock_Ip_ExtOsc.o
LOAD ./RTD/src/Clock_Ip_FracDiv.o
LOAD ./RTD/src/Clock_Ip_Frequency.o
LOAD ./RTD/src/Clock_Ip_Gate.o
LOAD ./RTD/src/Clock_Ip_IntOsc.o
LOAD ./RTD/src/Clock_Ip_Irq.o
LOAD ./RTD/src/Clock_Ip_Monitor.o
LOAD ./RTD/src/Clock_Ip_Pll.o
LOAD ./RTD/src/Clock_Ip_ProgFreqSwitch.o
LOAD ./RTD/src/Clock_Ip_Selector.o
LOAD ./RTD/src/Clock_Ip_Specific.o
LOAD ./RTD/src/Det.o
LOAD ./RTD/src/Det_stub.o
LOAD ./RTD/src/FlexCAN_Ip.o
LOAD ./RTD/src/FlexCAN_Ip_HwAccess.o
LOAD ./RTD/src/FlexCAN_Ip_Irq.o
LOAD ./RTD/src/IntCtrl_Ip.o
LOAD ./RTD/src/OsIf_Timer.o
LOAD ./RTD/src/OsIf_Timer_System.o
LOAD ./RTD/src/Port.o
LOAD ./RTD/src/Port_Ci_Port_Ip.o
LOAD ./RTD/src/Port_Ipw.o
LOAD ./RTD/src/SchM_Can.o
LOAD ./RTD/src/SchM_Mcu.o
LOAD ./RTD/src/SchM_Port.o
LOAD ./board/Clock_Ip_Cfg.o
LOAD ./board/Clock_Ip_PBcfg.o
LOAD ./board/Port_Ci_Port_Ip_Cfg.o
LOAD ./generate/src/FlexCAN_Ip_Sa_BOARD_InitPeripherals_PBcfg.o
LOAD ./generate/src/IntCtrl_Ip_Cfg.o
LOAD ./generate/src/OsIf_Cfg.o
LOAD ./generate/src/Port_BOARD_InitPeripherals_PBcfg.o
LOAD ./generate/src/Port_Cfg.o
LOAD ./generate/src/Port_Ci_Port_Ip_BOARD_InitPeripherals_PBcfg.o
LOAD ./src/main.o
LOAD D:/NXP/S32DS.3.4/S32DS/build_tools/gcc_v9.2/gcc-9.2-arm32-eabi/arm-none-eabi/newlib/lib/thumb/v7e-m+fp/hard\libc_nano.a
LOAD D:/NXP/S32DS.3.4/S32DS/build_tools/gcc_v9.2/gcc-9.2-arm32-eabi/arm-none-eabi/newlib/lib/thumb/v7e-m+fp/hard\libm.a
LOAD d:/nxp/s32ds.3.4/s32ds/build_tools/gcc_v9.2/gcc-9.2-arm32-eabi/bin/../lib/gcc/arm-none-eabi/9.2.0/thumb/v7e-m+fp/hard\libgcc.a
START GROUP
LOAD d:/nxp/s32ds.3.4/s32ds/build_tools/gcc_v9.2/gcc-9.2-arm32-eabi/bin/../lib/gcc/arm-none-eabi/9.2.0/thumb/v7e-m+fp/hard\libgcc.a
LOAD D:/NXP/S32DS.3.4/S32DS/build_tools/gcc_v9.2/gcc-9.2-arm32-eabi/arm-none-eabi/newlib/lib/thumb/v7e-m+fp/hard\libg_nano.a
LOAD D:/NXP/S32DS.3.4/S32DS/build_tools/gcc_v9.2/gcc-9.2-arm32-eabi/arm-none-eabi/newlib/lib/thumb/v7e-m+fp/hard\libc_nano.a
END GROUP
START GROUP
LOAD d:/nxp/s32ds.3.4/s32ds/build_tools/gcc_v9.2/gcc-9.2-arm32-eabi/bin/../lib/gcc/arm-none-eabi/9.2.0/thumb/v7e-m+fp/hard\libgcc.a
LOAD D:/NXP/S32DS.3.4/S32DS/build_tools/gcc_v9.2/gcc-9.2-arm32-eabi/arm-none-eabi/newlib/lib/thumb/v7e-m+fp/hard\libc_nano.a
LOAD D:/NXP/S32DS.3.4/S32DS/build_tools/gcc_v9.2/gcc-9.2-arm32-eabi/arm-none-eabi/newlib/lib/thumb/v7e-m+fp/hard\libnosys.a
END GROUP
START GROUP
LOAD d:/nxp/s32ds.3.4/s32ds/build_tools/gcc_v9.2/gcc-9.2-arm32-eabi/bin/../lib/gcc/arm-none-eabi/9.2.0/thumb/v7e-m+fp/hard\libgcc.a
LOAD D:/NXP/S32DS.3.4/S32DS/build_tools/gcc_v9.2/gcc-9.2-arm32-eabi/arm-none-eabi/newlib/lib/thumb/v7e-m+fp/hard\libc_nano.a
LOAD D:/NXP/S32DS.3.4/S32DS/build_tools/gcc_v9.2/gcc-9.2-arm32-eabi/arm-none-eabi/newlib/lib/thumb/v7e-m+fp/hard\libnosys.a
END GROUP
                0x00000200                HEAP_SIZE = DEFINED (__heap_size__)?__heap_size__:0x200

.flash_interrupts
                0x00000000      0x310
                0x00000000                . = ALIGN (0x1000)
                0x00000000                __interrupts_rom_start = .
 *(.intc_vector)
 .intc_vector   0x00000000      0x310 ./Project_Settings/Startup_Code/Vector_Table.o
                0x00000000                VTABLE
                0x00000310                . = ALIGN (0x4)
                0x00000310                __interrupts_rom_end = .

.flash_config   0x00000400       0x10
 *(.flash_config)
 .flash_config  0x00000400       0x10 ./Project_Settings/Startup_Code/startup_cm4.o

.flash          0x00000410     0x6b9c
                0x00000410                . = ALIGN (0x4)
 *(.startup)
 .startup       0x00000410       0xb8 ./Project_Settings/Startup_Code/startup_cm4.o
                0x00000410                Reset_Handler
                0x00000410                _start
                0x00000494                MCAL_LTB_TRACE_OFF
                0x00000496                _end_of_eunit_test
                0x000004c8                . = ALIGN (0x4)
 *(.systeminit)
 .systeminit    0x000004c8        0x2 ./Project_Settings/Startup_Code/exceptions.o
                0x000004c8                NMI_Handler
 *fill*         0x000004ca        0x2 
 .systeminit    0x000004cc       0x88 ./Project_Settings/Startup_Code/system.o
                0x000004cc                SystemInit
                0x00000554                . = ALIGN (0x4)
 *(.text.startup)
 .text.startup  0x00000554       0xd4 ./src/main.o
                0x00000554                main
                0x00000628                . = ALIGN (0x4)
 *(.text)
 .text          0x00000628        0x0 ./Project_Settings/Startup_Code/Vector_Table.o
 .text          0x00000628       0x12 ./Project_Settings/Startup_Code/exceptions.o
                0x00000628                HardFault_Handler
                0x0000062a                MemManage_Handler
                0x0000062c                BusFault_Handler
                0x0000062e                UsageFault_Handler
                0x00000630                SVC_Handler
                0x00000632                DebugMon_Handler
                0x00000634                PendSV_Handler
                0x00000636                SysTick_Handler
                0x00000638                undefined_handler
 *fill*         0x0000063a        0x2 
 .text          0x0000063c       0x5c ./Project_Settings/Startup_Code/nvic.o
                0x0000063c                NVIC_SetPriorityGrouping
                0x00000650                NVIC_EnableIRQ
                0x00000668                NVIC_DisableIRQ
                0x00000684                NVIC_SetPriority
 .text          0x00000698       0x54 ./Project_Settings/Startup_Code/startup.o
                0x00000698                init_data_bss
 .text          0x000006ec        0x0 ./Project_Settings/Startup_Code/startup_cm4.o
 .text          0x000006ec        0x8 ./Project_Settings/Startup_Code/system.o
                0x000006ec                startup_go_to_user_mode
                0x000006ee                default_interrupt_routine
                0x000006f0                Sys_GetCoreID
 .text          0x000006f4        0x0 ./RTD/src/Clock_Ip.o
 .text          0x000006f4        0x0 ./RTD/src/Clock_Ip_Data.o
 .text          0x000006f4        0x0 ./RTD/src/Clock_Ip_Divider.o
 .text          0x000006f4        0x0 ./RTD/src/Clock_Ip_DividerTrigger.o
 .text          0x000006f4        0x0 ./RTD/src/Clock_Ip_ExtOsc.o
 .text          0x000006f4        0x0 ./RTD/src/Clock_Ip_FracDiv.o
 .text          0x000006f4        0x0 ./RTD/src/Clock_Ip_Frequency.o
 .text          0x000006f4        0x0 ./RTD/src/Clock_Ip_Gate.o
 .text          0x000006f4        0x0 ./RTD/src/Clock_Ip_IntOsc.o
 .text          0x000006f4        0x0 ./RTD/src/Clock_Ip_Irq.o
 .text          0x000006f4        0x0 ./RTD/src/Clock_Ip_Monitor.o
 .text          0x000006f4        0x0 ./RTD/src/Clock_Ip_Pll.o
 .text          0x000006f4        0x0 ./RTD/src/Clock_Ip_ProgFreqSwitch.o
 .text          0x000006f4        0x0 ./RTD/src/Clock_Ip_Selector.o
 .text          0x000006f4        0x0 ./RTD/src/Clock_Ip_Specific.o
 .text          0x000006f4        0x0 ./RTD/src/Det.o
 .text          0x000006f4        0x0 ./RTD/src/Det_stub.o
 .text          0x000006f4        0x0 ./RTD/src/FlexCAN_Ip.o
 .text          0x000006f4        0x0 ./RTD/src/FlexCAN_Ip_HwAccess.o
 .text          0x000006f4        0x0 ./RTD/src/FlexCAN_Ip_Irq.o
 .text          0x000006f4        0x0 ./RTD/src/IntCtrl_Ip.o
 .text          0x000006f4        0x0 ./RTD/src/OsIf_Timer.o
 .text          0x000006f4        0x0 ./RTD/src/OsIf_Timer_System.o
 .text          0x000006f4        0x0 ./RTD/src/Port.o
 .text          0x000006f4        0x0 ./RTD/src/Port_Ci_Port_Ip.o
 .text          0x000006f4        0x0 ./RTD/src/Port_Ipw.o
 .text          0x000006f4        0x6 ./RTD/src/SchM_Can.o
                0x000006f4                Can_schm_read_msr
 .text          0x000006fa        0x6 ./RTD/src/SchM_Mcu.o
                0x000006fa                Mcu_schm_read_msr
 .text          0x00000700        0x6 ./RTD/src/SchM_Port.o
                0x00000700                Port_schm_read_msr
 .text          0x00000706        0x0 ./board/Clock_Ip_Cfg.o
 .text          0x00000706        0x0 ./board/Clock_Ip_PBcfg.o
 .text          0x00000706        0x0 ./board/Port_Ci_Port_Ip_Cfg.o
 .text          0x00000706        0x0 ./generate/src/FlexCAN_Ip_Sa_BOARD_InitPeripherals_PBcfg.o
 .text          0x00000706        0x0 ./generate/src/IntCtrl_Ip_Cfg.o
 .text          0x00000706        0x0 ./generate/src/OsIf_Cfg.o
 .text          0x00000706        0x0 ./generate/src/Port_BOARD_InitPeripherals_PBcfg.o
 .text          0x00000706        0x0 ./generate/src/Port_Cfg.o
 .text          0x00000706        0x0 ./generate/src/Port_Ci_Port_Ip_BOARD_InitPeripherals_PBcfg.o
 *fill*         0x00000706        0x2 
 .text          0x00000708       0x1c ./src/main.o
                0x00000708                GB_MailBox_CallBack
                0x0000070a                TestDelay
 .text          0x00000724        0x0 D:/NXP/S32DS.3.4/S32DS/build_tools/gcc_v9.2/gcc-9.2-arm32-eabi/arm-none-eabi/newlib/lib/thumb/v7e-m+fp/hard\libc_nano.a(lib_a-memset.o)
 *(.text*)
 .text.memset   0x00000724       0x10 D:/NXP/S32DS.3.4/S32DS/build_tools/gcc_v9.2/gcc-9.2-arm32-eabi/arm-none-eabi/newlib/lib/thumb/v7e-m+fp/hard\libc_nano.a(lib_a-memset.o)
                0x00000724                memset
                0x00000734                . = ALIGN (0x4)
 *(.mcal_text)
 .mcal_text     0x00000734      0x7f8 ./RTD/src/Clock_Ip.o
                0x00000736                Clock_Ip_InitClock
                0x00000c8c                Clock_Ip_GetPllStatus
                0x00000ccc                Clock_Ip_DistributePll
                0x00000dc4                Clock_Ip_Init
                0x00000de8                Clock_Ip_DisableClockMonitor
                0x00000e10                Clock_Ip_GetClockMonitorStatus
                0x00000e38                Clock_Ip_ClearClockMonitorStatus
                0x00000e60                Clock_Ip_PowerModeChangeNotification
                0x00000e88                Clock_Ip_InstallNotificationsCallback
                0x00000e94                Clock_Ip_DisableModuleClock
                0x00000ebc                Clock_Ip_EnableModuleClock
                0x00000ee4                ReportClockErrors
                0x00000ef0                ClockStartTimeout
                0x00000f10                ClockTimeoutExpired
 .mcal_text     0x00000f2c      0x1d0 ./RTD/src/Clock_Ip_Divider.o
 .mcal_text     0x000010fc        0x2 ./RTD/src/Clock_Ip_DividerTrigger.o
 *fill*         0x000010fe        0x2 
 .mcal_text     0x00001100      0x144 ./RTD/src/Clock_Ip_ExtOsc.o
 .mcal_text     0x00001244        0x6 ./RTD/src/Clock_Ip_FracDiv.o
 *fill*         0x0000124a        0x2 
 .mcal_text     0x0000124c      0x164 ./RTD/src/Clock_Ip_Gate.o
 .mcal_text     0x000013b0      0x3d8 ./RTD/src/Clock_Ip_IntOsc.o
 .mcal_text     0x00001788        0xa ./RTD/src/Clock_Ip_Monitor.o
 *fill*         0x00001792        0x2 
 .mcal_text     0x00001794      0x118 ./RTD/src/Clock_Ip_Pll.o
 .mcal_text     0x000018ac        0x2 ./RTD/src/Clock_Ip_ProgFreqSwitch.o
 *fill*         0x000018ae        0x2 
 .mcal_text     0x000018b0      0x2d4 ./RTD/src/Clock_Ip_Selector.o
 .mcal_text     0x00001b84      0x7f0 ./RTD/src/Clock_Ip_Specific.o
                0x00001b84                SpecificPeripheralClockInitialization
                0x00001b86                DisableSafeClock
                0x00001bec                SpecificPlatformInitClock
                0x00001ccc                ClockInitializeObjects
                0x000021c8                ClockPowerModeChangeNotification
 .mcal_text     0x00002374       0x7c ./RTD/src/Det.o
                0x00002374                Det_Init
                0x00002376                Det_ReportError
                0x0000239c                Det_ReportRuntimeError
                0x000023c4                Det_ReportTransientFault
                0x000023ec                Det_Start
 .mcal_text     0x000023f0      0x198 ./RTD/src/Det_stub.o
                0x000023f0                Det_TestLastReportError
                0x00002434                Det_TestLastReportRuntimeError
                0x00002478                Det_TestLastReportTransientFault
                0x000024bc                Det_TestNoError
                0x00002500                Det_TestNoRuntimeError
                0x00002544                Det_TestNoTransientFault
 .mcal_text     0x00002588     0x1924 ./RTD/src/FlexCAN_Ip.o
                0x000029f8                FlexCAN_Ip_Init_Privileged
                0x00002b8c                FlexCAN_Ip_Send
                0x00002bf4                FlexCAN_Ip_ConfigRxMb
                0x00002c7c                FlexCAN_Ip_Receive
                0x00002cc4                FlexCAN_Ip_ReceiveBlocking
                0x00002da8                FlexCAN_Ip_RxFifo
                0x00002db0                FlexCAN_Ip_RxFifoBlocking
                0x00002e84                FlexCAN_Ip_ConfigRxFifo_Privileged
                0x00002ee0                FlexCAN_Ip_ConfigRemoteResponseMb
                0x00002f8c                FlexCAN_Ip_GetTransferStatus
                0x00002fc0                FlexCAN_IRQHandler
                0x000031b4                FlexCAN_Ip_ClearErrorStatus
                0x000031c8                FlexCAN_Ip_GetErrorStatus
                0x000031dc                FlexCAN_Ip_GetControllerTxErrorCounter
                0x000031f4                FlexCAN_Ip_GetControllerRxErrorCounter
                0x0000320c                FlexCAN_Error_IRQHandler
                0x0000328c                FlexCAN_BusOff_IRQHandler
                0x00003330                FlexCAN_Ip_SendBlocking
                0x00003420                FlexCAN_Ip_SetRxMbGlobalMask_Privileged
                0x00003470                FlexCAN_Ip_EnterFreezeMode_Privileged
                0x00003480                FlexCAN_Ip_ExitFreezeMode_Privileged
                0x00003490                FlexCAN_Ip_SetRxIndividualMask_Privileged
                0x00003504                FlexCAN_Ip_SetRxFifoGlobalMask_Privileged
                0x00003554                FlexCAN_Ip_Deinit_Privileged
                0x000035c4                FlexCAN_Ip_MainFunctionRead
                0x00003624                FlexCAN_Ip_MainFunctionBusOff_Privileged
                0x0000365c                FlexCAN_Ip_MainFunctionWrite
                0x000036a0                FlexCAN_Ip_GetStopMode_Privileged
                0x000036b4                FlexCAN_Ip_GetStartMode_Privileged
                0x000036cc                FlexCAN_Ip_SetStartMode_Privileged
                0x000036f8                FlexCAN_Ip_SetStopMode_Privileged
                0x00003720                FlexCAN_Ip_SetRxMaskType_Privileged
                0x00003784                FlexCAN_Ip_SetBitrate_Privileged
                0x000037f8                FlexCAN_Ip_GetBitrate
                0x00003864                FlexCAN_Ip_ClearTDCFail
                0x00003890                FlexCAN_Ip_GetTDCFail
                0x000038ac                FlexCAN_Ip_GetTDCValue
                0x000038c8                FlexCAN_Ip_SetBitrateCbt_Privileged
                0x0000396c                FlexCAN_Ip_GetBitrateFD
                0x000039b8                FlexCAN_Ip_SetTDCOffset_Privileged
                0x00003a3c                FlexCAN_Ip_SetTxArbitrationStartDelay_Privileged
                0x00003aa0                FlexCAN_Ip_GetBuffStatusFlag
                0x00003ac0                FlexCAN_Ip_ClearBuffStatusFlag
                0x00003ad4                FlexCAN_Ip_EnableInterrupts_Privileged
                0x00003b0c                FlexCAN_Ip_DisableInterrupts_Privileged
                0x00003b40                FlexCAN_Ip_SetErrorInt_Privileged
                0x00003bcc                FlexCAN_Ip_AbortTransfer
                0x00003d1c                FlexCAN_Ip_SetRxMb14Mask_Privileged
                0x00003d6c                FlexCAN_Ip_SetRxMb15Mask_Privileged
                0x00003dbc                FlexCAN_Ip_SetListenOnlyMode_Privileged
                0x00003e24                FlexCAN_Ip_GetListenOnlyMode
                0x00003e38                FlexCAN_Ip_ManualBusOffRecovery
 .mcal_text     0x00003eac      0x9e0 ./RTD/src/FlexCAN_Ip_HwAccess.o
                0x00003eac                FlexCAN_GetMaxMbNum
                0x00003ed4                FlexCAN_EnterFreezeMode
                0x00003f34                FlexCAN_Enable
                0x00003f7e                FlexCAN_ExitFreezeMode
                0x00003fd0                FlexCAN_Disable
                0x00004020                FlexCAN_SetErrIntCmd
                0x00004088                FlexCAN_EnableRxFifo
                0x000040d6                FlexCAN_IsFDAvailable
                0x000040e4                FlexCAN_Init
                0x00004198                FlexCAN_GetMsgBuffRegion
                0x000041de                FlexCAN_SetPayloadSize
                0x0000420c                FlexCAN_GetMbPayloadSize
                0x00004226                FlexCAN_LockRxMsgBuff
                0x00004230                FlexCAN_SetMsgBuffIntCmd
                0x00004284                FLEXCAN_ClearMsgBuffIntCmd
                0x000042c0                FlexCAN_DisableInterrupts
                0x000042c6                FlexCAN_EnableInterrupts
                0x000042d4                FlexCAN_SetRxMsgBuff
                0x00004358                FlexCAN_GetMsgBuffTimestamp
                0x00004364                FlexCAN_GetMsgBuff
                0x000043fc                FlexCAN_SetTxMsgBuff
                0x00004510                FlexCAN_SetMaxMsgBuffNum
                0x0000459c                FlexCAN_SetOperationMode
                0x000045da                FlexCAN_SetRxFifoFilter
                0x00004784                FlexCAN_ReadRxFifo
                0x000047ec                FlexCAN_IsMbOutOfRange
                0x0000480e                FlexCAN_ConfigCtrlOptions
 .mcal_text     0x0000488c       0xae ./RTD/src/FlexCAN_Ip_Irq.o
                0x0000488c                CAN0_ORED_IRQHandler
                0x0000489a                CAN0_Error_IRQHandler
                0x000048a8                CAN0_ORED_0_15_MB_IRQHandler
                0x000048ba                CAN0_ORED_16_31_MB_IRQHandler
                0x000048cc                CAN1_ORED_IRQHandler
                0x000048da                CAN1_Error_IRQHandler
                0x000048e8                CAN1_ORED_0_15_MB_IRQHandler
                0x000048fa                CAN1_ORED_16_31_MB_IRQHandler
                0x0000490c                CAN2_ORED_IRQHandler
                0x0000491a                CAN2_Error_IRQHandler
                0x00004928                CAN2_ORED_0_15_MB_IRQHandler
 *fill*         0x0000493a        0x2 
 .mcal_text     0x0000493c      0x1f8 ./RTD/src/IntCtrl_Ip.o
                0x000049f4                IntCtrl_Ip_Init
                0x00004a3c                IntCtrl_Ip_ConfigIrqRouting
                0x00004a70                IntCtrl_Ip_InstallHandler
                0x00004a72                IntCtrl_Ip_EnableIrq
                0x00004a74                IntCtrl_Ip_DisableIrq
                0x00004a76                IntCtrl_Ip_SetPriority
                0x00004a78                IntCtrl_Ip_GetPriority
                0x00004a94                IntCtrl_Ip_ClearPending
                0x00004abc                IntCtrl_Ip_SetPending
                0x00004ae4                IntCtrl_Ip_GetPending
                0x00004b0c                IntCtrl_Ip_GetActive
 .mcal_text     0x00004b34       0x1c ./RTD/src/OsIf_Timer.o
                0x00004b34                OsIf_Init
                0x00004b3a                OsIf_GetCounter
                0x00004b3e                OsIf_GetElapsed
                0x00004b46                OsIf_SetTimerFrequency
                0x00004b48                OsIf_MicrosToTicks
 .mcal_text     0x00004b50      0x120 ./RTD/src/Port.o
                0x00004b50                Port_Init
                0x00004b88                Port_SetPinDirection
                0x00004bd0                Port_SetPinMode
                0x00004c24                Port_RefreshPortDirection
                0x00004c50                Port_GetVersionInfo
 .mcal_text     0x00004c70      0x1fa ./RTD/src/Port_Ci_Port_Ip.o
                0x00004c70                Port_Ci_Port_Ip_ReadPCR
                0x00004c76                Port_Ci_Port_Ip_SetPCR
                0x00004c7c                Port_Ci_Port_Ip_SetPSOR
                0x00004c80                Port_Ci_Port_Ip_SetPCOR
                0x00004c84                Port_Ci_Port_Ip_SetPDDR
                0x00004c9c                Port_Ci_Port_Ip_ClearPDDR
                0x00004cb6                Port_Ci_Port_Ip_SetPIDR
                0x00004cce                Port_Ci_Port_Ip_SetDFER
                0x00004cea                Port_Ci_Port_Ip_Init
                0x00004dc2                Port_Ci_Port_Ip_SetMuxModeSel
                0x00004dea                Port_Ci_Port_Ip_EnableDigitalFilter
                0x00004e0c                Port_Ci_Port_Ip_DisableDigitalFilter
                0x00004e30                Port_Ci_Port_Ip_ConfigDigitalFilter
                0x00004e46                Port_Ci_Port_Ip_SetGlobalPinControl
 *fill*         0x00004e6a        0x2 
 .mcal_text     0x00004e6c      0x33c ./RTD/src/Port_Ipw.o
                0x00004e6c                Port_Ipw_Init
                0x00004f84                Port_Ipw_SetPinDirection
                0x00005004                Port_Ipw_SetGpioDirChangeability
                0x0000503c                Port_Ipw_SetGpioPadOutput
                0x0000507c                Port_Ipw_SetPinMode
                0x00005120                Port_Ipw_RefreshPortDirection
 .mcal_text     0x000051a8      0x5e8 ./RTD/src/SchM_Can.o
                0x000051a8                SchM_Enter_Can_CAN_EXCLUSIVE_AREA_00
                0x000051d0                SchM_Exit_Can_CAN_EXCLUSIVE_AREA_00
                0x000051f0                SchM_Enter_Can_CAN_EXCLUSIVE_AREA_01
                0x00005218                SchM_Exit_Can_CAN_EXCLUSIVE_AREA_01
                0x00005238                SchM_Enter_Can_CAN_EXCLUSIVE_AREA_02
                0x00005260                SchM_Exit_Can_CAN_EXCLUSIVE_AREA_02
                0x00005280                SchM_Enter_Can_CAN_EXCLUSIVE_AREA_03
                0x000052a8                SchM_Exit_Can_CAN_EXCLUSIVE_AREA_03
                0x000052c8                SchM_Enter_Can_CAN_EXCLUSIVE_AREA_04
                0x000052f0                SchM_Exit_Can_CAN_EXCLUSIVE_AREA_04
                0x00005310                SchM_Enter_Can_CAN_EXCLUSIVE_AREA_05
                0x00005338                SchM_Exit_Can_CAN_EXCLUSIVE_AREA_05
                0x00005358                SchM_Enter_Can_CAN_EXCLUSIVE_AREA_06
                0x00005380                SchM_Exit_Can_CAN_EXCLUSIVE_AREA_06
                0x000053a0                SchM_Enter_Can_CAN_EXCLUSIVE_AREA_07
                0x000053c8                SchM_Exit_Can_CAN_EXCLUSIVE_AREA_07
                0x000053e8                SchM_Enter_Can_CAN_EXCLUSIVE_AREA_08
                0x00005410                SchM_Exit_Can_CAN_EXCLUSIVE_AREA_08
                0x00005430                SchM_Enter_Can_CAN_EXCLUSIVE_AREA_09
                0x00005458                SchM_Exit_Can_CAN_EXCLUSIVE_AREA_09
                0x00005478                SchM_Enter_Can_CAN_EXCLUSIVE_AREA_10
                0x000054a0                SchM_Exit_Can_CAN_EXCLUSIVE_AREA_10
                0x000054c0                SchM_Enter_Can_CAN_EXCLUSIVE_AREA_11
                0x000054e8                SchM_Exit_Can_CAN_EXCLUSIVE_AREA_11
                0x00005508                SchM_Enter_Can_CAN_EXCLUSIVE_AREA_12
                0x00005530                SchM_Exit_Can_CAN_EXCLUSIVE_AREA_12
                0x00005550                SchM_Enter_Can_CAN_EXCLUSIVE_AREA_13
                0x00005578                SchM_Exit_Can_CAN_EXCLUSIVE_AREA_13
                0x00005598                SchM_Enter_Can_CAN_EXCLUSIVE_AREA_14
                0x000055c0                SchM_Exit_Can_CAN_EXCLUSIVE_AREA_14
                0x000055e0                SchM_Enter_Can_CAN_EXCLUSIVE_AREA_15
                0x00005608                SchM_Exit_Can_CAN_EXCLUSIVE_AREA_15
                0x00005628                SchM_Enter_Can_CAN_EXCLUSIVE_AREA_16
                0x00005650                SchM_Exit_Can_CAN_EXCLUSIVE_AREA_16
                0x00005670                SchM_Enter_Can_CAN_EXCLUSIVE_AREA_17
                0x00005698                SchM_Exit_Can_CAN_EXCLUSIVE_AREA_17
                0x000056b8                SchM_Enter_Can_CAN_EXCLUSIVE_AREA_18
                0x000056e0                SchM_Exit_Can_CAN_EXCLUSIVE_AREA_18
                0x00005700                SchM_Enter_Can_CAN_EXCLUSIVE_AREA_19
                0x00005728                SchM_Exit_Can_CAN_EXCLUSIVE_AREA_19
                0x00005748                SchM_Enter_Can_CAN_EXCLUSIVE_AREA_20
                0x00005770                SchM_Exit_Can_CAN_EXCLUSIVE_AREA_20
 .mcal_text     0x00005790       0xd8 ./RTD/src/SchM_Mcu.o
                0x00005790                SchM_Enter_Mcu_MCU_EXCLUSIVE_AREA_00
                0x000057b8                SchM_Exit_Mcu_MCU_EXCLUSIVE_AREA_00
                0x000057d8                SchM_Enter_Mcu_MCU_EXCLUSIVE_AREA_01
                0x00005800                SchM_Exit_Mcu_MCU_EXCLUSIVE_AREA_01
                0x00005820                SchM_Enter_Mcu_MCU_EXCLUSIVE_AREA_02
                0x00005848                SchM_Exit_Mcu_MCU_EXCLUSIVE_AREA_02
 .mcal_text     0x00005868      0x288 ./RTD/src/SchM_Port.o
                0x00005868                SchM_Enter_Port_PORT_EXCLUSIVE_AREA_00
                0x00005890                SchM_Exit_Port_PORT_EXCLUSIVE_AREA_00
                0x000058b0                SchM_Enter_Port_PORT_EXCLUSIVE_AREA_01
                0x000058d8                SchM_Exit_Port_PORT_EXCLUSIVE_AREA_01
                0x000058f8                SchM_Enter_Port_PORT_EXCLUSIVE_AREA_02
                0x00005920                SchM_Exit_Port_PORT_EXCLUSIVE_AREA_02
                0x00005940                SchM_Enter_Port_PORT_EXCLUSIVE_AREA_03
                0x00005968                SchM_Exit_Port_PORT_EXCLUSIVE_AREA_03
                0x00005988                SchM_Enter_Port_PORT_EXCLUSIVE_AREA_04
                0x000059b0                SchM_Exit_Port_PORT_EXCLUSIVE_AREA_04
                0x000059d0                SchM_Enter_Port_PORT_EXCLUSIVE_AREA_05
                0x000059f8                SchM_Exit_Port_PORT_EXCLUSIVE_AREA_05
                0x00005a18                SchM_Enter_Port_PORT_EXCLUSIVE_AREA_06
                0x00005a40                SchM_Exit_Port_PORT_EXCLUSIVE_AREA_06
                0x00005a60                SchM_Enter_Port_PORT_EXCLUSIVE_AREA_07
                0x00005a88                SchM_Exit_Port_PORT_EXCLUSIVE_AREA_07
                0x00005aa8                SchM_Enter_Port_PORT_EXCLUSIVE_AREA_08
                0x00005ad0                SchM_Exit_Port_PORT_EXCLUSIVE_AREA_08
                0x00005af0                . = ALIGN (0x4)
                0x00005af0                acfls_code_rom_start = .
                0x00005af0                . = ALIGN (0x4)
 *(.acfls_code_rom)
                0x00005af0                acfls_code_rom_end = .
 *(.init)
                0x00005af0                . = ALIGN (0x4)
 *(.fini)
                0x00005af0                . = ALIGN (0x4)
 *(.rodata)
 .rodata        0x00005af0       0x1c ./RTD/src/Clock_Ip_Specific.o
 .rodata        0x00005b0c       0x48 ./RTD/src/FlexCAN_Ip_HwAccess.o
 *(.rodata*)
                0x00005b54                . = ALIGN (0x4)
 *(.mcal_const_cfg)
 .mcal_const_cfg
                0x00005b54      0x3dc ./board/Clock_Ip_PBcfg.o
                0x00005b54                Mcu_aClockConfigPB
 .mcal_const_cfg
                0x00005f30       0x50 ./generate/src/FlexCAN_Ip_Sa_BOARD_InitPeripherals_PBcfg.o
                0x00005f30                FlexCAN_Config0
 .mcal_const_cfg
                0x00005f80      0x704 ./generate/src/IntCtrl_Ip_Cfg.o
                0x00005f80                intRouteConfig
                0x000063b4                IntCtrlConfig_0
 .mcal_const_cfg
                0x00006684      0x105 ./generate/src/Port_BOARD_InitPeripherals_PBcfg.o
                0x00006684                Port_Config
                0x00006788                au8Port_PartitionList_BOARD_InitPeripherals
 *fill*         0x00006789        0x3 
 .mcal_const_cfg
                0x0000678c       0x50 ./generate/src/Port_Ci_Port_Ip_BOARD_InitPeripherals_PBcfg.o
                0x0000678c                g_pin_mux_InitConfigArr_BOARD_InitPeripherals
                0x000067dc                . = ALIGN (0x4)
 *(.mcal_const)
 .mcal_const    0x000067dc      0x571 ./RTD/src/Clock_Ip_Data.o
                0x000067dc                HwPllName
                0x000067e0                sourceType_clockName
                0x000068a0                scgPeriphAsyncDivs
                0x000068b0                dividerValue_hardwareValue
                0x000068f1                selectorEntryPCS_hardwareValue
                0x00006921                selectorEntrySCS_hardwareValue
                0x00006951                selectorEntry_hardwareValue
                0x000069a8                clockFeatures
                0x00006cb7                cmuCallbackIndex
                0x00006cc6                pcfsCallbackIndex
                0x00006cd5                selectorCallbackIndex
                0x00006ce4                pllCallbackIndex
                0x00006cf3                fractional_dividerCallbackIndex
                0x00006d02                gateCallbackIndex
                0x00006d11                ircoscCallbackIndex
                0x00006d20                xoscCallbackIndex
                0x00006d2f                dividertriggerCallbackIndex
                0x00006d3e                dividerCallbackIndex
 *fill*         0x00006d4d        0x3 
 .mcal_const    0x00006d50       0x3c ./RTD/src/Clock_Ip_Divider.o
                0x00006d50                dividerCallbacks
 .mcal_const    0x00006d8c        0x8 ./RTD/src/Clock_Ip_DividerTrigger.o
                0x00006d8c                dividerTriggerCallbacks
 .mcal_const    0x00006d94       0x28 ./RTD/src/Clock_Ip_ExtOsc.o
                0x00006d94                extOscCallbacks
 .mcal_const    0x00006dbc        0xc ./RTD/src/Clock_Ip_FracDiv.o
                0x00006dbc                fracDivCallbacks
 .mcal_const    0x00006dc8       0x38 ./RTD/src/Clock_Ip_Gate.o
                0x00006dc8                gateCallbacks
 .mcal_const    0x00006e00       0x3c ./RTD/src/Clock_Ip_IntOsc.o
                0x00006e00                intOscCallbacks
 .mcal_const    0x00006e3c       0x18 ./RTD/src/Clock_Ip_Monitor.o
                0x00006e3c                cmuCallbacks
 .mcal_const    0x00006e54       0x28 ./RTD/src/Clock_Ip_Pll.o
                0x00006e54                pllCallbacks
 .mcal_const    0x00006e7c        0x4 ./RTD/src/Clock_Ip_ProgFreqSwitch.o
                0x00006e7c                pcfsCallbacks
 .mcal_const    0x00006e80       0x58 ./RTD/src/Clock_Ip_Selector.o
                0x00006e80                selectorCallbacks
 .mcal_const    0x00006ed8        0xc ./RTD/src/FlexCAN_Ip.o
 .mcal_const    0x00006ee4       0xa0 ./generate/src/Port_Cfg.o
                0x00006ee4                Port_au16PinDescription
                0x00006f84                . = ALIGN (0x4)
 *(.mcal_const_no_cacheable)
                0x00006f84                . = ALIGN (0x4)
                0x00006f84                __init_table = .
 *(.init_table)
 .init_table    0x00006f84       0x1c ./Project_Settings/Startup_Code/startup_cm4.o
                0x00006fa0                . = ALIGN (0x4)
                0x00006fa0                __zero_table = .
 *(.zero_table)
 .zero_table    0x00006fa0        0xc ./Project_Settings/Startup_Code/startup_cm4.o
                0x00006fac                . = ALIGN (0x4)
 *(.acmcu_code_rom)
                0x00006fac                . = ALIGN (0x4)
                0x00006fac                _etext = .
                0x00006fac                __DATA_ROM = .

.glue_7         0x00006fac        0x0
 .glue_7        0x00006fac        0x0 linker stubs

.glue_7t        0x00006fac        0x0
 .glue_7t       0x00006fac        0x0 linker stubs

.vfp11_veneer   0x00006fac        0x0
 .vfp11_veneer  0x00006fac        0x0 linker stubs

.v4_bx          0x00006fac        0x0
 .v4_bx         0x00006fac        0x0 linker stubs

.iplt           0x00006fac        0x0
 .iplt          0x00006fac        0x0 ./Project_Settings/Startup_Code/Vector_Table.o

.igot.plt       0x00006fac        0x0
 .igot.plt      0x00006fac        0x0 ./Project_Settings/Startup_Code/Vector_Table.o

.rel.dyn        0x00006fac        0x0
 .rel.iplt      0x00006fac        0x0 ./Project_Settings/Startup_Code/Vector_Table.o
                0x00006fac                . = ALIGN (0x4)
                [!provide]                PROVIDE (__exidx_start = .)

.ARM.exidx
 *(.ARM.exidx* .gnu.linkonce.armexidx.*)
                0x00006fac                . = ALIGN (0x4)
                [!provide]                PROVIDE (__exidx_end = .)

.ARM.extab      0x1fff8100        0x0
 *(.ARM.extab*)
                0x1fff8100                . = ALIGN (0x4)

.sram_interrupts
                0x1fff8100     0x1210
                0x1fff9000                . = ALIGN (0x1000)
 *fill*         0x1fff8100      0xf00 
                0x1fff9000                __interrupts_ram_start = .
                0x1fff9310                . = (. + (__interrupts_rom_end - __interrupts_rom_start))
 *fill*         0x1fff9000      0x310 
                0x1fff9310                . = ALIGN (0x4)
                0x1fff9310                __interrupts_ram_end = .

.sram_data      0x1fff9310       0x4c load address 0x00006fac
                0x1fff9310                . = ALIGN (0x4)
                0x1fff9310                __data_ram_start = .
 *(.ramcode)
                0x1fff9310                . = ALIGN (0x4)
 *(.data)
 .data          0x1fff9310        0x0 ./Project_Settings/Startup_Code/Vector_Table.o
 .data          0x1fff9310        0x0 ./Project_Settings/Startup_Code/exceptions.o
 .data          0x1fff9310        0x0 ./Project_Settings/Startup_Code/nvic.o
 .data          0x1fff9310        0x0 ./Project_Settings/Startup_Code/startup.o
 .data          0x1fff9310        0x0 ./Project_Settings/Startup_Code/startup_cm4.o
 .data          0x1fff9310        0x0 ./Project_Settings/Startup_Code/system.o
 .data          0x1fff9310        0x0 ./RTD/src/Clock_Ip.o
 .data          0x1fff9310        0x0 ./RTD/src/Clock_Ip_Data.o
 .data          0x1fff9310        0x0 ./RTD/src/Clock_Ip_Divider.o
 .data          0x1fff9310        0x0 ./RTD/src/Clock_Ip_DividerTrigger.o
 .data          0x1fff9310        0x0 ./RTD/src/Clock_Ip_ExtOsc.o
 .data          0x1fff9310        0x0 ./RTD/src/Clock_Ip_FracDiv.o
 .data          0x1fff9310        0x0 ./RTD/src/Clock_Ip_Frequency.o
 .data          0x1fff9310        0x0 ./RTD/src/Clock_Ip_Gate.o
 .data          0x1fff9310        0x0 ./RTD/src/Clock_Ip_IntOsc.o
 .data          0x1fff9310        0x0 ./RTD/src/Clock_Ip_Irq.o
 .data          0x1fff9310        0x0 ./RTD/src/Clock_Ip_Monitor.o
 .data          0x1fff9310        0x0 ./RTD/src/Clock_Ip_Pll.o
 .data          0x1fff9310        0x0 ./RTD/src/Clock_Ip_ProgFreqSwitch.o
 .data          0x1fff9310        0x0 ./RTD/src/Clock_Ip_Selector.o
 .data          0x1fff9310        0x0 ./RTD/src/Clock_Ip_Specific.o
 .data          0x1fff9310        0x0 ./RTD/src/Det.o
 .data          0x1fff9310        0x0 ./RTD/src/Det_stub.o
 .data          0x1fff9310        0x0 ./RTD/src/FlexCAN_Ip.o
 .data          0x1fff9310        0x0 ./RTD/src/FlexCAN_Ip_HwAccess.o
 .data          0x1fff9310        0x0 ./RTD/src/FlexCAN_Ip_Irq.o
 .data          0x1fff9310        0x0 ./RTD/src/IntCtrl_Ip.o
 .data          0x1fff9310        0x0 ./RTD/src/OsIf_Timer.o
 .data          0x1fff9310        0x0 ./RTD/src/OsIf_Timer_System.o
 .data          0x1fff9310        0x0 ./RTD/src/Port.o
 .data          0x1fff9310       0x28 ./RTD/src/Port_Ci_Port_Ip.o
                0x1fff9310                Port_au32PortCiGpioBaseAddr
                0x1fff9324                Port_au32PortCiPortBaseAddr
 .data          0x1fff9338        0x0 ./RTD/src/Port_Ipw.o
 .data          0x1fff9338        0x0 ./RTD/src/SchM_Can.o
 .data          0x1fff9338        0x0 ./RTD/src/SchM_Mcu.o
 .data          0x1fff9338        0x0 ./RTD/src/SchM_Port.o
 .data          0x1fff9338        0x0 ./board/Clock_Ip_Cfg.o
 .data          0x1fff9338        0x0 ./board/Clock_Ip_PBcfg.o
 .data          0x1fff9338        0x0 ./board/Port_Ci_Port_Ip_Cfg.o
 .data          0x1fff9338        0x0 ./generate/src/FlexCAN_Ip_Sa_BOARD_InitPeripherals_PBcfg.o
 .data          0x1fff9338        0x0 ./generate/src/IntCtrl_Ip_Cfg.o
 .data          0x1fff9338        0x0 ./generate/src/OsIf_Cfg.o
 .data          0x1fff9338        0x0 ./generate/src/Port_BOARD_InitPeripherals_PBcfg.o
 .data          0x1fff9338        0x0 ./generate/src/Port_Cfg.o
 .data          0x1fff9338        0x0 ./generate/src/Port_Ci_Port_Ip_BOARD_InitPeripherals_PBcfg.o
 .data          0x1fff9338       0x20 ./src/main.o
                0x1fff9338                CanData1
                0x1fff9340                CanData4
                0x1fff9348                CanData3
                0x1fff9350                CanData2
 .data          0x1fff9358        0x0 D:/NXP/S32DS.3.4/S32DS/build_tools/gcc_v9.2/gcc-9.2-arm32-eabi/arm-none-eabi/newlib/lib/thumb/v7e-m+fp/hard\libc_nano.a(lib_a-memset.o)
 *(.data*)
                0x1fff9358                . = ALIGN (0x4)
 *(.mcal_data)
 .mcal_data     0x1fff9358        0x4 ./RTD/src/Clock_Ip.o
                0x1fff935c                . = ALIGN (0x4)
 *(.mcal_data_no_cacheable)
                0x1fff935c                . = ALIGN (0x4)
                0x1fff935c                __data_ram_end = .
                0x00006ff8                __DATA_ROM_END = (__DATA_ROM + (__data_ram_end - __data_ram_start))

.sram_bss       0x1fff935c      0x548 load address 0x00006ff8
                0x1fff9360                . = ALIGN (0x10)
 *fill*         0x1fff935c        0x4 
                0x1fff9360                __sram_bss_start = .
 *(.bss)
 .bss           0x1fff9360        0x0 ./Project_Settings/Startup_Code/Vector_Table.o
 .bss           0x1fff9360        0x0 ./Project_Settings/Startup_Code/exceptions.o
 .bss           0x1fff9360        0x0 ./Project_Settings/Startup_Code/nvic.o
 .bss           0x1fff9360        0x0 ./Project_Settings/Startup_Code/startup.o
 .bss           0x1fff9360        0x0 ./Project_Settings/Startup_Code/startup_cm4.o
 .bss           0x1fff9360        0x4 ./Project_Settings/Startup_Code/system.o
                0x1fff9360                RESET_CATCH_CORE
 .bss           0x1fff9364        0x1 ./RTD/src/Clock_Ip.o
 .bss           0x1fff9365        0x0 ./RTD/src/Clock_Ip_Data.o
 .bss           0x1fff9365        0x0 ./RTD/src/Clock_Ip_Divider.o
 .bss           0x1fff9365        0x0 ./RTD/src/Clock_Ip_DividerTrigger.o
 .bss           0x1fff9365        0x0 ./RTD/src/Clock_Ip_ExtOsc.o
 .bss           0x1fff9365        0x0 ./RTD/src/Clock_Ip_FracDiv.o
 .bss           0x1fff9365        0x0 ./RTD/src/Clock_Ip_Frequency.o
 .bss           0x1fff9365        0x0 ./RTD/src/Clock_Ip_Gate.o
 .bss           0x1fff9365        0x0 ./RTD/src/Clock_Ip_IntOsc.o
 .bss           0x1fff9365        0x0 ./RTD/src/Clock_Ip_Irq.o
 .bss           0x1fff9365        0x0 ./RTD/src/Clock_Ip_Monitor.o
 .bss           0x1fff9365        0x0 ./RTD/src/Clock_Ip_Pll.o
 .bss           0x1fff9365        0x0 ./RTD/src/Clock_Ip_ProgFreqSwitch.o
 .bss           0x1fff9365        0x0 ./RTD/src/Clock_Ip_Selector.o
 *fill*         0x1fff9365        0x3 
 .bss           0x1fff9368       0xc0 ./RTD/src/Clock_Ip_Specific.o
 .bss           0x1fff9428        0x0 ./RTD/src/Det.o
 .bss           0x1fff9428        0x0 ./RTD/src/Det_stub.o
 .bss           0x1fff9428        0x0 ./RTD/src/FlexCAN_Ip.o
 .bss           0x1fff9428        0x0 ./RTD/src/FlexCAN_Ip_HwAccess.o
 .bss           0x1fff9428        0x0 ./RTD/src/FlexCAN_Ip_Irq.o
 .bss           0x1fff9428        0x0 ./RTD/src/IntCtrl_Ip.o
 .bss           0x1fff9428        0x0 ./RTD/src/OsIf_Timer.o
 .bss           0x1fff9428        0x0 ./RTD/src/OsIf_Timer_System.o
 .bss           0x1fff9428        0x0 ./RTD/src/Port.o
 .bss           0x1fff9428        0x0 ./RTD/src/Port_Ci_Port_Ip.o
 .bss           0x1fff9428        0x0 ./RTD/src/Port_Ipw.o
 .bss           0x1fff9428        0x0 ./RTD/src/SchM_Can.o
 .bss           0x1fff9428        0x0 ./RTD/src/SchM_Mcu.o
 .bss           0x1fff9428        0x0 ./RTD/src/SchM_Port.o
 .bss           0x1fff9428        0x0 ./board/Clock_Ip_Cfg.o
 .bss           0x1fff9428        0x0 ./board/Clock_Ip_PBcfg.o
 .bss           0x1fff9428        0x0 ./board/Port_Ci_Port_Ip_Cfg.o
 .bss           0x1fff9428        0x0 ./generate/src/FlexCAN_Ip_Sa_BOARD_InitPeripherals_PBcfg.o
 .bss           0x1fff9428        0x0 ./generate/src/IntCtrl_Ip_Cfg.o
 .bss           0x1fff9428        0x0 ./generate/src/OsIf_Cfg.o
 .bss           0x1fff9428        0x0 ./generate/src/Port_BOARD_InitPeripherals_PBcfg.o
 .bss           0x1fff9428        0x0 ./generate/src/Port_Cfg.o
 .bss           0x1fff9428        0x0 ./generate/src/Port_Ci_Port_Ip_BOARD_InitPeripherals_PBcfg.o
 .bss           0x1fff9428        0x4 ./src/main.o
 .bss           0x1fff942c        0x0 D:/NXP/S32DS.3.4/S32DS/build_tools/gcc_v9.2/gcc-9.2-arm32-eabi/arm-none-eabi/newlib/lib/thumb/v7e-m+fp/hard\libc_nano.a(lib_a-memset.o)
 *(.bss*)
                0x1fff9430                . = ALIGN (0x10)
 *fill*         0x1fff942c        0x4 
 *(.mcal_bss)
 .mcal_bss      0x1fff9430        0x9 ./RTD/src/Clock_Ip.o
 *fill*         0x1fff9439        0x3 
 .mcal_bss      0x1fff943c       0x70 ./RTD/src/Clock_Ip_Specific.o
 .mcal_bss      0x1fff94ac        0xc ./RTD/src/FlexCAN_Ip.o
 .mcal_bss      0x1fff94b8        0xc ./RTD/src/FlexCAN_Ip_HwAccess.o
 .mcal_bss      0x1fff94c4       0x14 ./RTD/src/Port_Ipw.o
 .mcal_bss      0x1fff94d8      0x220 ./generate/src/FlexCAN_Ip_Sa_BOARD_InitPeripherals_PBcfg.o
                0x1fff94d8                FlexCAN_State0
                0x1fff9700                . = ALIGN (0x10)
 *fill*         0x1fff96f8        0x8 
                0x1fff9700                __non_cacheable_bss_start = .
 *(.mcal_bss_no_cacheable)
 .mcal_bss_no_cacheable
                0x1fff9700       0x96 ./RTD/src/Det.o
                0x1fff9700                Det_TransientModuleId
                0x1fff9714                Det_ApiId
                0x1fff971e                Det_TransientInstanceId
                0x1fff9728                Det_ErrorId
                0x1fff9732                Det_TransientApiId
                0x1fff973c                Det_RuntimeModuleId
                0x1fff9750                Det_TransientFaultId
                0x1fff975a                Det_RuntimeInstanceId
                0x1fff9764                Det_RuntimeApiId
                0x1fff976e                Det_ModuleId
                0x1fff9782                Det_RuntimeErrorId
                0x1fff978c                Det_InstanceId
 *fill*         0x1fff9796        0x2 
 .mcal_bss_no_cacheable
                0x1fff9798        0x4 ./RTD/src/Port.o
 .mcal_bss_no_cacheable
                0x1fff979c       0xa8 ./RTD/src/SchM_Can.o
 .mcal_bss_no_cacheable
                0x1fff9844       0x18 ./RTD/src/SchM_Mcu.o
 .mcal_bss_no_cacheable
                0x1fff985c       0x48 ./RTD/src/SchM_Port.o
                0x1fff98a4                . = ALIGN (0x4)
                0x1fff98a4                __non_cacheable_bss_end = .
                0x1fff98a4                __sram_bss_end = .

.acfls_code_ram
                0x1fff98a4        0x0
                0x1fff98a4                . = (. + (acfls_code_rom_end - acfls_code_rom_start))

.heap           0x1fff98a4      0x200 load address 0x00007540
                0x1fff98a4                . = ALIGN (0x4)
                0x1fff98a4                _end = .
                0x1fff98a4                end = .
                0x1fff98a4                _heap_start = .
                0x1fff9aa4                . = (. + HEAP_SIZE)
 *fill*         0x1fff98a4      0x200 
                0x1fff9aa4                _heap_end = .

int_results     0x1fff8000      0x100
                0x1fff8000                . = ALIGN (0x4)
 *(.int_results)
                0x1fff8100                . = (. + 0x100)
 *fill*         0x1fff8000      0x100 
                0x20006000                __Stack_end_c0 = ORIGIN (int_sram_stack_c0)
                0x20007000                __Stack_start_c0 = (ORIGIN (int_sram_stack_c0) + LENGTH (int_sram_stack_c0))
                0x1fff8000                __INT_SRAM_START = ORIGIN (int_sram_results)
                0x20007000                __INT_SRAM_END = ORIGIN (ram_rsvd2)
                0x1fff9310                __RAM_INIT_START = __data_ram_start
                0x1fff935c                __RAM_INIT_END = __data_ram_end
                0x00006fac                __ROM_INIT_START = __DATA_ROM
                0x00006ff8                __ROM_INIT_END = __DATA_ROM_END
                0x1fff9360                __BSS_SRAM_START = __sram_bss_start
                0x1fff98a4                __BSS_SRAM_END = __sram_bss_end
                0x00000544                __BSS_SRAM_SIZE = (__sram_bss_end - __sram_bss_start)
                0x1fff9000                __RAM_INTERRUPT_START = __interrupts_ram_start
                0x00000000                __ROM_INTERRUPT_START = __interrupts_rom_start
                0x00000310                __ROM_INTERRUPT_END = __interrupts_rom_end
                0x00006f84                __INIT_TABLE = __init_table
                0x00006fa0                __ZERO_TABLE = __zero_table
                0x00000001                __RAM_INIT = 0x1
                0x00005af0                Fls_ACEraseRomStart = acfls_code_rom_start
                0x00005af0                Fls_ACEraseRomEnd = acfls_code_rom_end
                0x00000000                Fls_ACEraseSize = (acfls_code_rom_end - acfls_code_rom_start)
                0x00005af0                Fls_ACWriteRomStart = acfls_code_rom_start
                0x00005af0                Fls_ACWriteRomEnd = acfls_code_rom_end
                0x00000000                Fls_ACWriteSize = (acfls_code_rom_end - acfls_code_rom_start)
                0x1fff98a4                _ERASE_FUNC_ADDRESS_ = ADDR (.acfls_code_ram)
                0x1fff98a4                _WRITE_FUNC_ADDRESS_ = ADDR (.acfls_code_ram)
                0x1fff9000                __ENTRY_VTABLE = __RAM_INTERRUPT_START
OUTPUT(first_demo.elf elf32-littlearm)

.ARM.attributes
                0x00000000       0x30
 .ARM.attributes
                0x00000000       0x20 ./Project_Settings/Startup_Code/Vector_Table.o
 .ARM.attributes
                0x00000020       0x34 ./Project_Settings/Startup_Code/exceptions.o
 .ARM.attributes
                0x00000054       0x34 ./Project_Settings/Startup_Code/nvic.o
 .ARM.attributes
                0x00000088       0x34 ./Project_Settings/Startup_Code/startup.o
 .ARM.attributes
                0x000000bc       0x1f ./Project_Settings/Startup_Code/startup_cm4.o
 .ARM.attributes
                0x000000db       0x34 ./Project_Settings/Startup_Code/system.o
 .ARM.attributes
                0x0000010f       0x34 ./RTD/src/Clock_Ip.o
 .ARM.attributes
                0x00000143       0x39 ./RTD/src/Clock_Ip_Data.o
 .ARM.attributes
                0x0000017c       0x34 ./RTD/src/Clock_Ip_Divider.o
 .ARM.attributes
                0x000001b0       0x34 ./RTD/src/Clock_Ip_DividerTrigger.o
 .ARM.attributes
                0x000001e4       0x34 ./RTD/src/Clock_Ip_ExtOsc.o
 .ARM.attributes
                0x00000218       0x34 ./RTD/src/Clock_Ip_FracDiv.o
 .ARM.attributes
                0x0000024c       0x39 ./RTD/src/Clock_Ip_Frequency.o
 .ARM.attributes
                0x00000285       0x34 ./RTD/src/Clock_Ip_Gate.o
 .ARM.attributes
                0x000002b9       0x34 ./RTD/src/Clock_Ip_IntOsc.o
 .ARM.attributes
                0x000002ed       0x39 ./RTD/src/Clock_Ip_Irq.o
 .ARM.attributes
                0x00000326       0x34 ./RTD/src/Clock_Ip_Monitor.o
 .ARM.attributes
                0x0000035a       0x34 ./RTD/src/Clock_Ip_Pll.o
 .ARM.attributes
                0x0000038e       0x34 ./RTD/src/Clock_Ip_ProgFreqSwitch.o
 .ARM.attributes
                0x000003c2       0x34 ./RTD/src/Clock_Ip_Selector.o
 .ARM.attributes
                0x000003f6       0x34 ./RTD/src/Clock_Ip_Specific.o
 .ARM.attributes
                0x0000042a       0x34 ./RTD/src/Det.o
 .ARM.attributes
                0x0000045e       0x34 ./RTD/src/Det_stub.o
 .ARM.attributes
                0x00000492       0x34 ./RTD/src/FlexCAN_Ip.o
 .ARM.attributes
                0x000004c6       0x34 ./RTD/src/FlexCAN_Ip_HwAccess.o
 .ARM.attributes
                0x000004fa       0x34 ./RTD/src/FlexCAN_Ip_Irq.o
 .ARM.attributes
                0x0000052e       0x34 ./RTD/src/IntCtrl_Ip.o
 .ARM.attributes
                0x00000562       0x34 ./RTD/src/OsIf_Timer.o
 .ARM.attributes
                0x00000596       0x39 ./RTD/src/OsIf_Timer_System.o
 .ARM.attributes
                0x000005cf       0x34 ./RTD/src/Port.o
 .ARM.attributes
                0x00000603       0x34 ./RTD/src/Port_Ci_Port_Ip.o
 .ARM.attributes
                0x00000637       0x34 ./RTD/src/Port_Ipw.o
 .ARM.attributes
                0x0000066b       0x34 ./RTD/src/SchM_Can.o
 .ARM.attributes
                0x0000069f       0x34 ./RTD/src/SchM_Mcu.o
 .ARM.attributes
                0x000006d3       0x34 ./RTD/src/SchM_Port.o
 .ARM.attributes
                0x00000707       0x39 ./board/Clock_Ip_Cfg.o
 .ARM.attributes
                0x00000740       0x39 ./board/Clock_Ip_PBcfg.o
 .ARM.attributes
                0x00000779       0x39 ./board/Port_Ci_Port_Ip_Cfg.o
 .ARM.attributes
                0x000007b2       0x39 ./generate/src/FlexCAN_Ip_Sa_BOARD_InitPeripherals_PBcfg.o
 .ARM.attributes
                0x000007eb       0x39 ./generate/src/IntCtrl_Ip_Cfg.o
 .ARM.attributes
                0x00000824       0x39 ./generate/src/OsIf_Cfg.o
 .ARM.attributes
                0x0000085d       0x39 ./generate/src/Port_BOARD_InitPeripherals_PBcfg.o
 .ARM.attributes
                0x00000896       0x39 ./generate/src/Port_Cfg.o
 .ARM.attributes
                0x000008cf       0x39 ./generate/src/Port_Ci_Port_Ip_BOARD_InitPeripherals_PBcfg.o
 .ARM.attributes
                0x00000908       0x34 ./src/main.o
 .ARM.attributes
                0x0000093c       0x34 D:/NXP/S32DS.3.4/S32DS/build_tools/gcc_v9.2/gcc-9.2-arm32-eabi/arm-none-eabi/newlib/lib/thumb/v7e-m+fp/hard\libc_nano.a(lib_a-memset.o)

.comment        0x00000000       0x80
 .comment       0x00000000       0x80 ./Project_Settings/Startup_Code/exceptions.o
                                 0x81 (size before relaxing)
 .comment       0x00000080       0x81 ./Project_Settings/Startup_Code/nvic.o
 .comment       0x00000080       0x81 ./Project_Settings/Startup_Code/startup.o
 .comment       0x00000080       0x81 ./Project_Settings/Startup_Code/system.o
 .comment       0x00000080       0x81 ./RTD/src/Clock_Ip.o
 .comment       0x00000080       0x81 ./RTD/src/Clock_Ip_Data.o
 .comment       0x00000080       0x81 ./RTD/src/Clock_Ip_Divider.o
 .comment       0x00000080       0x81 ./RTD/src/Clock_Ip_DividerTrigger.o
 .comment       0x00000080       0x81 ./RTD/src/Clock_Ip_ExtOsc.o
 .comment       0x00000080       0x81 ./RTD/src/Clock_Ip_FracDiv.o
 .comment       0x00000080       0x81 ./RTD/src/Clock_Ip_Frequency.o
 .comment       0x00000080       0x81 ./RTD/src/Clock_Ip_Gate.o
 .comment       0x00000080       0x81 ./RTD/src/Clock_Ip_IntOsc.o
 .comment       0x00000080       0x81 ./RTD/src/Clock_Ip_Irq.o
 .comment       0x00000080       0x81 ./RTD/src/Clock_Ip_Monitor.o
 .comment       0x00000080       0x81 ./RTD/src/Clock_Ip_Pll.o
 .comment       0x00000080       0x81 ./RTD/src/Clock_Ip_ProgFreqSwitch.o
 .comment       0x00000080       0x81 ./RTD/src/Clock_Ip_Selector.o
 .comment       0x00000080       0x81 ./RTD/src/Clock_Ip_Specific.o
 .comment       0x00000080       0x81 ./RTD/src/Det.o
 .comment       0x00000080       0x81 ./RTD/src/Det_stub.o
 .comment       0x00000080       0x81 ./RTD/src/FlexCAN_Ip.o
 .comment       0x00000080       0x81 ./RTD/src/FlexCAN_Ip_HwAccess.o
 .comment       0x00000080       0x81 ./RTD/src/FlexCAN_Ip_Irq.o
 .comment       0x00000080       0x81 ./RTD/src/IntCtrl_Ip.o
 .comment       0x00000080       0x81 ./RTD/src/OsIf_Timer.o
 .comment       0x00000080       0x81 ./RTD/src/OsIf_Timer_System.o
 .comment       0x00000080       0x81 ./RTD/src/Port.o
 .comment       0x00000080       0x81 ./RTD/src/Port_Ci_Port_Ip.o
 .comment       0x00000080       0x81 ./RTD/src/Port_Ipw.o
 .comment       0x00000080       0x81 ./RTD/src/SchM_Can.o
 .comment       0x00000080       0x81 ./RTD/src/SchM_Mcu.o
 .comment       0x00000080       0x81 ./RTD/src/SchM_Port.o
 .comment       0x00000080       0x81 ./board/Clock_Ip_Cfg.o
 .comment       0x00000080       0x81 ./board/Clock_Ip_PBcfg.o
 .comment       0x00000080       0x81 ./board/Port_Ci_Port_Ip_Cfg.o
 .comment       0x00000080       0x81 ./generate/src/FlexCAN_Ip_Sa_BOARD_InitPeripherals_PBcfg.o
 .comment       0x00000080       0x81 ./generate/src/IntCtrl_Ip_Cfg.o
 .comment       0x00000080       0x81 ./generate/src/OsIf_Cfg.o
 .comment       0x00000080       0x81 ./generate/src/Port_BOARD_InitPeripherals_PBcfg.o
 .comment       0x00000080       0x81 ./generate/src/Port_Cfg.o
 .comment       0x00000080       0x81 ./generate/src/Port_Ci_Port_Ip_BOARD_InitPeripherals_PBcfg.o
 .comment       0x00000080       0x81 ./src/main.o

.debug_info     0x00000000    0x2e0ae
 .debug_info    0x00000000      0x139 ./Project_Settings/Startup_Code/exceptions.o
 .debug_info    0x00000139      0x47c ./Project_Settings/Startup_Code/nvic.o
 .debug_info    0x000005b5      0x250 ./Project_Settings/Startup_Code/startup.o
 .debug_info    0x00000805       0x26 ./Project_Settings/Startup_Code/startup_cm4.o
 .debug_info    0x0000082b      0x46e ./Project_Settings/Startup_Code/system.o
 .debug_info    0x00000c99     0x1edf ./RTD/src/Clock_Ip.o
 .debug_info    0x00002b78     0x1731 ./RTD/src/Clock_Ip_Data.o
 .debug_info    0x000042a9     0x1f06 ./RTD/src/Clock_Ip_Divider.o
 .debug_info    0x000061af     0x148a ./RTD/src/Clock_Ip_DividerTrigger.o
 .debug_info    0x00007639     0x1998 ./RTD/src/Clock_Ip_ExtOsc.o
 .debug_info    0x00008fd1     0x14b9 ./RTD/src/Clock_Ip_FracDiv.o
 .debug_info    0x0000a48a     0x1453 ./RTD/src/Clock_Ip_Frequency.o
 .debug_info    0x0000b8dd     0x1c58 ./RTD/src/Clock_Ip_Gate.o
 .debug_info    0x0000d535     0x2156 ./RTD/src/Clock_Ip_IntOsc.o
 .debug_info    0x0000f68b     0x1453 ./RTD/src/Clock_Ip_Irq.o
 .debug_info    0x00010ade     0x1507 ./RTD/src/Clock_Ip_Monitor.o
 .debug_info    0x00011fe5     0x19fb ./RTD/src/Clock_Ip_Pll.o
 .debug_info    0x000139e0     0x148a ./RTD/src/Clock_Ip_ProgFreqSwitch.o
 .debug_info    0x00014e6a     0x2335 ./RTD/src/Clock_Ip_Selector.o
 .debug_info    0x0001719f     0x2370 ./RTD/src/Clock_Ip_Specific.o
 .debug_info    0x0001950f      0x3cd ./RTD/src/Det.o
 .debug_info    0x000198dc      0x401 ./RTD/src/Det_stub.o
 .debug_info    0x00019cdd     0x612c ./RTD/src/FlexCAN_Ip.o
 .debug_info    0x0001fe09     0x2905 ./RTD/src/FlexCAN_Ip_HwAccess.o
 .debug_info    0x0002270e      0x7f3 ./RTD/src/FlexCAN_Ip_Irq.o
 .debug_info    0x00022f01     0x11e0 ./RTD/src/IntCtrl_Ip.o
 .debug_info    0x000240e1      0x2c4 ./RTD/src/OsIf_Timer.o
 .debug_info    0x000243a5       0x7d ./RTD/src/OsIf_Timer_System.o
 .debug_info    0x00024422      0xa67 ./RTD/src/Port.o
 .debug_info    0x00024e89      0xaea ./RTD/src/Port_Ci_Port_Ip.o
 .debug_info    0x00025973      0xd1a ./RTD/src/Port_Ipw.o
 .debug_info    0x0002668d      0xd48 ./RTD/src/SchM_Can.o
 .debug_info    0x000273d5      0x2e0 ./RTD/src/SchM_Mcu.o
 .debug_info    0x000276b5      0x658 ./RTD/src/SchM_Port.o
 .debug_info    0x00027d0d     0x1453 ./board/Clock_Ip_Cfg.o
 .debug_info    0x00029160     0x1462 ./board/Clock_Ip_PBcfg.o
 .debug_info    0x0002a5c2      0x402 ./board/Port_Ci_Port_Ip_Cfg.o
 .debug_info    0x0002a9c4      0x5fa ./generate/src/FlexCAN_Ip_Sa_BOARD_InitPeripherals_PBcfg.o
 .debug_info    0x0002afbe      0x4cf ./generate/src/IntCtrl_Ip_Cfg.o
 .debug_info    0x0002b48d       0x7d ./generate/src/OsIf_Cfg.o
 .debug_info    0x0002b50a      0x771 ./generate/src/Port_BOARD_InitPeripherals_PBcfg.o
 .debug_info    0x0002bc7b      0x499 ./generate/src/Port_Cfg.o
 .debug_info    0x0002c114      0x448 ./generate/src/Port_Ci_Port_Ip_BOARD_InitPeripherals_PBcfg.o
 .debug_info    0x0002c55c     0x1b52 ./src/main.o

.debug_abbrev   0x00000000     0x4f05
 .debug_abbrev  0x00000000       0x47 ./Project_Settings/Startup_Code/exceptions.o
 .debug_abbrev  0x00000047      0x102 ./Project_Settings/Startup_Code/nvic.o
 .debug_abbrev  0x00000149       0xf1 ./Project_Settings/Startup_Code/startup.o
 .debug_abbrev  0x0000023a       0x14 ./Project_Settings/Startup_Code/startup_cm4.o
 .debug_abbrev  0x0000024e      0x17a ./Project_Settings/Startup_Code/system.o
 .debug_abbrev  0x000003c8      0x435 ./RTD/src/Clock_Ip.o
 .debug_abbrev  0x000007fd      0x19f ./RTD/src/Clock_Ip_Data.o
 .debug_abbrev  0x0000099c      0x274 ./RTD/src/Clock_Ip_Divider.o
 .debug_abbrev  0x00000c10      0x1a3 ./RTD/src/Clock_Ip_DividerTrigger.o
 .debug_abbrev  0x00000db3      0x2dd ./RTD/src/Clock_Ip_ExtOsc.o
 .debug_abbrev  0x00001090      0x1d3 ./RTD/src/Clock_Ip_FracDiv.o
 .debug_abbrev  0x00001263      0x167 ./RTD/src/Clock_Ip_Frequency.o
 .debug_abbrev  0x000013ca      0x2db ./RTD/src/Clock_Ip_Gate.o
 .debug_abbrev  0x000016a5      0x373 ./RTD/src/Clock_Ip_IntOsc.o
 .debug_abbrev  0x00001a18      0x167 ./RTD/src/Clock_Ip_Irq.o
 .debug_abbrev  0x00001b7f      0x221 ./RTD/src/Clock_Ip_Monitor.o
 .debug_abbrev  0x00001da0      0x31a ./RTD/src/Clock_Ip_Pll.o
 .debug_abbrev  0x000020ba      0x1a3 ./RTD/src/Clock_Ip_ProgFreqSwitch.o
 .debug_abbrev  0x0000225d      0x27b ./RTD/src/Clock_Ip_Selector.o
 .debug_abbrev  0x000024d8      0x334 ./RTD/src/Clock_Ip_Specific.o
 .debug_abbrev  0x0000280c      0x109 ./RTD/src/Det.o
 .debug_abbrev  0x00002915       0xd4 ./RTD/src/Det_stub.o
 .debug_abbrev  0x000029e9      0x4c8 ./RTD/src/FlexCAN_Ip.o
 .debug_abbrev  0x00002eb1      0x427 ./RTD/src/FlexCAN_Ip_HwAccess.o
 .debug_abbrev  0x000032d8      0x182 ./RTD/src/FlexCAN_Ip_Irq.o
 .debug_abbrev  0x0000345a      0x389 ./RTD/src/IntCtrl_Ip.o
 .debug_abbrev  0x000037e3      0x1ea ./RTD/src/OsIf_Timer.o
 .debug_abbrev  0x000039cd       0x29 ./RTD/src/OsIf_Timer_System.o
 .debug_abbrev  0x000039f6      0x264 ./RTD/src/Port.o
 .debug_abbrev  0x00003c5a      0x210 ./RTD/src/Port_Ci_Port_Ip.o
 .debug_abbrev  0x00003e6a      0x280 ./RTD/src/Port_Ipw.o
 .debug_abbrev  0x000040ea       0xeb ./RTD/src/SchM_Can.o
 .debug_abbrev  0x000041d5       0xeb ./RTD/src/SchM_Mcu.o
 .debug_abbrev  0x000042c0       0xeb ./RTD/src/SchM_Port.o
 .debug_abbrev  0x000043ab      0x167 ./board/Clock_Ip_Cfg.o
 .debug_abbrev  0x00004512      0x176 ./board/Clock_Ip_PBcfg.o
 .debug_abbrev  0x00004688       0xc1 ./board/Port_Ci_Port_Ip_Cfg.o
 .debug_abbrev  0x00004749      0x11c ./generate/src/FlexCAN_Ip_Sa_BOARD_InitPeripherals_PBcfg.o
 .debug_abbrev  0x00004865       0xe8 ./generate/src/IntCtrl_Ip_Cfg.o
 .debug_abbrev  0x0000494d       0x29 ./generate/src/OsIf_Cfg.o
 .debug_abbrev  0x00004976      0x14b ./generate/src/Port_BOARD_InitPeripherals_PBcfg.o
 .debug_abbrev  0x00004ac1       0xe3 ./generate/src/Port_Cfg.o
 .debug_abbrev  0x00004ba4       0xd0 ./generate/src/Port_Ci_Port_Ip_BOARD_InitPeripherals_PBcfg.o
 .debug_abbrev  0x00004c74      0x291 ./src/main.o

.debug_aranges  0x00000000      0xed0
 .debug_aranges
                0x00000000       0x28 ./Project_Settings/Startup_Code/exceptions.o
 .debug_aranges
                0x00000028       0x20 ./Project_Settings/Startup_Code/nvic.o
 .debug_aranges
                0x00000048       0x20 ./Project_Settings/Startup_Code/startup.o
 .debug_aranges
                0x00000068       0x20 ./Project_Settings/Startup_Code/startup_cm4.o
 .debug_aranges
                0x00000088       0x28 ./Project_Settings/Startup_Code/system.o
 .debug_aranges
                0x000000b0       0x90 ./RTD/src/Clock_Ip.o
 .debug_aranges
                0x00000140       0x18 ./RTD/src/Clock_Ip_Data.o
 .debug_aranges
                0x00000158       0x90 ./RTD/src/Clock_Ip_Divider.o
 .debug_aranges
                0x000001e8       0x20 ./RTD/src/Clock_Ip_DividerTrigger.o
 .debug_aranges
                0x00000208       0x50 ./RTD/src/Clock_Ip_ExtOsc.o
 .debug_aranges
                0x00000258       0x28 ./RTD/src/Clock_Ip_FracDiv.o
 .debug_aranges
                0x00000280       0x18 ./RTD/src/Clock_Ip_Frequency.o
 .debug_aranges
                0x00000298       0x90 ./RTD/src/Clock_Ip_Gate.o
 .debug_aranges
                0x00000328       0xa0 ./RTD/src/Clock_Ip_IntOsc.o
 .debug_aranges
                0x000003c8       0x18 ./RTD/src/Clock_Ip_Irq.o
 .debug_aranges
                0x000003e0       0x30 ./RTD/src/Clock_Ip_Monitor.o
 .debug_aranges
                0x00000410       0x58 ./RTD/src/Clock_Ip_Pll.o
 .debug_aranges
                0x00000468       0x20 ./RTD/src/Clock_Ip_ProgFreqSwitch.o
 .debug_aranges
                0x00000488       0xb8 ./RTD/src/Clock_Ip_Selector.o
 .debug_aranges
                0x00000540       0x40 ./RTD/src/Clock_Ip_Specific.o
 .debug_aranges
                0x00000580       0x38 ./RTD/src/Det.o
 .debug_aranges
                0x000005b8       0x48 ./RTD/src/Det_stub.o
 .debug_aranges
                0x00000600      0x208 ./RTD/src/FlexCAN_Ip.o
 .debug_aranges
                0x00000808       0xf0 ./RTD/src/FlexCAN_Ip_HwAccess.o
 .debug_aranges
                0x000008f8       0x70 ./RTD/src/FlexCAN_Ip_Irq.o
 .debug_aranges
                0x00000968       0x90 ./RTD/src/IntCtrl_Ip.o
 .debug_aranges
                0x000009f8       0x40 ./RTD/src/OsIf_Timer.o
 .debug_aranges
                0x00000a38       0x18 ./RTD/src/OsIf_Timer_System.o
 .debug_aranges
                0x00000a50       0x40 ./RTD/src/Port.o
 .debug_aranges
                0x00000a90       0x88 ./RTD/src/Port_Ci_Port_Ip.o
 .debug_aranges
                0x00000b18       0x48 ./RTD/src/Port_Ipw.o
 .debug_aranges
                0x00000b60      0x170 ./RTD/src/SchM_Can.o
 .debug_aranges
                0x00000cd0       0x50 ./RTD/src/SchM_Mcu.o
 .debug_aranges
                0x00000d20       0xb0 ./RTD/src/SchM_Port.o
 .debug_aranges
                0x00000dd0       0x18 ./board/Clock_Ip_Cfg.o
 .debug_aranges
                0x00000de8       0x18 ./board/Clock_Ip_PBcfg.o
 .debug_aranges
                0x00000e00       0x18 ./board/Port_Ci_Port_Ip_Cfg.o
 .debug_aranges
                0x00000e18       0x18 ./generate/src/FlexCAN_Ip_Sa_BOARD_InitPeripherals_PBcfg.o
 .debug_aranges
                0x00000e30       0x18 ./generate/src/IntCtrl_Ip_Cfg.o
 .debug_aranges
                0x00000e48       0x18 ./generate/src/OsIf_Cfg.o
 .debug_aranges
                0x00000e60       0x18 ./generate/src/Port_BOARD_InitPeripherals_PBcfg.o
 .debug_aranges
                0x00000e78       0x18 ./generate/src/Port_Cfg.o
 .debug_aranges
                0x00000e90       0x18 ./generate/src/Port_Ci_Port_Ip_BOARD_InitPeripherals_PBcfg.o
 .debug_aranges
                0x00000ea8       0x28 ./src/main.o

.debug_ranges   0x00000000     0x1810
 .debug_ranges  0x00000000       0x18 ./Project_Settings/Startup_Code/exceptions.o
 .debug_ranges  0x00000018       0x18 ./Project_Settings/Startup_Code/system.o
 .debug_ranges  0x00000030       0xb8 ./RTD/src/Clock_Ip.o
 .debug_ranges  0x000000e8       0x98 ./RTD/src/Clock_Ip_Divider.o
 .debug_ranges  0x00000180       0x10 ./RTD/src/Clock_Ip_DividerTrigger.o
 .debug_ranges  0x00000190       0x58 ./RTD/src/Clock_Ip_ExtOsc.o
 .debug_ranges  0x000001e8       0x18 ./RTD/src/Clock_Ip_FracDiv.o
 .debug_ranges  0x00000200       0xb0 ./RTD/src/Clock_Ip_Gate.o
 .debug_ranges  0x000002b0      0x138 ./RTD/src/Clock_Ip_IntOsc.o
 .debug_ranges  0x000003e8       0x20 ./RTD/src/Clock_Ip_Monitor.o
 .debug_ranges  0x00000408       0x80 ./RTD/src/Clock_Ip_Pll.o
 .debug_ranges  0x00000488       0x10 ./RTD/src/Clock_Ip_ProgFreqSwitch.o
 .debug_ranges  0x00000498       0xd8 ./RTD/src/Clock_Ip_Selector.o
 .debug_ranges  0x00000570      0x210 ./RTD/src/Clock_Ip_Specific.o
 .debug_ranges  0x00000780       0x28 ./RTD/src/Det.o
 .debug_ranges  0x000007a8       0x38 ./RTD/src/Det_stub.o
 .debug_ranges  0x000007e0      0x8b0 ./RTD/src/FlexCAN_Ip.o
 .debug_ranges  0x00001090      0x268 ./RTD/src/FlexCAN_Ip_HwAccess.o
 .debug_ranges  0x000012f8       0x60 ./RTD/src/FlexCAN_Ip_Irq.o
 .debug_ranges  0x00001358       0xf8 ./RTD/src/IntCtrl_Ip.o
 .debug_ranges  0x00001450       0x30 ./RTD/src/OsIf_Timer.o
 .debug_ranges  0x00001480       0x30 ./RTD/src/Port.o
 .debug_ranges  0x000014b0       0x98 ./RTD/src/Port_Ci_Port_Ip.o
 .debug_ranges  0x00001548       0x70 ./RTD/src/Port_Ipw.o
 .debug_ranges  0x000015b8      0x160 ./RTD/src/SchM_Can.o
 .debug_ranges  0x00001718       0x40 ./RTD/src/SchM_Mcu.o
 .debug_ranges  0x00001758       0xa0 ./RTD/src/SchM_Port.o
 .debug_ranges  0x000017f8       0x18 ./src/main.o

.debug_macro    0x00000000    0x1d556
 .debug_macro   0x00000000      0x13f ./Project_Settings/Startup_Code/exceptions.o
 .debug_macro   0x0000013f      0xaba ./Project_Settings/Startup_Code/exceptions.o
 .debug_macro   0x00000bf9       0x22 ./Project_Settings/Startup_Code/exceptions.o
 .debug_macro   0x00000c1b       0x56 ./Project_Settings/Startup_Code/exceptions.o
 .debug_macro   0x00000c71       0x51 ./Project_Settings/Startup_Code/exceptions.o
 .debug_macro   0x00000cc2       0xef ./Project_Settings/Startup_Code/exceptions.o
 .debug_macro   0x00000db1       0x6a ./Project_Settings/Startup_Code/exceptions.o
 .debug_macro   0x00000e1b      0x1df ./Project_Settings/Startup_Code/exceptions.o
 .debug_macro   0x00000ffa       0x22 ./Project_Settings/Startup_Code/exceptions.o
 .debug_macro   0x0000101c      0x16d ./Project_Settings/Startup_Code/exceptions.o
 .debug_macro   0x00001189       0x84 ./Project_Settings/Startup_Code/exceptions.o
 .debug_macro   0x0000120d      0x98e ./Project_Settings/Startup_Code/exceptions.o
 .debug_macro   0x00001b9b       0x3b ./Project_Settings/Startup_Code/exceptions.o
 .debug_macro   0x00001bd6       0xa2 ./Project_Settings/Startup_Code/exceptions.o
 .debug_macro   0x00001c78       0x69 ./Project_Settings/Startup_Code/exceptions.o
 .debug_macro   0x00001ce1       0x88 ./Project_Settings/Startup_Code/exceptions.o
 .debug_macro   0x00001d69       0xdf ./Project_Settings/Startup_Code/exceptions.o
 .debug_macro   0x00001e48      0x12b ./Project_Settings/Startup_Code/exceptions.o
 .debug_macro   0x00001f73       0x16 ./Project_Settings/Startup_Code/exceptions.o
 .debug_macro   0x00001f89       0x67 ./Project_Settings/Startup_Code/exceptions.o
 .debug_macro   0x00001ff0      0x130 ./Project_Settings/Startup_Code/exceptions.o
 .debug_macro   0x00002120       0x88 ./Project_Settings/Startup_Code/exceptions.o
 .debug_macro   0x000021a8       0x58 ./Project_Settings/Startup_Code/exceptions.o
 .debug_macro   0x00002200       0x7a ./Project_Settings/Startup_Code/exceptions.o
 .debug_macro   0x0000227a      0x24c ./Project_Settings/Startup_Code/nvic.o
 .debug_macro   0x000024c6      0x533 ./Project_Settings/Startup_Code/nvic.o
 .debug_macro   0x000029f9      0x616 ./Project_Settings/Startup_Code/nvic.o
 .debug_macro   0x0000300f      0x549 ./Project_Settings/Startup_Code/nvic.o
 .debug_macro   0x00003558      0x204 ./Project_Settings/Startup_Code/nvic.o
 .debug_macro   0x0000375c     0x1421 ./Project_Settings/Startup_Code/nvic.o
 .debug_macro   0x00004b7d       0x80 ./Project_Settings/Startup_Code/nvic.o
 .debug_macro   0x00004bfd       0xba ./Project_Settings/Startup_Code/nvic.o
 .debug_macro   0x00004cb7      0x12a ./Project_Settings/Startup_Code/nvic.o
 .debug_macro   0x00004de1      0x108 ./Project_Settings/Startup_Code/nvic.o
 .debug_macro   0x00004ee9     0x1283 ./Project_Settings/Startup_Code/nvic.o
 .debug_macro   0x0000616c      0x5a3 ./Project_Settings/Startup_Code/nvic.o
 .debug_macro   0x0000670f      0x398 ./Project_Settings/Startup_Code/nvic.o
 .debug_macro   0x00006aa7     0x1889 ./Project_Settings/Startup_Code/nvic.o
 .debug_macro   0x00008330      0x11e ./Project_Settings/Startup_Code/nvic.o
 .debug_macro   0x0000844e      0x434 ./Project_Settings/Startup_Code/nvic.o
 .debug_macro   0x00008882      0xdd9 ./Project_Settings/Startup_Code/nvic.o
 .debug_macro   0x0000965b      0x402 ./Project_Settings/Startup_Code/nvic.o
 .debug_macro   0x00009a5d      0x7ee ./Project_Settings/Startup_Code/nvic.o
 .debug_macro   0x0000a24b      0x192 ./Project_Settings/Startup_Code/nvic.o
 .debug_macro   0x0000a3dd      0xc49 ./Project_Settings/Startup_Code/nvic.o
 .debug_macro   0x0000b026      0x6c1 ./Project_Settings/Startup_Code/nvic.o
 .debug_macro   0x0000b6e7      0x63f ./Project_Settings/Startup_Code/nvic.o
 .debug_macro   0x0000bd26      0x5a7 ./Project_Settings/Startup_Code/nvic.o
 .debug_macro   0x0000c2cd     0x1b4b ./Project_Settings/Startup_Code/nvic.o
 .debug_macro   0x0000de18      0x198 ./Project_Settings/Startup_Code/nvic.o
 .debug_macro   0x0000dfb0      0x322 ./Project_Settings/Startup_Code/nvic.o
 .debug_macro   0x0000e2d2      0x193 ./Project_Settings/Startup_Code/nvic.o
 .debug_macro   0x0000e465      0x294 ./Project_Settings/Startup_Code/nvic.o
 .debug_macro   0x0000e6f9      0x610 ./Project_Settings/Startup_Code/nvic.o
 .debug_macro   0x0000ed09      0x31c ./Project_Settings/Startup_Code/nvic.o
 .debug_macro   0x0000f025      0xb54 ./Project_Settings/Startup_Code/nvic.o
 .debug_macro   0x0000fb79      0x6d7 ./Project_Settings/Startup_Code/nvic.o
 .debug_macro   0x00010250      0x762 ./Project_Settings/Startup_Code/nvic.o
 .debug_macro   0x000109b2      0x1b0 ./Project_Settings/Startup_Code/nvic.o
 .debug_macro   0x00010b62      0x136 ./Project_Settings/Startup_Code/nvic.o
 .debug_macro   0x00010c98      0x144 ./Project_Settings/Startup_Code/nvic.o
 .debug_macro   0x00010ddc      0x256 ./Project_Settings/Startup_Code/nvic.o
 .debug_macro   0x00011032       0x1c ./Project_Settings/Startup_Code/nvic.o
 .debug_macro   0x0001104e       0xc8 ./Project_Settings/Startup_Code/startup.o
 .debug_macro   0x00011116      0x2df ./Project_Settings/Startup_Code/system.o
 .debug_macro   0x000113f5      0x539 ./Project_Settings/Startup_Code/system.o
 .debug_macro   0x0001192e      0x3fd ./RTD/src/Clock_Ip.o
 .debug_macro   0x00011d2b      0x34c ./RTD/src/Clock_Ip.o
 .debug_macro   0x00012077       0x8a ./RTD/src/Clock_Ip.o
 .debug_macro   0x00012101       0x34 ./RTD/src/Clock_Ip.o
 .debug_macro   0x00012135       0x50 ./RTD/src/Clock_Ip.o
 .debug_macro   0x00012185       0x50 ./RTD/src/Clock_Ip.o
 .debug_macro   0x000121d5       0x46 ./RTD/src/Clock_Ip.o
 .debug_macro   0x0001221b       0x34 ./RTD/src/Clock_Ip.o
 .debug_macro   0x0001224f       0x50 ./RTD/src/Clock_Ip.o
 .debug_macro   0x0001229f       0x50 ./RTD/src/Clock_Ip.o
 .debug_macro   0x000122ef      0x75c ./RTD/src/Clock_Ip.o
 .debug_macro   0x00012a4b      0x1a1 ./RTD/src/Clock_Ip.o
 .debug_macro   0x00012bec       0x50 ./RTD/src/Clock_Ip.o
 .debug_macro   0x00012c3c       0x50 ./RTD/src/Clock_Ip.o
 .debug_macro   0x00012c8c       0x50 ./RTD/src/Clock_Ip.o
 .debug_macro   0x00012cdc       0x50 ./RTD/src/Clock_Ip.o
 .debug_macro   0x00012d2c       0x90 ./RTD/src/Clock_Ip.o
 .debug_macro   0x00012dbc       0x50 ./RTD/src/Clock_Ip.o
 .debug_macro   0x00012e0c       0x50 ./RTD/src/Clock_Ip.o
 .debug_macro   0x00012e5c       0x50 ./RTD/src/Clock_Ip.o
 .debug_macro   0x00012eac       0x50 ./RTD/src/Clock_Ip.o
 .debug_macro   0x00012efc       0x50 ./RTD/src/Clock_Ip.o
 .debug_macro   0x00012f4c       0x50 ./RTD/src/Clock_Ip.o
 .debug_macro   0x00012f9c       0x35 ./RTD/src/Clock_Ip.o
 .debug_macro   0x00012fd1       0x50 ./RTD/src/Clock_Ip.o
 .debug_macro   0x00013021       0x50 ./RTD/src/Clock_Ip.o
 .debug_macro   0x00013071       0x50 ./RTD/src/Clock_Ip.o
 .debug_macro   0x000130c1       0x50 ./RTD/src/Clock_Ip.o
 .debug_macro   0x00013111       0x50 ./RTD/src/Clock_Ip.o
 .debug_macro   0x00013161       0x50 ./RTD/src/Clock_Ip.o
 .debug_macro   0x000131b1      0x5e0 ./RTD/src/Clock_Ip_Data.o
 .debug_macro   0x00013791      0x38c ./RTD/src/Clock_Ip_Divider.o
 .debug_macro   0x00013b1d      0x384 ./RTD/src/Clock_Ip_DividerTrigger.o
 .debug_macro   0x00013ea1      0x388 ./RTD/src/Clock_Ip_ExtOsc.o
 .debug_macro   0x00014229      0x384 ./RTD/src/Clock_Ip_FracDiv.o
 .debug_macro   0x000145ad      0x2fe ./RTD/src/Clock_Ip_Frequency.o
 .debug_macro   0x000148ab      0x396 ./RTD/src/Clock_Ip_Gate.o
 .debug_macro   0x00014c41      0x396 ./RTD/src/Clock_Ip_IntOsc.o
 .debug_macro   0x00014fd7      0x347 ./RTD/src/Clock_Ip_Irq.o
 .debug_macro   0x0001531e      0x3af ./RTD/src/Clock_Ip_Monitor.o
 .debug_macro   0x000156cd       0x34 ./RTD/src/Clock_Ip_Monitor.o
 .debug_macro   0x00015701       0x50 ./RTD/src/Clock_Ip_Monitor.o
 .debug_macro   0x00015751       0x10 ./RTD/src/Clock_Ip_Monitor.o
 .debug_macro   0x00015761       0x50 ./RTD/src/Clock_Ip_Monitor.o
 .debug_macro   0x000157b1      0x388 ./RTD/src/Clock_Ip_Pll.o
 .debug_macro   0x00015b39      0x3ac ./RTD/src/Clock_Ip_ProgFreqSwitch.o
 .debug_macro   0x00015ee5      0x3a8 ./RTD/src/Clock_Ip_Selector.o
 .debug_macro   0x0001628d      0x409 ./RTD/src/Clock_Ip_Specific.o
 .debug_macro   0x00016696      0x274 ./RTD/src/Det.o
 .debug_macro   0x0001690a       0x40 ./RTD/src/Det.o
 .debug_macro   0x0001694a       0x50 ./RTD/src/Det.o
 .debug_macro   0x0001699a       0x50 ./RTD/src/Det.o
 .debug_macro   0x000169ea       0x50 ./RTD/src/Det.o
 .debug_macro   0x00016a3a       0x50 ./RTD/src/Det.o
 .debug_macro   0x00016a8a       0x50 ./RTD/src/Det.o
 .debug_macro   0x00016ada       0x50 ./RTD/src/Det.o
 .debug_macro   0x00016b2a      0x22d ./RTD/src/Det_stub.o
 .debug_macro   0x00016d57      0x4a7 ./RTD/src/FlexCAN_Ip.o
 .debug_macro   0x000171fe       0x2e ./RTD/src/FlexCAN_Ip.o
 .debug_macro   0x0001722c       0xac ./RTD/src/FlexCAN_Ip.o
 .debug_macro   0x000172d8       0x46 ./RTD/src/FlexCAN_Ip.o
 .debug_macro   0x0001731e      0x103 ./RTD/src/FlexCAN_Ip.o
 .debug_macro   0x00017421       0x58 ./RTD/src/FlexCAN_Ip.o
 .debug_macro   0x00017479       0xe3 ./RTD/src/FlexCAN_Ip.o
 .debug_macro   0x0001755c       0x50 ./RTD/src/FlexCAN_Ip.o
 .debug_macro   0x000175ac       0x50 ./RTD/src/FlexCAN_Ip.o
 .debug_macro   0x000175fc       0x3c ./RTD/src/FlexCAN_Ip.o
 .debug_macro   0x00017638       0x50 ./RTD/src/FlexCAN_Ip.o
 .debug_macro   0x00017688       0x50 ./RTD/src/FlexCAN_Ip.o
 .debug_macro   0x000176d8       0x50 ./RTD/src/FlexCAN_Ip.o
 .debug_macro   0x00017728       0x50 ./RTD/src/FlexCAN_Ip.o
 .debug_macro   0x00017778       0xb3 ./RTD/src/FlexCAN_Ip.o
 .debug_macro   0x0001782b       0x34 ./RTD/src/FlexCAN_Ip.o
 .debug_macro   0x0001785f       0x34 ./RTD/src/FlexCAN_Ip.o
 .debug_macro   0x00017893      0x200 ./RTD/src/FlexCAN_Ip.o
 .debug_macro   0x00017a93       0x34 ./RTD/src/FlexCAN_Ip.o
 .debug_macro   0x00017ac7       0x11 ./RTD/src/FlexCAN_Ip.o
 .debug_macro   0x00017ad8       0x50 ./RTD/src/FlexCAN_Ip.o
 .debug_macro   0x00017b28       0x50 ./RTD/src/FlexCAN_Ip.o
 .debug_macro   0x00017b78      0x49c ./RTD/src/FlexCAN_Ip_HwAccess.o
 .debug_macro   0x00018014       0x50 ./RTD/src/FlexCAN_Ip_HwAccess.o
 .debug_macro   0x00018064       0x50 ./RTD/src/FlexCAN_Ip_HwAccess.o
 .debug_macro   0x000180b4      0x43c ./RTD/src/FlexCAN_Ip_Irq.o
 .debug_macro   0x000184f0      0x384 ./RTD/src/IntCtrl_Ip.o
 .debug_macro   0x00018874       0x1c ./RTD/src/IntCtrl_Ip.o
 .debug_macro   0x00018890       0x6a ./RTD/src/IntCtrl_Ip.o
 .debug_macro   0x000188fa       0x1c ./RTD/src/IntCtrl_Ip.o
 .debug_macro   0x00018916       0x22 ./RTD/src/IntCtrl_Ip.o
 .debug_macro   0x00018938       0x50 ./RTD/src/IntCtrl_Ip.o
 .debug_macro   0x00018988       0x50 ./RTD/src/IntCtrl_Ip.o
 .debug_macro   0x000189d8       0x22 ./RTD/src/IntCtrl_Ip.o
 .debug_macro   0x000189fa       0x50 ./RTD/src/IntCtrl_Ip.o
 .debug_macro   0x00018a4a       0x50 ./RTD/src/IntCtrl_Ip.o
 .debug_macro   0x00018a9a      0x1f1 ./RTD/src/OsIf_Timer.o
 .debug_macro   0x00018c8b       0x71 ./RTD/src/OsIf_Timer.o
 .debug_macro   0x00018cfc      0x182 ./RTD/src/OsIf_Timer_System.o
 .debug_macro   0x00018e7e       0x3a ./RTD/src/OsIf_Timer_System.o
 .debug_macro   0x00018eb8      0x3c4 ./RTD/src/Port.o
 .debug_macro   0x0001927c       0x3a ./RTD/src/Port.o
 .debug_macro   0x000192b6       0x50 ./RTD/src/Port.o
 .debug_macro   0x00019306       0x10 ./RTD/src/Port.o
 .debug_macro   0x00019316       0x50 ./RTD/src/Port.o
 .debug_macro   0x00019366      0x118 ./RTD/src/Port.o
 .debug_macro   0x0001947e       0x46 ./RTD/src/Port.o
 .debug_macro   0x000194c4       0x3a ./RTD/src/Port.o
 .debug_macro   0x000194fe      0xdb0 ./RTD/src/Port.o
 .debug_macro   0x0001a2ae       0x50 ./RTD/src/Port.o
 .debug_macro   0x0001a2fe       0x50 ./RTD/src/Port.o
 .debug_macro   0x0001a34e       0x3a ./RTD/src/Port.o
 .debug_macro   0x0001a388       0x3a ./RTD/src/Port.o
 .debug_macro   0x0001a3c2       0x35 ./RTD/src/Port.o
 .debug_macro   0x0001a3f7       0x50 ./RTD/src/Port.o
 .debug_macro   0x0001a447       0x50 ./RTD/src/Port.o
 .debug_macro   0x0001a497       0x12 ./RTD/src/Port.o
 .debug_macro   0x0001a4a9       0x50 ./RTD/src/Port.o
 .debug_macro   0x0001a4f9       0x50 ./RTD/src/Port.o
 .debug_macro   0x0001a549       0x59 ./RTD/src/Port.o
 .debug_macro   0x0001a5a2       0xb2 ./RTD/src/Port.o
 .debug_macro   0x0001a654       0x50 ./RTD/src/Port.o
 .debug_macro   0x0001a6a4       0x50 ./RTD/src/Port.o
 .debug_macro   0x0001a6f4      0x27c ./RTD/src/Port_Ci_Port_Ip.o
 .debug_macro   0x0001a970      0x1fe ./RTD/src/Port_Ci_Port_Ip.o
 .debug_macro   0x0001ab6e       0x3a ./RTD/src/Port_Ci_Port_Ip.o
 .debug_macro   0x0001aba8      0x34b ./RTD/src/Port_Ipw.o
 .debug_macro   0x0001aef3       0x50 ./RTD/src/Port_Ipw.o
 .debug_macro   0x0001af43       0x50 ./RTD/src/Port_Ipw.o
 .debug_macro   0x0001af93      0x230 ./RTD/src/SchM_Can.o
 .debug_macro   0x0001b1c3       0x50 ./RTD/src/SchM_Can.o
 .debug_macro   0x0001b213       0x50 ./RTD/src/SchM_Can.o
 .debug_macro   0x0001b263      0x22e ./RTD/src/SchM_Mcu.o
 .debug_macro   0x0001b491      0x232 ./RTD/src/SchM_Port.o
 .debug_macro   0x0001b6c3      0x352 ./board/Clock_Ip_Cfg.o
 .debug_macro   0x0001ba15      0x352 ./board/Clock_Ip_PBcfg.o
 .debug_macro   0x0001bd67      0x13c ./board/Port_Ci_Port_Ip_Cfg.o
 .debug_macro   0x0001bea3      0x1ff ./generate/src/FlexCAN_Ip_Sa_BOARD_InitPeripherals_PBcfg.o
 .debug_macro   0x0001c0a2      0x2b9 ./generate/src/IntCtrl_Ip_Cfg.o
 .debug_macro   0x0001c35b      0x136 ./generate/src/OsIf_Cfg.o
 .debug_macro   0x0001c491      0x368 ./generate/src/Port_BOARD_InitPeripherals_PBcfg.o
 .debug_macro   0x0001c7f9       0x50 ./generate/src/Port_BOARD_InitPeripherals_PBcfg.o
 .debug_macro   0x0001c849       0x50 ./generate/src/Port_BOARD_InitPeripherals_PBcfg.o
 .debug_macro   0x0001c899       0x50 ./generate/src/Port_BOARD_InitPeripherals_PBcfg.o
 .debug_macro   0x0001c8e9       0x50 ./generate/src/Port_BOARD_InitPeripherals_PBcfg.o
 .debug_macro   0x0001c939       0x50 ./generate/src/Port_BOARD_InitPeripherals_PBcfg.o
 .debug_macro   0x0001c989       0x50 ./generate/src/Port_BOARD_InitPeripherals_PBcfg.o
 .debug_macro   0x0001c9d9      0x300 ./generate/src/Port_Cfg.o
 .debug_macro   0x0001ccd9      0x1dd ./generate/src/Port_Ci_Port_Ip_BOARD_InitPeripherals_PBcfg.o
 .debug_macro   0x0001ceb6      0x618 ./src/main.o
 .debug_macro   0x0001d4ce       0x88 ./src/main.o

.debug_line     0x00000000    0x19848
 .debug_line    0x00000000      0x5ce ./Project_Settings/Startup_Code/exceptions.o
 .debug_line    0x000005ce      0x763 ./Project_Settings/Startup_Code/nvic.o
 .debug_line    0x00000d31      0x462 ./Project_Settings/Startup_Code/startup.o
 .debug_line    0x00001193       0xb6 ./Project_Settings/Startup_Code/startup_cm4.o
 .debug_line    0x00001249      0x8de ./Project_Settings/Startup_Code/system.o
 .debug_line    0x00001b27     0x113d ./RTD/src/Clock_Ip.o
 .debug_line    0x00002c64      0x59b ./RTD/src/Clock_Ip_Data.o
 .debug_line    0x000031ff      0x92e ./RTD/src/Clock_Ip_Divider.o
 .debug_line    0x00003b2d      0x5be ./RTD/src/Clock_Ip_DividerTrigger.o
 .debug_line    0x000040eb      0x761 ./RTD/src/Clock_Ip_ExtOsc.o
 .debug_line    0x0000484c      0x5c2 ./RTD/src/Clock_Ip_FracDiv.o
 .debug_line    0x00004e0e      0x5a0 ./RTD/src/Clock_Ip_Frequency.o
 .debug_line    0x000053ae      0x86d ./RTD/src/Clock_Ip_Gate.o
 .debug_line    0x00005c1b      0xab9 ./RTD/src/Clock_Ip_IntOsc.o
 .debug_line    0x000066d4      0x59a ./RTD/src/Clock_Ip_Irq.o
 .debug_line    0x00006c6e      0x5eb ./RTD/src/Clock_Ip_Monitor.o
 .debug_line    0x00007259      0x725 ./RTD/src/Clock_Ip_Pll.o
 .debug_line    0x0000797e      0x5be ./RTD/src/Clock_Ip_ProgFreqSwitch.o
 .debug_line    0x00007f3c      0xacc ./RTD/src/Clock_Ip_Selector.o
 .debug_line    0x00008a08     0x1231 ./RTD/src/Clock_Ip_Specific.o
 .debug_line    0x00009c39      0x568 ./RTD/src/Det.o
 .debug_line    0x0000a1a1      0x78e ./RTD/src/Det_stub.o
 .debug_line    0x0000a92f     0x3b94 ./RTD/src/FlexCAN_Ip.o
 .debug_line    0x0000e4c3     0x1ce5 ./RTD/src/FlexCAN_Ip_HwAccess.o
 .debug_line    0x000101a8      0x8fd ./RTD/src/FlexCAN_Ip_Irq.o
 .debug_line    0x00010aa5      0xdee ./RTD/src/IntCtrl_Ip.o
 .debug_line    0x00011893      0x4fe ./RTD/src/OsIf_Timer.o
 .debug_line    0x00011d91      0x4b7 ./RTD/src/OsIf_Timer_System.o
 .debug_line    0x00012248      0x7b3 ./RTD/src/Port.o
 .debug_line    0x000129fb      0x9a9 ./RTD/src/Port_Ci_Port_Ip.o
 .debug_line    0x000133a4      0xa33 ./RTD/src/Port_Ipw.o
 .debug_line    0x00013dd7      0xe6b ./RTD/src/SchM_Can.o
 .debug_line    0x00014c42      0x643 ./RTD/src/SchM_Mcu.o
 .debug_line    0x00015285      0x8fd ./RTD/src/SchM_Port.o
 .debug_line    0x00015b82      0x5aa ./board/Clock_Ip_Cfg.o
 .debug_line    0x0001612c      0x5ae ./board/Clock_Ip_PBcfg.o
 .debug_line    0x000166da      0x4be ./board/Port_Ci_Port_Ip_Cfg.o
 .debug_line    0x00016b98      0x50e ./generate/src/FlexCAN_Ip_Sa_BOARD_InitPeripherals_PBcfg.o
 .debug_line    0x000170a6      0x70b ./generate/src/IntCtrl_Ip_Cfg.o
 .debug_line    0x000177b1      0x44c ./generate/src/OsIf_Cfg.o
 .debug_line    0x00017bfd      0x5f7 ./generate/src/Port_BOARD_InitPeripherals_PBcfg.o
 .debug_line    0x000181f4      0x5df ./generate/src/Port_Cfg.o
 .debug_line    0x000187d3      0x546 ./generate/src/Port_Ci_Port_Ip_BOARD_InitPeripherals_PBcfg.o
 .debug_line    0x00018d19      0xb2f ./src/main.o

.debug_str      0x00000000    0x84a6f
 .debug_str     0x00000000     0x7e68 ./Project_Settings/Startup_Code/exceptions.o
                               0x8038 (size before relaxing)
 .debug_str     0x00007e68    0x6377c ./Project_Settings/Startup_Code/nvic.o
                              0x6a1fa (size before relaxing)
 .debug_str     0x0006b5e4       0xde ./Project_Settings/Startup_Code/startup.o
                               0x5fa5 (size before relaxing)
 .debug_str     0x0006b6c2       0x3b ./Project_Settings/Startup_Code/startup_cm4.o
                                 0x86 (size before relaxing)
 .debug_str     0x0006b6fd      0x2a3 ./Project_Settings/Startup_Code/system.o
                              0x6b843 (size before relaxing)
 .debug_str     0x0006b9a0     0x3f25 ./RTD/src/Clock_Ip.o
                              0x13cbb (size before relaxing)
 .debug_str     0x0006f8c5      0x6be ./RTD/src/Clock_Ip_Data.o
                              0x13889 (size before relaxing)
 .debug_str     0x0006ff83      0x48a ./RTD/src/Clock_Ip_Divider.o
                              0x136bf (size before relaxing)
 .debug_str     0x0007040d      0x192 ./RTD/src/Clock_Ip_DividerTrigger.o
                              0x132f6 (size before relaxing)
 .debug_str     0x0007059f      0x21d ./RTD/src/Clock_Ip_ExtOsc.o
                              0x135cb (size before relaxing)
 .debug_str     0x000707bc      0x179 ./RTD/src/Clock_Ip_FracDiv.o
                              0x132dd (size before relaxing)
 .debug_str     0x00070935       0x20 ./RTD/src/Clock_Ip_Frequency.o
                              0x1317d (size before relaxing)
 .debug_str     0x00070955      0x387 ./RTD/src/Clock_Ip_Gate.o
                              0x135cc (size before relaxing)
 .debug_str     0x00070cdc      0x39b ./RTD/src/Clock_Ip_IntOsc.o
                              0x13769 (size before relaxing)
 .debug_str     0x00071077      0x11d ./RTD/src/Clock_Ip_Irq.o
                              0x1327a (size before relaxing)
 .debug_str     0x00071194      0x3d1 ./RTD/src/Clock_Ip_Monitor.o
                              0x1355c (size before relaxing)
 .debug_str     0x00071565      0x204 ./RTD/src/Clock_Ip_Pll.o
                              0x135d2 (size before relaxing)
 .debug_str     0x00071769      0x19a ./RTD/src/Clock_Ip_ProgFreqSwitch.o
                              0x132fe (size before relaxing)
 .debug_str     0x00071903      0x5d0 ./RTD/src/Clock_Ip_Selector.o
                              0x138a3 (size before relaxing)
 .debug_str     0x00071ed3      0x4ff ./RTD/src/Clock_Ip_Specific.o
                              0x13bfd (size before relaxing)
 .debug_str     0x000723d2      0x5b2 ./RTD/src/Det.o
                               0x88ec (size before relaxing)
 .debug_str     0x00072984       0xc1 ./RTD/src/Det_stub.o
                               0x887e (size before relaxing)
 .debug_str     0x00072a45     0x595b ./RTD/src/FlexCAN_Ip.o
                              0x71463 (size before relaxing)
 .debug_str     0x000783a0      0xa20 ./RTD/src/FlexCAN_Ip_HwAccess.o
                              0x70ba4 (size before relaxing)
 .debug_str     0x00078dc0      0x241 ./RTD/src/FlexCAN_Ip_Irq.o
                              0x6fa61 (size before relaxing)
 .debug_str     0x00079001     0x15db ./RTD/src/IntCtrl_Ip.o
                              0x6cd8f (size before relaxing)
 .debug_str     0x0007a5dc      0x417 ./RTD/src/OsIf_Timer.o
                               0x7e0f (size before relaxing)
 .debug_str     0x0007a9f3      0x14c ./RTD/src/OsIf_Timer_System.o
                               0x7cfb (size before relaxing)
 .debug_str     0x0007ab3f     0x63a7 ./RTD/src/Port.o
                              0x10349 (size before relaxing)
 .debug_str     0x00080ee6     0x1adc ./RTD/src/Port_Ci_Port_Ip.o
                               0xbb33 (size before relaxing)
 .debug_str     0x000829c2      0x343 ./RTD/src/Port_Ipw.o
                              0x10182 (size before relaxing)
 .debug_str     0x00082d05      0x865 ./RTD/src/SchM_Can.o
                               0x9218 (size before relaxing)
 .debug_str     0x0008356a      0x28c ./RTD/src/SchM_Mcu.o
                               0x889a (size before relaxing)
 .debug_str     0x000837f6      0x33f ./RTD/src/SchM_Port.o
                               0x8c09 (size before relaxing)
 .debug_str     0x00083b35      0x11b ./board/Clock_Ip_Cfg.o
                              0x13278 (size before relaxing)
 .debug_str     0x00083c50      0x12b ./board/Clock_Ip_PBcfg.o
                              0x13288 (size before relaxing)
 .debug_str     0x00083d7b       0x1f ./board/Port_Ci_Port_Ip_Cfg.o
                               0x8615 (size before relaxing)
 .debug_str     0x00083d9a      0x20a ./generate/src/FlexCAN_Ip_Sa_BOARD_InitPeripherals_PBcfg.o
                               0x984a (size before relaxing)
 .debug_str     0x00083fa4       0xf2 ./generate/src/IntCtrl_Ip_Cfg.o
                              0x6aef1 (size before relaxing)
 .debug_str     0x00084096      0x102 ./generate/src/OsIf_Cfg.o
                               0x7117 (size before relaxing)
 .debug_str     0x00084198      0x484 ./generate/src/Port_BOARD_InitPeripherals_PBcfg.o
                               0xff42 (size before relaxing)
 .debug_str     0x0008461c      0x102 ./generate/src/Port_Cfg.o
                               0xf959 (size before relaxing)
 .debug_str     0x0008471e      0x21a ./generate/src/Port_Ci_Port_Ip_BOARD_InitPeripherals_PBcfg.o
                               0x8ba8 (size before relaxing)
 .debug_str     0x00084938      0x137 ./src/main.o
                              0x781b6 (size before relaxing)

.debug_frame    0x00000000     0x20fc
 .debug_frame   0x00000000       0xb0 ./Project_Settings/Startup_Code/exceptions.o
 .debug_frame   0x000000b0       0x50 ./Project_Settings/Startup_Code/nvic.o
 .debug_frame   0x00000100       0x30 ./Project_Settings/Startup_Code/startup.o
 .debug_frame   0x00000130       0x50 ./Project_Settings/Startup_Code/system.o
 .debug_frame   0x00000180      0x184 ./RTD/src/Clock_Ip.o
 .debug_frame   0x00000304      0x108 ./RTD/src/Clock_Ip_Divider.o
 .debug_frame   0x0000040c       0x20 ./RTD/src/Clock_Ip_DividerTrigger.o
 .debug_frame   0x0000042c       0x90 ./RTD/src/Clock_Ip_ExtOsc.o
 .debug_frame   0x000004bc       0x30 ./RTD/src/Clock_Ip_FracDiv.o
 .debug_frame   0x000004ec      0x130 ./RTD/src/Clock_Ip_Gate.o
 .debug_frame   0x0000061c      0x178 ./RTD/src/Clock_Ip_IntOsc.o
 .debug_frame   0x00000794       0x50 ./RTD/src/Clock_Ip_Monitor.o
 .debug_frame   0x000007e4       0xb0 ./RTD/src/Clock_Ip_Pll.o
 .debug_frame   0x00000894       0x20 ./RTD/src/Clock_Ip_ProgFreqSwitch.o
 .debug_frame   0x000008b4      0x160 ./RTD/src/Clock_Ip_Selector.o
 .debug_frame   0x00000a14       0xb4 ./RTD/src/Clock_Ip_Specific.o
 .debug_frame   0x00000ac8       0x78 ./RTD/src/Det.o
 .debug_frame   0x00000b40       0xc4 ./RTD/src/Det_stub.o
 .debug_frame   0x00000c04      0x754 ./RTD/src/FlexCAN_Ip.o
 .debug_frame   0x00001358      0x304 ./RTD/src/FlexCAN_Ip_HwAccess.o
 .debug_frame   0x0000165c      0x118 ./RTD/src/FlexCAN_Ip_Irq.o
 .debug_frame   0x00001774      0x124 ./RTD/src/IntCtrl_Ip.o
 .debug_frame   0x00001898       0x60 ./RTD/src/OsIf_Timer.o
 .debug_frame   0x000018f8       0xa0 ./RTD/src/Port.o
 .debug_frame   0x00001998      0x18c ./RTD/src/Port_Ci_Port_Ip.o
 .debug_frame   0x00001b24       0xe8 ./RTD/src/Port_Ipw.o
 .debug_frame   0x00001c0c      0x2c0 ./RTD/src/SchM_Can.o
 .debug_frame   0x00001ecc       0x80 ./RTD/src/SchM_Mcu.o
 .debug_frame   0x00001f4c      0x140 ./RTD/src/SchM_Port.o
 .debug_frame   0x0000208c       0x50 ./src/main.o
 .debug_frame   0x000020dc       0x20 D:/NXP/S32DS.3.4/S32DS/build_tools/gcc_v9.2/gcc-9.2-arm32-eabi/arm-none-eabi/newlib/lib/thumb/v7e-m+fp/hard\libc_nano.a(lib_a-memset.o)

.debug_loc      0x00000000     0xbf32
 .debug_loc     0x00000000       0xb9 ./Project_Settings/Startup_Code/nvic.o
 .debug_loc     0x000000b9      0x12c ./Project_Settings/Startup_Code/startup.o
 .debug_loc     0x000001e5       0x2c ./Project_Settings/Startup_Code/system.o
 .debug_loc     0x00000211      0x712 ./RTD/src/Clock_Ip.o
 .debug_loc     0x00000923      0x31b ./RTD/src/Clock_Ip_Divider.o
 .debug_loc     0x00000c3e       0xf3 ./RTD/src/Clock_Ip_ExtOsc.o
 .debug_loc     0x00000d31       0x25 ./RTD/src/Clock_Ip_FracDiv.o
 .debug_loc     0x00000d56      0x3ce ./RTD/src/Clock_Ip_Gate.o
 .debug_loc     0x00001124      0x673 ./RTD/src/Clock_Ip_IntOsc.o
 .debug_loc     0x00001797       0x25 ./RTD/src/Clock_Ip_Monitor.o
 .debug_loc     0x000017bc      0x16f ./RTD/src/Clock_Ip_Pll.o
 .debug_loc     0x0000192b      0x655 ./RTD/src/Clock_Ip_Selector.o
 .debug_loc     0x00001f80      0xb06 ./RTD/src/Clock_Ip_Specific.o
 .debug_loc     0x00002a86      0x156 ./RTD/src/Det.o
 .debug_loc     0x00002bdc      0x330 ./RTD/src/Det_stub.o
 .debug_loc     0x00002f0c     0x52ee ./RTD/src/FlexCAN_Ip.o
 .debug_loc     0x000081fa     0x2177 ./RTD/src/FlexCAN_Ip_HwAccess.o
 .debug_loc     0x0000a371      0x764 ./RTD/src/IntCtrl_Ip.o
 .debug_loc     0x0000aad5       0x99 ./RTD/src/OsIf_Timer.o
 .debug_loc     0x0000ab6e      0x1fe ./RTD/src/Port.o
 .debug_loc     0x0000ad6c      0x5cd ./RTD/src/Port_Ci_Port_Ip.o
 .debug_loc     0x0000b339      0x8e0 ./RTD/src/Port_Ipw.o
 .debug_loc     0x0000bc19      0x1ce ./RTD/src/SchM_Can.o
 .debug_loc     0x0000bde7       0x54 ./RTD/src/SchM_Mcu.o
 .debug_loc     0x0000be3b       0xd2 ./RTD/src/SchM_Port.o
 .debug_loc     0x0000bf0d       0x25 ./src/main.o