Adc.c:744:20:Adc_ReportDetRuntimeError	16	static
Adc.c:1451:30:Adc_ValidateNotBusyNoQueue	24	static
Adc.c:1610:30:Adc_ValidateNotBusyNoPrio	24	static
Adc.c:1671:30:Adc_ValidateCheckGroupNotConversion	32	static
Adc.c:1709:30:Adc_ValidateDeInitNotBusy	24	static
Adc.c:1751:30:Adc_ValidateSetupBufferNotBusy	24	static
Adc.c:1782:30:Adc_ValidateStateStartGroupConvNotBusy	24	static
Adc.c:1925:30:Adc_ValidateStateNotIdle	24	static
Adc.c:2216:20:Adc_InitGroupsStatus	16	static
Adc.c:2275:20:Adc_InitUnitStatus	16	static
Adc.c:2337:30:Adc_CheckCurrentCoreId	16	static
Adc.c:2373:6:Adc_RemoveFromQueue	32	static
Adc.c:2480:20:Adc_UpdateStatusStartConversion	24	static
Adc.c:2617:30:Adc_StopSwGroupConversion	32	static
Adc.c:2697:20:Adc_UpdateStatusStopConversion	40	static
Adc.c:2785:20:Adc_UpdateStatusReadGroup	24	static
Adc.c:2803:20:Adc_UpdateStatusReadGroupNoInt	24	static
Adc.c:2848:20:Adc_UpdateSwQueueIndexNoInt	24	static
Adc.c:2906:20:Adc_UpdateStatusReadGroupInt	16	static
Adc.c:3027:20:Adc_UpdateStatusAfterGetStream	16	static
Adc.c:3524:6:Adc_Init	32	static
Adc.c:3608:16:Adc_SetupResultBuffer	32	static
Adc.c:3660:6:Adc_DeInit	24	static
Adc.c:3720:6:Adc_StartGroupConversion	24	static
Adc.c:3768:6:Adc_StopGroupConversion	24	static
Adc.c:3814:16:Adc_ReadGroup	32	static
Adc.c:3967:6:Adc_EnableGroupNotification	8	static
Adc.c:4001:6:Adc_DisableGroupNotification	8	static
Adc.c:4036:16:Adc_GetGroupStatus	16	static
Adc.c:4062:25:Adc_GetStreamLastPointer	32	static
Adc.c:4151:6:Adc_GetVersionInfo	8	static
Adc.c:4629:6:Adc_ReadRawData	32	static
Adc.c:4852:6:Adc_Calibrate	24	static
Adc.c:5035:16:Adc_SetClockMode	24	static
Adc.c:5184:6:Adc_SetChannel	32	static
