freemaster_S32xx.c:44:6:FMSTR_Isr	8	static
freemaster_S32xx.c:81:6:FMSTR_CopyMemory	24	static
freemaster_S32xx.c:104:12:FMSTR_CopyToBuffer	24	static
freemaster_S32xx.c:129:12:FMSTR_CopyFromBuffer	24	static
freemaster_S32xx.c:143:12:FMSTR_ValueFromBuffer16	16	static
freemaster_S32xx.c:148:12:FMSTR_ValueFromBuffer32	16	static
freemaster_S32xx.c:153:12:FMSTR_ValueToBuffer16	16	static
freemaster_S32xx.c:158:12:FMSTR_ValueToBuffer32	16	static
freemaster_S32xx.c:174:6:FMSTR_CopyFromBufferWithMask	32	static
freemaster_S32xx.c:209:6:FMSTR_SetExAddr	8	static
freemaster_S32xx.c:221:12:FMSTR_AddressToBuffer	16	static
freemaster_S32xx.c:253:12:FMSTR_AddressFromBuffer	16	static
