freemaster_appcmd.c:50:6:FMSTR_InitAppCmds	8	static
freemaster_appcmd.c:77:12:FMSTR_StoreAppCmd	32	static
freemaster_appcmd.c:138:12:FMSTR_GetAppCmdStatus	24	static
freemaster_appcmd.c:176:12:FMSTR_GetAppCmdRespData	32	static
freemaster_appcmd.c:226:20:FMSTR_FindAppCmdCallIndex	16	static
freemaster_appcmd.c:255:6:FMSTR_AppCmdAck	8	static
freemaster_appcmd.c:273:6:FMSTR_AppCmdSetResponseData	24	static
freemaster_appcmd.c:309:19:FMSTR_GetAppCmd	8	static
freemaster_appcmd.c:333:20:FMSTR_GetAppCmdData	16	static
freemaster_appcmd.c:370:12:FMSTR_RegisterAppCmdCall	24	static
