freemaster_serial.c:158:13:FMSTR_RxQueue	16	static
freemaster_serial.c:190:13:FMSTR_RxDequeue	16	static
freemaster_serial.c:229:6:FMSTR_ProcessSCI	16	static
freemaster_serial.c:1064:13:FMSTR_Listen	0	static
freemaster_serial.c:1117:13:FMSTR_SendError	16	static
freemaster_serial.c:1136:6:FMSTR_SendResponse	16	static
freemaster_serial.c:1248:12:FMSTR_Tx	16	static
freemaster_serial.c:1315:12:FMSTR_Rx	24	static
freemaster_serial.c:1437:12:FMSTR_InitSerial	8	static
freemaster_serial.c:1535:6:FMSTR_Poll	8	static
