freemaster_pipes.c:172:6:FMSTR_InitPipes	8	static
freemaster_pipes.c:186:13:FMSTR_PipeOpen	24	static
freemaster_pipes.c:248:6:FMSTR_PipeClose	16	static
freemaster_pipes.c:263:17:FMSTR_PipeWrite	40	static
freemaster_pipes.c:328:12:FMSTR_PipePuts	32	static
freemaster_pipes.c:356:25:FMSTR_PipePrintfFlush	32	static
freemaster_pipes.c:382:25:FMSTR_PipePrintfPutc	24	static
freemaster_pipes.c:403:19:FMSTR_PipeIToAFinalize	24	static
freemaster_pipes.c:526:19:FMSTR_PipeU8ToA	40	static
freemaster_pipes.c:596:19:FMSTR_PipeS8ToA	32	static
freemaster_pipes.c:619:19:FMSTR_PipeU16ToA	40	static
freemaster_pipes.c:689:19:FMSTR_PipeS16ToA	32	static
freemaster_pipes.c:712:19:FMSTR_PipeU32ToA	40	static
freemaster_pipes.c:782:19:FMSTR_PipeS32ToA	32	static
freemaster_pipes.c:807:20:FMSTR_PipeParseFormat	8	static
freemaster_pipes.c:920:19:FMSTR_PipePrintfOne	40	static
freemaster_pipes.c:972:12:FMSTR_PipePrintfU8	24	static
freemaster_pipes.c:984:12:FMSTR_PipePrintfS8	24	static
freemaster_pipes.c:996:12:FMSTR_PipePrintfU16	24	static
freemaster_pipes.c:1008:12:FMSTR_PipePrintfS16	24	static
freemaster_pipes.c:1020:12:FMSTR_PipePrintfU32	24	static
freemaster_pipes.c:1032:12:FMSTR_PipePrintfS32	24	static
freemaster_pipes.c:1045:19:FMSTR_PipePrintfAny	40	static
freemaster_pipes.c:1104:19:FMSTR_PipePrintfV	40	static
freemaster_pipes.c:1157:12:FMSTR_PipePrintf	20	static
freemaster_pipes.c:1178:17:FMSTR_PipeRead	40	static
freemaster_pipes.c:1245:20:FMSTR_FindPipe	16	static
freemaster_pipes.c:1266:24:FMSTR_PipeGetBytesFree	16	static
freemaster_pipes.c:1286:24:FMSTR_PipeGetBytesReady	16	static
freemaster_pipes.c:1306:13:FMSTR_PipeDiscardBytes	24	static
freemaster_pipes.c:1337:19:FMSTR_PipeReceive	32	static
freemaster_pipes.c:1375:19:FMSTR_PipeTransmit	32	static
freemaster_pipes.c:1415:12:FMSTR_PipeFrame	40	static
