freemaster_rec.c:138:6:FMSTR_InitRec	0	static
freemaster_rec.c:168:13:FMSTR_AbortRec	0	static
freemaster_rec.c:185:6:FMSTR_SetUpRecBuff	8	static
freemaster_rec.c:207:12:FMSTR_SetUpRec	32	static
freemaster_rec.c:441:6:FMSTR_TriggerRec	0	static
freemaster_rec.c:468:12:FMSTR_StartRec	16	static
freemaster_rec.c:544:12:FMSTR_StopRec	24	static
freemaster_rec.c:582:12:FMSTR_GetRecStatus	16	static
freemaster_rec.c:608:20:FMSTR_GetRecBuffSize	0	static
freemaster_rec.c:631:12:FMSTR_IsInRecBuffer	32	static
freemaster_rec.c:657:12:FMSTR_GetRecBuff	24	static
freemaster_rec.c:694:19:FMSTR_Compare8S	0	static
freemaster_rec.c:699:19:FMSTR_Compare8U	0	static
freemaster_rec.c:706:19:FMSTR_Compare16S	0	static
freemaster_rec.c:711:19:FMSTR_Compare16U	0	static
freemaster_rec.c:716:19:FMSTR_Compare32S	0	static
freemaster_rec.c:721:19:FMSTR_Compare32U	0	static
freemaster_rec.c:747:6:FMSTR_Recorder	8	static
freemaster_rec.c:769:13:FMSTR_Recorder2	16	static
