freemaster_protocol.c:38:12:FMSTR_Init	8	static
freemaster_protocol.c:115:12:FMSTR_ProtocolDecoder	24	static
freemaster_protocol.c:414:12:FMSTR_SendTestFrame	24	static
freemaster_protocol.c:433:12:FMSTR_GetBoardInfo	32	static
freemaster_protocol.c:510:12:FMSTR_ReadMem	32	static
freemaster_protocol.c:550:12:FMSTR_ReadVar	24	static
freemaster_protocol.c:582:12:FMSTR_WriteMem	32	static
freemaster_protocol.c:623:12:FMSTR_WriteVar	32	static
freemaster_protocol.c:663:12:FMSTR_WriteMemMask	32	static
freemaster_protocol.c:713:12:FMSTR_WriteVarMask	32	static
freemaster_protocol.c:748:11:FMSTR_StrLen	16	static
