Clock_Ip_Divider.c:247:13:Clock_Ip_Callback_DividerEmpty	0	static
Clock_Ip_Divider.c:439:6:Clock_Ip_SetScgAsyncDiv1_TrustedCall	0	static
Clock_Ip_Divider.c:254:13:Clock_Ip_SetScgAsyncDiv1	0	static
Clock_Ip_Divider.c:454:6:Clock_Ip_SetScgAsyncDiv2_TrustedCall	0	static
Clock_Ip_Divider.c:267:13:Clock_Ip_SetScgAsyncDiv2	0	static
Clock_Ip_Divider.c:469:6:Clock_Ip_SetScgRunDivcore_TrustedCall	0	static
Clock_Ip_Divider.c:280:13:Clock_Ip_SetScgRunDivcore	0	static
Clock_Ip_Divider.c:482:6:Clock_Ip_SetScgRunDivbus_TrustedCall	0	static
Clock_Ip_Divider.c:293:13:Clock_Ip_SetScgRunDivbus	0	static
Clock_Ip_Divider.c:495:6:Clock_Ip_SetScgRunDivslow_TrustedCall	0	static
Clock_Ip_Divider.c:306:13:Clock_Ip_SetScgRunDivslow	0	static
Clock_Ip_Divider.c:508:6:Clock_Ip_SetScgVlprDivcore_TrustedCall	0	static
Clock_Ip_Divider.c:319:13:Clock_Ip_SetScgVlprDivcore	0	static
Clock_Ip_Divider.c:521:6:Clock_Ip_SetScgVlprDivbus_TrustedCall	0	static
Clock_Ip_Divider.c:332:13:Clock_Ip_SetScgVlprDivbus	0	static
Clock_Ip_Divider.c:534:6:Clock_Ip_SetScgVlprDivslow_TrustedCall	0	static
Clock_Ip_Divider.c:345:13:Clock_Ip_SetScgVlprDivslow	0	static
Clock_Ip_Divider.c:547:6:Clock_Ip_SetScgHsrunDivcore_TrustedCall	0	static
Clock_Ip_Divider.c:358:13:Clock_Ip_SetScgHsrunDivcore	0	static
Clock_Ip_Divider.c:560:6:Clock_Ip_SetScgHsrunDivbus_TrustedCall	0	static
Clock_Ip_Divider.c:371:13:Clock_Ip_SetScgHsrunDivbus	0	static
Clock_Ip_Divider.c:573:6:Clock_Ip_SetScgHsrunDivslow_TrustedCall	0	static
Clock_Ip_Divider.c:384:13:Clock_Ip_SetScgHsrunDivslow	0	static
Clock_Ip_Divider.c:586:6:Clock_Ip_SetSimClkoutDiv_TrustedCall	0	static
Clock_Ip_Divider.c:397:13:Clock_Ip_SetSimClkoutDiv	0	static
Clock_Ip_Divider.c:598:6:Clock_Ip_SetPccPcdDivFrac_TrustedCall	0	static
Clock_Ip_Divider.c:410:13:Clock_Ip_SetPccPcdDivFrac	0	static
Clock_Ip_Divider.c:611:6:Clock_Ip_SetSimTraceDivMul_TrustedCall	8	static
Clock_Ip_Divider.c:423:13:Clock_Ip_SetSimTraceDivMul	0	static
