Devassert.h:85:20:DevAssert	8	static
Port_Ci_Port_Ip.c:266:25:Port_Ci_Port_Ip_ConfigureInterleave	16	static
Port_Ci_Port_Ip.c:414:32:Port_Ci_Port_Ip_Init	32	static
Port_Ci_Port_Ip.c:437:6:Port_Ci_Port_Ip_SetMuxModeSel	16	static
Port_Ci_Port_Ip.c:472:6:Port_Ci_Port_Ip_EnableDigitalFilter	16	static
Port_Ci_Port_Ip.c:492:6:Port_Ci_Port_Ip_DisableDigitalFilter	16	static
Port_Ci_Port_Ip.c:512:6:Port_Ci_Port_Ip_ConfigDigitalFilter	8	static
Port_Ci_Port_Ip.c:532:6:Port_Ci_Port_Ip_SetGlobalPinControl	0	static
