Crypto_Ipw.c:297:30:Crypto_Ipw_SheLoadEncryptedKey	112	static
Crypto_Ipw.c:362:30:Crypto_Ipw_SheLoadPlainKey	24	static
Crypto_Ipw.c:379:13:Crypto_Ipw_CopyOutputResult	24	static
Crypto_Ipw.c:402:30:Crypto_Ipw_MacGenerate	80	static
Crypto_Ipw.c:471:30:Crypto_Ipw_MacVerify	80	static
Crypto_Ipw.c:532:30:Crypto_Ipw_EncDec	40	static
Crypto_Ipw.c:571:30:Crypto_Ipw_EncDecEcb	64	static
Crypto_Ipw.c:643:30:Crypto_Ipw_EncDecCbc	64	static
Crypto_Ipw.c:718:13:Crypto_Ipw_FillVerifyPtr	16	static
Crypto_Ipw.c:742:13:Crypto_Ipw_ProcessAsyncCsecResponse	56	static
Crypto_Ipw.c:810:20:Crypto_Ipw_PushJobFromCdoQueueToCsec	24	static
Crypto_Ipw.c:854:23:Crypto_Ipw_ProcessOperation	24	static
Crypto_Ipw.c:896:23:Crypto_Ipw_TranslateCsecResponse	16	static
Crypto_Ipw.c:959:30:Crypto_Ipw_Random	48	static
Crypto_Ipw.c:1020:16:Crypto_Ipw_Init	24	static
Crypto_Ipw.c:1046:16:Crypto_Ipw_ProcessJob	32	static
Crypto_Ipw.c:1109:16:Crypto_Ipw_CancelJob	24	static
Crypto_Ipw.c:1140:16:Crypto_Ipw_ImportKey	48	static
Crypto_Ipw.c:1178:16:Crypto_Ipw_ExportKey	48	static
Crypto_Ipw.c:1216:16:Crypto_Ipw_RandomSeed	32	static
Crypto_Ipw.c:1240:16:Crypto_Ipw_KeyGenerate	8	static
Crypto_Ipw.c:1253:16:Crypto_Ipw_KeyDerive	16	static
Crypto_Ipw.c:1268:16:Crypto_Ipw_CalcSecret	16	static
Crypto_Ipw.c:1285:16:Crypto_Ipw_CertificateParse	8	static
Crypto_Ipw.c:1298:16:Crypto_Ipw_CertificateVerify	16	static
Crypto_Ipw.c:1330:6:Crypto_Ipw_MainFunction	16	static
Crypto_Ipw.c:1341:6:Crypto_Ipw_SetSynchronousRequestsTimeout	16	static
Crypto_Ipw.c:1354:16:Crypto_Ipw_SheSetBootStatus	24	static
Crypto_Ipw.c:1382:16:Crypto_Ipw_SheGetStatus	16	static
Crypto_Ipw.c:1397:16:Crypto_Ipw_SheGetId	32	static
Crypto_Ipw.c:1421:16:Crypto_Ipw_SheDebugChal	24	static
Crypto_Ipw.c:1442:16:Crypto_Ipw_SheDebugAuth	24	static
Crypto_Ipw.c:1463:16:Crypto_Ipw_SheMPCompression	32	static
