Clock_Ip.c:161:21:Clock_Ip_Init	24	static
Clock_Ip.c:228:6:Clock_Ip_InitClock	24	static
Clock_Ip.c:432:24:Clock_Ip_GetPllStatus	24	static
Clock_Ip.c:491:6:Clock_Ip_DistributePll	16	static
Clock_Ip.c:549:6:Clock_Ip_DisableClockMonitor	24	static
Clock_Ip.c:565:24:Clock_Ip_GetClockMonitorStatus	24	static
Clock_Ip.c:580:6:Clock_Ip_ClearClockMonitorStatus	24	static
Clock_Ip.c:596:6:Clock_Ip_PowerModeChangeNotification	16	static
Clock_Ip.c:614:6:Clock_Ip_InstallNotificationsCallback	8	static
Clock_Ip.c:628:6:Clock_Ip_DisableModuleClock	24	static
Clock_Ip.c:644:6:Clock_Ip_EnableModuleClock	24	static
Clock_Ip.c:663:8:Clock_Ip_GetClockFrequency	16	static
Clock_Ip.c:699:13:ClockNotificatonsEmptyCallback	8	static
Clock_Ip.c:712:6:ReportClockErrors	16	static
Clock_Ip.c:723:6:ClockStartTimeout	24	static
Clock_Ip.c:739:9:ClockTimeoutExpired	24	static
Clock_Ip.c:755:13:UpdateDriverContext	24	static
Clock_Ip.c:1061:13:CallEmptyCallbacks	8	static
Clock_Ip.c:1097:13:ResetClockConfiguration	24	static
