Clock_Ip_Frequency.c:400:15:get_Zero_Frequency	0	static
Clock_Ip_Frequency.c:406:15:get_LPO_128K_CLK_Frequency	0	static
Clock_Ip_Frequency.c:412:15:get_FIRC_CLK_Frequency	0	static
Clock_Ip_Frequency.c:418:15:get_SOSC_CLK_Frequency	0	static
Clock_Ip_Frequency.c:424:15:get_SIRC_CLK_Frequency	0	static
Clock_Ip_Frequency.c:431:15:get_SPLL_CLK_Frequency	8	static
Clock_Ip_Frequency.c:448:15:get_SIRCDIV1_CLK_Frequency	16	static
Clock_Ip_Frequency.c:455:15:get_SIRCDIV2_CLK_Frequency	16	static
Clock_Ip_Frequency.c:462:15:get_FIRCDIV1_CLK_Frequency	16	static
Clock_Ip_Frequency.c:469:15:get_FIRCDIV2_CLK_Frequency	16	static
Clock_Ip_Frequency.c:476:15:get_SOSCDIV1_CLK_Frequency	16	static
Clock_Ip_Frequency.c:483:15:get_SOSCDIV2_CLK_Frequency	16	static
Clock_Ip_Frequency.c:491:15:get_SPLLDIV1_CLK_Frequency	16	static
Clock_Ip_Frequency.c:500:15:get_SPLLDIV2_CLK_Frequency	16	static
Clock_Ip_Frequency.c:508:15:get_LPO_32K_CLK_Frequency	8	static
Clock_Ip_Frequency.c:514:15:get_LPO_1K_CLK_Frequency	8	static
Clock_Ip_Frequency.c:520:15:get_tclk0_ref_Frequency	0	static
Clock_Ip_Frequency.c:526:15:get_tclk1_ref_Frequency	0	static
Clock_Ip_Frequency.c:532:15:get_tclk2_ref_Frequency	0	static
Clock_Ip_Frequency.c:538:15:get_rtc_clkin_Frequency	0	static
Clock_Ip_Frequency.c:544:15:get_SCS_CLK_Frequency	8	static
Clock_Ip_Frequency.c:565:15:get_CORE_CLK_Frequency	8	static
Clock_Ip_Frequency.c:571:15:get_BUS_CLK_Frequency	8	static
Clock_Ip_Frequency.c:577:15:get_SLOW_CLK_Frequency	8	static
Clock_Ip_Frequency.c:583:15:get_RTC_CLK_Frequency	8	static
Clock_Ip_Frequency.c:596:15:get_LPO_CLK_Frequency	8	static
Clock_Ip_Frequency.c:610:15:get_SCG_CLKOUT_CLK_Frequency	8	static
Clock_Ip_Frequency.c:632:15:get_FTM0_EXT_CLK_Frequency	8	static
Clock_Ip_Frequency.c:638:15:get_FTM1_EXT_CLK_Frequency	8	static
Clock_Ip_Frequency.c:645:15:get_FTM2_EXT_CLK_Frequency	8	static
Clock_Ip_Frequency.c:653:15:get_FTM3_EXT_CLK_Frequency	8	static
Clock_Ip_Frequency.c:692:15:get_ADC0_CLK_Frequency	16	static
Clock_Ip_Frequency.c:702:15:get_ADC1_CLK_Frequency	16	static
Clock_Ip_Frequency.c:712:15:get_CLKOUT0_CLK_Frequency	24	static
Clock_Ip_Frequency.c:762:15:get_CMP0_CLK_Frequency	16	static
Clock_Ip_Frequency.c:790:15:get_CRC0_CLK_Frequency	16	static
Clock_Ip_Frequency.c:799:15:get_DMA0_CLK_Frequency	16	static
Clock_Ip_Frequency.c:807:15:get_DMAMUX0_CLK_Frequency	16	static
Clock_Ip_Frequency.c:815:15:get_EIM0_CLK_Frequency	16	static
Clock_Ip_Frequency.c:836:15:get_ERM0_CLK_Frequency	16	static
Clock_Ip_Frequency.c:845:15:get_EWM0_CLK_Frequency	16	static
Clock_Ip_Frequency.c:854:15:get_FLEXCAN0_CLK_Frequency	16	static
Clock_Ip_Frequency.c:863:15:get_FLEXCAN1_CLK_Frequency	16	static
Clock_Ip_Frequency.c:873:15:get_FLEXCAN2_CLK_Frequency	16	static
Clock_Ip_Frequency.c:882:15:get_FTM0_CLK_Frequency	16	static
Clock_Ip_Frequency.c:898:15:get_FTM1_CLK_Frequency	16	static
Clock_Ip_Frequency.c:915:15:get_FTM2_CLK_Frequency	16	static
Clock_Ip_Frequency.c:933:15:get_FTM3_CLK_Frequency	16	static
Clock_Ip_Frequency.c:1033:15:get_FlexIO_CLK_Frequency	16	static
Clock_Ip_Frequency.c:1043:15:get_FTFC_CLK_Frequency	16	static
Clock_Ip_Frequency.c:1064:15:get_LPI2C0_CLK_Frequency	16	static
Clock_Ip_Frequency.c:1084:15:get_LPIT0_CLK_Frequency	16	static
Clock_Ip_Frequency.c:1093:15:get_LPSPI0_CLK_Frequency	16	static
Clock_Ip_Frequency.c:1102:15:get_LPSPI1_CLK_Frequency	16	static
Clock_Ip_Frequency.c:1112:15:get_LPSPI2_CLK_Frequency	16	static
Clock_Ip_Frequency.c:1122:15:get_LPTMR0_CLK_Frequency	24	static
Clock_Ip_Frequency.c:1132:15:get_LPUART0_CLK_Frequency	16	static
Clock_Ip_Frequency.c:1141:15:get_LPUART1_CLK_Frequency	16	static
Clock_Ip_Frequency.c:1151:15:get_LPUART2_CLK_Frequency	16	static
Clock_Ip_Frequency.c:1161:15:get_MPU0_CLK_Frequency	16	static
Clock_Ip_Frequency.c:1169:15:get_MSCM0_CLK_Frequency	16	static
Clock_Ip_Frequency.c:1177:15:get_PDB0_CLK_Frequency	16	static
Clock_Ip_Frequency.c:1186:15:get_PDB1_CLK_Frequency	16	static
Clock_Ip_Frequency.c:1195:15:get_PORTA_CLK_Frequency	16	static
Clock_Ip_Frequency.c:1203:15:get_PORTB_CLK_Frequency	16	static
Clock_Ip_Frequency.c:1211:15:get_PORTC_CLK_Frequency	16	static
Clock_Ip_Frequency.c:1219:15:get_PORTD_CLK_Frequency	16	static
Clock_Ip_Frequency.c:1227:15:get_PORTE_CLK_Frequency	16	static
Clock_Ip_Frequency.c:1364:15:get_RTC0_CLK_Frequency	16	static
Clock_Ip_Frequency.c:1395:15:get_TRACE_CLK_Frequency	24	static
Clock_Ip_Frequency.c:1408:15:PLL_VCO	40	static
Clock_Ip_Frequency.c:1437:6:SetExternalOscillatorFrequency	8	static
Clock_Ip_Frequency.c:1444:6:SetExternalSignalFrequency	16	static
Clock_Ip_Frequency.c:1461:8:GetFreq	16	static
