check_example.h:78:20:Exit_Example	16	static
G2B_CSEc_MAC_MCAL.c:756:13:App_PrepareAes128EcbEncryptJob	16	static
G2B_CSEc_MAC_MCAL.c:773:13:App_PrepareAes128EcbDecryptJob	16	static
G2B_CSEc_MAC_MCAL.c:793:13:App_PrepareAes128CbcEncryptJob	16	static
G2B_CSEc_MAC_MCAL.c:813:13:App_PrepareAes128CbcDecryptJob	16	static
G2B_CSEc_MAC_MCAL.c:834:13:App_PrepareCMACGenerateJob	16	static
G2B_CSEc_MAC_MCAL.c:851:13:App_PrepareCMACVerifyJob	16	static
G2B_CSEc_MAC_MCAL.c:872:23:App_InitCsecHw	16	static
G2B_CSEc_MAC_MCAL.c:918:13:App_EraseCsecKeys	48	static
G2B_CSEc_MAC_MCAL.c:971:13:App_LoadCsecKey	64	static
G2B_CSEc_MAC_MCAL.c:1103:16:Util_Memcmp	24	static
G2B_CSEc_MAC_MCAL.c:1129:13:Util_Memset	24	static
G2B_CSEc_MAC_MCAL.c:1146:6:TestDelay	8	static
G2B_CSEc_MAC_MCAL.c:1175:5:main	32	static
