Can_Ipw.c:471:13:Can_Ipw_ParseData	24	static
Can_Ipw.c:540:13:Can_Ipw_InitLegacyFifoFilter	1056	static
Can_Ipw.c:635:13:Can_Ipw_ProcessLegacyFifoPolling	40	static
Can_Ipw.c:731:13:Can_Ipw_SetRxMb	32	static
Can_Ipw.c:750:16:Can_Ipw_Init	24	static
Can_Ipw.c:833:6:Can_Ipw_DeInit	16	static
Can_Ipw.c:917:23:Can_Ipw_SetControlerErrorInit	24	static
Can_Ipw.c:953:16:Can_Ipw_SetControllerToStartMode	32	static
Can_Ipw.c:1051:16:Can_Ipw_SetControllerToStopMode	24	static
Can_Ipw.c:1119:6:Can_Ipw_DisableControllerInterrupts	16	static
Can_Ipw.c:1147:6:Can_Ipw_EnableControllerInterrupts	16	static
Can_Ipw.c:1180:7:Can_Ipw_GetControllerErrorState	24	static
Can_Ipw.c:1192:7:Can_Ipw_GetControllerTxErrorCounter	16	static
Can_Ipw.c:1200:7:Can_Ipw_GetControllerRxErrorCounter	16	static
Can_Ipw.c:1209:16:Can_Ipw_Write	56	static
Can_Ipw.c:1289:16:Can_Ipw_InitRx	40	static
Can_Ipw.c:1442:10:Can_Ipw_MainFunction_Write	24	static
Can_Ipw.c:1480:10:Can_Ipw_MainFunction_Read	24	static
Can_Ipw.c:1540:10:Can_Ipw_MainFunction_BusOff	16	static
Can_Ipw.c:1549:6:Can_Ipw_MainFunction_Mode	16	static
