Clock_Ip_Selector.c:303:13:Callback_SelectorEmpty	8	static
Clock_Ip_Selector.c:603:13:ResetScgRunSel_TrustedCall	16	static
Clock_Ip_Selector.c:615:13:ResetScgRunSel	16	static
Clock_Ip_Selector.c:626:13:SetScgRunSel_TrustedCall	16	static
Clock_Ip_Selector.c:636:13:SetScgRunSel	16	static
Clock_Ip_Selector.c:652:13:SetScgVlprSel_TrustedCall	16	static
Clock_Ip_Selector.c:662:13:SetScgVlprSel	16	static
Clock_Ip_Selector.c:676:13:ResetScgHsrunSel_TrustedCall	16	static
Clock_Ip_Selector.c:688:13:ResetScgHsrunSel	16	static
Clock_Ip_Selector.c:698:13:SetScgHsrunSel_TrustedCall	16	static
Clock_Ip_Selector.c:708:13:SetScgHsrunSel	16	static
Clock_Ip_Selector.c:722:13:ResetSimRtcSel_TrustedCall	16	static
Clock_Ip_Selector.c:734:13:ResetSimRtcSel	16	static
Clock_Ip_Selector.c:744:13:SetSimRtcSel_TrustedCall	16	static
Clock_Ip_Selector.c:754:13:SetSimRtcSel	16	static
Clock_Ip_Selector.c:767:13:ResetSimLpoSel_TrustedCall	16	static
Clock_Ip_Selector.c:779:13:ResetSimLpoSel	16	static
Clock_Ip_Selector.c:789:13:SetSimLpoSel_TrustedCall	16	static
Clock_Ip_Selector.c:802:13:SetSimLpoSel	16	static
Clock_Ip_Selector.c:815:13:ResetScgClkoutSel_TrustedCall	16	static
Clock_Ip_Selector.c:828:13:ResetScgClkoutSel	16	static
Clock_Ip_Selector.c:838:13:SetScgClkoutSel_TrustedCall	16	static
Clock_Ip_Selector.c:848:13:SetScgClkoutSel	16	static
Clock_Ip_Selector.c:865:13:ResetSimFtmoptSel_TrustedCall	24	static
Clock_Ip_Selector.c:885:13:ResetSimFtmoptSel	16	static
Clock_Ip_Selector.c:895:13:SetSimFtmoptSel_TrustedCall	24	static
Clock_Ip_Selector.c:915:13:SetSimFtmoptSel	16	static
Clock_Ip_Selector.c:929:13:ResetSimClkoutSel_TrustedCall	16	static
Clock_Ip_Selector.c:939:13:ResetSimClkoutSel	16	static
Clock_Ip_Selector.c:949:13:SetSimClkoutSel_TrustedCall	16	static
Clock_Ip_Selector.c:959:13:SetSimClkoutSel	16	static
Clock_Ip_Selector.c:975:13:ResetPccPcsSelect_TrustedCall	16	static
Clock_Ip_Selector.c:984:13:ResetPccPcsSelect	16	static
Clock_Ip_Selector.c:994:13:SetPccPcsSelect_TrustedCall	24	static
Clock_Ip_Selector.c:1005:13:SetPccPcsSelect	16	static
Clock_Ip_Selector.c:1018:13:ResetSimTraceSel_TrustedCall	16	static
Clock_Ip_Selector.c:1030:13:ResetSimTraceSel	16	static
Clock_Ip_Selector.c:1040:13:SetSimTraceSel_TrustedCall	16	static
Clock_Ip_Selector.c:1051:13:SetSimTraceSel	16	static
