Clock_Ip_Frequency.c:410:15:get_Zero_Frequency	0	static
Clock_Ip_Frequency.c:416:15:get_LPO_128K_CLK_Frequency	0	static
Clock_Ip_Frequency.c:422:15:get_FIRC_CLK_Frequency	0	static
Clock_Ip_Frequency.c:428:15:get_SOSC_CLK_Frequency	0	static
Clock_Ip_Frequency.c:434:15:get_SIRC_CLK_Frequency	0	static
Clock_Ip_Frequency.c:441:15:get_SPLL_CLK_Frequency	8	static
Clock_Ip_Frequency.c:458:15:get_SIRCDIV1_CLK_Frequency	16	static
Clock_Ip_Frequency.c:465:15:get_SIRCDIV2_CLK_Frequency	16	static
Clock_Ip_Frequency.c:472:15:get_FIRCDIV1_CLK_Frequency	16	static
Clock_Ip_Frequency.c:479:15:get_FIRCDIV2_CLK_Frequency	16	static
Clock_Ip_Frequency.c:486:15:get_SOSCDIV1_CLK_Frequency	16	static
Clock_Ip_Frequency.c:493:15:get_SOSCDIV2_CLK_Frequency	16	static
Clock_Ip_Frequency.c:501:15:get_SPLLDIV1_CLK_Frequency	16	static
Clock_Ip_Frequency.c:510:15:get_SPLLDIV2_CLK_Frequency	16	static
Clock_Ip_Frequency.c:518:15:get_LPO_32K_CLK_Frequency	8	static
Clock_Ip_Frequency.c:524:15:get_LPO_1K_CLK_Frequency	8	static
Clock_Ip_Frequency.c:530:15:get_tclk0_ref_Frequency	0	static
Clock_Ip_Frequency.c:536:15:get_tclk1_ref_Frequency	0	static
Clock_Ip_Frequency.c:542:15:get_tclk2_ref_Frequency	0	static
Clock_Ip_Frequency.c:548:15:get_rtc_clkin_Frequency	0	static
Clock_Ip_Frequency.c:554:15:get_SCS_CLK_Frequency	8	static
Clock_Ip_Frequency.c:575:15:get_CORE_CLK_Frequency	8	static
Clock_Ip_Frequency.c:581:15:get_BUS_CLK_Frequency	8	static
Clock_Ip_Frequency.c:587:15:get_SLOW_CLK_Frequency	8	static
Clock_Ip_Frequency.c:593:15:get_RTC_CLK_Frequency	8	static
Clock_Ip_Frequency.c:606:15:get_LPO_CLK_Frequency	8	static
Clock_Ip_Frequency.c:620:15:get_SCG_CLKOUT_CLK_Frequency	8	static
Clock_Ip_Frequency.c:642:15:get_FTM0_EXT_CLK_Frequency	8	static
Clock_Ip_Frequency.c:648:15:get_FTM1_EXT_CLK_Frequency	8	static
Clock_Ip_Frequency.c:655:15:get_FTM2_EXT_CLK_Frequency	8	static
Clock_Ip_Frequency.c:663:15:get_FTM3_EXT_CLK_Frequency	8	static
Clock_Ip_Frequency.c:702:15:get_ADC0_CLK_Frequency	16	static
Clock_Ip_Frequency.c:712:15:get_ADC1_CLK_Frequency	16	static
Clock_Ip_Frequency.c:722:15:get_CLKOUT0_CLK_Frequency	24	static
Clock_Ip_Frequency.c:772:15:get_CMP0_CLK_Frequency	16	static
Clock_Ip_Frequency.c:800:15:get_CRC0_CLK_Frequency	16	static
Clock_Ip_Frequency.c:809:15:get_DMA0_CLK_Frequency	16	static
Clock_Ip_Frequency.c:817:15:get_DMAMUX0_CLK_Frequency	16	static
Clock_Ip_Frequency.c:825:15:get_EIM0_CLK_Frequency	16	static
Clock_Ip_Frequency.c:846:15:get_ERM0_CLK_Frequency	16	static
Clock_Ip_Frequency.c:855:15:get_EWM0_CLK_Frequency	16	static
Clock_Ip_Frequency.c:864:15:get_FLEXCAN0_CLK_Frequency	16	static
Clock_Ip_Frequency.c:873:15:get_FLEXCAN1_CLK_Frequency	16	static
Clock_Ip_Frequency.c:883:15:get_FLEXCAN2_CLK_Frequency	16	static
Clock_Ip_Frequency.c:892:15:get_FTM0_CLK_Frequency	16	static
Clock_Ip_Frequency.c:908:15:get_FTM1_CLK_Frequency	16	static
Clock_Ip_Frequency.c:925:15:get_FTM2_CLK_Frequency	16	static
Clock_Ip_Frequency.c:943:15:get_FTM3_CLK_Frequency	16	static
Clock_Ip_Frequency.c:1043:15:get_FlexIO_CLK_Frequency	16	static
Clock_Ip_Frequency.c:1053:15:get_FTFC_CLK_Frequency	16	static
Clock_Ip_Frequency.c:1074:15:get_LPI2C0_CLK_Frequency	16	static
Clock_Ip_Frequency.c:1094:15:get_LPIT0_CLK_Frequency	16	static
Clock_Ip_Frequency.c:1103:15:get_LPSPI0_CLK_Frequency	16	static
Clock_Ip_Frequency.c:1112:15:get_LPSPI1_CLK_Frequency	16	static
Clock_Ip_Frequency.c:1122:15:get_LPSPI2_CLK_Frequency	16	static
Clock_Ip_Frequency.c:1132:15:get_LPTMR0_CLK_Frequency	24	static
Clock_Ip_Frequency.c:1142:15:get_LPUART0_CLK_Frequency	16	static
Clock_Ip_Frequency.c:1151:15:get_LPUART1_CLK_Frequency	16	static
Clock_Ip_Frequency.c:1161:15:get_LPUART2_CLK_Frequency	16	static
Clock_Ip_Frequency.c:1171:15:get_MPU0_CLK_Frequency	16	static
Clock_Ip_Frequency.c:1179:15:get_MSCM0_CLK_Frequency	16	static
Clock_Ip_Frequency.c:1187:15:get_PDB0_CLK_Frequency	16	static
Clock_Ip_Frequency.c:1196:15:get_PDB1_CLK_Frequency	16	static
Clock_Ip_Frequency.c:1205:15:get_PORTA_CLK_Frequency	16	static
Clock_Ip_Frequency.c:1213:15:get_PORTB_CLK_Frequency	16	static
Clock_Ip_Frequency.c:1221:15:get_PORTC_CLK_Frequency	16	static
Clock_Ip_Frequency.c:1229:15:get_PORTD_CLK_Frequency	16	static
Clock_Ip_Frequency.c:1237:15:get_PORTE_CLK_Frequency	16	static
Clock_Ip_Frequency.c:1374:15:get_RTC0_CLK_Frequency	16	static
Clock_Ip_Frequency.c:1405:15:get_TRACE_CLK_Frequency	24	static
Clock_Ip_Frequency.c:1418:15:PLL_VCO	40	static
Clock_Ip_Frequency.c:1452:6:Clock_Ip_SetExternalOscillatorFrequency	8	static
Clock_Ip_Frequency.c:1459:6:Clock_Ip_SetExternalSignalFrequency	16	static
Clock_Ip_Frequency.c:1476:8:Clock_Ip_GetFreq	16	static
