Ftm_Pwm_Ip_HwAccess.h:135:20:Ftm_Pwm_Ip_SetClockPs	8	static
Ftm_Pwm_Ip_HwAccess.h:163:20:Ftm_Pwm_Ip_SetClockSource	8	static
Ftm_Pwm_Ip_HwAccess.h:194:20:Ftm_Pwm_Ip_SetCpwms	8	static
Ftm_Pwm_Ip_HwAccess.h:209:42:Ftm_Pwm_Ip_GetCpwms	8	static
Ftm_Pwm_Ip_HwAccess.h:274:20:Ftm_Pwm_Ip_SetTimerOverflowInt	8	static
Ftm_Pwm_Ip_HwAccess.h:313:20:Ftm_Pwm_Ip_ClearTimerOverflow	8	static
Ftm_Pwm_Ip_HwAccess.h:330:20:Ftm_Pwm_Ip_EnablePwmChannelOutputs	8	static
Ftm_Pwm_Ip_HwAccess.h:359:20:Ftm_Pwm_Ip_SetCounter	8	static
Ftm_Pwm_Ip_HwAccess.h:387:20:Ftm_Pwm_Ip_SetMod	8	static
Ftm_Pwm_Ip_HwAccess.h:457:21:Ftm_Pwm_Ip_GetChnEdgeLevel	16	static
Ftm_Pwm_Ip_HwAccess.h:476:20:Ftm_Pwm_Ip_SetChnEdgeLevel	24	static
Ftm_Pwm_Ip_HwAccess.h:498:20:Ftm_Pwm_Ip_SetChnMSBAMode	24	static
Ftm_Pwm_Ip_HwAccess.h:522:21:Ftm_Pwm_Ip_GetChnMode	16	static
Ftm_Pwm_Ip_HwAccess.h:541:20:Ftm_Pwm_Ip_UpdateChnInt	8	static
Ftm_Pwm_Ip_HwAccess.h:565:20:Ftm_Pwm_Ip_ClearChnEventFlag	8	static
Ftm_Pwm_Ip_HwAccess.h:602:23:Ftm_Pwm_Ip_GetChOutputValue	8	static
Ftm_Pwm_Ip_HwAccess.h:617:20:Ftm_Pwm_Ip_SetChnCountVal	8	static
Ftm_Pwm_Ip_HwAccess.h:648:20:Ftm_Pwm_Ip_SetCounterInitVal	8	static
Ftm_Pwm_Ip_HwAccess.h:716:20:Ftm_Pwm_Ip_Enable	8	static
Ftm_Pwm_Ip_HwAccess.h:761:20:Ftm_Pwm_Ip_SetPwmSyncMode	8	static
Ftm_Pwm_Ip_HwAccess.h:777:20:Ftm_Pwm_Ip_SetMinLoadingCmd	8	static
Ftm_Pwm_Ip_HwAccess.h:791:20:Ftm_Pwm_Ip_SetMaxLoadingCmd	8	static
Ftm_Pwm_Ip_HwAccess.h:822:20:Ftm_Pwm_Ip_SetOutmaskPwmSyncModeCmd	8	static
Ftm_Pwm_Ip_HwAccess.h:840:20:Ftm_Pwm_Ip_SetHardwareSyncTriggerSrc	8	static
Ftm_Pwm_Ip_HwAccess.h:862:20:Ftm_Pwm_Ip_SetSoftwareTriggerCmd	8	static
Ftm_Pwm_Ip_HwAccess.h:881:20:Ftm_Pwm_Ip_SetChnOutputInitStateCmd	16	static
Ftm_Pwm_Ip_HwAccess.h:908:20:Ftm_Pwm_Ip_SetChnOutputMask	8	static
Ftm_Pwm_Ip_HwAccess.h:930:20:Ftm_Pwm_Ip_SetOutmaskReg	8	static
Ftm_Pwm_Ip_HwAccess.h:945:20:Ftm_Pwm_Ip_ClearOutmaskReg	8	static
Ftm_Pwm_Ip_HwAccess.h:977:20:Ftm_Pwm_Ip_SetDualChnCombineCmd	8	static
Ftm_Pwm_Ip_HwAccess.h:1001:23:Ftm_Pwm_Ip_GetDualChnCombineCmd	8	static
Ftm_Pwm_Ip_HwAccess.h:1016:20:Ftm_Pwm_Ip_SetDualChnCompCmd	8	static
Ftm_Pwm_Ip_HwAccess.h:1039:20:Ftm_Pwm_Ip_SetDualChnDeadtimeCmd	8	static
Ftm_Pwm_Ip_HwAccess.h:1062:20:Ftm_Pwm_Ip_SetDualChnPwmSyncCmd	8	static
Ftm_Pwm_Ip_HwAccess.h:1086:20:Ftm_Pwm_Ip_SetDualChnMCombineCmd	8	static
Ftm_Pwm_Ip_HwAccess.h:1129:20:Ftm_Pwm_Ip_SetDeadtimeCount	8	static
Ftm_Pwm_Ip_HwAccess.h:1144:20:Ftm_Pwm_Ip_SetDeadtimePrescaler	8	static
Ftm_Pwm_Ip_HwAccess.h:1166:20:Ftm_Pwm_Ip_SetExtDeadtimeValue	8	static
Ftm_Pwm_Ip_HwAccess.h:1182:20:Ftm_Pwm_Ip_SetInitTriggerCmd	8	static
Ftm_Pwm_Ip_HwAccess.h:1216:20:Ftm_Pwm_Ip_DisableTriggerMask	8	static
Ftm_Pwm_Ip_HwAccess.h:1227:20:Ftm_Pwm_Ip_EnableTriggerMask	8	static
Ftm_Pwm_Ip_HwAccess.h:1244:20:Ftm_Pwm_Ip_SetChnOutputPolarityCmd	16	static
Ftm_Pwm_Ip_HwAccess.h:1267:39:Ftm_Pwm_Ip_GetChnOutputPolarity	8	static
Ftm_Pwm_Ip_HwAccess.h:1302:20:Ftm_Pwm_Ip_SetLoadFreq	8	static
Ftm_Pwm_Ip_HwAccess.h:1327:20:Ftm_Pwm_Ip_SetBdmMode	8	static
Ftm_Pwm_Ip_HwAccess.h:1376:20:Ftm_Pwm_Ip_SetInitTriggerMode	8	static
Ftm_Pwm_Ip_HwAccess.h:1393:20:Ftm_Pwm_Ip_SetHwTriggerSyncModeCmd	8	static
Ftm_Pwm_Ip_HwAccess.h:1407:20:Ftm_Pwm_Ip_SetCntinPwmSyncModeCmd	8	static
Ftm_Pwm_Ip_HwAccess.h:1421:20:Ftm_Pwm_Ip_SetInvctrlPwmSyncModeCmd	8	static
Ftm_Pwm_Ip_HwAccess.h:1435:20:Ftm_Pwm_Ip_SetSwoctrlPwmSyncModeCmd	8	static
Ftm_Pwm_Ip_HwAccess.h:1449:20:Ftm_Pwm_Ip_SetPwmSyncModeCmd	8	static
Ftm_Pwm_Ip_HwAccess.h:1463:20:Ftm_Pwm_Ip_SetCounterSoftwareSyncModeCmd	8	static
Ftm_Pwm_Ip_HwAccess.h:1477:20:Ftm_Pwm_Ip_SetModCntinCvSoftwareSyncModeCmd	8	static
Ftm_Pwm_Ip_HwAccess.h:1491:20:Ftm_Pwm_Ip_SetOutmaskSoftwareSyncModeCmd	8	static
Ftm_Pwm_Ip_HwAccess.h:1505:20:Ftm_Pwm_Ip_SetInvctrlSoftwareSyncModeCmd	8	static
Ftm_Pwm_Ip_HwAccess.h:1519:20:Ftm_Pwm_Ip_SetSwoctrlSoftwareSyncModeCmd	8	static
Ftm_Pwm_Ip_HwAccess.h:1533:20:Ftm_Pwm_Ip_SetCounterHardwareSyncModeCmd	8	static
Ftm_Pwm_Ip_HwAccess.h:1547:20:Ftm_Pwm_Ip_SetModCntinCvHardwareSyncModeCmd	8	static
Ftm_Pwm_Ip_HwAccess.h:1561:20:Ftm_Pwm_Ip_SetOutmaskHardwareSyncModeCmd	8	static
Ftm_Pwm_Ip_HwAccess.h:1575:20:Ftm_Pwm_Ip_SetInvctrlHardwareSyncModeCmd	8	static
Ftm_Pwm_Ip_HwAccess.h:1664:20:Ftm_Pwm_Ip_SetChnSoftwareCtrlVal	16	static
Ftm_Pwm_Ip_HwAccess.h:1703:20:Ftm_Pwm_Ip_SetChnSoftwareCtrlCmd	8	static
Ftm_Pwm_Ip_HwAccess.h:1723:20:Ftm_Pwm_Ip_SoftwareOutputControl	8	static
Ftm_Pwm_Ip_HwAccess.h:1742:20:Ftm_Pwm_Ip_SetPwmLoadChnSelCmd	8	static
Ftm_Pwm_Ip_HwAccess.h:1767:20:Ftm_Pwm_Ip_SetHalfCycleCmd	8	static
Ftm_Pwm_Ip_HwAccess.h:2010:22:Ftm_Pwm_Ip_GetSoftwareOutputControl	8	static
Ftm_Pwm_Ip_HwAccess.h:2024:22:Ftm_Pwm_Ip_GetPolInstance	8	static
Ftm_Pwm_Ip_HwAccess.h:2068:42:Ftm_Pwm_Ip_GetChannelMode	24	static
Ftm_Pwm_Ip_HwAccess.h:2126:20:Ftm_Pwm_Ip_UpdateWriteProtection	8	static
Ftm_Pwm_Ip_HwAccess.h:2151:20:Ftm_Pwm_Ip_Reset	24	static
Ftm_Pwm_Ip_HwAccess.h:2228:20:Ftm_Pwm_Ip_SetChnTriggerCmd	16	static
Ftm_Pwm_Ip_HwAccess.h:2266:20:Ftm_Pwm_Ip_SetFaultControlMode	8	static
Ftm_Pwm_Ip_HwAccess.h:2299:20:Ftm_Pwm_Ip_SetDualChFaultCtr	8	static
Ftm_Pwm_Ip_HwAccess.h:2317:20:Ftm_Pwm_Ip_SetFaultInterruptEnable	8	static
Ftm_Pwm_Ip_HwAccess.h:2419:20:Ftm_Pwm_Ip_SetFaultFilterValue	8	static
Ftm_Pwm_Ip_HwAccess.h:2430:20:Ftm_Pwm_Ip_SetFaultOutputState	8	static
Ftm_Pwm_Ip_HwAccess.h:2441:20:Ftm_Pwm_Ip_SetFaultPolarity	24	static
Ftm_Pwm_Ip_HwAccess.h:2454:20:Ftm_Pwm_Ip_SetFaultInputEn	16	static
Ftm_Pwm_Ip_HwAccess.h:2467:20:Ftm_Pwm_Ip_SetFaultFilterEn	16	static
Ftm_Pwm_Ip_HwAccess.h:2483:20:Ftm_Pwm_Ip_SetSimOutputBufferEn	8	static
Ftm_Pwm_Ip.c:394:15:Ftm_Pwm_Ip_CalculatePhaseShift	16	static
Ftm_Pwm_Ip.c:428:14:Ftm_Pwm_Ip_InitPair	24	static
Ftm_Pwm_Ip.c:510:13:Ftm_Pwm_Ip_DisableCmpIrq	32	static
Ftm_Pwm_Ip.c:563:13:Ftm_Pwm_Ip_UpdateNotificationState	8	static
Ftm_Pwm_Ip.c:614:13:Ftm_Pwm_Ip_UpdateNotificationStateCombine	8	static
Ftm_Pwm_Ip.c:660:13:Ftm_Pwm_Ip_ConfigureSWandHWSync	24	static
Ftm_Pwm_Ip.c:706:13:Ftm_Pwm_Ip_ConfigureSyncType	24	static
Ftm_Pwm_Ip.c:729:30:Ftm_Pwm_Ip_UpdateSync	32	static
Ftm_Pwm_Ip.c:937:13:Ftm_Pwm_Ip_ResetAndFirstConfigure	24	static
Ftm_Pwm_Ip.c:964:13:Ftm_Pwm_Ip_InitInstance	24	static
Ftm_Pwm_Ip.c:1054:13:Ftm_Pwm_Ip_InitInstanceStart	24	static
Ftm_Pwm_Ip.c:1095:13:Ftm_Pwm_Ip_ConfigurePairedChannel	24	static
Ftm_Pwm_Ip.c:1154:13:Ftm_Pwm_Ip_SetChnTriggerAndSoftwareCtrl	24	static
Ftm_Pwm_Ip.c:1180:13:Ftm_Pwm_Ip_InitChannel	24	static
Ftm_Pwm_Ip.c:1299:13:Ftm_Pwm_Ip_DeInitInstance	24	static
Ftm_Pwm_Ip.c:1339:13:Ftm_Pwm_Ip_DeInitChannel	24	static
Ftm_Pwm_Ip.c:1380:13:Ftm_Pwm_Ip_InitChFault	24	static
Ftm_Pwm_Ip.c:1405:6:Ftm_Pwm_Ip_Init	24	static
Ftm_Pwm_Ip.c:1454:6:Ftm_Pwm_Ip_DeInit	24	static
Ftm_Pwm_Ip.c:1485:6:Ftm_Pwm_Ip_UpdatePwmDutyCycleChannel	40	static
Ftm_Pwm_Ip.c:1582:6:Ftm_Pwm_Ip_UpdatePwmPeriodAndDuty	24	static
Ftm_Pwm_Ip.c:1649:6:Ftm_Pwm_Ip_SwOutputControl	40	static
Ftm_Pwm_Ip.c:1761:23:Ftm_Pwm_Ip_UpdatePwmChannel	32	static
Ftm_Pwm_Ip.c:1839:23:Ftm_Pwm_Ip_UpdatePwmPeriod	24	static
Ftm_Pwm_Ip.c:1879:28:Ftm_Pwm_Ip_GetOutputState	24	static
Ftm_Pwm_Ip.c:1915:6:Ftm_Pwm_Ip_DisableNotification	32	static
Ftm_Pwm_Ip.c:1956:13:Ftm_Pwm_Ip_SetNormalNotificationCase	32	static
Ftm_Pwm_Ip.c:2021:6:Ftm_Pwm_Ip_EnableNotification	24	static
Ftm_Pwm_Ip.c:2085:6:Ftm_Pwm_Ip_SetPowerState	24	static
Ftm_Pwm_Ip.c:2113:6:Ftm_Pwm_Ip_SetClockMode	24	static
Ftm_Pwm_Ip.c:2140:6:Ftm_Pwm_Ip_ResetCounter	24	static
Ftm_Pwm_Ip.c:2161:8:Ftm_Pwm_Ip_GetChannelState	16	static
Ftm_Pwm_Ip.c:2182:6:Ftm_Pwm_Ip_FastUpdatePwmDuty	32	static
Ftm_Pwm_Ip.c:2214:6:Ftm_Pwm_Ip_MaskOutputChannels	24	static
Ftm_Pwm_Ip.c:2240:6:Ftm_Pwm_Ip_UnMaskOutputChannels	24	static
Ftm_Pwm_Ip.c:2265:6:Ftm_Pwm_Ip_SetPhaseShift	24	static
Ftm_Pwm_Ip.c:2349:6:Ftm_Pwm_Ip_SetDutyPhaseShift	32	static
Ftm_Pwm_Ip.c:2443:7:Ftm_Pwm_Ip_DisableTrigger	24	static
Ftm_Pwm_Ip.c:2466:7:Ftm_Pwm_Ip_EnableTrigger	24	static
Ftm_Pwm_Ip.c:2489:6:Ftm_Pwm_Ip_SyncUpdate	24	static
Ftm_Pwm_Ip.c:2510:6:Ftm_Pwm_Ip_SetChannelDeadTime	24	static
