Port_Ci_Port_Ip.c:194:15:Port_Ci_Port_Ip_GetAdcInterleaveVal	24	static
Port_Ci_Port_Ip.c:266:25:Port_Ci_Port_Ip_ConfigureInterleave	40	static
Port_Ci_Port_Ip.c:300:13:Port_Ci_Port_Ip_PinInit	32	static
Port_Ci_Port_Ip.c:414:32:Port_Ci_Port_Ip_Init	24	static
Port_Ci_Port_Ip.c:437:6:Port_Ci_Port_Ip_SetMuxModeSel	32	static
Port_Ci_Port_Ip.c:472:6:Port_Ci_Port_Ip_EnableDigitalFilter	16	static
Port_Ci_Port_Ip.c:492:6:Port_Ci_Port_Ip_DisableDigitalFilter	16	static
Port_Ci_Port_Ip.c:512:6:Port_Ci_Port_Ip_ConfigDigitalFilter	8	static
Port_Ci_Port_Ip.c:532:6:Port_Ci_Port_Ip_SetGlobalPinControl	24	static
