Lpuart_Uart_Ip_HwAccess.h:200:20:Lpuart_Uart_Ip_Hw_Init	8	static
Lpuart_Uart_Ip_HwAccess.h:221:20:Lpuart_Uart_Ip_SetTransmitterCmd	8	static
Lpuart_Uart_Ip_HwAccess.h:236:20:Lpuart_Uart_Ip_SetReceiverCmd	8	static
Lpuart_Uart_Ip_HwAccess.h:250:20:Lpuart_Uart_Ip_SetBaudRateDivisor	8	static
Lpuart_Uart_Ip_HwAccess.h:283:20:Lpuart_Uart_Ip_SetOversamplingRatio	8	static
Lpuart_Uart_Ip_HwAccess.h:316:20:Lpuart_Uart_Ip_EnableBothEdgeSamplingCmd	8	static
Lpuart_Uart_Ip_HwAccess.h:333:20:Lpuart_Uart_Ip_SetBitCountPerChar	24	static
Lpuart_Uart_Ip_HwAccess.h:386:20:Lpuart_Uart_Ip_SetParityMode	8	static
Lpuart_Uart_Ip_HwAccess.h:403:20:Lpuart_Uart_Ip_SetStopBitCount	8	static
Lpuart_Uart_Ip_HwAccess.h:419:20:Lpuart_Uart_Ip_SetIntMode	16	static
Lpuart_Uart_Ip_HwAccess.h:434:23:Lpuart_Uart_Ip_GetIntMode	16	static
Lpuart_Uart_Ip_HwAccess.h:480:20:Lpuart_Uart_Ip_Putchar	16	static
Lpuart_Uart_Ip_HwAccess.h:495:20:Lpuart_Uart_Ip_Putchar9	16	static
Lpuart_Uart_Ip_HwAccess.h:519:20:Lpuart_Uart_Ip_Putchar10	24	static
Lpuart_Uart_Ip_HwAccess.h:548:21:Lpuart_Uart_Ip_Getchar	8	static
Lpuart_Uart_Ip_HwAccess.h:561:22:Lpuart_Uart_Ip_Getchar9	16	static
Lpuart_Uart_Ip_HwAccess.h:581:22:Lpuart_Uart_Ip_Getchar10	16	static
Lpuart_Uart_Ip_HwAccess.h:605:23:Lpuart_Uart_Ip_GetStatusFlag	16	static
Lpuart_Uart_Ip_HwAccess.h:621:20:Lpuart_Uart_Ip_ClearStatusFlag	8	static
Lpuart_Uart_Ip_HwAccess.h:655:20:Lpuart_Uart_Ip_ClearStatusFlagWithMask	8	static
Lpuart_Uart_Ip_HwAccess.h:667:20:Lpuart_Uart_Ip_ClearErrorFlags	16	static
Lpuart_Uart_Ip_HwAccess.h:682:20:Lpuart_Uart_Ip_StartTimeout	24	static
Lpuart_Uart_Ip_HwAccess.h:694:23:Lpuart_Uart_Ip_CheckTimeout	32	static
Lpuart_Uart_Ip_HwAccess.h:708:20:Lpuart_Uart_Ip_FlushTxBuffer	8	static
Lpuart_Uart_Ip_HwAccess.h:720:20:Lpuart_Uart_Ip_FlushRxBuffer	8	static
Lpuart_Uart_Ip.c:243:6:Lpuart_Uart_Ip_Init	32	static
Lpuart_Uart_Ip.c:327:6:Lpuart_Uart_Ip_Deinit	32	static
Lpuart_Uart_Ip.c:370:27:Lpuart_Uart_Ip_SyncSend	56	static
Lpuart_Uart_Ip.c:453:27:Lpuart_Uart_Ip_AsyncSend	40	static
Lpuart_Uart_Ip.c:515:27:Lpuart_Uart_Ip_GetTransmitStatus	16	static
Lpuart_Uart_Ip.c:570:27:Lpuart_Uart_Ip_AbortSendingData	40	static
Lpuart_Uart_Ip.c:626:27:Lpuart_Uart_Ip_SyncReceive	56	static
Lpuart_Uart_Ip.c:709:13:Lpuart_Uart_Ip_StartGetData	88	static
Lpuart_Uart_Ip.c:774:27:Lpuart_Uart_Ip_AsyncReceive	40	static
Lpuart_Uart_Ip.c:836:27:Lpuart_Uart_Ip_GetReceiveStatus	16	static
Lpuart_Uart_Ip.c:889:27:Lpuart_Uart_Ip_AbortReceivingData	40	static
Lpuart_Uart_Ip.c:950:27:Lpuart_Uart_Ip_SetBaudRate	72	static
Lpuart_Uart_Ip.c:1060:6:Lpuart_Uart_Ip_GetBaudRate	16	static
Lpuart_Uart_Ip.c:1081:27:Lpuart_Uart_Ip_SetTxBuffer	24	static
Lpuart_Uart_Ip.c:1108:27:Lpuart_Uart_Ip_SetRxBuffer	24	static
Lpuart_Uart_Ip.c:1134:6:Lpuart_Uart_Ip_IrqHandler	32	static
Lpuart_Uart_Ip.c:1208:13:Lpuart_Uart_Ip_RxIrqHandler	24	static
Lpuart_Uart_Ip.c:1250:13:Lpuart_Uart_Ip_TxEmptyIrqHandler	32	static
Lpuart_Uart_Ip.c:1288:13:Lpuart_Uart_Ip_TxCompleteIrqHandler	24	static
Lpuart_Uart_Ip.c:1318:13:Lpuart_Uart_Ip_ErrIrqHandler	32	static
Lpuart_Uart_Ip.c:1431:34:Lpuart_Uart_Ip_StartSendDataUsingInt	32	static
Lpuart_Uart_Ip.c:1530:13:Lpuart_Uart_Ip_CompleteSendDataUsingInt	40	static
Lpuart_Uart_Ip.c:1696:34:Lpuart_Uart_Ip_StartReceiveDataUsingInt	32	static
Lpuart_Uart_Ip.c:1814:13:Lpuart_Uart_Ip_CompleteReceiveDataUsingInt	40	static
Lpuart_Uart_Ip.c:2015:13:Lpuart_Uart_Ip_PutData	40	static
Lpuart_Uart_Ip.c:2074:13:Lpuart_Uart_Ip_GetData	32	static
