Clock_Ip_Gate.c:197:13:ClockSetGateEmpty	8	static
Clock_Ip_Gate.c:202:13:ClockUpdateGateEmpty	8	static
Clock_Ip_Gate.c:294:13:ClockSetSimLPO1KEnable_TrustedCall	16	static
Clock_Ip_Gate.c:303:13:ClockSetSimLPO1KEnable	16	static
Clock_Ip_Gate.c:314:13:ClockUpdateSimLPO1KEnable	24	static
Clock_Ip_Gate.c:333:13:ClockSetSimLPO32KEnable_TrustedCall	16	static
Clock_Ip_Gate.c:342:13:ClockSetSimLPO32KEnable	16	static
Clock_Ip_Gate.c:352:13:ClockUpdateSimLPO32KEnable	24	static
Clock_Ip_Gate.c:371:13:ClockSetSimClkoutEnable_TrustedCall	16	static
Clock_Ip_Gate.c:380:13:ClockSetSimClkoutEnable	16	static
Clock_Ip_Gate.c:390:13:ClockUpdateSimClkoutEnable	24	static
Clock_Ip_Gate.c:409:13:ClockSetPccCgcEnable_TrustedCall	16	static
Clock_Ip_Gate.c:419:13:ClockSetPccCgcEnable	16	static
Clock_Ip_Gate.c:429:13:ClockUpdatePccCgcEnable	24	static
Clock_Ip_Gate.c:451:13:ClockSetSimGate_TrustedCall	24	static
Clock_Ip_Gate.c:461:13:ClockSetSimGate	16	static
Clock_Ip_Gate.c:471:13:ClockUpdateSimGate	24	static
Clock_Ip_Gate.c:490:13:ClockSetSimTraceEnable_TrustedCall	16	static
Clock_Ip_Gate.c:505:13:ClockSetSimTraceEnable	16	static
Clock_Ip_Gate.c:516:13:ClockUpdateSimTraceEnable	24	static
