Devassert.h:65:20:DevAssert	8	static
OsIf_Timer_System_Internal_Systick.h:121:20:OsIf_Timer_System_Internal_Init	0	static
OsIf_Timer_System_Internal_Systick.h:131:22:OsIf_Timer_System_Internal_GetCounter	0	static
OsIf_Timer_System_Internal_Systick.h:136:22:OsIf_Timer_System_Internal_GetElapsed	16	static
OsIf_Timer_System.c:252:6:OsIf_Timer_System_Init	16	static
OsIf_Timer_System.c:285:8:OsIf_Timer_System_GetCounter	16	static
OsIf_Timer_System.c:331:8:OsIf_Timer_System_GetElapsed	24	static
OsIf_Timer_System.c:377:6:OsIf_Timer_System_SetTimerFrequency	24	static
OsIf_Timer_System.c:416:8:OsIf_Timer_System_MicrosToTicks	40	static
