Ftm_Pwm_Ip_HwAccess.h:289:23:Ftm_Pwm_Ip_IsOverflowIntEnabled	8	static
Ftm_Pwm_Ip_HwAccess.h:303:23:Ftm_Pwm_Ip_GetTimerOverflow	8	static
Ftm_Pwm_Ip_HwAccess.h:313:20:Ftm_Pwm_Ip_ClearTimerOverflow	8	static
Ftm_Pwm_Ip_HwAccess.h:553:23:Ftm_Pwm_Ip_IsChnIntEnabled	8	static
Ftm_Pwm_Ip_HwAccess.h:565:20:Ftm_Pwm_Ip_ClearChnEventFlag	8	static
Ftm_Pwm_Ip_HwAccess.h:585:23:Ftm_Pwm_Ip_HasChnEventOccurred	8	static
Ftm_Pwm_Ip_HwAccess.h:862:20:Ftm_Pwm_Ip_SetSoftwareTriggerCmd	8	static
Ftm_Pwm_Ip_HwAccess.h:930:20:Ftm_Pwm_Ip_SetOutmaskReg	8	static
Ftm_Pwm_Ip_HwAccess.h:945:20:Ftm_Pwm_Ip_ClearOutmaskReg	8	static
Ftm_Pwm_Ip_HwAccess.h:960:22:Ftm_Pwm_Ip_GetOutputMask	8	static
Ftm_Pwm_Ip_HwAccess.h:1723:20:Ftm_Pwm_Ip_SoftwareOutputControl	8	static
Ftm_Pwm_Ip_HwAccess.h:2010:22:Ftm_Pwm_Ip_GetSoftwareOutputControl	8	static
Ftm_Pwm_Ip_HwAccess.h:2356:23:Ftm_Pwm_Ip_GetFaultDetectionFlag	8	static
Ftm_Pwm_Ip_HwAccess.h:2378:22:Ftm_Pwm_Ip_GetFaultModeStatus	8	static
Ftm_Pwm_Ip_HwAccess.h:2388:20:Ftm_Pwm_Ip_SetFaultModeStatus	8	static
Ftm_Pwm_Ip_Irq.c:187:13:Ftm_Pwm_Ip_ProcessErrata	32	static
Ftm_Pwm_Ip_Irq.c:241:13:Ftm_Pwm_Ip_ProcessTofInterrupt	32	static
Ftm_Pwm_Ip_Irq.c:323:13:Ftm_Pwm_Ip_ProcessCommonInterrupt	24	static
Ftm_Pwm_Ip_Irq.c:477:1:FTM_0_OVF_ISR	24	static
Ftm_Pwm_Ip_Irq.c:661:1:FTM_0_CH_0_CH_1_ISR	24	static
Ftm_Pwm_Ip_Irq.c:689:1:FTM_0_CH_2_CH_3_ISR	24	static
