ST7789_low_level.c:50:13:TestDelay	8	static
ST7789_low_level.c:91:7:GB_MA_SPI_send_byte_conti_image	32	static
ST7789_low_level.c:101:6:GB_MA_SPI_send_byte_conti	40	static
ST7789_low_level.c:111:6:GB_MA_SPI_exchange_byte	32	static
ST7789_low_level.c:127:6:GB_STT7789_SPI_CS_low	8	static
ST7789_low_level.c:132:6:GB_STT7789_SPI_CS_high	8	static
ST7789_low_level.c:137:6:GB_ST7789_SendCommand	24	static
ST7789_low_level.c:151:6:GB_ST7789_SendData	16	static
ST7789_low_level.c:158:6:GB_ST7789_SendDataIm	16	static
ST7789_low_level.c:166:6:GB_ST7789_Init	24	static
ST7789_low_level.c:250:6:ST7789_SetAddressWindow	32	static
ST7789_low_level.c:274:6:ST7789_Fill_Color	24	static
ST7789_low_level.c:326:6:ST7789_DrawImage	32	static
ST7789_low_level.c:360:6:ST7789DrawPixel	24	static
ST7789_low_level.c:383:6:ST7789_WriteChar	40	static
ST7789_low_level.c:457:6:ST7789_WriteString	32	static
ST7789_low_level.c:485:6:ST7789_WriteStringBox	40	static
ST7789_low_level.c:528:6:ST7789_WriteDec	40	static
ST7789_low_level.c:553:6:ST7789_Float	56	static
