ST7789_low_level.c:50:13:TestDelay	8	static
ST7789_low_level.c:90:6:GB_MA_SPI_send_byte_conti	40	static
ST7789_low_level.c:100:6:GB_MA_SPI_exchange_byte	32	static
ST7789_low_level.c:116:6:GB_STT7789_SPI_CS_low	8	static
ST7789_low_level.c:121:6:GB_STT7789_SPI_CS_high	8	static
ST7789_low_level.c:126:6:GB_ST7789_SendCommand	24	static
ST7789_low_level.c:140:6:GB_ST7789_SendData	16	static
ST7789_low_level.c:147:6:GB_ST7789_SendDataIm	16	static
ST7789_low_level.c:154:6:GB_ST7789_Init	24	static
ST7789_low_level.c:238:6:ST7789_SetAddressWindow	32	static
ST7789_low_level.c:262:6:ST7789_Fill_Color	24	static
ST7789_low_level.c:314:6:ST7789_DrawImage	32	static
ST7789_low_level.c:348:6:ST7789DrawPixel	24	static
ST7789_low_level.c:371:6:ST7789_WriteChar	40	static
ST7789_low_level.c:445:6:ST7789_WriteString	32	static
ST7789_low_level.c:473:6:ST7789_WriteStringBox	40	static
ST7789_low_level.c:516:6:ST7789_WriteDec	40	static
ST7789_low_level.c:541:6:ST7789_Float	56	static
