Archive member included to satisfy reference by file (symbol)

C:/NXP/S32DS.3.4/S32DS/build_tools/gcc_v9.2/gcc-9.2-arm32-eabi/arm-none-eabi/newlib/lib/thumb/v7e-m+fp/hard\libc_nano.a(lib_a-sprintf.o)
                              ./S&M_Driv/src/ST7789_low_level.o (sprintf)
C:/NXP/S32DS.3.4/S32DS/build_tools/gcc_v9.2/gcc-9.2-arm32-eabi/arm-none-eabi/newlib/lib/thumb/v7e-m+fp/hard\libc_nano.a(lib_a-impure.o)
                              C:/NXP/S32DS.3.4/S32DS/build_tools/gcc_v9.2/gcc-9.2-arm32-eabi/arm-none-eabi/newlib/lib/thumb/v7e-m+fp/hard\libc_nano.a(lib_a-sprintf.o) (_impure_ptr)
C:/NXP/S32DS.3.4/S32DS/build_tools/gcc_v9.2/gcc-9.2-arm32-eabi/arm-none-eabi/newlib/lib/thumb/v7e-m+fp/hard\libc_nano.a(lib_a-nano-svfprintf.o)
                              C:/NXP/S32DS.3.4/S32DS/build_tools/gcc_v9.2/gcc-9.2-arm32-eabi/arm-none-eabi/newlib/lib/thumb/v7e-m+fp/hard\libc_nano.a(lib_a-sprintf.o) (_svfprintf_r)
C:/NXP/S32DS.3.4/S32DS/build_tools/gcc_v9.2/gcc-9.2-arm32-eabi/arm-none-eabi/newlib/lib/thumb/v7e-m+fp/hard\libc_nano.a(lib_a-nano-vfprintf_i.o)
                              C:/NXP/S32DS.3.4/S32DS/build_tools/gcc_v9.2/gcc-9.2-arm32-eabi/arm-none-eabi/newlib/lib/thumb/v7e-m+fp/hard\libc_nano.a(lib_a-nano-svfprintf.o) (_printf_i)
C:/NXP/S32DS.3.4/S32DS/build_tools/gcc_v9.2/gcc-9.2-arm32-eabi/arm-none-eabi/newlib/lib/thumb/v7e-m+fp/hard\libc_nano.a(lib_a-memchr.o)
                              C:/NXP/S32DS.3.4/S32DS/build_tools/gcc_v9.2/gcc-9.2-arm32-eabi/arm-none-eabi/newlib/lib/thumb/v7e-m+fp/hard\libc_nano.a(lib_a-nano-svfprintf.o) (memchr)
C:/NXP/S32DS.3.4/S32DS/build_tools/gcc_v9.2/gcc-9.2-arm32-eabi/arm-none-eabi/newlib/lib/thumb/v7e-m+fp/hard\libc_nano.a(lib_a-memcpy-stub.o)
                              C:/NXP/S32DS.3.4/S32DS/build_tools/gcc_v9.2/gcc-9.2-arm32-eabi/arm-none-eabi/newlib/lib/thumb/v7e-m+fp/hard\libc_nano.a(lib_a-nano-svfprintf.o) (memcpy)
C:/NXP/S32DS.3.4/S32DS/build_tools/gcc_v9.2/gcc-9.2-arm32-eabi/arm-none-eabi/newlib/lib/thumb/v7e-m+fp/hard\libc_nano.a(lib_a-memmove.o)
                              C:/NXP/S32DS.3.4/S32DS/build_tools/gcc_v9.2/gcc-9.2-arm32-eabi/arm-none-eabi/newlib/lib/thumb/v7e-m+fp/hard\libc_nano.a(lib_a-nano-svfprintf.o) (memmove)
C:/NXP/S32DS.3.4/S32DS/build_tools/gcc_v9.2/gcc-9.2-arm32-eabi/arm-none-eabi/newlib/lib/thumb/v7e-m+fp/hard\libc_nano.a(lib_a-nano-freer.o)
                              C:/NXP/S32DS.3.4/S32DS/build_tools/gcc_v9.2/gcc-9.2-arm32-eabi/arm-none-eabi/newlib/lib/thumb/v7e-m+fp/hard\libc_nano.a(lib_a-nano-svfprintf.o) (_free_r)
C:/NXP/S32DS.3.4/S32DS/build_tools/gcc_v9.2/gcc-9.2-arm32-eabi/arm-none-eabi/newlib/lib/thumb/v7e-m+fp/hard\libc_nano.a(lib_a-nano-mallocr.o)
                              C:/NXP/S32DS.3.4/S32DS/build_tools/gcc_v9.2/gcc-9.2-arm32-eabi/arm-none-eabi/newlib/lib/thumb/v7e-m+fp/hard\libc_nano.a(lib_a-nano-svfprintf.o) (_malloc_r)
C:/NXP/S32DS.3.4/S32DS/build_tools/gcc_v9.2/gcc-9.2-arm32-eabi/arm-none-eabi/newlib/lib/thumb/v7e-m+fp/hard\libc_nano.a(lib_a-nano-reallocr.o)
                              C:/NXP/S32DS.3.4/S32DS/build_tools/gcc_v9.2/gcc-9.2-arm32-eabi/arm-none-eabi/newlib/lib/thumb/v7e-m+fp/hard\libc_nano.a(lib_a-nano-svfprintf.o) (_realloc_r)
C:/NXP/S32DS.3.4/S32DS/build_tools/gcc_v9.2/gcc-9.2-arm32-eabi/arm-none-eabi/newlib/lib/thumb/v7e-m+fp/hard\libc_nano.a(lib_a-sbrkr.o)
                              C:/NXP/S32DS.3.4/S32DS/build_tools/gcc_v9.2/gcc-9.2-arm32-eabi/arm-none-eabi/newlib/lib/thumb/v7e-m+fp/hard\libc_nano.a(lib_a-nano-mallocr.o) (_sbrk_r)
C:/NXP/S32DS.3.4/S32DS/build_tools/gcc_v9.2/gcc-9.2-arm32-eabi/arm-none-eabi/newlib/lib/thumb/v7e-m+fp/hard\libc_nano.a(lib_a-mlock.o)
                              C:/NXP/S32DS.3.4/S32DS/build_tools/gcc_v9.2/gcc-9.2-arm32-eabi/arm-none-eabi/newlib/lib/thumb/v7e-m+fp/hard\libc_nano.a(lib_a-nano-freer.o) (__malloc_lock)
C:/NXP/S32DS.3.4/S32DS/build_tools/gcc_v9.2/gcc-9.2-arm32-eabi/arm-none-eabi/newlib/lib/thumb/v7e-m+fp/hard\libc_nano.a(lib_a-nano-msizer.o)
                              C:/NXP/S32DS.3.4/S32DS/build_tools/gcc_v9.2/gcc-9.2-arm32-eabi/arm-none-eabi/newlib/lib/thumb/v7e-m+fp/hard\libc_nano.a(lib_a-nano-reallocr.o) (_malloc_usable_size_r)
C:/NXP/S32DS.3.4/S32DS/build_tools/gcc_v9.2/gcc-9.2-arm32-eabi/arm-none-eabi/newlib/lib/thumb/v7e-m+fp/hard\libc_nano.a(lib_a-reent.o)
                              C:/NXP/S32DS.3.4/S32DS/build_tools/gcc_v9.2/gcc-9.2-arm32-eabi/arm-none-eabi/newlib/lib/thumb/v7e-m+fp/hard\libc_nano.a(lib_a-sbrkr.o) (errno)
c:/nxp/s32ds.3.4/s32ds/build_tools/gcc_v9.2/gcc-9.2-arm32-eabi/bin/../lib/gcc/arm-none-eabi/9.2.0/thumb/v7e-m+fp/hard\libgcc.a(_arm_addsubdf3.o)
                              ./S&M_Driv/src/ST7789_low_level.o (__aeabi_f2d)
c:/nxp/s32ds.3.4/s32ds/build_tools/gcc_v9.2/gcc-9.2-arm32-eabi/bin/../lib/gcc/arm-none-eabi/9.2.0/thumb/v7e-m+fp/hard\libgcc.a(_aeabi_uldivmod.o)
                              ./RTD/src/OsIf_Timer_System.o (__aeabi_uldivmod)
[...]
Memory Configuration

Name             Origin             Length             Attributes
int_flash_interrupts 0x00000000         0x00000400
int_flash_config 0x00000400         0x00000010
int_flash        0x00000410         0x0007fbf0
int_sram_results 0x1fff8000         0x00000100
int_sram         0x1fff8100         0x0000df00
int_sram_stack_c0 0x20006000         0x00001000
ram_rsvd2        0x20007000         0x00000000
*default*        0x00000000         0xffffffff

Linker script and memory map

LOAD ./Project_Settings/Startup_Code/Vector_Table.o
LOAD ./Project_Settings/Startup_Code/exceptions.o
LOAD ./Project_Settings/Startup_Code/nvic.o
LOAD ./Project_Settings/Startup_Code/startup.o
LOAD ./Project_Settings/Startup_Code/startup_cm4.o
LOAD ./Project_Settings/Startup_Code/system.o
LOAD ./RTD/src/Clock_Ip.o
LOAD ./RTD/src/Clock_Ip_Data.o
LOAD ./RTD/src/Clock_Ip_Divider.o
LOAD ./RTD/src/Clock_Ip_DividerTrigger.o
LOAD ./RTD/src/Clock_Ip_ExtOsc.o
LOAD ./RTD/src/Clock_Ip_FracDiv.o
LOAD ./RTD/src/Clock_Ip_Frequency.o
LOAD ./RTD/src/Clock_Ip_Gate.o
LOAD ./RTD/src/Clock_Ip_IntOsc.o
LOAD ./RTD/src/Clock_Ip_Irq.o
LOAD ./RTD/src/Clock_Ip_Monitor.o
LOAD ./RTD/src/Clock_Ip_Pll.o
LOAD ./RTD/src/Clock_Ip_ProgFreqSwitch.o
LOAD ./RTD/src/Clock_Ip_Selector.o
LOAD ./RTD/src/Clock_Ip_Specific.o
LOAD ./RTD/src/Det.o
LOAD ./RTD/src/Det_stub.o
LOAD ./RTD/src/Dio.o
LOAD ./RTD/src/Dio_Ipw.o
LOAD ./RTD/src/Gpio_Dio_Ip.o
LOAD ./RTD/src/IntCtrl_Ip.o
LOAD ./RTD/src/Lpspi_Ip.o
LOAD ./RTD/src/Lpspi_Ip_Irq.o
LOAD ./RTD/src/OsIf_Timer.o
LOAD ./RTD/src/OsIf_Timer_System.o
LOAD ./RTD/src/Port.o
LOAD ./RTD/src/Port_Ci_Port_Ip.o
LOAD ./RTD/src/Port_Ipw.o
LOAD ./RTD/src/SchM_Dio.o
LOAD ./RTD/src/SchM_Mcu.o
LOAD ./RTD/src/SchM_Port.o
LOAD ./RTD/src/SchM_Spi.o
LOAD ./S&M_Driv/src/ST7789_low_level.o
LOAD ./S&M_Driv/src/fonts.o
LOAD ./board/Clock_Ip_Cfg.o
LOAD ./board/Clock_Ip_PBcfg.o
LOAD ./board/Port_Ci_Port_Ip_Cfg.o
LOAD ./generate/src/Dio_Cfg.o
LOAD ./generate/src/IntCtrl_Ip_Cfg.o
LOAD ./generate/src/Lpspi_Ip_BOARD_InitPeripherals_PBcfg.o
LOAD ./generate/src/OsIf_Cfg.o
LOAD ./generate/src/Port_BOARD_InitPeripherals_PBcfg.o
LOAD ./generate/src/Port_Cfg.o
LOAD ./generate/src/Port_Ci_Port_Ip_BOARD_InitPeripherals_PBcfg.o
LOAD ./src/example2.o
LOAD C:/NXP/S32DS.3.4/S32DS/build_tools/gcc_v9.2/gcc-9.2-arm32-eabi/arm-none-eabi/newlib/lib/thumb/v7e-m+fp/hard\libc_nano.a
LOAD C:/NXP/S32DS.3.4/S32DS/build_tools/gcc_v9.2/gcc-9.2-arm32-eabi/arm-none-eabi/newlib/lib/thumb/v7e-m+fp/hard\libm.a
LOAD c:/nxp/s32ds.3.4/s32ds/build_tools/gcc_v9.2/gcc-9.2-arm32-eabi/bin/../lib/gcc/arm-none-eabi/9.2.0/thumb/v7e-m+fp/hard\libgcc.a
START GROUP
LOAD c:/nxp/s32ds.3.4/s32ds/build_tools/gcc_v9.2/gcc-9.2-arm32-eabi/bin/../lib/gcc/arm-none-eabi/9.2.0/thumb/v7e-m+fp/hard\libgcc.a
LOAD C:/NXP/S32DS.3.4/S32DS/build_tools/gcc_v9.2/gcc-9.2-arm32-eabi/arm-none-eabi/newlib/lib/thumb/v7e-m+fp/hard\libg_nano.a
LOAD C:/NXP/S32DS.3.4/S32DS/build_tools/gcc_v9.2/gcc-9.2-arm32-eabi/arm-none-eabi/newlib/lib/thumb/v7e-m+fp/hard\libc_nano.a
END GROUP
START GROUP
LOAD c:/nxp/s32ds.3.4/s32ds/build_tools/gcc_v9.2/gcc-9.2-arm32-eabi/bin/../lib/gcc/arm-none-eabi/9.2.0/thumb/v7e-m+fp/hard\libgcc.a
LOAD C:/NXP/S32DS.3.4/S32DS/build_tools/gcc_v9.2/gcc-9.2-arm32-eabi/arm-none-eabi/newlib/lib/thumb/v7e-m+fp/hard\libc_nano.a
LOAD C:/NXP/S32DS.3.4/S32DS/build_tools/gcc_v9.2/gcc-9.2-arm32-eabi/arm-none-eabi/newlib/lib/thumb/v7e-m+fp/hard\libnosys.a
END GROUP
START GROUP
LOAD c:/nxp/s32ds.3.4/s32ds/build_tools/gcc_v9.2/gcc-9.2-arm32-eabi/bin/../lib/gcc/arm-none-eabi/9.2.0/thumb/v7e-m+fp/hard\libgcc.a
LOAD C:/NXP/S32DS.3.4/S32DS/build_tools/gcc_v9.2/gcc-9.2-arm32-eabi/arm-none-eabi/newlib/lib/thumb/v7e-m+fp/hard\libc_nano.a
LOAD C:/NXP/S32DS.3.4/S32DS/build_tools/gcc_v9.2/gcc-9.2-arm32-eabi/arm-none-eabi/newlib/lib/thumb/v7e-m+fp/hard\libnosys.a
END GROUP
                0x00000200                HEAP_SIZE = DEFINED (__heap_size__)?__heap_size__:0x200

.flash_interrupts
                0x00000000      0x310
                0x00000000                . = ALIGN (0x1000)
                0x00000000                __interrupts_rom_start = .
 *(.intc_vector)
 .intc_vector   0x00000000      0x310 ./Project_Settings/Startup_Code/Vector_Table.o
                0x00000000                VTABLE
                0x00000310                . = ALIGN (0x4)
                0x00000310                __interrupts_rom_end = .

.flash_config   0x00000400       0x10
 *(.flash_config)
 .flash_config  0x00000400       0x10 ./Project_Settings/Startup_Code/startup_cm4.o

.flash          0x00000410    0x2a2e4
                0x00000410                . = ALIGN (0x4)
 *(.startup)
 .startup       0x00000410       0xb8 ./Project_Settings/Startup_Code/startup_cm4.o
                0x00000410                Reset_Handler
                0x00000410                _start
                0x00000494                MCAL_LTB_TRACE_OFF
                0x00000496                _end_of_eunit_test
                0x000004c8                . = ALIGN (0x4)
 *(.systeminit)
 .systeminit    0x000004c8        0x2 ./Project_Settings/Startup_Code/exceptions.o
                0x000004c8                NMI_Handler
 .systeminit    0x000004ca       0xda ./Project_Settings/Startup_Code/system.o
                0x000004ca                SystemInit
                0x000005a4                . = ALIGN (0x4)
 *(.text.startup)
                0x000005a4                . = ALIGN (0x4)
 *(.text)
 .text          0x000005a4        0x0 ./Project_Settings/Startup_Code/Vector_Table.o
 .text          0x000005a4       0x12 ./Project_Settings/Startup_Code/exceptions.o
                0x000005a4                HardFault_Handler
                0x000005a6                MemManage_Handler
                0x000005a8                BusFault_Handler
                0x000005aa                UsageFault_Handler
                0x000005ac                SVC_Handler
                0x000005ae                DebugMon_Handler
                0x000005b0                PendSV_Handler
                0x000005b2                SysTick_Handler
                0x000005b4                undefined_handler
 *fill*         0x000005b6        0x2 
 .text          0x000005b8       0xc4 ./Project_Settings/Startup_Code/nvic.o
                0x000005b8                NVIC_SetPriorityGrouping
                0x000005da                NVIC_EnableIRQ
                0x0000060c                NVIC_DisableIRQ
                0x00000640                NVIC_SetPriority
 .text          0x0000067c      0x12c ./Project_Settings/Startup_Code/startup.o
                0x0000067c                init_data_bss
 .text          0x000007a8        0x0 ./Project_Settings/Startup_Code/startup_cm4.o
 .text          0x000007a8       0x68 ./Project_Settings/Startup_Code/system.o
                0x00000804                startup_go_to_user_mode
                0x00000808                default_interrupt_routine
                0x0000080a                Sys_GetCoreID
 .text          0x00000810        0x0 ./RTD/src/Clock_Ip.o
 .text          0x00000810        0x0 ./RTD/src/Clock_Ip_Data.o
 .text          0x00000810        0x0 ./RTD/src/Clock_Ip_Divider.o
 .text          0x00000810        0x0 ./RTD/src/Clock_Ip_DividerTrigger.o
 .text          0x00000810        0x0 ./RTD/src/Clock_Ip_ExtOsc.o
 .text          0x00000810        0x0 ./RTD/src/Clock_Ip_FracDiv.o
 .text          0x00000810        0x0 ./RTD/src/Clock_Ip_Frequency.o
 .text          0x00000810        0x0 ./RTD/src/Clock_Ip_Gate.o
 .text          0x00000810        0x0 ./RTD/src/Clock_Ip_IntOsc.o
 .text          0x00000810        0x0 ./RTD/src/Clock_Ip_Irq.o
 .text          0x00000810        0x0 ./RTD/src/Clock_Ip_Monitor.o
 .text          0x00000810        0x0 ./RTD/src/Clock_Ip_Pll.o
 .text          0x00000810        0x0 ./RTD/src/Clock_Ip_ProgFreqSwitch.o
 .text          0x00000810        0x0 ./RTD/src/Clock_Ip_Selector.o
 .text          0x00000810        0x0 ./RTD/src/Clock_Ip_Specific.o
 .text          0x00000810        0x0 ./RTD/src/Det.o
 .text          0x00000810        0x0 ./RTD/src/Det_stub.o
 .text          0x00000810        0x0 ./RTD/src/Dio.o
 .text          0x00000810        0x0 ./RTD/src/Dio_Ipw.o
 .text          0x00000810        0x0 ./RTD/src/Gpio_Dio_Ip.o
 .text          0x00000810       0x1a ./RTD/src/IntCtrl_Ip.o
 .text          0x0000082a       0x1a ./RTD/src/Lpspi_Ip.o
 .text          0x00000844        0x0 ./RTD/src/Lpspi_Ip_Irq.o
 .text          0x00000844       0x1a ./RTD/src/OsIf_Timer.o
 .text          0x0000085e       0x1a ./RTD/src/OsIf_Timer_System.o
 .text          0x00000878        0x0 ./RTD/src/Port.o
 .text          0x00000878        0x0 ./RTD/src/Port_Ci_Port_Ip.o
 .text          0x00000878        0x0 ./RTD/src/Port_Ipw.o
 .text          0x00000878       0x12 ./RTD/src/SchM_Dio.o
                0x00000878                Dio_schm_read_msr
 .text          0x0000088a       0x12 ./RTD/src/SchM_Mcu.o
                0x0000088a                Mcu_schm_read_msr
 .text          0x0000089c       0x12 ./RTD/src/SchM_Port.o
                0x0000089c                Port_schm_read_msr
 .text          0x000008ae       0x12 ./RTD/src/SchM_Spi.o
                0x000008ae                Spi_schm_read_msr
 .text          0x000008c0      0x938 ./S&M_Driv/src/ST7789_low_level.o
                0x000008ec                GB_MA_SPI_send_byte_conti_image
                0x00000918                GB_MA_SPI_send_byte_conti
                0x00000948                GB_MA_SPI_exchange_byte
                0x0000097c                GB_STT7789_SPI_CS_low
                0x0000098a                GB_STT7789_SPI_CS_high
                0x00000998                GB_ST7789_SendCommand
                0x000009ea                GB_ST7789_SendData
                0x00000a12                GB_ST7789_SendDataIm
                0x00000a3a                GB_ST7789_Init
                0x00000b0c                ST7789_SetAddressWindow
                0x00000be2                ST7789_Fill_Color
                0x00000c4a                ST7789_DrawImage
                0x00000d68                ST7789DrawPixel
                0x00000dcc                ST7789_WriteChar
                0x00000ee8                ST7789_WriteString
                0x00000f92                ST7789_WriteStringBox
                0x00001094                ST7789_WriteDec
                0x0000119c                ST7789_Float
 .text          0x000011f8        0x0 ./S&M_Driv/src/fonts.o
 .text          0x000011f8        0x0 ./board/Clock_Ip_Cfg.o
 .text          0x000011f8        0x0 ./board/Clock_Ip_PBcfg.o
 .text          0x000011f8        0x0 ./board/Port_Ci_Port_Ip_Cfg.o
 .text          0x000011f8        0x0 ./generate/src/Dio_Cfg.o
 .text          0x000011f8        0x0 ./generate/src/IntCtrl_Ip_Cfg.o
 .text          0x000011f8        0x0 ./generate/src/Lpspi_Ip_BOARD_InitPeripherals_PBcfg.o
 .text          0x000011f8        0x0 ./generate/src/OsIf_Cfg.o
 .text          0x000011f8        0x0 ./generate/src/Port_BOARD_InitPeripherals_PBcfg.o
 .text          0x000011f8        0x0 ./generate/src/Port_Cfg.o
 .text          0x000011f8        0x0 ./generate/src/Port_Ci_Port_Ip_BOARD_InitPeripherals_PBcfg.o
 .text          0x000011f8      0x224 ./src/example2.o
                0x000011f8                TestDelay
                0x00001224                main
 .text          0x0000141c        0x0 C:/NXP/S32DS.3.4/S32DS/build_tools/gcc_v9.2/gcc-9.2-arm32-eabi/arm-none-eabi/newlib/lib/thumb/v7e-m+fp/hard\libc_nano.a(lib_a-sprintf.o)
 .text          0x0000141c        0x0 C:/NXP/S32DS.3.4/S32DS/build_tools/gcc_v9.2/gcc-9.2-arm32-eabi/arm-none-eabi/newlib/lib/thumb/v7e-m+fp/hard\libc_nano.a(lib_a-impure.o)
 .text          0x0000141c        0x0 C:/NXP/S32DS.3.4/S32DS/build_tools/gcc_v9.2/gcc-9.2-arm32-eabi/arm-none-eabi/newlib/lib/thumb/v7e-m+fp/hard\libc_nano.a(lib_a-nano-svfprintf.o)
 .text          0x0000141c        0x0 C:/NXP/S32DS.3.4/S32DS/build_tools/gcc_v9.2/gcc-9.2-arm32-eabi/arm-none-eabi/newlib/lib/thumb/v7e-m+fp/hard\libc_nano.a(lib_a-nano-vfprintf_i.o)
 *fill*         0x0000141c        0x4 
 .text          0x00001420       0xa0 C:/NXP/S32DS.3.4/S32DS/build_tools/gcc_v9.2/gcc-9.2-arm32-eabi/arm-none-eabi/newlib/lib/thumb/v7e-m+fp/hard\libc_nano.a(lib_a-memchr.o)
                0x00001420                memchr
 .text          0x000014c0        0x0 C:/NXP/S32DS.3.4/S32DS/build_tools/gcc_v9.2/gcc-9.2-arm32-eabi/arm-none-eabi/newlib/lib/thumb/v7e-m+fp/hard\libc_nano.a(lib_a-memcpy-stub.o)
 .text          0x000014c0        0x0 C:/NXP/S32DS.3.4/S32DS/build_tools/gcc_v9.2/gcc-9.2-arm32-eabi/arm-none-eabi/newlib/lib/thumb/v7e-m+fp/hard\libc_nano.a(lib_a-memmove.o)
 .text          0x000014c0        0x0 C:/NXP/S32DS.3.4/S32DS/build_tools/gcc_v9.2/gcc-9.2-arm32-eabi/arm-none-eabi/newlib/lib/thumb/v7e-m+fp/hard\libc_nano.a(lib_a-nano-freer.o)
 .text          0x000014c0        0x0 C:/NXP/S32DS.3.4/S32DS/build_tools/gcc_v9.2/gcc-9.2-arm32-eabi/arm-none-eabi/newlib/lib/thumb/v7e-m+fp/hard\libc_nano.a(lib_a-nano-mallocr.o)
 .text          0x000014c0        0x0 C:/NXP/S32DS.3.4/S32DS/build_tools/gcc_v9.2/gcc-9.2-arm32-eabi/arm-none-eabi/newlib/lib/thumb/v7e-m+fp/hard\libc_nano.a(lib_a-nano-reallocr.o)
 .text          0x000014c0        0x0 C:/NXP/S32DS.3.4/S32DS/build_tools/gcc_v9.2/gcc-9.2-arm32-eabi/arm-none-eabi/newlib/lib/thumb/v7e-m+fp/hard\libc_nano.a(lib_a-sbrkr.o)
 .text          0x000014c0        0x0 C:/NXP/S32DS.3.4/S32DS/build_tools/gcc_v9.2/gcc-9.2-arm32-eabi/arm-none-eabi/newlib/lib/thumb/v7e-m+fp/hard\libc_nano.a(lib_a-mlock.o)
 .text          0x000014c0        0x0 C:/NXP/S32DS.3.4/S32DS/build_tools/gcc_v9.2/gcc-9.2-arm32-eabi/arm-none-eabi/newlib/lib/thumb/v7e-m+fp/hard\libc_nano.a(lib_a-nano-msizer.o)
 .text          0x000014c0        0x0 C:/NXP/S32DS.3.4/S32DS/build_tools/gcc_v9.2/gcc-9.2-arm32-eabi/arm-none-eabi/newlib/lib/thumb/v7e-m+fp/hard\libc_nano.a(lib_a-reent.o)
 .text          0x000014c0      0x378 c:/nxp/s32ds.3.4/s32ds/build_tools/gcc_v9.2/gcc-9.2-arm32-eabi/bin/../lib/gcc/arm-none-eabi/9.2.0/thumb/v7e-m+fp/hard\libgcc.a(_arm_addsubdf3.o)
                0x000014c0                __aeabi_drsub
                0x000014c8                __aeabi_dsub
                0x000014c8                __subdf3
                0x000014cc                __aeabi_dadd
                0x000014cc                __adddf3
                0x00001744                __floatunsidf
                0x00001744                __aeabi_ui2d
                0x00001764                __floatsidf
                0x00001764                __aeabi_i2d
                0x00001788                __aeabi_f2d
                0x00001788                __extendsfdf2
                0x000017cc                __floatundidf
                0x000017cc                __aeabi_ul2d
                0x000017dc                __floatdidf
                0x000017dc                __aeabi_l2d
 .text          0x00001838       0x30 c:/nxp/s32ds.3.4/s32ds/build_tools/gcc_v9.2/gcc-9.2-arm32-eabi/bin/../lib/gcc/arm-none-eabi/9.2.0/thumb/v7e-m+fp/hard\libgcc.a(_aeabi_uldivmod.o)
                0x00001838                __aeabi_uldivmod
 .text          0x00001868      0x2c4 c:/nxp/s32ds.3.4/s32ds/build_tools/gcc_v9.2/gcc-9.2-arm32-eabi/bin/../lib/gcc/arm-none-eabi/9.2.0/thumb/v7e-m+fp/hard\libgcc.a(_udivmoddi4.o)
                0x00001868                __udivmoddi4
 .text          0x00001b2c        0x4 c:/nxp/s32ds.3.4/s32ds/build_tools/gcc_v9.2/gcc-9.2-arm32-eabi/bin/../lib/gcc/arm-none-eabi/9.2.0/thumb/v7e-m+fp/hard\libgcc.a(_dvmd_tls.o)
                0x00001b2c                __aeabi_idiv0
                0x00001b2c                __aeabi_ldiv0
 .text          0x00001b30        0x0 C:/NXP/S32DS.3.4/S32DS/build_tools/gcc_v9.2/gcc-9.2-arm32-eabi/arm-none-eabi/newlib/lib/thumb/v7e-m+fp/hard\libnosys.a(sbrk.o)
 *(.text*)
 .text._sprintf_r
                0x00001b30       0x38 C:/NXP/S32DS.3.4/S32DS/build_tools/gcc_v9.2/gcc-9.2-arm32-eabi/arm-none-eabi/newlib/lib/thumb/v7e-m+fp/hard\libc_nano.a(lib_a-sprintf.o)
                0x00001b30                _sprintf_r
                0x00001b30                _siprintf_r
 .text.sprintf  0x00001b68       0x40 C:/NXP/S32DS.3.4/S32DS/build_tools/gcc_v9.2/gcc-9.2-arm32-eabi/arm-none-eabi/newlib/lib/thumb/v7e-m+fp/hard\libc_nano.a(lib_a-sprintf.o)
                0x00001b68                siprintf
                0x00001b68                sprintf
 .text.__ssputs_r
                0x00001ba8       0xb6 C:/NXP/S32DS.3.4/S32DS/build_tools/gcc_v9.2/gcc-9.2-arm32-eabi/arm-none-eabi/newlib/lib/thumb/v7e-m+fp/hard\libc_nano.a(lib_a-nano-svfprintf.o)
                0x00001ba8                __ssputs_r
 .text.__ssprint_r
                0x00001c5e       0xf6 C:/NXP/S32DS.3.4/S32DS/build_tools/gcc_v9.2/gcc-9.2-arm32-eabi/arm-none-eabi/newlib/lib/thumb/v7e-m+fp/hard\libc_nano.a(lib_a-nano-svfprintf.o)
                0x00001c5e                __ssprint_r
 .text._svfprintf_r
                0x00001d54      0x200 C:/NXP/S32DS.3.4/S32DS/build_tools/gcc_v9.2/gcc-9.2-arm32-eabi/arm-none-eabi/newlib/lib/thumb/v7e-m+fp/hard\libc_nano.a(lib_a-nano-svfprintf.o)
                0x00001d54                _svfiprintf_r
                0x00001d54                _svfprintf_r
 .text._printf_common
                0x00001f54       0xda C:/NXP/S32DS.3.4/S32DS/build_tools/gcc_v9.2/gcc-9.2-arm32-eabi/arm-none-eabi/newlib/lib/thumb/v7e-m+fp/hard\libc_nano.a(lib_a-nano-vfprintf_i.o)
                0x00001f54                _printf_common
 *fill*         0x0000202e        0x2 
 .text._printf_i
                0x00002030      0x24c C:/NXP/S32DS.3.4/S32DS/build_tools/gcc_v9.2/gcc-9.2-arm32-eabi/arm-none-eabi/newlib/lib/thumb/v7e-m+fp/hard\libc_nano.a(lib_a-nano-vfprintf_i.o)
                0x00002030                _printf_i
 .text.memcpy   0x0000227c       0x1c C:/NXP/S32DS.3.4/S32DS/build_tools/gcc_v9.2/gcc-9.2-arm32-eabi/arm-none-eabi/newlib/lib/thumb/v7e-m+fp/hard\libc_nano.a(lib_a-memcpy-stub.o)
                0x0000227c                memcpy
 .text.memmove  0x00002298       0x34 C:/NXP/S32DS.3.4/S32DS/build_tools/gcc_v9.2/gcc-9.2-arm32-eabi/arm-none-eabi/newlib/lib/thumb/v7e-m+fp/hard\libc_nano.a(lib_a-memmove.o)
                0x00002298                memmove
 .text._free_r  0x000022cc       0xa0 C:/NXP/S32DS.3.4/S32DS/build_tools/gcc_v9.2/gcc-9.2-arm32-eabi/arm-none-eabi/newlib/lib/thumb/v7e-m+fp/hard\libc_nano.a(lib_a-nano-freer.o)
                0x000022cc                _free_r
 .text._malloc_r
                0x0000236c       0xb4 C:/NXP/S32DS.3.4/S32DS/build_tools/gcc_v9.2/gcc-9.2-arm32-eabi/arm-none-eabi/newlib/lib/thumb/v7e-m+fp/hard\libc_nano.a(lib_a-nano-mallocr.o)
                0x0000236c                _malloc_r
 .text._realloc_r
                0x00002420       0x4c C:/NXP/S32DS.3.4/S32DS/build_tools/gcc_v9.2/gcc-9.2-arm32-eabi/arm-none-eabi/newlib/lib/thumb/v7e-m+fp/hard\libc_nano.a(lib_a-nano-reallocr.o)
                0x00002420                _realloc_r
 .text._sbrk_r  0x0000246c       0x20 C:/NXP/S32DS.3.4/S32DS/build_tools/gcc_v9.2/gcc-9.2-arm32-eabi/arm-none-eabi/newlib/lib/thumb/v7e-m+fp/hard\libc_nano.a(lib_a-sbrkr.o)
                0x0000246c                _sbrk_r
 .text.__malloc_lock
                0x0000248c        0x2 C:/NXP/S32DS.3.4/S32DS/build_tools/gcc_v9.2/gcc-9.2-arm32-eabi/arm-none-eabi/newlib/lib/thumb/v7e-m+fp/hard\libc_nano.a(lib_a-mlock.o)
                0x0000248c                __malloc_lock
 .text.__malloc_unlock
                0x0000248e        0x2 C:/NXP/S32DS.3.4/S32DS/build_tools/gcc_v9.2/gcc-9.2-arm32-eabi/arm-none-eabi/newlib/lib/thumb/v7e-m+fp/hard\libc_nano.a(lib_a-mlock.o)
                0x0000248e                __malloc_unlock
 .text._malloc_usable_size_r
                0x00002490       0x10 C:/NXP/S32DS.3.4/S32DS/build_tools/gcc_v9.2/gcc-9.2-arm32-eabi/arm-none-eabi/newlib/lib/thumb/v7e-m+fp/hard\libc_nano.a(lib_a-nano-msizer.o)
                0x00002490                _malloc_usable_size_r
 .text.cleanup_glue
                0x000024a0       0x1a C:/NXP/S32DS.3.4/S32DS/build_tools/gcc_v9.2/gcc-9.2-arm32-eabi/arm-none-eabi/newlib/lib/thumb/v7e-m+fp/hard\libc_nano.a(lib_a-reent.o)
                0x000024a0                cleanup_glue
 *fill*         0x000024ba        0x2 
 .text._reclaim_reent
                0x000024bc       0xb8 C:/NXP/S32DS.3.4/S32DS/build_tools/gcc_v9.2/gcc-9.2-arm32-eabi/arm-none-eabi/newlib/lib/thumb/v7e-m+fp/hard\libc_nano.a(lib_a-reent.o)
                0x000024bc                _reclaim_reent
 .text._sbrk    0x00002574       0x1c C:/NXP/S32DS.3.4/S32DS/build_tools/gcc_v9.2/gcc-9.2-arm32-eabi/arm-none-eabi/newlib/lib/thumb/v7e-m+fp/hard\libnosys.a(sbrk.o)
                0x00002574                _sbrk
                0x00002590                . = ALIGN (0x4)
 *(.mcal_text)
 .mcal_text     0x00002590      0xdcc ./RTD/src/Clock_Ip.o
                0x00002590                Clock_Ip_Init
                0x000025d0                Clock_Ip_InitClock
                0x00002c6c                Clock_Ip_GetPllStatus
                0x00002cf4                Clock_Ip_DistributePll
                0x00002e7c                Clock_Ip_DisableClockMonitor
                0x00002ec4                Clock_Ip_GetClockMonitorStatus
                0x00002f10                Clock_Ip_ClearClockMonitorStatus
                0x00002f58                Clock_Ip_PowerModeChangeNotification
                0x00002f8c                Clock_Ip_InstallNotificationsCallback
                0x00002fa0                Clock_Ip_DisableModuleClock
                0x00002fe4                Clock_Ip_EnableModuleClock
                0x00003034                ReportClockErrors
                0x00003054                ClockStartTimeout
                0x00003088                ClockTimeoutExpired
 .mcal_text     0x0000335c      0x4b0 ./RTD/src/Clock_Ip_Divider.o
 .mcal_text     0x0000380c        0xa ./RTD/src/Clock_Ip_DividerTrigger.o
 *fill*         0x00003816        0x2 
 .mcal_text     0x00003818      0x268 ./RTD/src/Clock_Ip_ExtOsc.o
 .mcal_text     0x00003a80       0x16 ./RTD/src/Clock_Ip_FracDiv.o
 *fill*         0x00003a96        0x2 
 .mcal_text     0x00003a98      0x34c ./RTD/src/Clock_Ip_Gate.o
 .mcal_text     0x00003de4      0x720 ./RTD/src/Clock_Ip_IntOsc.o
 .mcal_text     0x00004504       0x2a ./RTD/src/Clock_Ip_Monitor.o
 *fill*         0x0000452e        0x2 
 .mcal_text     0x00004530      0x224 ./RTD/src/Clock_Ip_Pll.o
 .mcal_text     0x00004754        0xa ./RTD/src/Clock_Ip_ProgFreqSwitch.o
 *fill*         0x0000475e        0x2 
 .mcal_text     0x00004760      0x6c4 ./RTD/src/Clock_Ip_Selector.o
 .mcal_text     0x00004e24      0xdac ./RTD/src/Clock_Ip_Specific.o
                0x00004e24                SpecificPeripheralClockInitialization
                0x00004e2e                DisableSafeClock
                0x00005004                SpecificPlatformInitClock
                0x000057ac                ClockInitializeObjects
                0x000059a4                ClockPowerModeChangeNotification
 .mcal_text     0x00005bd0      0x164 ./RTD/src/Det.o
                0x00005bd0                Det_Init
                0x00005bd4                Det_ReportError
                0x00005c48                Det_ReportRuntimeError
                0x00005cbc                Det_ReportTransientFault
                0x00005d30                Det_Start
 .mcal_text     0x00005d34      0x468 ./RTD/src/Det_stub.o
                0x00005d34                Det_TestLastReportError
                0x00005e00                Det_TestLastReportRuntimeError
                0x00005ecc                Det_TestLastReportTransientFault
                0x00005f98                Det_TestNoError
                0x00006044                Det_TestNoRuntimeError
                0x000060f0                Det_TestNoTransientFault
 .mcal_text     0x0000619c       0xce ./RTD/src/Dio.o
                0x0000619c                Dio_ReadChannel
                0x000061c8                Dio_WriteChannel
                0x000061f2                Dio_ReadPort
                0x00006216                Dio_WritePort
                0x00006236                Dio_ReadChannelGroup
                0x00006252                Dio_WriteChannelGroup
 *fill*         0x0000626a        0x2 
 .mcal_text     0x0000626c      0x18c ./RTD/src/Dio_Ipw.o
                0x0000626c                Dio_Ipw_ReadChannel
                0x000062b8                Dio_Ipw_WriteChannel
                0x00006304                Dio_Ipw_ReadPort
                0x00006334                Dio_Ipw_WritePort
                0x00006364                Dio_Ipw_ReadChannelGroup
                0x000063a4                Dio_Ipw_WriteChannelGroup
 .mcal_text     0x000063f8       0xec ./RTD/src/Gpio_Dio_Ip.o
                0x000063f8                Gpio_Dio_Ip_WritePin
                0x00006442                Gpio_Dio_Ip_WritePins
                0x00006454                Gpio_Dio_Ip_GetPinsOutput
                0x0000646a                Gpio_Dio_Ip_SetPins
                0x0000647c                Gpio_Dio_Ip_ClearPins
                0x0000648e                Gpio_Dio_Ip_TogglePins
                0x000064a0                Gpio_Dio_Ip_ReadPins
                0x000064b6                Gpio_Dio_Ip_ReadPin
 .mcal_text     0x000064e4      0x51c ./RTD/src/IntCtrl_Ip.o
                0x00006818                IntCtrl_Ip_Init
                0x000068b8                IntCtrl_Ip_ConfigIrqRouting
                0x00006930                IntCtrl_Ip_InstallHandler
                0x0000694c                IntCtrl_Ip_EnableIrq
                0x00006960                IntCtrl_Ip_DisableIrq
                0x00006974                IntCtrl_Ip_SetPriority
                0x00006994                IntCtrl_Ip_GetPriority
                0x000069aa                IntCtrl_Ip_ClearPending
                0x000069be                IntCtrl_Ip_SetPending
                0x000069d2                IntCtrl_Ip_GetPending
                0x000069e8                IntCtrl_Ip_GetActive
 .mcal_text     0x00006a00     0x12dc ./RTD/src/Lpspi_Ip.o
                0x00006f52                Lpspi_Ip_Init
                0x0000702c                Lpspi_Ip_DeInit
                0x000070b8                Lpspi_Ip_SyncTransmit
                0x000077b8                Lpspi_Ip_AsyncTransmit
                0x00007920                Lpspi_Ip_ManageBuffers
                0x000079ac                Lpspi_Ip_UpdateFrameSize
                0x00007a3c                Lpspi_Ip_UpdateLsb
                0x00007aa4                Lpspi_Ip_UpdateDefaultTransmitData
                0x00007b08                Lpspi_Ip_UpdateTransferMode
                0x00007b6c                Lpspi_Ip_Cancel
                0x00007c10                Lpspi_Ip_IrqHandler
                0x00007c94                Lpspi_Ip_GetStatus
 .mcal_text     0x00007cdc       0x20 ./RTD/src/Lpspi_Ip_Irq.o
                0x00007cdc                Lpspi_Ip_LPSPI_0_IRQHandler
                0x00007cec                Lpspi_Ip_LPSPI_1_IRQHandler
 .mcal_text     0x00007cfc      0x116 ./RTD/src/OsIf_Timer.o
                0x00007d24                OsIf_Init
                0x00007d42                OsIf_GetCounter
                0x00007d74                OsIf_GetElapsed
                0x00007dac                OsIf_SetTimerFrequency
                0x00007dda                OsIf_MicrosToTicks
 *fill*         0x00007e12        0x2 
 .mcal_text     0x00007e14      0x2b4 ./RTD/src/OsIf_Timer_System.o
                0x00007e94                OsIf_Timer_System_Init
                0x00007efc                OsIf_Timer_System_GetCounter
                0x00007f54                OsIf_Timer_System_GetElapsed
                0x00007fb0                OsIf_Timer_System_SetTimerFrequency
                0x0000800c                OsIf_Timer_System_MicrosToTicks
 .mcal_text     0x000080c8      0x284 ./RTD/src/Port.o
                0x000080c8                Port_Init
                0x0000812c                Port_SetPinDirection
                0x000081d4                Port_SetPinMode
                0x000082b4                Port_RefreshPortDirection
                0x0000830c                Port_GetVersionInfo
 .mcal_text     0x0000834c      0x408 ./RTD/src/Port_Ci_Port_Ip.o
                0x000084ba                Port_Ci_Port_Ip_ReadPCR
                0x000084ce                Port_Ci_Port_Ip_SetPCR
                0x000084e6                Port_Ci_Port_Ip_SetPSOR
                0x000084f8                Port_Ci_Port_Ip_SetPCOR
                0x0000850a                Port_Ci_Port_Ip_SetPDDR
                0x0000852e                Port_Ci_Port_Ip_ClearPDDR
                0x00008554                Port_Ci_Port_Ip_SetPIDR
                0x00008578                Port_Ci_Port_Ip_SetDFER
                0x000085a0                Port_Ci_Port_Ip_Init
                0x000085dc                Port_Ci_Port_Ip_SetMuxModeSel
                0x00008620                Port_Ci_Port_Ip_EnableDigitalFilter
                0x0000864e                Port_Ci_Port_Ip_DisableDigitalFilter
                0x0000867e                Port_Ci_Port_Ip_ConfigDigitalFilter
                0x000086a6                Port_Ci_Port_Ip_SetGlobalPinControl
 .mcal_text     0x00008754      0x79c ./RTD/src/Port_Ipw.o
                0x0000891c                Port_Ipw_Init
                0x000089e0                Port_Ipw_SetPinDirection
                0x00008b04                Port_Ipw_SetPinMode
                0x00008c54                Port_Ipw_SetGpioDirChangeability
                0x00008cf0                Port_Ipw_SetGpioPadOutput
                0x00008d90                Port_Ipw_RefreshPortDirection
 .mcal_text     0x00008ef0      0x138 ./RTD/src/SchM_Dio.o
                0x00008ef0                SchM_Enter_Dio_DIO_EXCLUSIVE_AREA_00
                0x00008f48                SchM_Exit_Dio_DIO_EXCLUSIVE_AREA_00
                0x00008f8c                SchM_Enter_Dio_DIO_EXCLUSIVE_AREA_01
                0x00008fe4                SchM_Exit_Dio_DIO_EXCLUSIVE_AREA_01
 .mcal_text     0x00009028      0x1d4 ./RTD/src/SchM_Mcu.o
                0x00009028                SchM_Enter_Mcu_MCU_EXCLUSIVE_AREA_00
                0x00009080                SchM_Exit_Mcu_MCU_EXCLUSIVE_AREA_00
                0x000090c4                SchM_Enter_Mcu_MCU_EXCLUSIVE_AREA_01
                0x0000911c                SchM_Exit_Mcu_MCU_EXCLUSIVE_AREA_01
                0x00009160                SchM_Enter_Mcu_MCU_EXCLUSIVE_AREA_02
                0x000091b8                SchM_Exit_Mcu_MCU_EXCLUSIVE_AREA_02
 .mcal_text     0x000091fc      0x57c ./RTD/src/SchM_Port.o
                0x000091fc                SchM_Enter_Port_PORT_EXCLUSIVE_AREA_00
                0x00009254                SchM_Exit_Port_PORT_EXCLUSIVE_AREA_00
                0x00009298                SchM_Enter_Port_PORT_EXCLUSIVE_AREA_01
                0x000092f0                SchM_Exit_Port_PORT_EXCLUSIVE_AREA_01
                0x00009334                SchM_Enter_Port_PORT_EXCLUSIVE_AREA_02
                0x0000938c                SchM_Exit_Port_PORT_EXCLUSIVE_AREA_02
                0x000093d0                SchM_Enter_Port_PORT_EXCLUSIVE_AREA_03
                0x00009428                SchM_Exit_Port_PORT_EXCLUSIVE_AREA_03
                0x0000946c                SchM_Enter_Port_PORT_EXCLUSIVE_AREA_04
                0x000094c4                SchM_Exit_Port_PORT_EXCLUSIVE_AREA_04
                0x00009508                SchM_Enter_Port_PORT_EXCLUSIVE_AREA_05
                0x00009560                SchM_Exit_Port_PORT_EXCLUSIVE_AREA_05
                0x000095a4                SchM_Enter_Port_PORT_EXCLUSIVE_AREA_06
                0x000095fc                SchM_Exit_Port_PORT_EXCLUSIVE_AREA_06
                0x00009640                SchM_Enter_Port_PORT_EXCLUSIVE_AREA_07
                0x00009698                SchM_Exit_Port_PORT_EXCLUSIVE_AREA_07
                0x000096dc                SchM_Enter_Port_PORT_EXCLUSIVE_AREA_08
                0x00009734                SchM_Exit_Port_PORT_EXCLUSIVE_AREA_08
 .mcal_text     0x00009778      0xb94 ./RTD/src/SchM_Spi.o
                0x00009778                SchM_Enter_Spi_SPI_EXCLUSIVE_AREA_00
                0x000097d0                SchM_Exit_Spi_SPI_EXCLUSIVE_AREA_00
                0x00009814                SchM_Enter_Spi_SPI_EXCLUSIVE_AREA_01
                0x0000986c                SchM_Exit_Spi_SPI_EXCLUSIVE_AREA_01
                0x000098b0                SchM_Enter_Spi_SPI_EXCLUSIVE_AREA_02
                0x00009908                SchM_Exit_Spi_SPI_EXCLUSIVE_AREA_02
                0x0000994c                SchM_Enter_Spi_SPI_EXCLUSIVE_AREA_03
                0x000099a4                SchM_Exit_Spi_SPI_EXCLUSIVE_AREA_03
                0x000099e8                SchM_Enter_Spi_SPI_EXCLUSIVE_AREA_04
                0x00009a40                SchM_Exit_Spi_SPI_EXCLUSIVE_AREA_04
                0x00009a84                SchM_Enter_Spi_SPI_EXCLUSIVE_AREA_05
                0x00009adc                SchM_Exit_Spi_SPI_EXCLUSIVE_AREA_05
                0x00009b20                SchM_Enter_Spi_SPI_EXCLUSIVE_AREA_06
                0x00009b78                SchM_Exit_Spi_SPI_EXCLUSIVE_AREA_06
                0x00009bbc                SchM_Enter_Spi_SPI_EXCLUSIVE_AREA_07
                0x00009c14                SchM_Exit_Spi_SPI_EXCLUSIVE_AREA_07
                0x00009c58                SchM_Enter_Spi_SPI_EXCLUSIVE_AREA_08
                0x00009cb0                SchM_Exit_Spi_SPI_EXCLUSIVE_AREA_08
                0x00009cf4                SchM_Enter_Spi_SPI_EXCLUSIVE_AREA_09
                0x00009d4c                SchM_Exit_Spi_SPI_EXCLUSIVE_AREA_09
                0x00009d90                SchM_Enter_Spi_SPI_EXCLUSIVE_AREA_10
                0x00009de8                SchM_Exit_Spi_SPI_EXCLUSIVE_AREA_10
                0x00009e2c                SchM_Enter_Spi_SPI_EXCLUSIVE_AREA_11
                0x00009e84                SchM_Exit_Spi_SPI_EXCLUSIVE_AREA_11
                0x00009ec8                SchM_Enter_Spi_SPI_EXCLUSIVE_AREA_12
                0x00009f20                SchM_Exit_Spi_SPI_EXCLUSIVE_AREA_12
                0x00009f64                SchM_Enter_Spi_SPI_EXCLUSIVE_AREA_13
                0x00009fbc                SchM_Exit_Spi_SPI_EXCLUSIVE_AREA_13
                0x0000a000                SchM_Enter_Spi_SPI_EXCLUSIVE_AREA_14
                0x0000a058                SchM_Exit_Spi_SPI_EXCLUSIVE_AREA_14
                0x0000a09c                SchM_Enter_Spi_SPI_EXCLUSIVE_AREA_15
                0x0000a0f4                SchM_Exit_Spi_SPI_EXCLUSIVE_AREA_15
                0x0000a138                SchM_Enter_Spi_SPI_EXCLUSIVE_AREA_16
                0x0000a190                SchM_Exit_Spi_SPI_EXCLUSIVE_AREA_16
                0x0000a1d4                SchM_Enter_Spi_SPI_EXCLUSIVE_AREA_17
                0x0000a22c                SchM_Exit_Spi_SPI_EXCLUSIVE_AREA_17
                0x0000a270                SchM_Enter_Spi_SPI_EXCLUSIVE_AREA_18
                0x0000a2c8                SchM_Exit_Spi_SPI_EXCLUSIVE_AREA_18
                0x0000a30c                . = ALIGN (0x4)
                0x0000a30c                acfls_code_rom_start = .
                0x0000a30c                . = ALIGN (0x4)
 *(.acfls_code_rom)
                0x0000a30c                acfls_code_rom_end = .
 *(.init)
                0x0000a30c                . = ALIGN (0x4)
 *(.fini)
                0x0000a30c                . = ALIGN (0x4)
 *(.rodata)
 .rodata        0x0000a30c       0x1c ./RTD/src/Clock_Ip_Specific.o
 .rodata        0x0000a328        0x5 ./S&M_Driv/src/ST7789_low_level.o
 *fill*         0x0000a32d        0x3 
 .rodata        0x0000a330     0x2814 ./S&M_Driv/src/fonts.o
 .rodata        0x0000cb44    0x1c28e ./src/example2.o
                0x0000cb44                elecronicsV2_2
 *(.rodata*)
 *fill*         0x00028dd2        0x2 
 .rodata._global_impure_ptr
                0x00028dd4        0x4 C:/NXP/S32DS.3.4/S32DS/build_tools/gcc_v9.2/gcc-9.2-arm32-eabi/arm-none-eabi/newlib/lib/thumb/v7e-m+fp/hard\libc_nano.a(lib_a-impure.o)
                0x00028dd4                _global_impure_ptr
 .rodata._svfprintf_r.str1.1
                0x00028dd8       0x11 C:/NXP/S32DS.3.4/S32DS/build_tools/gcc_v9.2/gcc-9.2-arm32-eabi/arm-none-eabi/newlib/lib/thumb/v7e-m+fp/hard\libc_nano.a(lib_a-nano-svfprintf.o)
 .rodata._printf_i.str1.1
                0x00028de9       0x22 C:/NXP/S32DS.3.4/S32DS/build_tools/gcc_v9.2/gcc-9.2-arm32-eabi/arm-none-eabi/newlib/lib/thumb/v7e-m+fp/hard\libc_nano.a(lib_a-nano-vfprintf_i.o)
                0x00028e0c                . = ALIGN (0x4)
 *fill*         0x00028e0b        0x1 
 *(.mcal_const_cfg)
 .mcal_const_cfg
                0x00028e0c      0x3dc ./board/Clock_Ip_PBcfg.o
                0x00028e0c                Mcu_aClockConfigPB
 .mcal_const_cfg
                0x000291e8       0x10 ./generate/src/Dio_Cfg.o
                0x000291e8                Dio_Config
 .mcal_const_cfg
                0x000291f8      0x704 ./generate/src/IntCtrl_Ip_Cfg.o
                0x000294c0                IntCtrlConfig_0
                0x000298f4                intRouteConfig
 .mcal_const_cfg
                0x000298fc       0x48 ./generate/src/Lpspi_Ip_BOARD_InitPeripherals_PBcfg.o
                0x000298fc                Lpspi_Ip_DeviceAttributes_SpiExternalDevice_0_BOARD_InitPeripherals
                0x0002990c                Lpspi_Ip_DeviceAttributes_W25_SPI_Flash_BOARD_InitPeripherals
                0x0002991c                Lpspi_Ip_PhyUnitConfig_SpiPhyUnit_0_BOARD_InitPeripherals
                0x00029930                Lpspi_Ip_PhyUnitConfig_W25_SPI_BOARD_InitPeripherals
 .mcal_const_cfg
                0x00029944        0xc ./generate/src/OsIf_Cfg.o
                0x0002994c                OsIf_apxPredefinedConfig
 .mcal_const_cfg
                0x00029950      0x1b8 ./generate/src/Port_BOARD_InitPeripherals_PBcfg.o
                0x00029950                au8Port_PartitionList_BOARD_InitPeripherals
                0x00029ae4                Port_Config
 .mcal_const_cfg
                0x00029b08      0x190 ./generate/src/Port_Ci_Port_Ip_BOARD_InitPeripherals_PBcfg.o
                0x00029b08                g_pin_mux_InitConfigArr_BOARD_InitPeripherals
                0x00029c98                . = ALIGN (0x4)
 *(.mcal_const)
 .mcal_const    0x00029c98      0x580 ./RTD/src/Clock_Ip_Data.o
                0x00029c98                dividerCallbackIndex
                0x00029ca8                dividertriggerCallbackIndex
                0x00029cb8                xoscCallbackIndex
                0x00029cc8                ircoscCallbackIndex
                0x00029cd8                gateCallbackIndex
                0x00029ce8                fractional_dividerCallbackIndex
                0x00029cf8                pllCallbackIndex
                0x00029d08                selectorCallbackIndex
                0x00029d18                pcfsCallbackIndex
                0x00029d28                cmuCallbackIndex
                0x00029d38                clockFeatures
                0x0002a048                selectorEntry_hardwareValue
                0x0002a0a0                selectorEntrySCS_hardwareValue
                0x0002a0d0                selectorEntryPCS_hardwareValue
                0x0002a100                dividerValue_hardwareValue
                0x0002a144                scgPeriphAsyncDivs
                0x0002a154                sourceType_clockName
                0x0002a214                HwPllName
 .mcal_const    0x0002a218       0x3c ./RTD/src/Clock_Ip_Divider.o
                0x0002a218                dividerCallbacks
 .mcal_const    0x0002a254        0x8 ./RTD/src/Clock_Ip_DividerTrigger.o
                0x0002a254                dividerTriggerCallbacks
 .mcal_const    0x0002a25c       0x28 ./RTD/src/Clock_Ip_ExtOsc.o
                0x0002a25c                extOscCallbacks
 .mcal_const    0x0002a284        0xc ./RTD/src/Clock_Ip_FracDiv.o
                0x0002a284                fracDivCallbacks
 .mcal_const    0x0002a290       0x38 ./RTD/src/Clock_Ip_Gate.o
                0x0002a290                gateCallbacks
 .mcal_const    0x0002a2c8       0x3c ./RTD/src/Clock_Ip_IntOsc.o
                0x0002a2c8                intOscCallbacks
 .mcal_const    0x0002a304       0x18 ./RTD/src/Clock_Ip_Monitor.o
                0x0002a304                cmuCallbacks
 .mcal_const    0x0002a31c       0x28 ./RTD/src/Clock_Ip_Pll.o
                0x0002a31c                pllCallbacks
 .mcal_const    0x0002a344        0x4 ./RTD/src/Clock_Ip_ProgFreqSwitch.o
                0x0002a344                pcfsCallbacks
 .mcal_const    0x0002a348       0x58 ./RTD/src/Clock_Ip_Selector.o
                0x0002a348                selectorCallbacks
 .mcal_const    0x0002a3a0        0xc ./RTD/src/Lpspi_Ip.o
 .mcal_const    0x0002a3ac      0x280 ./generate/src/Dio_Cfg.o
                0x0002a3ac                au32Dio_ChannelToPartitionMap
                0x0002a5f0                au32Dio_PortToPartitionMap
                0x0002a604                Dio_aAvailablePinsForWrite
                0x0002a618                Dio_aAvailablePinsForRead
 .mcal_const    0x0002a62c       0xa0 ./generate/src/Port_Cfg.o
                0x0002a62c                Port_au16PinDescription
                0x0002a6cc                . = ALIGN (0x4)
 *(.mcal_const_no_cacheable)
                0x0002a6cc                . = ALIGN (0x4)
                0x0002a6cc                __init_table = .
 *(.init_table)
 .init_table    0x0002a6cc       0x1c ./Project_Settings/Startup_Code/startup_cm4.o
                0x0002a6e8                . = ALIGN (0x4)
                0x0002a6e8                __zero_table = .
 *(.zero_table)
 .zero_table    0x0002a6e8        0xc ./Project_Settings/Startup_Code/startup_cm4.o
                0x0002a6f4                . = ALIGN (0x4)
 *(.acmcu_code_rom)
                0x0002a6f4                . = ALIGN (0x4)
                0x0002a6f4                _etext = .
                0x0002a6f4                __DATA_ROM = .

.glue_7         0x0002a6f4        0x0
 .glue_7        0x0002a6f4        0x0 linker stubs

.glue_7t        0x0002a6f4        0x0
 .glue_7t       0x0002a6f4        0x0 linker stubs

.vfp11_veneer   0x0002a6f4        0x0
 .vfp11_veneer  0x0002a6f4        0x0 linker stubs

.v4_bx          0x0002a6f4        0x0
 .v4_bx         0x0002a6f4        0x0 linker stubs

.iplt           0x0002a6f4        0x0
 .iplt          0x0002a6f4        0x0 ./Project_Settings/Startup_Code/Vector_Table.o

.igot.plt       0x0002a6f4        0x0
 .igot.plt      0x0002a6f4        0x0 ./Project_Settings/Startup_Code/Vector_Table.o
                0x0002a6f4                . = ALIGN (0x4)
                [!provide]                PROVIDE (__exidx_start = .)

.ARM.exidx      0x1fff8100        0x8
 *(.ARM.exidx* .gnu.linkonce.armexidx.*)
 .ARM.exidx     0x1fff8100        0x8 c:/nxp/s32ds.3.4/s32ds/build_tools/gcc_v9.2/gcc-9.2-arm32-eabi/bin/../lib/gcc/arm-none-eabi/9.2.0/thumb/v7e-m+fp/hard\libgcc.a(_udivmoddi4.o)
                0x1fff8108                . = ALIGN (0x4)
                [!provide]                PROVIDE (__exidx_end = .)

.ARM.extab      0x1fff8108        0x0
 *(.ARM.extab*)
 .ARM.extab     0x1fff8108        0x0 c:/nxp/s32ds.3.4/s32ds/build_tools/gcc_v9.2/gcc-9.2-arm32-eabi/bin/../lib/gcc/arm-none-eabi/9.2.0/thumb/v7e-m+fp/hard\libgcc.a(_udivmoddi4.o)
                0x1fff8108                . = ALIGN (0x4)

.rel.dyn        0x1fff8108        0x0
 .rel.iplt      0x1fff8108        0x0 ./Project_Settings/Startup_Code/Vector_Table.o

.sram_interrupts
                0x1fff8108     0x1208
                0x1fff9000                . = ALIGN (0x1000)
 *fill*         0x1fff8108      0xef8 
                0x1fff9000                __interrupts_ram_start = .
                0x1fff9310                . = (. + (__interrupts_rom_end - __interrupts_rom_start))
 *fill*         0x1fff9000      0x310 
                0x1fff9310                . = ALIGN (0x4)
                0x1fff9310                __interrupts_ram_end = .

.sram_data      0x1fff9310      0x264 load address 0x0002a6f4
                0x1fff9310                . = ALIGN (0x4)
                0x1fff9310                __data_ram_start = .
 *(.ramcode)
                0x1fff9310                . = ALIGN (0x4)
 *(.data)
 .data          0x1fff9310        0x0 ./Project_Settings/Startup_Code/Vector_Table.o
 .data          0x1fff9310        0x0 ./Project_Settings/Startup_Code/exceptions.o
 .data          0x1fff9310        0x0 ./Project_Settings/Startup_Code/nvic.o
 .data          0x1fff9310        0x0 ./Project_Settings/Startup_Code/startup.o
 .data          0x1fff9310        0x0 ./Project_Settings/Startup_Code/startup_cm4.o
 .data          0x1fff9310        0x0 ./Project_Settings/Startup_Code/system.o
 .data          0x1fff9310        0x0 ./RTD/src/Clock_Ip.o
 .data          0x1fff9310        0x0 ./RTD/src/Clock_Ip_Data.o
 .data          0x1fff9310        0x0 ./RTD/src/Clock_Ip_Divider.o
 .data          0x1fff9310        0x0 ./RTD/src/Clock_Ip_DividerTrigger.o
 .data          0x1fff9310        0x0 ./RTD/src/Clock_Ip_ExtOsc.o
 .data          0x1fff9310        0x0 ./RTD/src/Clock_Ip_FracDiv.o
 .data          0x1fff9310        0x0 ./RTD/src/Clock_Ip_Frequency.o
 .data          0x1fff9310        0x0 ./RTD/src/Clock_Ip_Gate.o
 .data          0x1fff9310        0x0 ./RTD/src/Clock_Ip_IntOsc.o
 .data          0x1fff9310        0x0 ./RTD/src/Clock_Ip_Irq.o
 .data          0x1fff9310        0x0 ./RTD/src/Clock_Ip_Monitor.o
 .data          0x1fff9310        0x0 ./RTD/src/Clock_Ip_Pll.o
 .data          0x1fff9310        0x0 ./RTD/src/Clock_Ip_ProgFreqSwitch.o
 .data          0x1fff9310        0x0 ./RTD/src/Clock_Ip_Selector.o
 .data          0x1fff9310        0x0 ./RTD/src/Clock_Ip_Specific.o
 .data          0x1fff9310        0x0 ./RTD/src/Det.o
 .data          0x1fff9310        0x0 ./RTD/src/Det_stub.o
 .data          0x1fff9310        0x0 ./RTD/src/Dio.o
 .data          0x1fff9310        0x0 ./RTD/src/Dio_Ipw.o
 .data          0x1fff9310        0x0 ./RTD/src/Gpio_Dio_Ip.o
 .data          0x1fff9310        0x0 ./RTD/src/IntCtrl_Ip.o
 .data          0x1fff9310        0x0 ./RTD/src/Lpspi_Ip.o
 .data          0x1fff9310        0x0 ./RTD/src/Lpspi_Ip_Irq.o
 .data          0x1fff9310        0x0 ./RTD/src/OsIf_Timer.o
 .data          0x1fff9310        0x0 ./RTD/src/OsIf_Timer_System.o
 .data          0x1fff9310        0x0 ./RTD/src/Port.o
 .data          0x1fff9310       0x28 ./RTD/src/Port_Ci_Port_Ip.o
                0x1fff9310                Port_au32PortCiPortBaseAddr
                0x1fff9324                Port_au32PortCiGpioBaseAddr
 .data          0x1fff9338        0x0 ./RTD/src/Port_Ipw.o
 .data          0x1fff9338        0x0 ./RTD/src/SchM_Dio.o
 .data          0x1fff9338        0x0 ./RTD/src/SchM_Mcu.o
 .data          0x1fff9338        0x0 ./RTD/src/SchM_Port.o
 .data          0x1fff9338        0x0 ./RTD/src/SchM_Spi.o
 .data          0x1fff9338        0x0 ./S&M_Driv/src/ST7789_low_level.o
 .data          0x1fff9338       0x18 ./S&M_Driv/src/fonts.o
                0x1fff9338                Font_7x10
                0x1fff9340                Font_11x18
                0x1fff9348                Font_16x26
 .data          0x1fff9350        0x0 ./board/Clock_Ip_Cfg.o
 .data          0x1fff9350        0x0 ./board/Clock_Ip_PBcfg.o
 .data          0x1fff9350      0x190 ./board/Port_Ci_Port_Ip_Cfg.o
                0x1fff9350                g_pin_mux_InitConfigArr0
 .data          0x1fff94e0        0x0 ./generate/src/Dio_Cfg.o
 .data          0x1fff94e0        0x0 ./generate/src/IntCtrl_Ip_Cfg.o
 .data          0x1fff94e0        0x0 ./generate/src/Lpspi_Ip_BOARD_InitPeripherals_PBcfg.o
 .data          0x1fff94e0        0x0 ./generate/src/OsIf_Cfg.o
 .data          0x1fff94e0        0x0 ./generate/src/Port_BOARD_InitPeripherals_PBcfg.o
 .data          0x1fff94e0        0x0 ./generate/src/Port_Cfg.o
 .data          0x1fff94e0        0x0 ./generate/src/Port_Ci_Port_Ip_BOARD_InitPeripherals_PBcfg.o
 .data          0x1fff94e0        0x8 ./src/example2.o
                0x1fff94e0                txBuffer
                0x1fff94e2                numberOfBytes
                0x1fff94e4                timeOut
 .data          0x1fff94e8        0x0 C:/NXP/S32DS.3.4/S32DS/build_tools/gcc_v9.2/gcc-9.2-arm32-eabi/arm-none-eabi/newlib/lib/thumb/v7e-m+fp/hard\libc_nano.a(lib_a-sprintf.o)
 .data          0x1fff94e8        0x0 C:/NXP/S32DS.3.4/S32DS/build_tools/gcc_v9.2/gcc-9.2-arm32-eabi/arm-none-eabi/newlib/lib/thumb/v7e-m+fp/hard\libc_nano.a(lib_a-impure.o)
 .data          0x1fff94e8        0x0 C:/NXP/S32DS.3.4/S32DS/build_tools/gcc_v9.2/gcc-9.2-arm32-eabi/arm-none-eabi/newlib/lib/thumb/v7e-m+fp/hard\libc_nano.a(lib_a-nano-svfprintf.o)
 .data          0x1fff94e8        0x0 C:/NXP/S32DS.3.4/S32DS/build_tools/gcc_v9.2/gcc-9.2-arm32-eabi/arm-none-eabi/newlib/lib/thumb/v7e-m+fp/hard\libc_nano.a(lib_a-nano-vfprintf_i.o)
 .data          0x1fff94e8        0x0 C:/NXP/S32DS.3.4/S32DS/build_tools/gcc_v9.2/gcc-9.2-arm32-eabi/arm-none-eabi/newlib/lib/thumb/v7e-m+fp/hard\libc_nano.a(lib_a-memchr.o)
 .data          0x1fff94e8        0x0 C:/NXP/S32DS.3.4/S32DS/build_tools/gcc_v9.2/gcc-9.2-arm32-eabi/arm-none-eabi/newlib/lib/thumb/v7e-m+fp/hard\libc_nano.a(lib_a-memcpy-stub.o)
 .data          0x1fff94e8        0x0 C:/NXP/S32DS.3.4/S32DS/build_tools/gcc_v9.2/gcc-9.2-arm32-eabi/arm-none-eabi/newlib/lib/thumb/v7e-m+fp/hard\libc_nano.a(lib_a-memmove.o)
 .data          0x1fff94e8        0x0 C:/NXP/S32DS.3.4/S32DS/build_tools/gcc_v9.2/gcc-9.2-arm32-eabi/arm-none-eabi/newlib/lib/thumb/v7e-m+fp/hard\libc_nano.a(lib_a-nano-freer.o)
 .data          0x1fff94e8        0x0 C:/NXP/S32DS.3.4/S32DS/build_tools/gcc_v9.2/gcc-9.2-arm32-eabi/arm-none-eabi/newlib/lib/thumb/v7e-m+fp/hard\libc_nano.a(lib_a-nano-mallocr.o)
 .data          0x1fff94e8        0x0 C:/NXP/S32DS.3.4/S32DS/build_tools/gcc_v9.2/gcc-9.2-arm32-eabi/arm-none-eabi/newlib/lib/thumb/v7e-m+fp/hard\libc_nano.a(lib_a-nano-reallocr.o)
 .data          0x1fff94e8        0x0 C:/NXP/S32DS.3.4/S32DS/build_tools/gcc_v9.2/gcc-9.2-arm32-eabi/arm-none-eabi/newlib/lib/thumb/v7e-m+fp/hard\libc_nano.a(lib_a-sbrkr.o)
 .data          0x1fff94e8        0x0 C:/NXP/S32DS.3.4/S32DS/build_tools/gcc_v9.2/gcc-9.2-arm32-eabi/arm-none-eabi/newlib/lib/thumb/v7e-m+fp/hard\libc_nano.a(lib_a-mlock.o)
 .data          0x1fff94e8        0x0 C:/NXP/S32DS.3.4/S32DS/build_tools/gcc_v9.2/gcc-9.2-arm32-eabi/arm-none-eabi/newlib/lib/thumb/v7e-m+fp/hard\libc_nano.a(lib_a-nano-msizer.o)
 .data          0x1fff94e8        0x0 C:/NXP/S32DS.3.4/S32DS/build_tools/gcc_v9.2/gcc-9.2-arm32-eabi/arm-none-eabi/newlib/lib/thumb/v7e-m+fp/hard\libc_nano.a(lib_a-reent.o)
 .data          0x1fff94e8        0x0 c:/nxp/s32ds.3.4/s32ds/build_tools/gcc_v9.2/gcc-9.2-arm32-eabi/bin/../lib/gcc/arm-none-eabi/9.2.0/thumb/v7e-m+fp/hard\libgcc.a(_arm_addsubdf3.o)
 .data          0x1fff94e8        0x0 c:/nxp/s32ds.3.4/s32ds/build_tools/gcc_v9.2/gcc-9.2-arm32-eabi/bin/../lib/gcc/arm-none-eabi/9.2.0/thumb/v7e-m+fp/hard\libgcc.a(_aeabi_uldivmod.o)
 .data          0x1fff94e8        0x0 c:/nxp/s32ds.3.4/s32ds/build_tools/gcc_v9.2/gcc-9.2-arm32-eabi/bin/../lib/gcc/arm-none-eabi/9.2.0/thumb/v7e-m+fp/hard\libgcc.a(_udivmoddi4.o)
 .data          0x1fff94e8        0x0 c:/nxp/s32ds.3.4/s32ds/build_tools/gcc_v9.2/gcc-9.2-arm32-eabi/bin/../lib/gcc/arm-none-eabi/9.2.0/thumb/v7e-m+fp/hard\libgcc.a(_dvmd_tls.o)
 .data          0x1fff94e8        0x0 C:/NXP/S32DS.3.4/S32DS/build_tools/gcc_v9.2/gcc-9.2-arm32-eabi/arm-none-eabi/newlib/lib/thumb/v7e-m+fp/hard\libnosys.a(sbrk.o)
 *(.data*)
 .data._impure_ptr
                0x1fff94e8        0x4 C:/NXP/S32DS.3.4/S32DS/build_tools/gcc_v9.2/gcc-9.2-arm32-eabi/arm-none-eabi/newlib/lib/thumb/v7e-m+fp/hard\libc_nano.a(lib_a-impure.o)
                0x1fff94e8                _impure_ptr
 .data.impure_data
                0x1fff94ec       0x60 C:/NXP/S32DS.3.4/S32DS/build_tools/gcc_v9.2/gcc-9.2-arm32-eabi/arm-none-eabi/newlib/lib/thumb/v7e-m+fp/hard\libc_nano.a(lib_a-impure.o)
                0x1fff954c                . = ALIGN (0x4)
 *(.mcal_data)
 .mcal_data     0x1fff954c        0x4 ./RTD/src/Clock_Ip.o
 .mcal_data     0x1fff9550       0x14 ./RTD/src/Gpio_Dio_Ip.o
                0x1fff9550                GpioBaseAdresses
 .mcal_data     0x1fff9564       0x10 ./generate/src/Lpspi_Ip_BOARD_InitPeripherals_PBcfg.o
                0x1fff9574                . = ALIGN (0x4)
 *(.mcal_data_no_cacheable)
                0x1fff9574                . = ALIGN (0x4)
                0x1fff9574                __data_ram_end = .
                0x0002a958                __DATA_ROM_END = (__DATA_ROM + (__data_ram_end - __data_ram_start))

.sram_bss       0x1fff9574      0x3f4 load address 0x0002a958
                0x1fff9580                . = ALIGN (0x10)
 *fill*         0x1fff9574        0xc 
                0x1fff9580                __sram_bss_start = .
 *(.bss)
 .bss           0x1fff9580        0x0 ./Project_Settings/Startup_Code/Vector_Table.o
 .bss           0x1fff9580        0x0 ./Project_Settings/Startup_Code/exceptions.o
 .bss           0x1fff9580        0x0 ./Project_Settings/Startup_Code/nvic.o
 .bss           0x1fff9580        0x0 ./Project_Settings/Startup_Code/startup.o
 .bss           0x1fff9580        0x0 ./Project_Settings/Startup_Code/startup_cm4.o
 .bss           0x1fff9580        0x4 ./Project_Settings/Startup_Code/system.o
                0x1fff9580                RESET_CATCH_CORE
 .bss           0x1fff9584        0x9 ./RTD/src/Clock_Ip.o
 .bss           0x1fff958d        0x0 ./RTD/src/Clock_Ip_Data.o
 .bss           0x1fff958d        0x0 ./RTD/src/Clock_Ip_Divider.o
 .bss           0x1fff958d        0x0 ./RTD/src/Clock_Ip_DividerTrigger.o
 .bss           0x1fff958d        0x0 ./RTD/src/Clock_Ip_ExtOsc.o
 .bss           0x1fff958d        0x0 ./RTD/src/Clock_Ip_FracDiv.o
 .bss           0x1fff958d        0x0 ./RTD/src/Clock_Ip_Frequency.o
 .bss           0x1fff958d        0x0 ./RTD/src/Clock_Ip_Gate.o
 .bss           0x1fff958d        0x0 ./RTD/src/Clock_Ip_IntOsc.o
 .bss           0x1fff958d        0x0 ./RTD/src/Clock_Ip_Irq.o
 .bss           0x1fff958d        0x0 ./RTD/src/Clock_Ip_Monitor.o
 .bss           0x1fff958d        0x0 ./RTD/src/Clock_Ip_Pll.o
 .bss           0x1fff958d        0x0 ./RTD/src/Clock_Ip_ProgFreqSwitch.o
 .bss           0x1fff958d        0x0 ./RTD/src/Clock_Ip_Selector.o
 *fill*         0x1fff958d        0x3 
 .bss           0x1fff9590      0x130 ./RTD/src/Clock_Ip_Specific.o
 .bss           0x1fff96c0        0x0 ./RTD/src/Det.o
 .bss           0x1fff96c0        0x0 ./RTD/src/Det_stub.o
 .bss           0x1fff96c0        0x0 ./RTD/src/Dio.o
 .bss           0x1fff96c0        0x0 ./RTD/src/Dio_Ipw.o
 .bss           0x1fff96c0        0x0 ./RTD/src/Gpio_Dio_Ip.o
 .bss           0x1fff96c0        0x0 ./RTD/src/IntCtrl_Ip.o
 .bss           0x1fff96c0       0x80 ./RTD/src/Lpspi_Ip.o
 .bss           0x1fff9740        0x0 ./RTD/src/Lpspi_Ip_Irq.o
 .bss           0x1fff9740        0x0 ./RTD/src/OsIf_Timer.o
 .bss           0x1fff9740        0xc ./RTD/src/OsIf_Timer_System.o
 .bss           0x1fff974c        0x4 ./RTD/src/Port.o
 .bss           0x1fff9750        0x0 ./RTD/src/Port_Ci_Port_Ip.o
 .bss           0x1fff9750       0x14 ./RTD/src/Port_Ipw.o
 .bss           0x1fff9764       0x10 ./RTD/src/SchM_Dio.o
 .bss           0x1fff9774       0x18 ./RTD/src/SchM_Mcu.o
 .bss           0x1fff978c       0x48 ./RTD/src/SchM_Port.o
 .bss           0x1fff97d4       0x98 ./RTD/src/SchM_Spi.o
 .bss           0x1fff986c       0x19 ./S&M_Driv/src/ST7789_low_level.o
                0x1fff986c                rx_val
                0x1fff9876                total
                0x1fff9878                length
                0x1fff987c                i
                0x1fff987e                j
 .bss           0x1fff9885        0x0 ./S&M_Driv/src/fonts.o
 .bss           0x1fff9885        0x0 ./board/Clock_Ip_Cfg.o
 .bss           0x1fff9885        0x0 ./board/Clock_Ip_PBcfg.o
 .bss           0x1fff9885        0x0 ./board/Port_Ci_Port_Ip_Cfg.o
 .bss           0x1fff9885        0x0 ./generate/src/Dio_Cfg.o
 .bss           0x1fff9885        0x0 ./generate/src/IntCtrl_Ip_Cfg.o
 .bss           0x1fff9885        0x0 ./generate/src/Lpspi_Ip_BOARD_InitPeripherals_PBcfg.o
 .bss           0x1fff9885        0x0 ./generate/src/OsIf_Cfg.o
 .bss           0x1fff9885        0x0 ./generate/src/Port_BOARD_InitPeripherals_PBcfg.o
 .bss           0x1fff9885        0x0 ./generate/src/Port_Cfg.o
 .bss           0x1fff9885        0x0 ./generate/src/Port_Ci_Port_Ip_BOARD_InitPeripherals_PBcfg.o
 *fill*         0x1fff9885        0x3 
 .bss           0x1fff9888        0xc ./src/example2.o
                0x1fff9888                exit_code
                0x1fff988c                rxBuffer
 .bss           0x1fff9894        0x0 C:/NXP/S32DS.3.4/S32DS/build_tools/gcc_v9.2/gcc-9.2-arm32-eabi/arm-none-eabi/newlib/lib/thumb/v7e-m+fp/hard\libc_nano.a(lib_a-sprintf.o)
 .bss           0x1fff9894        0x0 C:/NXP/S32DS.3.4/S32DS/build_tools/gcc_v9.2/gcc-9.2-arm32-eabi/arm-none-eabi/newlib/lib/thumb/v7e-m+fp/hard\libc_nano.a(lib_a-impure.o)
 .bss           0x1fff9894        0x0 C:/NXP/S32DS.3.4/S32DS/build_tools/gcc_v9.2/gcc-9.2-arm32-eabi/arm-none-eabi/newlib/lib/thumb/v7e-m+fp/hard\libc_nano.a(lib_a-nano-svfprintf.o)
 .bss           0x1fff9894        0x0 C:/NXP/S32DS.3.4/S32DS/build_tools/gcc_v9.2/gcc-9.2-arm32-eabi/arm-none-eabi/newlib/lib/thumb/v7e-m+fp/hard\libc_nano.a(lib_a-nano-vfprintf_i.o)
 .bss           0x1fff9894        0x0 C:/NXP/S32DS.3.4/S32DS/build_tools/gcc_v9.2/gcc-9.2-arm32-eabi/arm-none-eabi/newlib/lib/thumb/v7e-m+fp/hard\libc_nano.a(lib_a-memchr.o)
 .bss           0x1fff9894        0x0 C:/NXP/S32DS.3.4/S32DS/build_tools/gcc_v9.2/gcc-9.2-arm32-eabi/arm-none-eabi/newlib/lib/thumb/v7e-m+fp/hard\libc_nano.a(lib_a-memcpy-stub.o)
 .bss           0x1fff9894        0x0 C:/NXP/S32DS.3.4/S32DS/build_tools/gcc_v9.2/gcc-9.2-arm32-eabi/arm-none-eabi/newlib/lib/thumb/v7e-m+fp/hard\libc_nano.a(lib_a-memmove.o)
 .bss           0x1fff9894        0x0 C:/NXP/S32DS.3.4/S32DS/build_tools/gcc_v9.2/gcc-9.2-arm32-eabi/arm-none-eabi/newlib/lib/thumb/v7e-m+fp/hard\libc_nano.a(lib_a-nano-freer.o)
 .bss           0x1fff9894        0x0 C:/NXP/S32DS.3.4/S32DS/build_tools/gcc_v9.2/gcc-9.2-arm32-eabi/arm-none-eabi/newlib/lib/thumb/v7e-m+fp/hard\libc_nano.a(lib_a-nano-mallocr.o)
 .bss           0x1fff9894        0x0 C:/NXP/S32DS.3.4/S32DS/build_tools/gcc_v9.2/gcc-9.2-arm32-eabi/arm-none-eabi/newlib/lib/thumb/v7e-m+fp/hard\libc_nano.a(lib_a-nano-reallocr.o)
 .bss           0x1fff9894        0x0 C:/NXP/S32DS.3.4/S32DS/build_tools/gcc_v9.2/gcc-9.2-arm32-eabi/arm-none-eabi/newlib/lib/thumb/v7e-m+fp/hard\libc_nano.a(lib_a-sbrkr.o)
 .bss           0x1fff9894        0x0 C:/NXP/S32DS.3.4/S32DS/build_tools/gcc_v9.2/gcc-9.2-arm32-eabi/arm-none-eabi/newlib/lib/thumb/v7e-m+fp/hard\libc_nano.a(lib_a-mlock.o)
 .bss           0x1fff9894        0x0 C:/NXP/S32DS.3.4/S32DS/build_tools/gcc_v9.2/gcc-9.2-arm32-eabi/arm-none-eabi/newlib/lib/thumb/v7e-m+fp/hard\libc_nano.a(lib_a-nano-msizer.o)
 .bss           0x1fff9894        0x0 C:/NXP/S32DS.3.4/S32DS/build_tools/gcc_v9.2/gcc-9.2-arm32-eabi/arm-none-eabi/newlib/lib/thumb/v7e-m+fp/hard\libc_nano.a(lib_a-reent.o)
 .bss           0x1fff9894        0x0 c:/nxp/s32ds.3.4/s32ds/build_tools/gcc_v9.2/gcc-9.2-arm32-eabi/bin/../lib/gcc/arm-none-eabi/9.2.0/thumb/v7e-m+fp/hard\libgcc.a(_arm_addsubdf3.o)
 .bss           0x1fff9894        0x0 c:/nxp/s32ds.3.4/s32ds/build_tools/gcc_v9.2/gcc-9.2-arm32-eabi/bin/../lib/gcc/arm-none-eabi/9.2.0/thumb/v7e-m+fp/hard\libgcc.a(_aeabi_uldivmod.o)
 .bss           0x1fff9894        0x0 c:/nxp/s32ds.3.4/s32ds/build_tools/gcc_v9.2/gcc-9.2-arm32-eabi/bin/../lib/gcc/arm-none-eabi/9.2.0/thumb/v7e-m+fp/hard\libgcc.a(_udivmoddi4.o)
 .bss           0x1fff9894        0x0 c:/nxp/s32ds.3.4/s32ds/build_tools/gcc_v9.2/gcc-9.2-arm32-eabi/bin/../lib/gcc/arm-none-eabi/9.2.0/thumb/v7e-m+fp/hard\libgcc.a(_dvmd_tls.o)
 .bss           0x1fff9894        0x0 C:/NXP/S32DS.3.4/S32DS/build_tools/gcc_v9.2/gcc-9.2-arm32-eabi/arm-none-eabi/newlib/lib/thumb/v7e-m+fp/hard\libnosys.a(sbrk.o)
 *(.bss*)
 .bss.__malloc_free_list
                0x1fff9894        0x4 C:/NXP/S32DS.3.4/S32DS/build_tools/gcc_v9.2/gcc-9.2-arm32-eabi/arm-none-eabi/newlib/lib/thumb/v7e-m+fp/hard\libc_nano.a(lib_a-nano-mallocr.o)
                0x1fff9894                __malloc_free_list
 .bss.__malloc_sbrk_start
                0x1fff9898        0x4 C:/NXP/S32DS.3.4/S32DS/build_tools/gcc_v9.2/gcc-9.2-arm32-eabi/arm-none-eabi/newlib/lib/thumb/v7e-m+fp/hard\libc_nano.a(lib_a-nano-mallocr.o)
                0x1fff9898                __malloc_sbrk_start
 .bss.errno     0x1fff989c        0x4 C:/NXP/S32DS.3.4/S32DS/build_tools/gcc_v9.2/gcc-9.2-arm32-eabi/arm-none-eabi/newlib/lib/thumb/v7e-m+fp/hard\libc_nano.a(lib_a-reent.o)
                0x1fff989c                errno
 .bss.heap_end.5505
                0x1fff98a0        0x4 C:/NXP/S32DS.3.4/S32DS/build_tools/gcc_v9.2/gcc-9.2-arm32-eabi/arm-none-eabi/newlib/lib/thumb/v7e-m+fp/hard\libnosys.a(sbrk.o)
                0x1fff98b0                . = ALIGN (0x10)
 *fill*         0x1fff98a4        0xc 
 *(.mcal_bss)
 .mcal_bss      0x1fff98b0        0xc ./RTD/src/Lpspi_Ip.o
                0x1fff98b0                Lpspi_Ip_apxStateStructureArray
                0x1fff98c0                . = ALIGN (0x10)
 *fill*         0x1fff98bc        0x4 
                0x1fff98c0                __non_cacheable_bss_start = .
 *(.mcal_bss_no_cacheable)
 .mcal_bss_no_cacheable
                0x1fff98c0       0xa8 ./RTD/src/Det.o
                0x1fff98c0                Det_InstanceId
                0x1fff98cc                Det_ApiId
                0x1fff98d8                Det_ErrorId
                0x1fff98e4                Det_RuntimeInstanceId
                0x1fff98f0                Det_RuntimeApiId
                0x1fff98fc                Det_RuntimeErrorId
                0x1fff9908                Det_TransientInstanceId
                0x1fff9914                Det_TransientApiId
                0x1fff9920                Det_TransientFaultId
                0x1fff992c                Det_TransientModuleId
                0x1fff9940                Det_ModuleId
                0x1fff9954                Det_RuntimeModuleId
                0x1fff9968                . = ALIGN (0x4)
                0x1fff9968                __non_cacheable_bss_end = .
                0x1fff9968                __sram_bss_end = .

.acfls_code_ram
                0x1fff9968        0x0
                0x1fff9968                . = (. + (acfls_code_rom_end - acfls_code_rom_start))

.heap           0x1fff9968      0x200 load address 0x0002ad4c
                0x1fff9968                . = ALIGN (0x4)
                0x1fff9968                _end = .
                0x1fff9968                end = .
                0x1fff9968                _heap_start = .
                0x1fff9b68                . = (. + HEAP_SIZE)
 *fill*         0x1fff9968      0x200 
                0x1fff9b68                _heap_end = .

int_results     0x1fff8000      0x100
                0x1fff8000                . = ALIGN (0x4)
 *(.int_results)
                0x1fff8100                . = (. + 0x100)
 *fill*         0x1fff8000      0x100 
                0x20006000                __Stack_end_c0 = ORIGIN (int_sram_stack_c0)
                0x20007000                __Stack_start_c0 = (ORIGIN (int_sram_stack_c0) + LENGTH (int_sram_stack_c0))
                0x1fff8000                __INT_SRAM_START = ORIGIN (int_sram_results)
                0x20007000                __INT_SRAM_END = ORIGIN (ram_rsvd2)
                0x1fff9310                __RAM_INIT_START = __data_ram_start
                0x1fff9574                __RAM_INIT_END = __data_ram_end
                0x0002a6f4                __ROM_INIT_START = __DATA_ROM
                0x0002a958                __ROM_INIT_END = __DATA_ROM_END
                0x1fff9580                __BSS_SRAM_START = __sram_bss_start
                0x1fff9968                __BSS_SRAM_END = __sram_bss_end
                0x000003e8                __BSS_SRAM_SIZE = (__sram_bss_end - __sram_bss_start)
                0x1fff9000                __RAM_INTERRUPT_START = __interrupts_ram_start
                0x00000000                __ROM_INTERRUPT_START = __interrupts_rom_start
                0x00000310                __ROM_INTERRUPT_END = __interrupts_rom_end
                0x0002a6cc                __INIT_TABLE = __init_table
                0x0002a6e8                __ZERO_TABLE = __zero_table
                0x00000001                __RAM_INIT = 0x1
                0x0000a30c                Fls_ACEraseRomStart = acfls_code_rom_start
                0x0000a30c                Fls_ACEraseRomEnd = acfls_code_rom_end
                0x00000000                Fls_ACEraseSize = (acfls_code_rom_end - acfls_code_rom_start)
                0x0000a30c                Fls_ACWriteRomStart = acfls_code_rom_start
                0x0000a30c                Fls_ACWriteRomEnd = acfls_code_rom_end
                0x00000000                Fls_ACWriteSize = (acfls_code_rom_end - acfls_code_rom_start)
                0x1fff9968                _ERASE_FUNC_ADDRESS_ = ADDR (.acfls_code_ram)
                0x1fff9968                _WRITE_FUNC_ADDRESS_ = ADDR (.acfls_code_ram)
                0x1fff9000                __ENTRY_VTABLE = __RAM_INTERRUPT_START
OUTPUT(GB_SPI_Master_ST7789_Graphics.elf elf32-littlearm)

.ARM.attributes
                0x00000000       0x30
 .ARM.attributes
                0x00000000       0x20 ./Project_Settings/Startup_Code/Vector_Table.o
 .ARM.attributes
                0x00000020       0x34 ./Project_Settings/Startup_Code/exceptions.o
 .ARM.attributes
                0x00000054       0x34 ./Project_Settings/Startup_Code/nvic.o
 .ARM.attributes
                0x00000088       0x34 ./Project_Settings/Startup_Code/startup.o
 .ARM.attributes
                0x000000bc       0x1f ./Project_Settings/Startup_Code/startup_cm4.o
 .ARM.attributes
                0x000000db       0x34 ./Project_Settings/Startup_Code/system.o
 .ARM.attributes
                0x0000010f       0x34 ./RTD/src/Clock_Ip.o
 .ARM.attributes
                0x00000143       0x39 ./RTD/src/Clock_Ip_Data.o
 .ARM.attributes
                0x0000017c       0x34 ./RTD/src/Clock_Ip_Divider.o
 .ARM.attributes
                0x000001b0       0x34 ./RTD/src/Clock_Ip_DividerTrigger.o
 .ARM.attributes
                0x000001e4       0x34 ./RTD/src/Clock_Ip_ExtOsc.o
 .ARM.attributes
                0x00000218       0x34 ./RTD/src/Clock_Ip_FracDiv.o
 .ARM.attributes
                0x0000024c       0x39 ./RTD/src/Clock_Ip_Frequency.o
 .ARM.attributes
                0x00000285       0x34 ./RTD/src/Clock_Ip_Gate.o
 .ARM.attributes
                0x000002b9       0x34 ./RTD/src/Clock_Ip_IntOsc.o
 .ARM.attributes
                0x000002ed       0x39 ./RTD/src/Clock_Ip_Irq.o
 .ARM.attributes
                0x00000326       0x34 ./RTD/src/Clock_Ip_Monitor.o
 .ARM.attributes
                0x0000035a       0x34 ./RTD/src/Clock_Ip_Pll.o
 .ARM.attributes
                0x0000038e       0x34 ./RTD/src/Clock_Ip_ProgFreqSwitch.o
 .ARM.attributes
                0x000003c2       0x34 ./RTD/src/Clock_Ip_Selector.o
 .ARM.attributes
                0x000003f6       0x34 ./RTD/src/Clock_Ip_Specific.o
 .ARM.attributes
                0x0000042a       0x34 ./RTD/src/Det.o
 .ARM.attributes
                0x0000045e       0x34 ./RTD/src/Det_stub.o
 .ARM.attributes
                0x00000492       0x34 ./RTD/src/Dio.o
 .ARM.attributes
                0x000004c6       0x34 ./RTD/src/Dio_Ipw.o
 .ARM.attributes
                0x000004fa       0x34 ./RTD/src/Gpio_Dio_Ip.o
 .ARM.attributes
                0x0000052e       0x34 ./RTD/src/IntCtrl_Ip.o
 .ARM.attributes
                0x00000562       0x34 ./RTD/src/Lpspi_Ip.o
 .ARM.attributes
                0x00000596       0x34 ./RTD/src/Lpspi_Ip_Irq.o
 .ARM.attributes
                0x000005ca       0x34 ./RTD/src/OsIf_Timer.o
 .ARM.attributes
                0x000005fe       0x34 ./RTD/src/OsIf_Timer_System.o
 .ARM.attributes
                0x00000632       0x34 ./RTD/src/Port.o
 .ARM.attributes
                0x00000666       0x34 ./RTD/src/Port_Ci_Port_Ip.o
 .ARM.attributes
                0x0000069a       0x34 ./RTD/src/Port_Ipw.o
 .ARM.attributes
                0x000006ce       0x34 ./RTD/src/SchM_Dio.o
 .ARM.attributes
                0x00000702       0x34 ./RTD/src/SchM_Mcu.o
 .ARM.attributes
                0x00000736       0x34 ./RTD/src/SchM_Port.o
 .ARM.attributes
                0x0000076a       0x34 ./RTD/src/SchM_Spi.o
 .ARM.attributes
                0x0000079e       0x34 ./S&M_Driv/src/ST7789_low_level.o
 .ARM.attributes
                0x000007d2       0x39 ./S&M_Driv/src/fonts.o
 .ARM.attributes
                0x0000080b       0x39 ./board/Clock_Ip_Cfg.o
 .ARM.attributes
                0x00000844       0x39 ./board/Clock_Ip_PBcfg.o
 .ARM.attributes
                0x0000087d       0x39 ./board/Port_Ci_Port_Ip_Cfg.o
 .ARM.attributes
                0x000008b6       0x39 ./generate/src/Dio_Cfg.o
 .ARM.attributes
                0x000008ef       0x39 ./generate/src/IntCtrl_Ip_Cfg.o
 .ARM.attributes
                0x00000928       0x39 ./generate/src/Lpspi_Ip_BOARD_InitPeripherals_PBcfg.o
 .ARM.attributes
                0x00000961       0x39 ./generate/src/OsIf_Cfg.o
 .ARM.attributes
                0x0000099a       0x39 ./generate/src/Port_BOARD_InitPeripherals_PBcfg.o
 .ARM.attributes
                0x000009d3       0x39 ./generate/src/Port_Cfg.o
 .ARM.attributes
                0x00000a0c       0x39 ./generate/src/Port_Ci_Port_Ip_BOARD_InitPeripherals_PBcfg.o
 .ARM.attributes
                0x00000a45       0x34 ./src/example2.o
 .ARM.attributes
                0x00000a79       0x34 C:/NXP/S32DS.3.4/S32DS/build_tools/gcc_v9.2/gcc-9.2-arm32-eabi/arm-none-eabi/newlib/lib/thumb/v7e-m+fp/hard\libc_nano.a(lib_a-sprintf.o)
 .ARM.attributes
                0x00000aad       0x32 C:/NXP/S32DS.3.4/S32DS/build_tools/gcc_v9.2/gcc-9.2-arm32-eabi/arm-none-eabi/newlib/lib/thumb/v7e-m+fp/hard\libc_nano.a(lib_a-impure.o)
 .ARM.attributes
                0x00000adf       0x34 C:/NXP/S32DS.3.4/S32DS/build_tools/gcc_v9.2/gcc-9.2-arm32-eabi/arm-none-eabi/newlib/lib/thumb/v7e-m+fp/hard\libc_nano.a(lib_a-nano-svfprintf.o)
 .ARM.attributes
                0x00000b13       0x34 C:/NXP/S32DS.3.4/S32DS/build_tools/gcc_v9.2/gcc-9.2-arm32-eabi/arm-none-eabi/newlib/lib/thumb/v7e-m+fp/hard\libc_nano.a(lib_a-nano-vfprintf_i.o)
 .ARM.attributes
                0x00000b47       0x1c C:/NXP/S32DS.3.4/S32DS/build_tools/gcc_v9.2/gcc-9.2-arm32-eabi/arm-none-eabi/newlib/lib/thumb/v7e-m+fp/hard\libc_nano.a(lib_a-memchr.o)
 .ARM.attributes
                0x00000b63       0x34 C:/NXP/S32DS.3.4/S32DS/build_tools/gcc_v9.2/gcc-9.2-arm32-eabi/arm-none-eabi/newlib/lib/thumb/v7e-m+fp/hard\libc_nano.a(lib_a-memcpy-stub.o)
 .ARM.attributes
                0x00000b97       0x34 C:/NXP/S32DS.3.4/S32DS/build_tools/gcc_v9.2/gcc-9.2-arm32-eabi/arm-none-eabi/newlib/lib/thumb/v7e-m+fp/hard\libc_nano.a(lib_a-memmove.o)
 .ARM.attributes
                0x00000bcb       0x34 C:/NXP/S32DS.3.4/S32DS/build_tools/gcc_v9.2/gcc-9.2-arm32-eabi/arm-none-eabi/newlib/lib/thumb/v7e-m+fp/hard\libc_nano.a(lib_a-nano-freer.o)
 .ARM.attributes
                0x00000bff       0x34 C:/NXP/S32DS.3.4/S32DS/build_tools/gcc_v9.2/gcc-9.2-arm32-eabi/arm-none-eabi/newlib/lib/thumb/v7e-m+fp/hard\libc_nano.a(lib_a-nano-mallocr.o)
 .ARM.attributes
                0x00000c33       0x34 C:/NXP/S32DS.3.4/S32DS/build_tools/gcc_v9.2/gcc-9.2-arm32-eabi/arm-none-eabi/newlib/lib/thumb/v7e-m+fp/hard\libc_nano.a(lib_a-nano-reallocr.o)
 .ARM.attributes
                0x00000c67       0x34 C:/NXP/S32DS.3.4/S32DS/build_tools/gcc_v9.2/gcc-9.2-arm32-eabi/arm-none-eabi/newlib/lib/thumb/v7e-m+fp/hard\libc_nano.a(lib_a-sbrkr.o)
 .ARM.attributes
                0x00000c9b       0x34 C:/NXP/S32DS.3.4/S32DS/build_tools/gcc_v9.2/gcc-9.2-arm32-eabi/arm-none-eabi/newlib/lib/thumb/v7e-m+fp/hard\libc_nano.a(lib_a-mlock.o)
 .ARM.attributes
                0x00000ccf       0x34 C:/NXP/S32DS.3.4/S32DS/build_tools/gcc_v9.2/gcc-9.2-arm32-eabi/arm-none-eabi/newlib/lib/thumb/v7e-m+fp/hard\libc_nano.a(lib_a-nano-msizer.o)
 .ARM.attributes
                0x00000d03       0x34 C:/NXP/S32DS.3.4/S32DS/build_tools/gcc_v9.2/gcc-9.2-arm32-eabi/arm-none-eabi/newlib/lib/thumb/v7e-m+fp/hard\libc_nano.a(lib_a-reent.o)
 .ARM.attributes
                0x00000d37       0x1e c:/nxp/s32ds.3.4/s32ds/build_tools/gcc_v9.2/gcc-9.2-arm32-eabi/bin/../lib/gcc/arm-none-eabi/9.2.0/thumb/v7e-m+fp/hard\libgcc.a(_arm_addsubdf3.o)
 .ARM.attributes
                0x00000d55       0x1e c:/nxp/s32ds.3.4/s32ds/build_tools/gcc_v9.2/gcc-9.2-arm32-eabi/bin/../lib/gcc/arm-none-eabi/9.2.0/thumb/v7e-m+fp/hard\libgcc.a(_aeabi_uldivmod.o)
 .ARM.attributes
                0x00000d73       0x34 c:/nxp/s32ds.3.4/s32ds/build_tools/gcc_v9.2/gcc-9.2-arm32-eabi/bin/../lib/gcc/arm-none-eabi/9.2.0/thumb/v7e-m+fp/hard\libgcc.a(_udivmoddi4.o)
 .ARM.attributes
                0x00000da7       0x1e c:/nxp/s32ds.3.4/s32ds/build_tools/gcc_v9.2/gcc-9.2-arm32-eabi/bin/../lib/gcc/arm-none-eabi/9.2.0/thumb/v7e-m+fp/hard\libgcc.a(_dvmd_tls.o)
 .ARM.attributes
                0x00000dc5       0x34 C:/NXP/S32DS.3.4/S32DS/build_tools/gcc_v9.2/gcc-9.2-arm32-eabi/arm-none-eabi/newlib/lib/thumb/v7e-m+fp/hard\libnosys.a(sbrk.o)

.comment        0x00000000       0x80
 .comment       0x00000000       0x80 ./Project_Settings/Startup_Code/exceptions.o
                                 0x81 (size before relaxing)
 .comment       0x00000080       0x81 ./Project_Settings/Startup_Code/nvic.o
 .comment       0x00000080       0x81 ./Project_Settings/Startup_Code/startup.o
 .comment       0x00000080       0x81 ./Project_Settings/Startup_Code/system.o
 .comment       0x00000080       0x81 ./RTD/src/Clock_Ip.o
 .comment       0x00000080       0x81 ./RTD/src/Clock_Ip_Data.o
 .comment       0x00000080       0x81 ./RTD/src/Clock_Ip_Divider.o
 .comment       0x00000080       0x81 ./RTD/src/Clock_Ip_DividerTrigger.o
 .comment       0x00000080       0x81 ./RTD/src/Clock_Ip_ExtOsc.o
 .comment       0x00000080       0x81 ./RTD/src/Clock_Ip_FracDiv.o
 .comment       0x00000080       0x81 ./RTD/src/Clock_Ip_Frequency.o
 .comment       0x00000080       0x81 ./RTD/src/Clock_Ip_Gate.o
 .comment       0x00000080       0x81 ./RTD/src/Clock_Ip_IntOsc.o
 .comment       0x00000080       0x81 ./RTD/src/Clock_Ip_Irq.o
 .comment       0x00000080       0x81 ./RTD/src/Clock_Ip_Monitor.o
 .comment       0x00000080       0x81 ./RTD/src/Clock_Ip_Pll.o
 .comment       0x00000080       0x81 ./RTD/src/Clock_Ip_ProgFreqSwitch.o
 .comment       0x00000080       0x81 ./RTD/src/Clock_Ip_Selector.o
 .comment       0x00000080       0x81 ./RTD/src/Clock_Ip_Specific.o
 .comment       0x00000080       0x81 ./RTD/src/Det.o
 .comment       0x00000080       0x81 ./RTD/src/Det_stub.o
 .comment       0x00000080       0x81 ./RTD/src/Dio.o
 .comment       0x00000080       0x81 ./RTD/src/Dio_Ipw.o
 .comment       0x00000080       0x81 ./RTD/src/Gpio_Dio_Ip.o
 .comment       0x00000080       0x81 ./RTD/src/IntCtrl_Ip.o
 .comment       0x00000080       0x81 ./RTD/src/Lpspi_Ip.o
 .comment       0x00000080       0x81 ./RTD/src/Lpspi_Ip_Irq.o
 .comment       0x00000080       0x81 ./RTD/src/OsIf_Timer.o
 .comment       0x00000080       0x81 ./RTD/src/OsIf_Timer_System.o
 .comment       0x00000080       0x81 ./RTD/src/Port.o
 .comment       0x00000080       0x81 ./RTD/src/Port_Ci_Port_Ip.o
 .comment       0x00000080       0x81 ./RTD/src/Port_Ipw.o
 .comment       0x00000080       0x81 ./RTD/src/SchM_Dio.o
 .comment       0x00000080       0x81 ./RTD/src/SchM_Mcu.o
 .comment       0x00000080       0x81 ./RTD/src/SchM_Port.o
 .comment       0x00000080       0x81 ./RTD/src/SchM_Spi.o
 .comment       0x00000080       0x81 ./S&M_Driv/src/ST7789_low_level.o
 .comment       0x00000080       0x81 ./S&M_Driv/src/fonts.o
 .comment       0x00000080       0x81 ./board/Clock_Ip_Cfg.o
 .comment       0x00000080       0x81 ./board/Clock_Ip_PBcfg.o
 .comment       0x00000080       0x81 ./board/Port_Ci_Port_Ip_Cfg.o
 .comment       0x00000080       0x81 ./generate/src/Dio_Cfg.o
 .comment       0x00000080       0x81 ./generate/src/IntCtrl_Ip_Cfg.o
 .comment       0x00000080       0x81 ./generate/src/Lpspi_Ip_BOARD_InitPeripherals_PBcfg.o
 .comment       0x00000080       0x81 ./generate/src/OsIf_Cfg.o
 .comment       0x00000080       0x81 ./generate/src/Port_BOARD_InitPeripherals_PBcfg.o
 .comment       0x00000080       0x81 ./generate/src/Port_Cfg.o
 .comment       0x00000080       0x81 ./generate/src/Port_Ci_Port_Ip_BOARD_InitPeripherals_PBcfg.o
 .comment       0x00000080       0x81 ./src/example2.o

.debug_info     0x00000000    0x25808
 .debug_info    0x00000000      0x139 ./Project_Settings/Startup_Code/exceptions.o
 .debug_info    0x00000139      0x465 ./Project_Settings/Startup_Code/nvic.o
 .debug_info    0x0000059e      0x244 ./Project_Settings/Startup_Code/startup.o
 .debug_info    0x000007e2       0x26 ./Project_Settings/Startup_Code/startup_cm4.o
 .debug_info    0x00000808      0x447 ./Project_Settings/Startup_Code/system.o
 .debug_info    0x00000c4f     0x1a31 ./RTD/src/Clock_Ip.o
 .debug_info    0x00002680     0x1731 ./RTD/src/Clock_Ip_Data.o
 .debug_info    0x00003db1     0x1d33 ./RTD/src/Clock_Ip_Divider.o
 .debug_info    0x00005ae4     0x148b ./RTD/src/Clock_Ip_DividerTrigger.o
 .debug_info    0x00006f6f     0x1852 ./RTD/src/Clock_Ip_ExtOsc.o
 .debug_info    0x000087c1     0x14b5 ./RTD/src/Clock_Ip_FracDiv.o
 .debug_info    0x00009c76     0x1453 ./RTD/src/Clock_Ip_Frequency.o
 .debug_info    0x0000b0c9     0x1a77 ./RTD/src/Clock_Ip_Gate.o
 .debug_info    0x0000cb40     0x1c4f ./RTD/src/Clock_Ip_IntOsc.o
 .debug_info    0x0000e78f     0x1453 ./RTD/src/Clock_Ip_Irq.o
 .debug_info    0x0000fbe2     0x1501 ./RTD/src/Clock_Ip_Monitor.o
 .debug_info    0x000110e3     0x1890 ./RTD/src/Clock_Ip_Pll.o
 .debug_info    0x00012973     0x148b ./RTD/src/Clock_Ip_ProgFreqSwitch.o
 .debug_info    0x00013dfe     0x2033 ./RTD/src/Clock_Ip_Selector.o
 .debug_info    0x00015e31     0x1e8c ./RTD/src/Clock_Ip_Specific.o
 .debug_info    0x00017cbd      0x3ad ./RTD/src/Det.o
 .debug_info    0x0001806a      0x3b3 ./RTD/src/Det_stub.o
 .debug_info    0x0001841d      0x3c9 ./RTD/src/Dio.o
 .debug_info    0x000187e6      0x4c7 ./RTD/src/Dio_Ipw.o
 .debug_info    0x00018cad      0x386 ./RTD/src/Gpio_Dio_Ip.o
 .debug_info    0x00019033      0xc0a ./RTD/src/IntCtrl_Ip.o
 .debug_info    0x00019c3d      0xfb6 ./RTD/src/Lpspi_Ip.o
 .debug_info    0x0001abf3      0x241 ./RTD/src/Lpspi_Ip_Irq.o
 .debug_info    0x0001ae34      0x2e2 ./RTD/src/OsIf_Timer.o
 .debug_info    0x0001b116      0x3d6 ./RTD/src/OsIf_Timer_System.o
 .debug_info    0x0001b4ec      0x948 ./RTD/src/Port.o
 .debug_info    0x0001be34      0x901 ./RTD/src/Port_Ci_Port_Ip.o
 .debug_info    0x0001c735      0xa23 ./RTD/src/Port_Ipw.o
 .debug_info    0x0001d158      0x1f6 ./RTD/src/SchM_Dio.o
 .debug_info    0x0001d34e      0x26a ./RTD/src/SchM_Mcu.o
 .debug_info    0x0001d5b8      0x522 ./RTD/src/SchM_Port.o
 .debug_info    0x0001dada      0x9aa ./RTD/src/SchM_Spi.o
 .debug_info    0x0001e484     0x144a ./S&M_Driv/src/ST7789_low_level.o
 .debug_info    0x0001f8ce      0x1ae ./S&M_Driv/src/fonts.o
 .debug_info    0x0001fa7c     0x1453 ./board/Clock_Ip_Cfg.o
 .debug_info    0x00020ecf     0x1462 ./board/Clock_Ip_PBcfg.o
 .debug_info    0x00022331      0x424 ./board/Port_Ci_Port_Ip_Cfg.o
 .debug_info    0x00022755      0x275 ./generate/src/Dio_Cfg.o
 .debug_info    0x000229ca      0x4cf ./generate/src/IntCtrl_Ip_Cfg.o
 .debug_info    0x00022e99      0x26f ./generate/src/Lpspi_Ip_BOARD_InitPeripherals_PBcfg.o
 .debug_info    0x00023108      0x11a ./generate/src/OsIf_Cfg.o
 .debug_info    0x00023222      0x771 ./generate/src/Port_BOARD_InitPeripherals_PBcfg.o
 .debug_info    0x00023993      0x499 ./generate/src/Port_Cfg.o
 .debug_info    0x00023e2c      0x448 ./generate/src/Port_Ci_Port_Ip_BOARD_InitPeripherals_PBcfg.o
 .debug_info    0x00024274     0x1594 ./src/example2.o

.debug_abbrev   0x00000000     0x47af
 .debug_abbrev  0x00000000       0x47 ./Project_Settings/Startup_Code/exceptions.o
 .debug_abbrev  0x00000047       0xff ./Project_Settings/Startup_Code/nvic.o
 .debug_abbrev  0x00000146       0xcb ./Project_Settings/Startup_Code/startup.o
 .debug_abbrev  0x00000211       0x14 ./Project_Settings/Startup_Code/startup_cm4.o
 .debug_abbrev  0x00000225      0x155 ./Project_Settings/Startup_Code/system.o
 .debug_abbrev  0x0000037a      0x293 ./RTD/src/Clock_Ip.o
 .debug_abbrev  0x0000060d      0x19f ./RTD/src/Clock_Ip_Data.o
 .debug_abbrev  0x000007ac      0x211 ./RTD/src/Clock_Ip_Divider.o
 .debug_abbrev  0x000009bd      0x1a3 ./RTD/src/Clock_Ip_DividerTrigger.o
 .debug_abbrev  0x00000b60      0x23c ./RTD/src/Clock_Ip_ExtOsc.o
 .debug_abbrev  0x00000d9c      0x1bf ./RTD/src/Clock_Ip_FracDiv.o
 .debug_abbrev  0x00000f5b      0x167 ./RTD/src/Clock_Ip_Frequency.o
 .debug_abbrev  0x000010c2      0x222 ./RTD/src/Clock_Ip_Gate.o
 .debug_abbrev  0x000012e4      0x267 ./RTD/src/Clock_Ip_IntOsc.o
 .debug_abbrev  0x0000154b      0x167 ./RTD/src/Clock_Ip_Irq.o
 .debug_abbrev  0x000016b2      0x1d9 ./RTD/src/Clock_Ip_Monitor.o
 .debug_abbrev  0x0000188b      0x274 ./RTD/src/Clock_Ip_Pll.o
 .debug_abbrev  0x00001aff      0x1a3 ./RTD/src/Clock_Ip_ProgFreqSwitch.o
 .debug_abbrev  0x00001ca2      0x211 ./RTD/src/Clock_Ip_Selector.o
 .debug_abbrev  0x00001eb3      0x278 ./RTD/src/Clock_Ip_Specific.o
 .debug_abbrev  0x0000212b       0xf5 ./RTD/src/Det.o
 .debug_abbrev  0x00002220       0xbd ./RTD/src/Det_stub.o
 .debug_abbrev  0x000022dd      0x12b ./RTD/src/Dio.o
 .debug_abbrev  0x00002408      0x190 ./RTD/src/Dio_Ipw.o
 .debug_abbrev  0x00002598      0x17f ./RTD/src/Gpio_Dio_Ip.o
 .debug_abbrev  0x00002717      0x204 ./RTD/src/IntCtrl_Ip.o
 .debug_abbrev  0x0000291b      0x24a ./RTD/src/Lpspi_Ip.o
 .debug_abbrev  0x00002b65       0xc6 ./RTD/src/Lpspi_Ip_Irq.o
 .debug_abbrev  0x00002c2b      0x1a5 ./RTD/src/OsIf_Timer.o
 .debug_abbrev  0x00002dd0      0x1cb ./RTD/src/OsIf_Timer_System.o
 .debug_abbrev  0x00002f9b      0x1d0 ./RTD/src/Port.o
 .debug_abbrev  0x0000316b      0x1c6 ./RTD/src/Port_Ci_Port_Ip.o
 .debug_abbrev  0x00003331      0x1c8 ./RTD/src/Port_Ipw.o
 .debug_abbrev  0x000034f9       0xcb ./RTD/src/SchM_Dio.o
 .debug_abbrev  0x000035c4       0xcb ./RTD/src/SchM_Mcu.o
 .debug_abbrev  0x0000368f       0xcb ./RTD/src/SchM_Port.o
 .debug_abbrev  0x0000375a       0xcb ./RTD/src/SchM_Spi.o
 .debug_abbrev  0x00003825      0x31a ./S&M_Driv/src/ST7789_low_level.o
 .debug_abbrev  0x00003b3f       0xad ./S&M_Driv/src/fonts.o
 .debug_abbrev  0x00003bec      0x167 ./board/Clock_Ip_Cfg.o
 .debug_abbrev  0x00003d53      0x176 ./board/Clock_Ip_PBcfg.o
 .debug_abbrev  0x00003ec9       0xd4 ./board/Port_Ci_Port_Ip_Cfg.o
 .debug_abbrev  0x00003f9d       0xcd ./generate/src/Dio_Cfg.o
 .debug_abbrev  0x0000406a       0xe8 ./generate/src/IntCtrl_Ip_Cfg.o
 .debug_abbrev  0x00004152       0xda ./generate/src/Lpspi_Ip_BOARD_InitPeripherals_PBcfg.o
 .debug_abbrev  0x0000422c       0x9e ./generate/src/OsIf_Cfg.o
 .debug_abbrev  0x000042ca      0x14b ./generate/src/Port_BOARD_InitPeripherals_PBcfg.o
 .debug_abbrev  0x00004415       0xe3 ./generate/src/Port_Cfg.o
 .debug_abbrev  0x000044f8       0xd0 ./generate/src/Port_Ci_Port_Ip_BOARD_InitPeripherals_PBcfg.o
 .debug_abbrev  0x000045c8      0x1e7 ./src/example2.o

.debug_aranges  0x00000000     0x1068
 .debug_aranges
                0x00000000       0x28 ./Project_Settings/Startup_Code/exceptions.o
 .debug_aranges
                0x00000028       0x20 ./Project_Settings/Startup_Code/nvic.o
 .debug_aranges
                0x00000048       0x20 ./Project_Settings/Startup_Code/startup.o
 .debug_aranges
                0x00000068       0x20 ./Project_Settings/Startup_Code/startup_cm4.o
 .debug_aranges
                0x00000088       0x28 ./Project_Settings/Startup_Code/system.o
 .debug_aranges
                0x000000b0       0xa8 ./RTD/src/Clock_Ip.o
 .debug_aranges
                0x00000158       0x18 ./RTD/src/Clock_Ip_Data.o
 .debug_aranges
                0x00000170      0x100 ./RTD/src/Clock_Ip_Divider.o
 .debug_aranges
                0x00000270       0x20 ./RTD/src/Clock_Ip_DividerTrigger.o
 .debug_aranges
                0x00000290       0x70 ./RTD/src/Clock_Ip_ExtOsc.o
 .debug_aranges
                0x00000300       0x28 ./RTD/src/Clock_Ip_FracDiv.o
 .debug_aranges
                0x00000328       0x18 ./RTD/src/Clock_Ip_Frequency.o
 .debug_aranges
                0x00000340       0xb8 ./RTD/src/Clock_Ip_Gate.o
 .debug_aranges
                0x000003f8       0xf0 ./RTD/src/Clock_Ip_IntOsc.o
 .debug_aranges
                0x000004e8       0x18 ./RTD/src/Clock_Ip_Irq.o
 .debug_aranges
                0x00000500       0x38 ./RTD/src/Clock_Ip_Monitor.o
 .debug_aranges
                0x00000538       0x78 ./RTD/src/Clock_Ip_Pll.o
 .debug_aranges
                0x000005b0       0x20 ./RTD/src/Clock_Ip_ProgFreqSwitch.o
 .debug_aranges
                0x000005d0      0x150 ./RTD/src/Clock_Ip_Selector.o
 .debug_aranges
                0x00000720       0x88 ./RTD/src/Clock_Ip_Specific.o
 .debug_aranges
                0x000007a8       0x40 ./RTD/src/Det.o
 .debug_aranges
                0x000007e8       0x48 ./RTD/src/Det_stub.o
 .debug_aranges
                0x00000830       0x48 ./RTD/src/Dio.o
 .debug_aranges
                0x00000878       0x48 ./RTD/src/Dio_Ipw.o
 .debug_aranges
                0x000008c0       0x58 ./RTD/src/Gpio_Dio_Ip.o
 .debug_aranges
                0x00000918       0xc0 ./RTD/src/IntCtrl_Ip.o
 .debug_aranges
                0x000009d8       0xa8 ./RTD/src/Lpspi_Ip.o
 .debug_aranges
                0x00000a80       0x28 ./RTD/src/Lpspi_Ip_Irq.o
 .debug_aranges
                0x00000aa8       0x68 ./RTD/src/OsIf_Timer.o
 .debug_aranges
                0x00000b10       0x60 ./RTD/src/OsIf_Timer_System.o
 .debug_aranges
                0x00000b70       0x40 ./RTD/src/Port.o
 .debug_aranges
                0x00000bb0       0x90 ./RTD/src/Port_Ci_Port_Ip.o
 .debug_aranges
                0x00000c40       0x50 ./RTD/src/Port_Ipw.o
 .debug_aranges
                0x00000c90       0x40 ./RTD/src/SchM_Dio.o
 .debug_aranges
                0x00000cd0       0x50 ./RTD/src/SchM_Mcu.o
 .debug_aranges
                0x00000d20       0xb0 ./RTD/src/SchM_Port.o
 .debug_aranges
                0x00000dd0      0x150 ./RTD/src/SchM_Spi.o
 .debug_aranges
                0x00000f20       0x20 ./S&M_Driv/src/ST7789_low_level.o
 .debug_aranges
                0x00000f40       0x18 ./S&M_Driv/src/fonts.o
 .debug_aranges
                0x00000f58       0x18 ./board/Clock_Ip_Cfg.o
 .debug_aranges
                0x00000f70       0x18 ./board/Clock_Ip_PBcfg.o
 .debug_aranges
                0x00000f88       0x18 ./board/Port_Ci_Port_Ip_Cfg.o
 .debug_aranges
                0x00000fa0       0x18 ./generate/src/Dio_Cfg.o
 .debug_aranges
                0x00000fb8       0x18 ./generate/src/IntCtrl_Ip_Cfg.o
 .debug_aranges
                0x00000fd0       0x18 ./generate/src/Lpspi_Ip_BOARD_InitPeripherals_PBcfg.o
 .debug_aranges
                0x00000fe8       0x18 ./generate/src/OsIf_Cfg.o
 .debug_aranges
                0x00001000       0x18 ./generate/src/Port_BOARD_InitPeripherals_PBcfg.o
 .debug_aranges
                0x00001018       0x18 ./generate/src/Port_Cfg.o
 .debug_aranges
                0x00001030       0x18 ./generate/src/Port_Ci_Port_Ip_BOARD_InitPeripherals_PBcfg.o
 .debug_aranges
                0x00001048       0x20 ./src/example2.o

.debug_ranges   0x00000000      0xc88
 .debug_ranges  0x00000000       0x18 ./Project_Settings/Startup_Code/exceptions.o
 .debug_ranges  0x00000018       0x18 ./Project_Settings/Startup_Code/system.o
 .debug_ranges  0x00000030       0x98 ./RTD/src/Clock_Ip.o
 .debug_ranges  0x000000c8       0xf0 ./RTD/src/Clock_Ip_Divider.o
 .debug_ranges  0x000001b8       0x10 ./RTD/src/Clock_Ip_DividerTrigger.o
 .debug_ranges  0x000001c8       0x60 ./RTD/src/Clock_Ip_ExtOsc.o
 .debug_ranges  0x00000228       0x18 ./RTD/src/Clock_Ip_FracDiv.o
 .debug_ranges  0x00000240       0xa8 ./RTD/src/Clock_Ip_Gate.o
 .debug_ranges  0x000002e8       0xe0 ./RTD/src/Clock_Ip_IntOsc.o
 .debug_ranges  0x000003c8       0x28 ./RTD/src/Clock_Ip_Monitor.o
 .debug_ranges  0x000003f0       0x68 ./RTD/src/Clock_Ip_Pll.o
 .debug_ranges  0x00000458       0x10 ./RTD/src/Clock_Ip_ProgFreqSwitch.o
 .debug_ranges  0x00000468      0x140 ./RTD/src/Clock_Ip_Selector.o
 .debug_ranges  0x000005a8       0x78 ./RTD/src/Clock_Ip_Specific.o
 .debug_ranges  0x00000620       0x30 ./RTD/src/Det.o
 .debug_ranges  0x00000650       0x38 ./RTD/src/Det_stub.o
 .debug_ranges  0x00000688       0x38 ./RTD/src/Dio.o
 .debug_ranges  0x000006c0       0x38 ./RTD/src/Dio_Ipw.o
 .debug_ranges  0x000006f8       0x48 ./RTD/src/Gpio_Dio_Ip.o
 .debug_ranges  0x00000740       0xb0 ./RTD/src/IntCtrl_Ip.o
 .debug_ranges  0x000007f0       0x98 ./RTD/src/Lpspi_Ip.o
 .debug_ranges  0x00000888       0x18 ./RTD/src/Lpspi_Ip_Irq.o
 .debug_ranges  0x000008a0       0x58 ./RTD/src/OsIf_Timer.o
 .debug_ranges  0x000008f8       0x50 ./RTD/src/OsIf_Timer_System.o
 .debug_ranges  0x00000948       0x30 ./RTD/src/Port.o
 .debug_ranges  0x00000978       0x80 ./RTD/src/Port_Ci_Port_Ip.o
 .debug_ranges  0x000009f8       0x40 ./RTD/src/Port_Ipw.o
 .debug_ranges  0x00000a38       0x30 ./RTD/src/SchM_Dio.o
 .debug_ranges  0x00000a68       0x40 ./RTD/src/SchM_Mcu.o
 .debug_ranges  0x00000aa8       0xa0 ./RTD/src/SchM_Port.o
 .debug_ranges  0x00000b48      0x140 ./RTD/src/SchM_Spi.o

.debug_macro    0x00000000    0x1eb6a
 .debug_macro   0x00000000      0x13f ./Project_Settings/Startup_Code/exceptions.o
 .debug_macro   0x0000013f      0xab4 ./Project_Settings/Startup_Code/exceptions.o
 .debug_macro   0x00000bf3       0x22 ./Project_Settings/Startup_Code/exceptions.o
 .debug_macro   0x00000c15       0x56 ./Project_Settings/Startup_Code/exceptions.o
 .debug_macro   0x00000c6b       0x51 ./Project_Settings/Startup_Code/exceptions.o
 .debug_macro   0x00000cbc       0xef ./Project_Settings/Startup_Code/exceptions.o
 .debug_macro   0x00000dab       0x6a ./Project_Settings/Startup_Code/exceptions.o
 .debug_macro   0x00000e15      0x1df ./Project_Settings/Startup_Code/exceptions.o
 .debug_macro   0x00000ff4       0x22 ./Project_Settings/Startup_Code/exceptions.o
 .debug_macro   0x00001016      0x16d ./Project_Settings/Startup_Code/exceptions.o
 .debug_macro   0x00001183       0x84 ./Project_Settings/Startup_Code/exceptions.o
 .debug_macro   0x00001207      0x98e ./Project_Settings/Startup_Code/exceptions.o
 .debug_macro   0x00001b95       0x3b ./Project_Settings/Startup_Code/exceptions.o
 .debug_macro   0x00001bd0       0xa2 ./Project_Settings/Startup_Code/exceptions.o
 .debug_macro   0x00001c72       0x69 ./Project_Settings/Startup_Code/exceptions.o
 .debug_macro   0x00001cdb       0x88 ./Project_Settings/Startup_Code/exceptions.o
 .debug_macro   0x00001d63       0xdf ./Project_Settings/Startup_Code/exceptions.o
 .debug_macro   0x00001e42      0x12b ./Project_Settings/Startup_Code/exceptions.o
 .debug_macro   0x00001f6d       0x16 ./Project_Settings/Startup_Code/exceptions.o
 .debug_macro   0x00001f83       0x67 ./Project_Settings/Startup_Code/exceptions.o
 .debug_macro   0x00001fea      0x130 ./Project_Settings/Startup_Code/exceptions.o
 .debug_macro   0x0000211a       0x88 ./Project_Settings/Startup_Code/exceptions.o
 .debug_macro   0x000021a2       0x58 ./Project_Settings/Startup_Code/exceptions.o
 .debug_macro   0x000021fa       0x7a ./Project_Settings/Startup_Code/exceptions.o
 .debug_macro   0x00002274      0x24c ./Project_Settings/Startup_Code/nvic.o
 .debug_macro   0x000024c0      0x533 ./Project_Settings/Startup_Code/nvic.o
 .debug_macro   0x000029f3      0x616 ./Project_Settings/Startup_Code/nvic.o
 .debug_macro   0x00003009      0x549 ./Project_Settings/Startup_Code/nvic.o
 .debug_macro   0x00003552      0x204 ./Project_Settings/Startup_Code/nvic.o
 .debug_macro   0x00003756     0x1421 ./Project_Settings/Startup_Code/nvic.o
 .debug_macro   0x00004b77       0x80 ./Project_Settings/Startup_Code/nvic.o
 .debug_macro   0x00004bf7       0xba ./Project_Settings/Startup_Code/nvic.o
 .debug_macro   0x00004cb1      0x12a ./Project_Settings/Startup_Code/nvic.o
 .debug_macro   0x00004ddb      0x108 ./Project_Settings/Startup_Code/nvic.o
 .debug_macro   0x00004ee3     0x1283 ./Project_Settings/Startup_Code/nvic.o
 .debug_macro   0x00006166      0x5a3 ./Project_Settings/Startup_Code/nvic.o
 .debug_macro   0x00006709      0x398 ./Project_Settings/Startup_Code/nvic.o
 .debug_macro   0x00006aa1     0x1889 ./Project_Settings/Startup_Code/nvic.o
 .debug_macro   0x0000832a      0x11e ./Project_Settings/Startup_Code/nvic.o
 .debug_macro   0x00008448      0x434 ./Project_Settings/Startup_Code/nvic.o
 .debug_macro   0x0000887c      0xdd9 ./Project_Settings/Startup_Code/nvic.o
 .debug_macro   0x00009655      0x402 ./Project_Settings/Startup_Code/nvic.o
 .debug_macro   0x00009a57      0x7ee ./Project_Settings/Startup_Code/nvic.o
 .debug_macro   0x0000a245      0x192 ./Project_Settings/Startup_Code/nvic.o
 .debug_macro   0x0000a3d7      0xc49 ./Project_Settings/Startup_Code/nvic.o
 .debug_macro   0x0000b020      0x6c1 ./Project_Settings/Startup_Code/nvic.o
 .debug_macro   0x0000b6e1      0x63f ./Project_Settings/Startup_Code/nvic.o
 .debug_macro   0x0000bd20      0x5a7 ./Project_Settings/Startup_Code/nvic.o
 .debug_macro   0x0000c2c7     0x1b4b ./Project_Settings/Startup_Code/nvic.o
 .debug_macro   0x0000de12      0x198 ./Project_Settings/Startup_Code/nvic.o
 .debug_macro   0x0000dfaa      0x322 ./Project_Settings/Startup_Code/nvic.o
 .debug_macro   0x0000e2cc      0x193 ./Project_Settings/Startup_Code/nvic.o
 .debug_macro   0x0000e45f      0x294 ./Project_Settings/Startup_Code/nvic.o
 .debug_macro   0x0000e6f3      0x610 ./Project_Settings/Startup_Code/nvic.o
 .debug_macro   0x0000ed03      0x31c ./Project_Settings/Startup_Code/nvic.o
 .debug_macro   0x0000f01f      0xb54 ./Project_Settings/Startup_Code/nvic.o
 .debug_macro   0x0000fb73      0x6d7 ./Project_Settings/Startup_Code/nvic.o
 .debug_macro   0x0001024a      0x762 ./Project_Settings/Startup_Code/nvic.o