Clock_Ip_Gate.c:191:13:Clock_Ip_ClockSetGateEmpty	0	static
Clock_Ip_Gate.c:196:13:Clock_Ip_ClockUpdateGateEmpty	0	static
Clock_Ip_Gate.c:387:6:Clock_Ip_ClockSetSimLPO1KEnable_TrustedCall	0	static
Clock_Ip_Gate.c:204:13:Clock_Ip_ClockSetSimLPO1KEnable	0	static
Clock_Ip_Gate.c:215:13:Clock_Ip_ClockUpdateSimLPO1KEnable	16	static
Clock_Ip_Gate.c:400:6:Clock_Ip_ClockSetSimLPO32KEnable_TrustedCall	0	static
Clock_Ip_Gate.c:234:13:Clock_Ip_ClockSetSimLPO32KEnable	0	static
Clock_Ip_Gate.c:244:13:Clock_Ip_ClockUpdateSimLPO32KEnable	16	static
Clock_Ip_Gate.c:413:6:Clock_Ip_ClockSetSimClkoutEnable_TrustedCall	0	static
Clock_Ip_Gate.c:263:13:Clock_Ip_ClockSetSimClkoutEnable	0	static
Clock_Ip_Gate.c:273:13:Clock_Ip_ClockUpdateSimClkoutEnable	16	static
Clock_Ip_Gate.c:426:6:Clock_Ip_ClockSetPccCgcEnable_TrustedCall	0	static
Clock_Ip_Gate.c:292:13:Clock_Ip_ClockSetPccCgcEnable	0	static
Clock_Ip_Gate.c:302:13:Clock_Ip_ClockUpdatePccCgcEnable	16	static
Clock_Ip_Gate.c:440:6:Clock_Ip_ClockSetSimGate_TrustedCall	8	static
Clock_Ip_Gate.c:323:13:Clock_Ip_ClockSetSimGate	0	static
Clock_Ip_Gate.c:333:13:Clock_Ip_ClockUpdateSimGate	16	static
Clock_Ip_Gate.c:454:6:Clock_Ip_ClockSetSimTraceEnable_TrustedCall	0	static
Clock_Ip_Gate.c:352:13:Clock_Ip_ClockSetSimTraceEnable	0	static
Clock_Ip_Gate.c:363:13:Clock_Ip_ClockUpdateSimTraceEnable	16	static
