Clock_Ip_Selector.c:233:13:Clock_Ip_CallbackSelectorEmpty	8	static
Clock_Ip_Selector.c:240:13:Clock_Ip_ResetScgRunSel	16	static
Clock_Ip_Selector.c:251:13:Clock_Ip_SetScgRunSel	16	static
Clock_Ip_Selector.c:265:13:Clock_Ip_SetScgVlprSel	16	static
Clock_Ip_Selector.c:279:13:Clock_Ip_ResetScgHsrunSel	16	static
Clock_Ip_Selector.c:289:13:Clock_Ip_SetScgHsrunSel	16	static
Clock_Ip_Selector.c:302:13:Clock_Ip_ResetSimRtcSel	16	static
Clock_Ip_Selector.c:312:13:Clock_Ip_SetSimRtcSel	16	static
Clock_Ip_Selector.c:325:13:Clock_Ip_ResetSimLpoSel	16	static
Clock_Ip_Selector.c:335:13:Clock_Ip_SetSimLpoSel	16	static
Clock_Ip_Selector.c:348:13:Clock_Ip_ResetScgClkoutSel	16	static
Clock_Ip_Selector.c:358:13:Clock_Ip_SetScgClkoutSel	16	static
Clock_Ip_Selector.c:371:13:Clock_Ip_ResetSimFtmoptSel	16	static
Clock_Ip_Selector.c:381:13:Clock_Ip_SetSimFtmoptSel	16	static
Clock_Ip_Selector.c:394:13:Clock_Ip_ResetSimClkoutSel	16	static
Clock_Ip_Selector.c:404:13:Clock_Ip_SetSimClkoutSel	16	static
Clock_Ip_Selector.c:417:13:Clock_Ip_ResetPccPcsSelect	16	static
Clock_Ip_Selector.c:427:13:Clock_Ip_SetPccPcsSelect	16	static
Clock_Ip_Selector.c:440:13:Clock_Ip_ResetSimTraceSel	16	static
Clock_Ip_Selector.c:450:13:Clock_Ip_SetSimTraceSel	16	static
Clock_Ip_Selector.c:466:6:Clock_Ip_ResetScgRunSel_TrustedCall	16	static
Clock_Ip_Selector.c:479:6:Clock_Ip_SetScgRunSel_TrustedCall	16	static
Clock_Ip_Selector.c:493:6:Clock_Ip_SetScgVlprSel_TrustedCall	16	static
Clock_Ip_Selector.c:507:6:Clock_Ip_ResetScgHsrunSel_TrustedCall	16	static
Clock_Ip_Selector.c:519:6:Clock_Ip_SetScgHsrunSel_TrustedCall	16	static
Clock_Ip_Selector.c:532:6:Clock_Ip_ResetSimRtcSel_TrustedCall	16	static
Clock_Ip_Selector.c:545:6:Clock_Ip_SetSimRtcSel_TrustedCall	16	static
Clock_Ip_Selector.c:558:6:Clock_Ip_ResetSimLpoSel_TrustedCall	16	static
Clock_Ip_Selector.c:570:6:Clock_Ip_SetSimLpoSel_TrustedCall	16	static
Clock_Ip_Selector.c:586:6:Clock_Ip_ResetScgClkoutSel_TrustedCall	16	static
Clock_Ip_Selector.c:599:6:Clock_Ip_SetScgClkoutSel_TrustedCall	16	static
Clock_Ip_Selector.c:616:6:Clock_Ip_ResetSimFtmoptSel_TrustedCall	24	static
Clock_Ip_Selector.c:636:6:Clock_Ip_SetSimFtmoptSel_TrustedCall	24	static
Clock_Ip_Selector.c:660:6:Clock_Ip_ResetSimClkoutSel_TrustedCall	16	static
Clock_Ip_Selector.c:670:6:Clock_Ip_SetSimClkoutSel_TrustedCall	16	static
Clock_Ip_Selector.c:686:6:Clock_Ip_ResetPccPcsSelect_TrustedCall	16	static
Clock_Ip_Selector.c:695:6:Clock_Ip_SetPccPcsSelect_TrustedCall	24	static
Clock_Ip_Selector.c:709:6:Clock_Ip_ResetSimTraceSel_TrustedCall	16	static
Clock_Ip_Selector.c:721:6:Clock_Ip_SetSimTraceSel_TrustedCall	16	static
