Clock_Ip.c:199:13:Clock_Ip_NotificatonsEmptyCallback	0	static
Clock_Ip.c:865:24:Clock_Ip_GetPllStatus	32	static
Clock_Ip.c:917:6:Clock_Ip_DistributePll	24	static
Clock_Ip.c:971:6:Clock_Ip_DisableClockMonitor	0	static
Clock_Ip.c:987:24:Clock_Ip_GetClockMonitorStatus	0	static
Clock_Ip.c:1002:6:Clock_Ip_ClearClockMonitorStatus	0	static
Clock_Ip.c:1020:6:Clock_Ip_InstallNotificationsCallback	0	static
Clock_Ip.c:1034:6:Clock_Ip_DisableModuleClock	0	static
Clock_Ip.c:1050:6:Clock_Ip_EnableModuleClock	0	static
Clock_Ip.c:1069:6:Clock_Ip_PowerModeChangeNotification	16	static
Clock_Ip.c:1140:6:Clock_Ip_ReportClockErrors	0	static
Clock_Ip.c:1151:6:Clock_Ip_StartTimeout	24	static
Clock_Ip.c:1167:9:Clock_Ip_TimeoutExpired	16	static
Clock_Ip.c:1177:8:Clock_Ip_GetConfiguredFrequencyValue	12	static
Clock_Ip.c:674:6:Clock_Ip_InitClock	40	static
Clock_Ip.c:615:21:Clock_Ip_Init	8	static
