Clock_Ip_ExtOsc.c:150:13:Clock_Ip_ExternalOscillatorEmpty	8	static
Clock_Ip_ExtOsc.c:155:13:Clock_Ip_DisableClockIpExternalOscillatorEmpty	8	static
Clock_Ip_ExtOsc.c:165:13:Clock_Ip_ResetSOSC	16	static
Clock_Ip_ExtOsc.c:175:13:Clock_Ip_SetSOSC	16	static
Clock_Ip_ExtOsc.c:191:13:Clock_Ip_CompleteSOSC	40	static
Clock_Ip_ExtOsc.c:218:13:Clock_Ip_DisableSOSC	16	static
Clock_Ip_ExtOsc.c:228:13:Clock_Ip_EnableSOSC	16	static
Clock_Ip_ExtOsc.c:245:6:Clock_Ip_ResetSOSC_TrustedCall	8	static
Clock_Ip_ExtOsc.c:261:6:Clock_Ip_SetSOSC_TrustedCall	8	static
Clock_Ip_ExtOsc.c:360:6:Clock_Ip_DisableSOSC_TrustedCall	8	static
Clock_Ip_ExtOsc.c:368:6:Clock_Ip_EnableSOSC_TrustedCall	8	static
