Clock_Ip_Pll.c:157:13:Clock_Ip_CallbackPllEmpty	0	static
Clock_Ip_Pll.c:162:37:Clock_Ip_CallbackPllEmptyComplete	0	static
Clock_Ip_Pll.c:168:13:Clock_Ip_CallbackPllEmptyDisable	0	static
Clock_Ip_Pll.c:196:37:Clock_Ip_CompleteSpll	40	static
Clock_Ip_Pll.c:261:6:Clock_Ip_ResetSpll_TrustedCall	0	static
Clock_Ip_Pll.c:176:13:Clock_Ip_ResetSpll	0	static
Clock_Ip_Pll.c:286:6:Clock_Ip_SetSpll_TrustedCall	8	static
Clock_Ip_Pll.c:186:13:Clock_Ip_SetSpll	0	static
Clock_Ip_Pll.c:341:6:Clock_Ip_DisableSpll_TrustedCall	0	static
Clock_Ip_Pll.c:234:13:Clock_Ip_DisableSpll	0	static
Clock_Ip_Pll.c:353:6:Clock_Ip_EnableSpll_TrustedCall	0	static
Clock_Ip_Pll.c:244:13:Clock_Ip_EnableSpll	0	static
