Devassert.h:85:20:DevAssert	8	static
Ftm_Pwm_Ip_HwAccess.h:476:20:Ftm_Pwm_Ip_SetChnEdgeLevel	0	static
Ftm_Pwm_Ip_HwAccess.h:862:20:Ftm_Pwm_Ip_SetSoftwareTriggerCmd	0	static
Ftm_Pwm_Ip_HwAccess.h:2068:42:Ftm_Pwm_Ip_GetChannelMode	20	static
Ftm_Pwm_Ip_HwAccess.h:2228:20:Ftm_Pwm_Ip_SetChnTriggerCmd	0	static
Ftm_Pwm_Ip.c:510:13:Ftm_Pwm_Ip_DisableCmpIrq	0	static
Ftm_Pwm_Ip_HwAccess.h:2151:20:Ftm_Pwm_Ip_Reset	0	static
Ftm_Pwm_Ip.c:1649:6:Ftm_Pwm_Ip_SwOutputControl	24	static
Ftm_Pwm_Ip.c:1454:6:Ftm_Pwm_Ip_DeInit	40	static
Ftm_Pwm_Ip.c:1761:23:Ftm_Pwm_Ip_UpdatePwmChannel	16	static
Ftm_Pwm_Ip.c:1485:6:Ftm_Pwm_Ip_UpdatePwmDutyCycleChannel	40	static
Ftm_Pwm_Ip.c:1405:6:Ftm_Pwm_Ip_Init	48	static
Ftm_Pwm_Ip.c:1839:23:Ftm_Pwm_Ip_UpdatePwmPeriod	16	static
Ftm_Pwm_Ip.c:1582:6:Ftm_Pwm_Ip_UpdatePwmPeriodAndDuty	32	static
Ftm_Pwm_Ip.c:1879:28:Ftm_Pwm_Ip_GetOutputState	16	static
Ftm_Pwm_Ip.c:1915:6:Ftm_Pwm_Ip_DisableNotification	32	static
Ftm_Pwm_Ip.c:2021:6:Ftm_Pwm_Ip_EnableNotification	40	static
Ftm_Pwm_Ip.c:2085:6:Ftm_Pwm_Ip_SetPowerState	8	static
Ftm_Pwm_Ip.c:2113:6:Ftm_Pwm_Ip_SetClockMode	8	static
Ftm_Pwm_Ip.c:2140:6:Ftm_Pwm_Ip_ResetCounter	8	static
Ftm_Pwm_Ip.c:2161:8:Ftm_Pwm_Ip_GetChannelState	8	static
Ftm_Pwm_Ip.c:2182:6:Ftm_Pwm_Ip_FastUpdatePwmDuty	24	static
Ftm_Pwm_Ip.c:2214:6:Ftm_Pwm_Ip_MaskOutputChannels	24	static
Ftm_Pwm_Ip.c:2240:6:Ftm_Pwm_Ip_UnMaskOutputChannels	24	static
Ftm_Pwm_Ip.c:2265:6:Ftm_Pwm_Ip_SetPhaseShift	48	static
Ftm_Pwm_Ip.c:2349:6:Ftm_Pwm_Ip_SetDutyPhaseShift	24	static
Ftm_Pwm_Ip.c:2443:7:Ftm_Pwm_Ip_DisableTrigger	16	static
Ftm_Pwm_Ip.c:2466:7:Ftm_Pwm_Ip_EnableTrigger	16	static
Ftm_Pwm_Ip.c:2489:6:Ftm_Pwm_Ip_SyncUpdate	8	static
Ftm_Pwm_Ip.c:2510:6:Ftm_Pwm_Ip_SetChannelDeadTime	24	static
