Pwm_Ipw.c:206:6:Pwm_Ipw_Init	16	static
Pwm_Ipw.c:250:6:Pwm_Ipw_InitInstance	16	static
Pwm_Ipw.c:285:6:Pwm_Ipw_DeInit	8	static
Pwm_Ipw.c:327:6:Pwm_Ipw_DeInitInstance	16	static
Pwm_Ipw.c:364:16:Pwm_Ipw_SetDutyCycle	24	static
Pwm_Ipw.c:433:6:Pwm_Ipw_SetPeriodAndDuty	32	static
Pwm_Ipw.c:498:6:Pwm_Ipw_SetOutputToIdle	24	static
Pwm_Ipw.c:556:21:Pwm_Ipw_GetOutputState	24	static
Pwm_Ipw.c:630:6:Pwm_Ipw_DisableNotification	16	static
Pwm_Ipw.c:678:6:Pwm_Ipw_EnableNotification	24	static
Pwm_Ipw.c:834:6:Pwm_Ipw_ForceOutputToZero	32	static
Pwm_Ipw.c:1557:16:Pwm_Ipw_ValidateNotification	16	static
Pwm_Ipw.c:1608:16:Pwm_Ipw_ValidateForceOutputToZero	16	static
Pwm_Ipw.c:1836:16:Pwm_Ipw_ValidateSetOutPutToIdle	16	static
Pwm_Ipw.c:1921:8:Pwm_Ipw_GetMaxPeriodValue	16	static
