Archive member included to satisfy reference by file (symbol)

D:/NXP/S32DS.3.4/S32DS/build_tools/gcc_b1620/gcc-6.3-arm32-eabi/arm-none-eabi/newlib/lib/thumb/v7e-m/fpv4-sp/hard\libc_nano.a(lib_a-exit.o)
                              D:/NXP/S32DS.3.4/S32DS/build_tools/gcc_b1620/gcc-6.3-arm32-eabi/arm-none-eabi/newlib/lib/thumb/v7e-m/fpv4-sp/hard/crt0.o (exit)
D:/NXP/S32DS.3.4/S32DS/build_tools/gcc_b1620/gcc-6.3-arm32-eabi/arm-none-eabi/newlib/lib/thumb/v7e-m/fpv4-sp/hard\libc_nano.a(lib_a-impure.o)
                              D:/NXP/S32DS.3.4/S32DS/build_tools/gcc_b1620/gcc-6.3-arm32-eabi/arm-none-eabi/newlib/lib/thumb/v7e-m/fpv4-sp/hard\libc_nano.a(lib_a-exit.o) (_global_impure_ptr)
D:/NXP/S32DS.3.4/S32DS/build_tools/gcc_b1620/gcc-6.3-arm32-eabi/arm-none-eabi/newlib/lib/thumb/v7e-m/fpv4-sp/hard\libc_nano.a(lib_a-init.o)
                              D:/NXP/S32DS.3.4/S32DS/build_tools/gcc_b1620/gcc-6.3-arm32-eabi/arm-none-eabi/newlib/lib/thumb/v7e-m/fpv4-sp/hard/crt0.o (__libc_init_array)
D:/NXP/S32DS.3.4/S32DS/build_tools/gcc_b1620/gcc-6.3-arm32-eabi/arm-none-eabi/newlib/lib/thumb/v7e-m/fpv4-sp/hard\libc_nano.a(lib_a-memset.o)
                              D:/NXP/S32DS.3.4/S32DS/build_tools/gcc_b1620/gcc-6.3-arm32-eabi/arm-none-eabi/newlib/lib/thumb/v7e-m/fpv4-sp/hard/crt0.o (memset)
D:/NXP/S32DS.3.4/S32DS/build_tools/gcc_b1620/gcc-6.3-arm32-eabi/arm-none-eabi/newlib/lib/thumb/v7e-m/fpv4-sp/hard\libnosys.a(_exit.o)
                              D:/NXP/S32DS.3.4/S32DS/build_tools/gcc_b1620/gcc-6.3-arm32-eabi/arm-none-eabi/newlib/lib/thumb/v7e-m/fpv4-sp/hard\libc_nano.a(lib_a-exit.o) (_exit)

Discarded input sections

 .text          0x00000000        0x0 d:/nxp/s32ds.3.4/s32ds/build_tools/gcc_b1620/gcc-6.3-arm32-eabi/bin/../lib/gcc/arm-none-eabi/6.3.1/thumb/v7e-m/fpv4-sp/hard/crti.o
 .data          0x00000000        0x0 d:/nxp/s32ds.3.4/s32ds/build_tools/gcc_b1620/gcc-6.3-arm32-eabi/bin/../lib/gcc/arm-none-eabi/6.3.1/thumb/v7e-m/fpv4-sp/hard/crti.o
 .bss           0x00000000        0x0 d:/nxp/s32ds.3.4/s32ds/build_tools/gcc_b1620/gcc-6.3-arm32-eabi/bin/../lib/gcc/arm-none-eabi/6.3.1/thumb/v7e-m/fpv4-sp/hard/crti.o
 .data          0x00000000        0x4 d:/nxp/s32ds.3.4/s32ds/build_tools/gcc_b1620/gcc-6.3-arm32-eabi/bin/../lib/gcc/arm-none-eabi/6.3.1/thumb/v7e-m/fpv4-sp/hard/crtbegin.o
 .data          0x00000000        0x0 D:/NXP/S32DS.3.4/S32DS/build_tools/gcc_b1620/gcc-6.3-arm32-eabi/arm-none-eabi/newlib/lib/thumb/v7e-m/fpv4-sp/hard/crt0.o
 .bss           0x00000000        0x0 D:/NXP/S32DS.3.4/S32DS/build_tools/gcc_b1620/gcc-6.3-arm32-eabi/arm-none-eabi/newlib/lib/thumb/v7e-m/fpv4-sp/hard/crt0.o
 .ARM.extab     0x00000000        0x0 D:/NXP/S32DS.3.4/S32DS/build_tools/gcc_b1620/gcc-6.3-arm32-eabi/arm-none-eabi/newlib/lib/thumb/v7e-m/fpv4-sp/hard/crt0.o
 .group         0x00000000        0xc ./boot.o
 .group         0x00000000        0xc ./boot.o
 .group         0x00000000        0xc ./boot.o
 .group         0x00000000        0xc ./boot.o
 .group         0x00000000        0xc ./boot.o
 .group         0x00000000        0xc ./boot.o
 .group         0x00000000        0xc ./boot.o
 .group         0x00000000        0xc ./boot.o
 .group         0x00000000        0xc ./boot.o
 .group         0x00000000        0xc ./boot.o
 .group         0x00000000        0xc ./boot.o
 .group         0x00000000        0xc ./boot.o
 .group         0x00000000        0xc ./boot.o
 .group         0x00000000        0xc ./boot.o
 .group         0x00000000        0xc ./boot.o
 .text          0x00000000        0x0 ./boot.o
 .data          0x00000000        0x0 ./boot.o
 .bss           0x00000000        0x0 ./boot.o
 .group         0x00000000        0xc ./led.o
 .group         0x00000000        0xc ./led.o
 .group         0x00000000        0xc ./led.o
 .group         0x00000000        0xc ./led.o
 .group         0x00000000        0xc ./led.o
 .group         0x00000000        0xc ./led.o
 .group         0x00000000        0xc ./led.o
 .group         0x00000000        0xc ./led.o
 .group         0x00000000        0xc ./led.o
 .group         0x00000000        0xc ./led.o
 .group         0x00000000        0xc ./led.o
 .group         0x00000000        0xc ./led.o
 .group         0x00000000        0xc ./led.o
 .group         0x00000000        0xc ./led.o
 .group         0x00000000        0xc ./led.o
 .text          0x00000000        0x0 ./led.o
 .data          0x00000000        0x0 ./led.o
 .bss           0x00000000        0x0 ./led.o
 .debug_macro   0x00000000      0x8ce ./led.o
 .debug_macro   0x00000000       0x93 ./led.o
 .debug_macro   0x00000000       0x10 ./led.o
 .debug_macro   0x00000000       0x80 ./led.o
 .debug_macro   0x00000000       0x19 ./led.o
 .debug_macro   0x00000000       0x22 ./led.o
 .debug_macro   0x00000000       0x56 ./led.o
 .debug_macro   0x00000000       0x51 ./led.o
 .debug_macro   0x00000000       0xef ./led.o
 .debug_macro   0x00000000       0x6a ./led.o
 .debug_macro   0x00000000      0x1df ./led.o
 .debug_macro   0x00000000     0xed1d ./led.o
 .debug_macro   0x00000000      0xb86 ./led.o
 .debug_macro   0x00000000       0x22 ./led.o
 .debug_macro   0x00000000       0x28 ./led.o
 .group         0x00000000        0xc ./main.o
 .group         0x00000000        0xc ./main.o
 .group         0x00000000        0xc ./main.o
 .group         0x00000000        0xc ./main.o
 .group         0x00000000        0xc ./main.o
 .group         0x00000000        0xc ./main.o
 .group         0x00000000        0xc ./main.o
 .group         0x00000000        0xc ./main.o
 .group         0x00000000        0xc ./main.o
 .group         0x00000000        0xc ./main.o
 .group         0x00000000        0xc ./main.o
 .group         0x00000000        0xc ./main.o
 .group         0x00000000        0xc ./main.o
 .group         0x00000000        0xc ./main.o
 .group         0x00000000        0xc ./main.o
 .text          0x00000000        0x0 ./main.o
 .data          0x00000000        0x0 ./main.o
 .bss           0x00000000        0x0 ./main.o
 .debug_macro   0x00000000      0x8ce ./main.o
 .debug_macro   0x00000000       0x93 ./main.o
 .debug_macro   0x00000000       0x10 ./main.o
 .debug_macro   0x00000000       0x80 ./main.o
 .debug_macro   0x00000000       0x19 ./main.o
 .debug_macro   0x00000000       0x22 ./main.o
 .debug_macro   0x00000000       0x56 ./main.o
 .debug_macro   0x00000000       0x51 ./main.o
 .debug_macro   0x00000000       0xef ./main.o
 .debug_macro   0x00000000       0x6a ./main.o
 .debug_macro   0x00000000      0x1df ./main.o
 .debug_macro   0x00000000     0xed1d ./main.o
 .debug_macro   0x00000000      0xb86 ./main.o
 .debug_macro   0x00000000       0x22 ./main.o
 .debug_macro   0x00000000       0x28 ./main.o
 .group         0x00000000        0xc ./timer.o
 .group         0x00000000        0xc ./timer.o
 .group         0x00000000        0xc ./timer.o
 .group         0x00000000        0xc ./timer.o
 .group         0x00000000        0xc ./timer.o
 .group         0x00000000        0xc ./timer.o
 .group         0x00000000        0xc ./timer.o
 .group         0x00000000        0xc ./timer.o
 .group         0x00000000        0xc ./timer.o
 .group         0x00000000        0xc ./timer.o
 .group         0x00000000        0xc ./timer.o
 .group         0x00000000        0xc ./timer.o
 .group         0x00000000        0xc ./timer.o
 .group         0x00000000        0xc ./timer.o
 .group         0x00000000        0xc ./timer.o
 .text          0x00000000        0x0 ./timer.o
 .data          0x00000000        0x0 ./timer.o
 .bss           0x00000000        0x0 ./timer.o
 .debug_macro   0x00000000      0x8ce ./timer.o
 .debug_macro   0x00000000       0x93 ./timer.o
 .debug_macro   0x00000000       0x10 ./timer.o
 .debug_macro   0x00000000       0x80 ./timer.o
 .debug_macro   0x00000000       0x19 ./timer.o
 .debug_macro   0x00000000       0x22 ./timer.o
 .debug_macro   0x00000000       0x56 ./timer.o
 .debug_macro   0x00000000       0x51 ./timer.o
 .debug_macro   0x00000000       0xef ./timer.o
 .debug_macro   0x00000000       0x6a ./timer.o
 .debug_macro   0x00000000      0x1df ./timer.o
 .debug_macro   0x00000000     0xed1d ./timer.o
 .debug_macro   0x00000000      0xb86 ./timer.o
 .debug_macro   0x00000000       0x22 ./timer.o
 .debug_macro   0x00000000       0x28 ./timer.o
 .group         0x00000000        0xc ./lib/system_S32K144.o
 .group         0x00000000        0xc ./lib/system_S32K144.o
 .group         0x00000000        0xc ./lib/system_S32K144.o
 .group         0x00000000        0xc ./lib/system_S32K144.o
 .group         0x00000000        0xc ./lib/system_S32K144.o
 .group         0x00000000        0xc ./lib/system_S32K144.o
 .group         0x00000000        0xc ./lib/system_S32K144.o
 .group         0x00000000        0xc ./lib/system_S32K144.o
 .group         0x00000000        0xc ./lib/system_S32K144.o
 .group         0x00000000        0xc ./lib/system_S32K144.o
 .group         0x00000000        0xc ./lib/system_S32K144.o
 .group         0x00000000        0xc ./lib/system_S32K144.o
 .group         0x00000000        0xc ./lib/system_S32K144.o
 .group         0x00000000        0xc ./lib/system_S32K144.o
 .text          0x00000000        0x0 ./lib/system_S32K144.o
 .data          0x00000000        0x0 ./lib/system_S32K144.o
 .bss           0x00000000        0x0 ./lib/system_S32K144.o
 .debug_macro   0x00000000      0x8ce ./lib/system_S32K144.o
 .debug_macro   0x00000000       0x10 ./lib/system_S32K144.o
 .debug_macro   0x00000000       0x80 ./lib/system_S32K144.o
 .debug_macro   0x00000000       0x19 ./lib/system_S32K144.o
 .debug_macro   0x00000000       0x22 ./lib/system_S32K144.o
 .debug_macro   0x00000000       0x56 ./lib/system_S32K144.o
 .debug_macro   0x00000000       0x51 ./lib/system_S32K144.o
 .debug_macro   0x00000000       0xef ./lib/system_S32K144.o
 .debug_macro   0x00000000       0x6a ./lib/system_S32K144.o
 .debug_macro   0x00000000      0x1df ./lib/system_S32K144.o
 .debug_macro   0x00000000     0xed1d ./lib/system_S32K144.o
 .debug_macro   0x00000000      0xb86 ./lib/system_S32K144.o
 .debug_macro   0x00000000       0x22 ./lib/system_S32K144.o
 .debug_macro   0x00000000       0x28 ./lib/system_S32K144.o
 .group         0x00000000        0xc ./startup/startup.o
 .group         0x00000000        0xc ./startup/startup.o
 .group         0x00000000        0xc ./startup/startup.o
 .group         0x00000000        0xc ./startup/startup.o
 .group         0x00000000        0xc ./startup/startup.o
 .group         0x00000000        0xc ./startup/startup.o
 .group         0x00000000        0xc ./startup/startup.o
 .group         0x00000000        0xc ./startup/startup.o
 .group         0x00000000        0xc ./startup/startup.o
 .group         0x00000000        0xc ./startup/startup.o
 .group         0x00000000        0xc ./startup/startup.o
 .group         0x00000000        0xc ./startup/startup.o
 .group         0x00000000        0xc ./startup/startup.o
 .text          0x00000000        0x0 ./startup/startup.o
 .data          0x00000000        0x0 ./startup/startup.o
 .bss           0x00000000        0x0 ./startup/startup.o
 .rodata.s_vectors
                0x00000000        0x4 ./startup/startup.o
 .debug_macro   0x00000000      0x8ce ./startup/startup.o
 .debug_macro   0x00000000       0x22 ./startup/startup.o
 .debug_macro   0x00000000       0x56 ./startup/startup.o
 .debug_macro   0x00000000       0x51 ./startup/startup.o
 .debug_macro   0x00000000       0xef ./startup/startup.o
 .debug_macro   0x00000000       0x6a ./startup/startup.o
 .debug_macro   0x00000000      0x1df ./startup/startup.o
 .debug_macro   0x00000000       0x10 ./startup/startup.o
 .debug_macro   0x00000000       0x80 ./startup/startup.o
 .debug_macro   0x00000000      0xb86 ./startup/startup.o
 .debug_macro   0x00000000       0x22 ./startup/startup.o
 .data          0x00000000        0x0 ./startup/startup_S32K144.o
 .bss           0x00000000        0x0 ./startup/startup_S32K144.o
 .text          0x00000000        0x0 D:/NXP/S32DS.3.4/S32DS/build_tools/gcc_b1620/gcc-6.3-arm32-eabi/arm-none-eabi/newlib/lib/thumb/v7e-m/fpv4-sp/hard\libc_nano.a(lib_a-exit.o)
 .data          0x00000000        0x0 D:/NXP/S32DS.3.4/S32DS/build_tools/gcc_b1620/gcc-6.3-arm32-eabi/arm-none-eabi/newlib/lib/thumb/v7e-m/fpv4-sp/hard\libc_nano.a(lib_a-exit.o)
 .bss           0x00000000        0x0 D:/NXP/S32DS.3.4/S32DS/build_tools/gcc_b1620/gcc-6.3-arm32-eabi/arm-none-eabi/newlib/lib/thumb/v7e-m/fpv4-sp/hard\libc_nano.a(lib_a-exit.o)
 .text          0x00000000        0x0 D:/NXP/S32DS.3.4/S32DS/build_tools/gcc_b1620/gcc-6.3-arm32-eabi/arm-none-eabi/newlib/lib/thumb/v7e-m/fpv4-sp/hard\libc_nano.a(lib_a-impure.o)
 .data          0x00000000        0x0 D:/NXP/S32DS.3.4/S32DS/build_tools/gcc_b1620/gcc-6.3-arm32-eabi/arm-none-eabi/newlib/lib/thumb/v7e-m/fpv4-sp/hard\libc_nano.a(lib_a-impure.o)
 .bss           0x00000000        0x0 D:/NXP/S32DS.3.4/S32DS/build_tools/gcc_b1620/gcc-6.3-arm32-eabi/arm-none-eabi/newlib/lib/thumb/v7e-m/fpv4-sp/hard\libc_nano.a(lib_a-impure.o)
 .data._impure_ptr
                0x00000000        0x4 D:/NXP/S32DS.3.4/S32DS/build_tools/gcc_b1620/gcc-6.3-arm32-eabi/arm-none-eabi/newlib/lib/thumb/v7e-m/fpv4-sp/hard\libc_nano.a(lib_a-impure.o)
 .text          0x00000000        0x0 D:/NXP/S32DS.3.4/S32DS/build_tools/gcc_b1620/gcc-6.3-arm32-eabi/arm-none-eabi/newlib/lib/thumb/v7e-m/fpv4-sp/hard\libc_nano.a(lib_a-init.o)
 .data          0x00000000        0x0 D:/NXP/S32DS.3.4/S32DS/build_tools/gcc_b1620/gcc-6.3-arm32-eabi/arm-none-eabi/newlib/lib/thumb/v7e-m/fpv4-sp/hard\libc_nano.a(lib_a-init.o)
 .bss           0x00000000        0x0 D:/NXP/S32DS.3.4/S32DS/build_tools/gcc_b1620/gcc-6.3-arm32-eabi/arm-none-eabi/newlib/lib/thumb/v7e-m/fpv4-sp/hard\libc_nano.a(lib_a-init.o)
 .text          0x00000000        0x0 D:/NXP/S32DS.3.4/S32DS/build_tools/gcc_b1620/gcc-6.3-arm32-eabi/arm-none-eabi/newlib/lib/thumb/v7e-m/fpv4-sp/hard\libc_nano.a(lib_a-memset.o)
 .data          0x00000000        0x0 D:/NXP/S32DS.3.4/S32DS/build_tools/gcc_b1620/gcc-6.3-arm32-eabi/arm-none-eabi/newlib/lib/thumb/v7e-m/fpv4-sp/hard\libc_nano.a(lib_a-memset.o)
 .bss           0x00000000        0x0 D:/NXP/S32DS.3.4/S32DS/build_tools/gcc_b1620/gcc-6.3-arm32-eabi/arm-none-eabi/newlib/lib/thumb/v7e-m/fpv4-sp/hard\libc_nano.a(lib_a-memset.o)
 .text          0x00000000        0x0 D:/NXP/S32DS.3.4/S32DS/build_tools/gcc_b1620/gcc-6.3-arm32-eabi/arm-none-eabi/newlib/lib/thumb/v7e-m/fpv4-sp/hard\libnosys.a(_exit.o)
 .data          0x00000000        0x0 D:/NXP/S32DS.3.4/S32DS/build_tools/gcc_b1620/gcc-6.3-arm32-eabi/arm-none-eabi/newlib/lib/thumb/v7e-m/fpv4-sp/hard\libnosys.a(_exit.o)
 .bss           0x00000000        0x0 D:/NXP/S32DS.3.4/S32DS/build_tools/gcc_b1620/gcc-6.3-arm32-eabi/arm-none-eabi/newlib/lib/thumb/v7e-m/fpv4-sp/hard\libnosys.a(_exit.o)
 .text          0x00000000        0x0 d:/nxp/s32ds.3.4/s32ds/build_tools/gcc_b1620/gcc-6.3-arm32-eabi/bin/../lib/gcc/arm-none-eabi/6.3.1/thumb/v7e-m/fpv4-sp/hard/crtend.o
 .data          0x00000000        0x0 d:/nxp/s32ds.3.4/s32ds/build_tools/gcc_b1620/gcc-6.3-arm32-eabi/bin/../lib/gcc/arm-none-eabi/6.3.1/thumb/v7e-m/fpv4-sp/hard/crtend.o
 .bss           0x00000000        0x0 d:/nxp/s32ds.3.4/s32ds/build_tools/gcc_b1620/gcc-6.3-arm32-eabi/bin/../lib/gcc/arm-none-eabi/6.3.1/thumb/v7e-m/fpv4-sp/hard/crtend.o
 .eh_frame      0x00000000        0x4 d:/nxp/s32ds.3.4/s32ds/build_tools/gcc_b1620/gcc-6.3-arm32-eabi/bin/../lib/gcc/arm-none-eabi/6.3.1/thumb/v7e-m/fpv4-sp/hard/crtend.o
 .text          0x00000000        0x0 d:/nxp/s32ds.3.4/s32ds/build_tools/gcc_b1620/gcc-6.3-arm32-eabi/bin/../lib/gcc/arm-none-eabi/6.3.1/thumb/v7e-m/fpv4-sp/hard/crtn.o
 .data          0x00000000        0x0 d:/nxp/s32ds.3.4/s32ds/build_tools/gcc_b1620/gcc-6.3-arm32-eabi/bin/../lib/gcc/arm-none-eabi/6.3.1/thumb/v7e-m/fpv4-sp/hard/crtn.o
 .bss           0x00000000        0x0 d:/nxp/s32ds.3.4/s32ds/build_tools/gcc_b1620/gcc-6.3-arm32-eabi/bin/../lib/gcc/arm-none-eabi/6.3.1/thumb/v7e-m/fpv4-sp/hard/crtn.o

Memory Configuration

Name             Origin             Length             Attributes
m_interrupts     0x00002000         0x00000400         xr
m_flash_config   0x00002400         0x00000010         xr
m_text           0x00002410         0x0007dbf0         xr
m_data           0x1fff8000         0x00008000         rw
m_data_2         0x20000000         0x00007000         rw
*default*        0x00000000         0xffffffff

Linker script and memory map

LOAD d:/nxp/s32ds.3.4/s32ds/build_tools/gcc_b1620/gcc-6.3-arm32-eabi/bin/../lib/gcc/arm-none-eabi/6.3.1/thumb/v7e-m/fpv4-sp/hard/crti.o
LOAD d:/nxp/s32ds.3.4/s32ds/build_tools/gcc_b1620/gcc-6.3-arm32-eabi/bin/../lib/gcc/arm-none-eabi/6.3.1/thumb/v7e-m/fpv4-sp/hard/crtbegin.o
LOAD D:/NXP/S32DS.3.4/S32DS/build_tools/gcc_b1620/gcc-6.3-arm32-eabi/arm-none-eabi/newlib/lib/thumb/v7e-m/fpv4-sp/hard/crt0.o
LOAD ./boot.o
LOAD ./led.o
LOAD ./main.o
LOAD ./timer.o
LOAD ./lib/system_S32K144.o
LOAD ./startup/startup.o
LOAD ./startup/startup_S32K144.o
START GROUP
LOAD d:/nxp/s32ds.3.4/s32ds/build_tools/gcc_b1620/gcc-6.3-arm32-eabi/bin/../lib/gcc/arm-none-eabi/6.3.1/thumb/v7e-m/fpv4-sp/hard\libgcc.a
LOAD D:/NXP/S32DS.3.4/S32DS/build_tools/gcc_b1620/gcc-6.3-arm32-eabi/arm-none-eabi/newlib/lib/thumb/v7e-m/fpv4-sp/hard\libc_nano.a
END GROUP
START GROUP
LOAD d:/nxp/s32ds.3.4/s32ds/build_tools/gcc_b1620/gcc-6.3-arm32-eabi/bin/../lib/gcc/arm-none-eabi/6.3.1/thumb/v7e-m/fpv4-sp/hard\libgcc.a
LOAD D:/NXP/S32DS.3.4/S32DS/build_tools/gcc_b1620/gcc-6.3-arm32-eabi/arm-none-eabi/newlib/lib/thumb/v7e-m/fpv4-sp/hard\libc_nano.a
LOAD D:/NXP/S32DS.3.4/S32DS/build_tools/gcc_b1620/gcc-6.3-arm32-eabi/arm-none-eabi/newlib/lib/thumb/v7e-m/fpv4-sp/hard\libnosys.a
END GROUP
START GROUP
LOAD d:/nxp/s32ds.3.4/s32ds/build_tools/gcc_b1620/gcc-6.3-arm32-eabi/bin/../lib/gcc/arm-none-eabi/6.3.1/thumb/v7e-m/fpv4-sp/hard\libgcc.a
LOAD D:/NXP/S32DS.3.4/S32DS/build_tools/gcc_b1620/gcc-6.3-arm32-eabi/arm-none-eabi/newlib/lib/thumb/v7e-m/fpv4-sp/hard\libc_nano.a
LOAD D:/NXP/S32DS.3.4/S32DS/build_tools/gcc_b1620/gcc-6.3-arm32-eabi/arm-none-eabi/newlib/lib/thumb/v7e-m/fpv4-sp/hard\libnosys.a
END GROUP
LOAD d:/nxp/s32ds.3.4/s32ds/build_tools/gcc_b1620/gcc-6.3-arm32-eabi/bin/../lib/gcc/arm-none-eabi/6.3.1/thumb/v7e-m/fpv4-sp/hard/crtend.o
LOAD d:/nxp/s32ds.3.4/s32ds/build_tools/gcc_b1620/gcc-6.3-arm32-eabi/bin/../lib/gcc/arm-none-eabi/6.3.1/thumb/v7e-m/fpv4-sp/hard/crtn.o
                0x00000400                HEAP_SIZE = DEFINED (__heap_size__)?__heap_size__:0x400
                0x00000400                STACK_SIZE = DEFINED (__stack_size__)?__stack_size__:0x400
                0x00000400                M_VECTOR_RAM_SIZE = DEFINED (__flash_vector_table__)?0x0:0x400

.interrupts     0x00002000      0x400
                0x00002000                __VECTOR_TABLE = .
                0x00002000                __interrupts_start__ = .
                0x00002000                . = ALIGN (0x4)
 *(.isr_vector)
 .isr_vector    0x00002000      0x400 ./startup/startup_S32K144.o
                0x00002000                __isr_vector
                0x00002400                __interrupts_end__ = .
                0x00002400                . = ALIGN (0x4)

.flash_config   0x00002400       0x10
                0x00002400                . = ALIGN (0x4)
 *(.FlashConfig)
 .FlashConfig   0x00002400       0x10 ./startup/startup_S32K144.o
                0x00002410                . = ALIGN (0x4)

.text           0x00002410      0xebc
                0x00002410                . = ALIGN (0x4)
 *(.text)
 .text          0x00002410       0xa4 d:/nxp/s32ds.3.4/s32ds/build_tools/gcc_b1620/gcc-6.3-arm32-eabi/bin/../lib/gcc/arm-none-eabi/6.3.1/thumb/v7e-m/fpv4-sp/hard/crtbegin.o
 .text          0x000024b4       0x7c D:/NXP/S32DS.3.4/S32DS/build_tools/gcc_b1620/gcc-6.3-arm32-eabi/arm-none-eabi/newlib/lib/thumb/v7e-m/fpv4-sp/hard/crt0.o
                0x000024b4                _stack_init
                0x000024bc                _start
                0x000024bc                _mainCRTStartup
 .text          0x00002530       0x6c ./startup/startup_S32K144.o
                0x00002530                Reset_Handler
                0x00002598                DebugMon_Handler
                0x00002598                Reserved88_IRQHandler
                0x00002598                CAN0_ORed_IRQHandler
                0x00002598                HardFault_Handler
                0x00002598                Reserved86_IRQHandler
                0x00002598                Reserved103_IRQHandler
                0x00002598                FTM2_Ovf_Reload_IRQHandler
                0x00002598                Reserved50_IRQHandler
                0x00002598                FTFC_Fault_IRQHandler
                0x00002598                FTM0_Ch6_Ch7_IRQHandler
                0x00002598                Reserved114_IRQHandler
                0x00002598                PendSV_Handler
                0x00002598                NMI_Handler
                0x00002598                Reserved89_IRQHandler
                0x00002598                ERM_double_fault_IRQHandler
                0x00002598                DMA2_IRQHandler
                0x00002598                Reserved59_IRQHandler
                0x00002598                LPIT0_Ch0_IRQHandler
                0x00002598                Reserved99_IRQHandler
                0x00002598                FTM3_Ch6_Ch7_IRQHandler
                0x00002598                CAN2_ORed_0_15_MB_IRQHandler
                0x00002598                LPIT0_Ch3_IRQHandler
                0x00002598                Reserved92_IRQHandler
                0x00002598                FTM0_Ch4_Ch5_IRQHandler
                0x00002598                CAN1_Error_IRQHandler
                0x00002598                FTM3_Ch0_Ch1_IRQHandler
                0x00002598                SWI_IRQHandler
                0x00002598                ADC0_IRQHandler
                0x00002598                FTM2_Ch4_Ch5_IRQHandler
                0x00002598                UsageFault_Handler
                0x00002598                FTM0_Ovf_Reload_IRQHandler
                0x00002598                DefaultISR
                0x00002598                DMA9_IRQHandler
                0x00002598                Reserved58_IRQHandler
                0x00002598                CAN1_ORed_0_15_MB_IRQHandler
                0x00002598                FTM1_Ch2_Ch3_IRQHandler
                0x00002598                DMA14_IRQHandler
                0x00002598                Reserved82_IRQHandler
                0x00002598                CAN0_ORed_16_31_MB_IRQHandler
                0x00002598                LPI2C0_Slave_IRQHandler
                0x00002598                Reserved71_IRQHandler
                0x00002598                PORTD_IRQHandler
                0x00002598                Reserved69_IRQHandler
                0x00002598                PORTB_IRQHandler
                0x00002598                Reserved70_IRQHandler
                0x00002598                ADC1_IRQHandler
                0x00002598                FTM2_Ch2_Ch3_IRQHandler
                0x00002598                Reserved53_IRQHandler
                0x00002598                DMA5_IRQHandler
                0x00002598                RTC_IRQHandler
                0x00002598                PDB0_IRQHandler
                0x00002598                Reserved54_IRQHandler
                0x00002598                FTM2_Ch6_Ch7_IRQHandler
                0x00002598                FTM3_Ch2_Ch3_IRQHandler
                0x00002598                FTM2_Ch0_Ch1_IRQHandler
                0x00002598                LPSPI1_IRQHandler
                0x00002598                LPUART1_RxTx_IRQHandler
                0x00002598                RTC_Seconds_IRQHandler
                0x00002598                CAN2_ORed_IRQHandler
                0x00002598                Reserved72_IRQHandler
                0x00002598                Reserved110_IRQHandler
                0x00002598                DMA11_IRQHandler
                0x00002598                Reserved107_IRQHandler
                0x00002598                Read_Collision_IRQHandler
                0x00002598                CAN2_Error_IRQHandler
                0x00002598                FTFC_IRQHandler
                0x00002598                DMA7_IRQHandler
                0x00002598                FTM1_Ch6_Ch7_IRQHandler
                0x00002598                Reserved105_IRQHandler
                0x00002598                LPIT0_Ch1_IRQHandler
                0x00002598                FTM1_Ch4_Ch5_IRQHandler
                0x00002598                FTM3_Ovf_Reload_IRQHandler
                0x00002598                LPUART2_RxTx_IRQHandler
                0x00002598                LPSPI0_IRQHandler
                0x00002598                WDOG_EWM_IRQHandler
                0x00002598                MemManage_Handler
                0x00002598                Reserved90_IRQHandler
                0x00002598                Reserved83_IRQHandler
                0x00002598                FTM0_Fault_IRQHandler
                0x00002598                Reserved48_IRQHandler
                0x00002598                SVC_Handler
                0x00002598                ERM_single_fault_IRQHandler
                0x00002598                FTM2_Fault_IRQHandler
                0x00002598                FTM0_Ch2_Ch3_IRQHandler
                0x00002598                DMA13_IRQHandler
                0x00002598                FTM0_Ch0_Ch1_IRQHandler
                0x00002598                FTM3_Fault_IRQHandler
                0x00002598                RCM_IRQHandler
                0x00002598                DMA3_IRQHandler
                0x00002598                Reserved100_IRQHandler
                0x00002598                DMA0_IRQHandler
                0x00002598                Reserved91_IRQHandler
                0x00002598                CAN1_ORed_IRQHandler
                0x00002598                DMA15_IRQHandler
                0x00002598                SCG_IRQHandler
                0x00002598                PDB1_IRQHandler
                0x00002598                Reserved81_IRQHandler
                0x00002598                Reserved46_IRQHandler
                0x00002598                Reserved45_IRQHandler
                0x00002598                CAN0_Error_IRQHandler
                0x00002598                Reserved112_IRQHandler
                0x00002598                LPI2C0_Master_IRQHandler
                0x00002598                DMA4_IRQHandler
                0x00002598                FTM1_Fault_IRQHandler
                0x00002598                Reserved106_IRQHandler
                0x00002598                DMA_Error_IRQHandler
                0x00002598                LVD_LVW_IRQHandler
                0x00002598                LPIT0_Ch2_IRQHandler
                0x00002598                PORTA_IRQHandler
                0x00002598                MCM_IRQHandler
                0x00002598                LPSPI2_IRQHandler
                0x00002598                DMA12_IRQHandler
                0x00002598                FTM3_Ch4_Ch5_IRQHandler
                0x00002598                CAN0_ORed_0_15_MB_IRQHandler
                0x00002598                PORTE_IRQHandler
                0x00002598                LPUART0_RxTx_IRQHandler
                0x00002598                LPTMR0_IRQHandler
                0x00002598                BusFault_Handler
                0x00002598                Reserved87_IRQHandler
                0x00002598                FTM1_Ovf_Reload_IRQHandler
                0x00002598                DMA8_IRQHandler
                0x00002598                Reserved93_IRQHandler
                0x00002598                DMA10_IRQHandler
                0x00002598                CAN0_Wake_Up_IRQHandler
                0x00002598                CMP0_IRQHandler
                0x00002598                Reserved52_IRQHandler
                0x00002598                PORTC_IRQHandler
                0x00002598                DMA6_IRQHandler
                0x00002598                FTM1_Ch0_Ch1_IRQHandler
                0x00002598                FLEXIO_IRQHandler
                0x00002598                DMA1_IRQHandler
                0x00002598                Reserved113_IRQHandler
 *(.text*)
 .text.BootComInit
                0x0000259c       0x10 ./boot.o
                0x0000259c                BootComInit
 .text.BootComCheckActivationRequest
                0x000025ac       0x10 ./boot.o
                0x000025ac                BootComCheckActivationRequest
 .text.BootActivate
                0x000025bc        0xc ./boot.o
                0x000025bc                BootActivate
 .text.BootComRs232Init
                0x000025c8      0x110 ./boot.o
 .text.BootComRs232CheckActivationRequest
                0x000026d8       0xb4 ./boot.o
 .text.Rs232ReceiveByte
                0x0000278c       0x38 ./boot.o
 .text.CanGetSpeedConfig
                0x000027c4       0xf8 ./boot.o
 .text.CanFreezeModeEnter
                0x000028bc       0x54 ./boot.o
 .text.CanFreezeModeExit
                0x00002910       0x54 ./boot.o
 .text.CanDisabledModeEnter
                0x00002964       0x50 ./boot.o
 .text.CanDisabledModeExit
                0x000029b4       0x50 ./boot.o
 .text.BootComCanInit
                0x00002a04      0x204 ./boot.o
 .text.BootComCanCheckActivationRequest
                0x00002c08       0x8c ./boot.o
 .text.LedInit  0x00002c94       0x3c ./led.o
                0x00002c94                LedInit
 .text.LedToggle
                0x00002cd0       0x64 ./led.o
                0x00002cd0                LedToggle
 .text.main     0x00002d34       0x16 ./main.o
                0x00002d34                main
 *fill*         0x00002d4a        0x2 
 .text.Init     0x00002d4c       0x84 ./main.o
 .text.SystemClockConfig
                0x00002dd0       0xdc ./main.o
 .text.TimerInit
                0x00002eac       0x44 ./timer.o
                0x00002eac                TimerInit
 .text.TimerGet
                0x00002ef0       0x18 ./timer.o
                0x00002ef0                TimerGet
 .text.SysTick_Handler
                0x00002f08       0x1c ./timer.o
                0x00002f08                SysTick_Handler
 .text.SystemInit
                0x00002f24       0x58 ./lib/system_S32K144.o
                0x00002f24                SystemInit
 .text.SystemCoreClockUpdate
                0x00002f7c       0xf0 ./lib/system_S32K144.o
                0x00002f7c                SystemCoreClockUpdate
 .text.SystemSoftwareReset
                0x0000306c       0x40 ./lib/system_S32K144.o
                0x0000306c                SystemSoftwareReset
 .text.init_data_bss
                0x000030ac      0x12c ./startup/startup.o
                0x000030ac                init_data_bss
 .text.exit     0x000031d8       0x28 D:/NXP/S32DS.3.4/S32DS/build_tools/gcc_b1620/gcc-6.3-arm32-eabi/arm-none-eabi/newlib/lib/thumb/v7e-m/fpv4-sp/hard\libc_nano.a(lib_a-exit.o)
                0x000031d8                exit
 .text.__libc_init_array
                0x00003200       0x48 D:/NXP/S32DS.3.4/S32DS/build_tools/gcc_b1620/gcc-6.3-arm32-eabi/arm-none-eabi/newlib/lib/thumb/v7e-m/fpv4-sp/hard\libc_nano.a(lib_a-init.o)
                0x00003200                __libc_init_array
 .text.memset   0x00003248       0x10 D:/NXP/S32DS.3.4/S32DS/build_tools/gcc_b1620/gcc-6.3-arm32-eabi/arm-none-eabi/newlib/lib/thumb/v7e-m/fpv4-sp/hard\libc_nano.a(lib_a-memset.o)
                0x00003248                memset
 .text._exit    0x00003258        0x2 D:/NXP/S32DS.3.4/S32DS/build_tools/gcc_b1620/gcc-6.3-arm32-eabi/arm-none-eabi/newlib/lib/thumb/v7e-m/fpv4-sp/hard\libnosys.a(_exit.o)
                0x00003258                _exit
 *(.rodata)
 *fill*         0x0000325a        0x2 
 .rodata        0x0000325c        0x8 ./boot.o
 *(.rodata*)
 .rodata.canTiming
                0x00003264       0x48 ./boot.o
 .rodata.fircFreq.6321
                0x000032ac        0x4 ./lib/system_S32K144.o
 .rodata._global_impure_ptr
                0x000032b0        0x4 D:/NXP/S32DS.3.4/S32DS/build_tools/gcc_b1620/gcc-6.3-arm32-eabi/arm-none-eabi/newlib/lib/thumb/v7e-m/fpv4-sp/hard\libc_nano.a(lib_a-impure.o)
                0x000032b0                _global_impure_ptr
 *(.glue_7)
 .glue_7        0x000032b4        0x0 linker stubs
 *(.glue_7t)
 .glue_7t       0x000032b4        0x0 linker stubs
 *(.eh_frame)
 .eh_frame      0x000032b4        0x0 d:/nxp/s32ds.3.4/s32ds/build_tools/gcc_b1620/gcc-6.3-arm32-eabi/bin/../lib/gcc/arm-none-eabi/6.3.1/thumb/v7e-m/fpv4-sp/hard/crtbegin.o
 *(.init)
 .init          0x000032b4        0x4 d:/nxp/s32ds.3.4/s32ds/build_tools/gcc_b1620/gcc-6.3-arm32-eabi/bin/../lib/gcc/arm-none-eabi/6.3.1/thumb/v7e-m/fpv4-sp/hard/crti.o
                0x000032b4                _init
 .init          0x000032b8        0x8 d:/nxp/s32ds.3.4/s32ds/build_tools/gcc_b1620/gcc-6.3-arm32-eabi/bin/../lib/gcc/arm-none-eabi/6.3.1/thumb/v7e-m/fpv4-sp/hard/crtn.o
 *(.fini)
 .fini          0x000032c0        0x4 d:/nxp/s32ds.3.4/s32ds/build_tools/gcc_b1620/gcc-6.3-arm32-eabi/bin/../lib/gcc/arm-none-eabi/6.3.1/thumb/v7e-m/fpv4-sp/hard/crti.o
                0x000032c0                _fini
 .fini          0x000032c4        0x8 d:/nxp/s32ds.3.4/s32ds/build_tools/gcc_b1620/gcc-6.3-arm32-eabi/bin/../lib/gcc/arm-none-eabi/6.3.1/thumb/v7e-m/fpv4-sp/hard/crtn.o
                0x000032cc                . = ALIGN (0x4)

.vfp11_veneer   0x000032cc        0x0
 .vfp11_veneer  0x000032cc        0x0 linker stubs

.v4_bx          0x000032cc        0x0
 .v4_bx         0x000032cc        0x0 linker stubs

.iplt           0x000032cc        0x0
 .iplt          0x000032cc        0x0 d:/nxp/s32ds.3.4/s32ds/build_tools/gcc_b1620/gcc-6.3-arm32-eabi/bin/../lib/gcc/arm-none-eabi/6.3.1/thumb/v7e-m/fpv4-sp/hard/crtbegin.o

.ARM.extab
 *(.ARM.extab* .gnu.linkonce.armextab.*)

.ARM            0x000032cc        0x8
                0x000032cc                __exidx_start = .
 *(.ARM.exidx*)
 .ARM.exidx     0x000032cc        0x8 D:/NXP/S32DS.3.4/S32DS/build_tools/gcc_b1620/gcc-6.3-arm32-eabi/arm-none-eabi/newlib/lib/thumb/v7e-m/fpv4-sp/hard/crt0.o
                                 0x10 (size before relaxing)
                0x000032d4                __exidx_end = .

.rel.dyn        0x000032d4        0x0
 .rel.iplt      0x000032d4        0x0 d:/nxp/s32ds.3.4/s32ds/build_tools/gcc_b1620/gcc-6.3-arm32-eabi/bin/../lib/gcc/arm-none-eabi/6.3.1/thumb/v7e-m/fpv4-sp/hard/crtbegin.o

.ctors          0x000032d4        0x0
                0x000032d4                __CTOR_LIST__ = .
 *crtbegin.o(.ctors)
 *crtbegin?.o(.ctors)
 *(EXCLUDE_FILE(*crtend.o *crtend?.o) .ctors)
 *(SORT_BY_NAME(.ctors.*))
 *(.ctors)
                0x000032d4                __CTOR_END__ = .

.dtors          0x000032d4        0x0
                0x000032d4                __DTOR_LIST__ = .
 *crtbegin.o(.dtors)
 *crtbegin?.o(.dtors)
 *(EXCLUDE_FILE(*crtend.o *crtend?.o) .dtors)
 *(SORT_BY_NAME(.dtors.*))
 *(.dtors)
                0x000032d4                __DTOR_END__ = .

.preinit_array  0x000032d4        0x0
                0x000032d4                PROVIDE (__preinit_array_start = .)
 *(.preinit_array*)
                0x000032d4                PROVIDE (__preinit_array_end = .)

.init_array     0x000032d4        0x4
                0x000032d4                PROVIDE (__init_array_start = .)
 *(SORT_BY_NAME(.init_array.*))
 *(.init_array*)
 .init_array    0x000032d4        0x4 d:/nxp/s32ds.3.4/s32ds/build_tools/gcc_b1620/gcc-6.3-arm32-eabi/bin/../lib/gcc/arm-none-eabi/6.3.1/thumb/v7e-m/fpv4-sp/hard/crtbegin.o
                0x000032d8                PROVIDE (__init_array_end = .)

.fini_array     0x000032d8        0x4
                [!provide]                PROVIDE (__fini_array_start = .)
 *(SORT_BY_NAME(.fini_array.*))
 *(.fini_array*)
 .fini_array    0x000032d8        0x4 d:/nxp/s32ds.3.4/s32ds/build_tools/gcc_b1620/gcc-6.3-arm32-eabi/bin/../lib/gcc/arm-none-eabi/6.3.1/thumb/v7e-m/fpv4-sp/hard/crtbegin.o
                [!provide]                PROVIDE (__fini_array_end = .)
                0x000032dc                __etext = .
                0x000032dc                __DATA_ROM = .

.interrupts_ram
                0x1fff8000      0x400
                0x1fff8000                . = ALIGN (0x4)
                0x1fff8000                __VECTOR_RAM__ = .
                0x1fff8000                __RAM_START = .
                0x1fff8000                __interrupts_ram_start__ = .
 *(.m_interrupts_ram)
                0x1fff8400                . = (. + M_VECTOR_RAM_SIZE)
 *fill*         0x1fff8000      0x400 
                0x1fff8400                . = ALIGN (0x4)
                0x1fff8400                __interrupts_ram_end__ = .
                0x1fff8000                __VECTOR_RAM = DEFINED (__flash_vector_table__)?ORIGIN (m_interrupts):__VECTOR_RAM__
                0x00000400                __RAM_VECTOR_TABLE_SIZE = DEFINED (__flash_vector_table__)?0x0:(__interrupts_ram_end__ - __interrupts_ram_start__)

.data           0x1fff8400       0x68 load address 0x000032dc
                0x1fff8400                . = ALIGN (0x4)
                0x1fff8400                __DATA_RAM = .
                0x1fff8400                __data_start__ = .
 *(.data)
 *(.data*)
 .data.SystemCoreClock
                0x1fff8400        0x4 ./lib/system_S32K144.o
                0x1fff8400                SystemCoreClock
 .data.impure_data
                0x1fff8404       0x60 D:/NXP/S32DS.3.4/S32DS/build_tools/gcc_b1620/gcc-6.3-arm32-eabi/arm-none-eabi/newlib/lib/thumb/v7e-m/fpv4-sp/hard\libc_nano.a(lib_a-impure.o)
 *(.jcr*)
 .jcr           0x1fff8464        0x0 d:/nxp/s32ds.3.4/s32ds/build_tools/gcc_b1620/gcc-6.3-arm32-eabi/bin/../lib/gcc/arm-none-eabi/6.3.1/thumb/v7e-m/fpv4-sp/hard/crtbegin.o
 .jcr           0x1fff8464        0x4 d:/nxp/s32ds.3.4/s32ds/build_tools/gcc_b1620/gcc-6.3-arm32-eabi/bin/../lib/gcc/arm-none-eabi/6.3.1/thumb/v7e-m/fpv4-sp/hard/crtend.o
                0x1fff8468                . = ALIGN (0x4)
                0x1fff8468                __data_end__ = .
                0x00003344                __DATA_END = (__DATA_ROM + (__data_end__ - __data_start__))
                0x00003344                __CODE_ROM = __DATA_END

.tm_clone_table
                0x1fff8468        0x0 load address 0x00003344
 .tm_clone_table
                0x1fff8468        0x0 d:/nxp/s32ds.3.4/s32ds/build_tools/gcc_b1620/gcc-6.3-arm32-eabi/bin/../lib/gcc/arm-none-eabi/6.3.1/thumb/v7e-m/fpv4-sp/hard/crtbegin.o
 .tm_clone_table
                0x1fff8468        0x0 d:/nxp/s32ds.3.4/s32ds/build_tools/gcc_b1620/gcc-6.3-arm32-eabi/bin/../lib/gcc/arm-none-eabi/6.3.1/thumb/v7e-m/fpv4-sp/hard/crtend.o

.igot.plt       0x1fff8468        0x0 load address 0x00003344
 .igot.plt      0x1fff8468        0x0 d:/nxp/s32ds.3.4/s32ds/build_tools/gcc_b1620/gcc-6.3-arm32-eabi/bin/../lib/gcc/arm-none-eabi/6.3.1/thumb/v7e-m/fpv4-sp/hard/crtbegin.o

.code           0x1fff8468        0x0 load address 0x00003344
                0x1fff8468                . = ALIGN (0x4)
                0x1fff8468                __CODE_RAM = .
                0x1fff8468                __code_start__ = .
                0x1fff8468                __code_ram_start__ = .
 *(.code_ram)
                0x1fff8468                . = ALIGN (0x4)
                0x1fff8468                __code_end__ = .
                0x1fff8468                __code_ram_end__ = .
                0x00003344                __CODE_END = (__CODE_ROM + (__code_end__ - __code_start__))
                0x00003344                __CUSTOM_ROM = __CODE_END

.customSectionBlock
                0x20000000        0x0 load address 0x00003344
                0x20000000                __customSection_start__ = .
 *(.customSection)
                0x20000000                __customSection_end__ = .
                0x00003344                __CUSTOM_END = (__CUSTOM_ROM + (__customSection_end__ - __customSection_start__))

.bss            0x20000000       0xbc
                0x20000000                . = ALIGN (0x4)
                0x20000000                __BSS_START = .
                0x20000000                __bss_start__ = .
 *(.bss)
 .bss           0x20000000       0x1c d:/nxp/s32ds.3.4/s32ds/build_tools/gcc_b1620/gcc-6.3-arm32-eabi/bin/../lib/gcc/arm-none-eabi/6.3.1/thumb/v7e-m/fpv4-sp/hard/crtbegin.o
 *(.bss*)
 .bss.dummyTimerVal
                0x2000001c        0x4 ./boot.o
 .bss.xcpCtoRxInProgress.6353
                0x20000020        0x1 ./boot.o
 *fill*         0x20000021        0x3 
 .bss.xcpCtoReqPacket.6351
                0x20000024       0x82 ./boot.o
 *fill*         0x200000a6        0x2 
 .bss.xcpCtoRxStartTime.6354
                0x200000a8        0x4 ./boot.o
 .bss.xcpCtoRxLength.6352
                0x200000ac        0x1 ./boot.o
 *fill*         0x200000ad        0x3 
 .bss.timer_counter_last.6329
                0x200000b0        0x4 ./led.o
 .bss.led_toggle_state.6328
                0x200000b4        0x1 ./led.o
 *fill*         0x200000b5        0x3 
 .bss.millisecond_counter
                0x200000b8        0x4 ./timer.o
 *(COMMON)
                0x200000bc                . = ALIGN (0x4)
                0x200000bc                __bss_end__ = .
                0x200000bc                __BSS_END = .

.heap           0x200000bc      0x404
                0x200000c0                . = ALIGN (0x8)
 *fill*         0x200000bc        0x4 
                0x200000c0                __end__ = .
                0x200000c0                __heap_start__ = .
                [!provide]                PROVIDE (end = .)
                [!provide]                PROVIDE (_end = .)
                [!provide]                PROVIDE (__end = .)
                0x200000c0                __HeapBase = .
                0x200004c0                . = (. + HEAP_SIZE)
 *fill*         0x200000c0      0x400 
                0x200004c0                __HeapLimit = .
                0x200004c0                __heap_limit = .
                0x200004c0                __heap_end__ = .
                0x20007000                __StackTop = (ORIGIN (m_data_2) + LENGTH (m_data_2))
                0x20006c00                __StackLimit = (__StackTop - STACK_SIZE)
                0x20007000                PROVIDE (__stack = __StackTop)
                0x20007000                __RAM_END = __StackTop

.stack          0x20006c00      0x400
                0x20006c00                . = ALIGN (0x8)
                0x20006c00                __stack_start__ = .
                0x20007000                . = (. + STACK_SIZE)
 *fill*         0x20006c00      0x400 
                0x20007000                __stack_end__ = .
                0x20000000                __START_BSS = __BSS_START
                0x200000bc                __END_BSS = __BSS_END
                0x20007000                __SP_INIT = __StackTop

.ARM.attributes
                0x00000000       0x30
 *(.ARM.attributes)
 .ARM.attributes
                0x00000000       0x22 d:/nxp/s32ds.3.4/s32ds/build_tools/gcc_b1620/gcc-6.3-arm32-eabi/bin/../lib/gcc/arm-none-eabi/6.3.1/thumb/v7e-m/fpv4-sp/hard/crti.o
 .ARM.attributes
                0x00000022       0x34 d:/nxp/s32ds.3.4/s32ds/build_tools/gcc_b1620/gcc-6.3-arm32-eabi/bin/../lib/gcc/arm-none-eabi/6.3.1/thumb/v7e-m/fpv4-sp/hard/crtbegin.o
 .ARM.attributes
                0x00000056       0x20 D:/NXP/S32DS.3.4/S32DS/build_tools/gcc_b1620/gcc-6.3-arm32-eabi/arm-none-eabi/newlib/lib/thumb/v7e-m/fpv4-sp/hard/crt0.o
 .ARM.attributes
                0x00000076       0x39 ./boot.o
 .ARM.attributes
                0x000000af       0x39 ./led.o
 .ARM.attributes
                0x000000e8       0x39 ./main.o
 .ARM.attributes
                0x00000121       0x39 ./timer.o
 .ARM.attributes
                0x0000015a       0x39 ./lib/system_S32K144.o
 .ARM.attributes
                0x00000193       0x39 ./startup/startup.o
 .ARM.attributes
                0x000001cc       0x1f ./startup/startup_S32K144.o
 .ARM.attributes
                0x000001eb       0x34 D:/NXP/S32DS.3.4/S32DS/build_tools/gcc_b1620/gcc-6.3-arm32-eabi/arm-none-eabi/newlib/lib/thumb/v7e-m/fpv4-sp/hard\libc_nano.a(lib_a-exit.o)
 .ARM.attributes
                0x0000021f       0x34 D:/NXP/S32DS.3.4/S32DS/build_tools/gcc_b1620/gcc-6.3-arm32-eabi/arm-none-eabi/newlib/lib/thumb/v7e-m/fpv4-sp/hard\libc_nano.a(lib_a-impure.o)
 .ARM.attributes
                0x00000253       0x34 D:/NXP/S32DS.3.4/S32DS/build_tools/gcc_b1620/gcc-6.3-arm32-eabi/arm-none-eabi/newlib/lib/thumb/v7e-m/fpv4-sp/hard\libc_nano.a(lib_a-init.o)
 .ARM.attributes
                0x00000287       0x34 D:/NXP/S32DS.3.4/S32DS/build_tools/gcc_b1620/gcc-6.3-arm32-eabi/arm-none-eabi/newlib/lib/thumb/v7e-m/fpv4-sp/hard\libc_nano.a(lib_a-memset.o)
 .ARM.attributes
                0x000002bb       0x34 D:/NXP/S32DS.3.4/S32DS/build_tools/gcc_b1620/gcc-6.3-arm32-eabi/arm-none-eabi/newlib/lib/thumb/v7e-m/fpv4-sp/hard\libnosys.a(_exit.o)
 .ARM.attributes
                0x000002ef       0x34 d:/nxp/s32ds.3.4/s32ds/build_tools/gcc_b1620/gcc-6.3-arm32-eabi/bin/../lib/gcc/arm-none-eabi/6.3.1/thumb/v7e-m/fpv4-sp/hard/crtend.o
 .ARM.attributes
                0x00000323       0x22 d:/nxp/s32ds.3.4/s32ds/build_tools/gcc_b1620/gcc-6.3-arm32-eabi/bin/../lib/gcc/arm-none-eabi/6.3.1/thumb/v7e-m/fpv4-sp/hard/crtn.o
                0x00000001                ASSERT ((__StackLimit >= __HeapLimit), region m_data_2 overflowed with stack and heap)
OUTPUT(demoprog_s32k144.elf elf32-littlearm)

.comment        0x00000000       0x7e
 .comment       0x00000000       0x7e d:/nxp/s32ds.3.4/s32ds/build_tools/gcc_b1620/gcc-6.3-arm32-eabi/bin/../lib/gcc/arm-none-eabi/6.3.1/thumb/v7e-m/fpv4-sp/hard/crtbegin.o
                                 0x7f (size before relaxing)
 .comment       0x0000007e       0x7f ./boot.o
 .comment       0x0000007e       0x7f ./led.o
 .comment       0x0000007e       0x7f ./main.o
 .comment       0x0000007e       0x7f ./timer.o
 .comment       0x0000007e       0x7f ./lib/system_S32K144.o
 .comment       0x0000007e       0x7f ./startup/startup.o
 .comment       0x0000007e       0x7f d:/nxp/s32ds.3.4/s32ds/build_tools/gcc_b1620/gcc-6.3-arm32-eabi/bin/../lib/gcc/arm-none-eabi/6.3.1/thumb/v7e-m/fpv4-sp/hard/crtend.o

.debug_info     0x00000000     0x1b14
 .debug_info    0x00000000      0xa2c ./boot.o
 .debug_info    0x00000a2c      0x25a ./led.o
 .debug_info    0x00000c86      0x3a1 ./main.o
 .debug_info    0x00001027      0x134 ./timer.o
 .debug_info    0x0000115b      0x522 ./lib/system_S32K144.o
 .debug_info    0x0000167d      0x471 ./startup/startup.o
 .debug_info    0x00001aee       0x26 ./startup/startup_S32K144.o

.debug_abbrev   0x00000000      0x694
 .debug_abbrev  0x00000000      0x1a5 ./boot.o
 .debug_abbrev  0x000001a5       0xe4 ./led.o
 .debug_abbrev  0x00000289       0xf8 ./main.o
 .debug_abbrev  0x00000381       0xd2 ./timer.o
 .debug_abbrev  0x00000453      0x125 ./lib/system_S32K144.o
 .debug_abbrev  0x00000578      0x108 ./startup/startup.o
 .debug_abbrev  0x00000680       0x14 ./startup/startup_S32K144.o

.debug_aranges  0x00000000      0x178
 .debug_aranges
                0x00000000       0x80 ./boot.o
 .debug_aranges
                0x00000080       0x28 ./led.o
 .debug_aranges
                0x000000a8       0x30 ./main.o
 .debug_aranges
                0x000000d8       0x30 ./timer.o
 .debug_aranges
                0x00000108       0x30 ./lib/system_S32K144.o
 .debug_aranges
                0x00000138       0x20 ./startup/startup.o
 .debug_aranges
                0x00000158       0x20 ./startup/startup_S32K144.o

.debug_ranges   0x00000000       0xf8
 .debug_ranges  0x00000000       0x70 ./boot.o
 .debug_ranges  0x00000070       0x18 ./led.o
 .debug_ranges  0x00000088       0x20 ./main.o
 .debug_ranges  0x000000a8       0x20 ./timer.o
 .debug_ranges  0x000000c8       0x20 ./lib/system_S32K144.o
 .debug_ranges  0x000000e8       0x10 ./startup/startup.o

.debug_macro    0x00000000    0x1f9a7
 .debug_macro   0x00000000      0x11b ./boot.o
 .debug_macro   0x0000011b      0x8ce ./boot.o
 .debug_macro   0x000009e9       0x93 ./boot.o
 .debug_macro   0x00000a7c       0x10 ./boot.o
 .debug_macro   0x00000a8c       0x80 ./boot.o
 .debug_macro   0x00000b0c       0x19 ./boot.o
 .debug_macro   0x00000b25       0x22 ./boot.o
 .debug_macro   0x00000b47       0x56 ./boot.o
 .debug_macro   0x00000b9d       0x51 ./boot.o
 .debug_macro   0x00000bee       0xef ./boot.o
 .debug_macro   0x00000cdd       0x6a ./boot.o
 .debug_macro   0x00000d47      0x1df ./boot.o
 .debug_macro   0x00000f26     0xed1d ./boot.o
 .debug_macro   0x0000fc43      0xb86 ./boot.o
 .debug_macro   0x000107c9       0x22 ./boot.o
 .debug_macro   0x000107eb       0x28 ./boot.o
 .debug_macro   0x00010813       0xec ./led.o
 .debug_macro   0x000108ff       0xe6 ./main.o
 .debug_macro   0x000109e5       0xe6 ./timer.o
 .debug_macro   0x00010acb       0xb5 ./lib/system_S32K144.o
 .debug_macro   0x00010b80       0xb5 ./startup/startup.o
 .debug_macro   0x00010c35     0xed32 ./startup/startup.o
 .debug_macro   0x0001f967       0x40 ./startup/startup.o

.debug_line     0x00000000     0x18ed
 .debug_line    0x00000000      0x5c1 ./boot.o
 .debug_line    0x000005c1      0x401 ./led.o
 .debug_line    0x000009c2      0x45f ./main.o
 .debug_line    0x00000e21      0x40b ./timer.o
 .debug_line    0x0000122c      0x2ec ./lib/system_S32K144.o
 .debug_line    0x00001518      0x35a ./startup/startup.o
 .debug_line    0x00001872       0x7b ./startup/startup_S32K144.o

.debug_str      0x00000000    0x69372
 .debug_str     0x00000000    0x68d8c ./boot.o
                              0x68f09 (size before relaxing)
 .debug_str     0x00068d8c       0xc9 ./led.o
                              0x68a3f (size before relaxing)
 .debug_str     0x00068e55       0x21 ./main.o
                              0x68a90 (size before relaxing)
 .debug_str     0x00068e76       0x59 ./timer.o
                              0x689a7 (size before relaxing)
 .debug_str     0x00068ecf      0x120 ./lib/system_S32K144.o
                              0x68880 (size before relaxing)
 .debug_str     0x00068fef      0x35a ./startup/startup.o
                              0x68aab (size before relaxing)
 .debug_str     0x00069349       0x29 ./startup/startup_S32K144.o
                                 0xb4 (size before relaxing)

.debug_frame    0x00000000      0x444
 .debug_frame   0x00000000      0x1d0 ./boot.o
 .debug_frame   0x000001d0       0x54 ./led.o
 .debug_frame   0x00000224       0x64 ./main.o
 .debug_frame   0x00000288       0x70 ./timer.o
 .debug_frame   0x000002f8       0x80 ./lib/system_S32K144.o
 .debug_frame   0x00000378       0x38 ./startup/startup.o
 .debug_frame   0x000003b0       0x28 D:/NXP/S32DS.3.4/S32DS/build_tools/gcc_b1620/gcc-6.3-arm32-eabi/arm-none-eabi/newlib/lib/thumb/v7e-m/fpv4-sp/hard\libc_nano.a(lib_a-exit.o)
 .debug_frame   0x000003d8       0x2c D:/NXP/S32DS.3.4/S32DS/build_tools/gcc_b1620/gcc-6.3-arm32-eabi/arm-none-eabi/newlib/lib/thumb/v7e-m/fpv4-sp/hard\libc_nano.a(lib_a-init.o)
 .debug_frame   0x00000404       0x20 D:/NXP/S32DS.3.4/S32DS/build_tools/gcc_b1620/gcc-6.3-arm32-eabi/arm-none-eabi/newlib/lib/thumb/v7e-m/fpv4-sp/hard\libc_nano.a(lib_a-memset.o)
 .debug_frame   0x00000424       0x20 D:/NXP/S32DS.3.4/S32DS/build_tools/gcc_b1620/gcc-6.3-arm32-eabi/arm-none-eabi/newlib/lib/thumb/v7e-m/fpv4-sp/hard\libnosys.a(_exit.o)
