Archive member included to satisfy reference by file (symbol)

D:/NXP/S32DS.3.4/S32DS/build_tools/gcc_b1620/gcc-6.3-arm32-eabi/arm-none-eabi/newlib/lib/thumb/v7e-m/fpv4-sp/hard\libc_nano.a(lib_a-exit.o)
                              D:/NXP/S32DS.3.4/S32DS/build_tools/gcc_b1620/gcc-6.3-arm32-eabi/arm-none-eabi/newlib/lib/thumb/v7e-m/fpv4-sp/hard/crt0.o (exit)
D:/NXP/S32DS.3.4/S32DS/build_tools/gcc_b1620/gcc-6.3-arm32-eabi/arm-none-eabi/newlib/lib/thumb/v7e-m/fpv4-sp/hard\libc_nano.a(lib_a-impure.o)
                              D:/NXP/S32DS.3.4/S32DS/build_tools/gcc_b1620/gcc-6.3-arm32-eabi/arm-none-eabi/newlib/lib/thumb/v7e-m/fpv4-sp/hard\libc_nano.a(lib_a-exit.o) (_global_impure_ptr)
D:/NXP/S32DS.3.4/S32DS/build_tools/gcc_b1620/gcc-6.3-arm32-eabi/arm-none-eabi/newlib/lib/thumb/v7e-m/fpv4-sp/hard\libc_nano.a(lib_a-init.o)
                              D:/NXP/S32DS.3.4/S32DS/build_tools/gcc_b1620/gcc-6.3-arm32-eabi/arm-none-eabi/newlib/lib/thumb/v7e-m/fpv4-sp/hard/crt0.o (__libc_init_array)
D:/NXP/S32DS.3.4/S32DS/build_tools/gcc_b1620/gcc-6.3-arm32-eabi/arm-none-eabi/newlib/lib/thumb/v7e-m/fpv4-sp/hard\libc_nano.a(lib_a-memset.o)
                              D:/NXP/S32DS.3.4/S32DS/build_tools/gcc_b1620/gcc-6.3-arm32-eabi/arm-none-eabi/newlib/lib/thumb/v7e-m/fpv4-sp/hard/crt0.o (memset)
D:/NXP/S32DS.3.4/S32DS/build_tools/gcc_b1620/gcc-6.3-arm32-eabi/arm-none-eabi/newlib/lib/thumb/v7e-m/fpv4-sp/hard\libnosys.a(_exit.o)
                              D:/NXP/S32DS.3.4/S32DS/build_tools/gcc_b1620/gcc-6.3-arm32-eabi/arm-none-eabi/newlib/lib/thumb/v7e-m/fpv4-sp/hard\libc_nano.a(lib_a-exit.o) (_exit)

Discarded input sections

 .text          0x00000000        0x0 d:/nxp/s32ds.3.4/s32ds/build_tools/gcc_b1620/gcc-6.3-arm32-eabi/bin/../lib/gcc/arm-none-eabi/6.3.1/thumb/v7e-m/fpv4-sp/hard/crti.o
 .data          0x00000000        0x0 d:/nxp/s32ds.3.4/s32ds/build_tools/gcc_b1620/gcc-6.3-arm32-eabi/bin/../lib/gcc/arm-none-eabi/6.3.1/thumb/v7e-m/fpv4-sp/hard/crti.o
 .bss           0x00000000        0x0 d:/nxp/s32ds.3.4/s32ds/build_tools/gcc_b1620/gcc-6.3-arm32-eabi/bin/../lib/gcc/arm-none-eabi/6.3.1/thumb/v7e-m/fpv4-sp/hard/crti.o
 .data          0x00000000        0x4 d:/nxp/s32ds.3.4/s32ds/build_tools/gcc_b1620/gcc-6.3-arm32-eabi/bin/../lib/gcc/arm-none-eabi/6.3.1/thumb/v7e-m/fpv4-sp/hard/crtbegin.o
 .data          0x00000000        0x0 D:/NXP/S32DS.3.4/S32DS/build_tools/gcc_b1620/gcc-6.3-arm32-eabi/arm-none-eabi/newlib/lib/thumb/v7e-m/fpv4-sp/hard/crt0.o
 .bss           0x00000000        0x0 D:/NXP/S32DS.3.4/S32DS/build_tools/gcc_b1620/gcc-6.3-arm32-eabi/arm-none-eabi/newlib/lib/thumb/v7e-m/fpv4-sp/hard/crt0.o
 .ARM.extab     0x00000000        0x0 D:/NXP/S32DS.3.4/S32DS/build_tools/gcc_b1620/gcc-6.3-arm32-eabi/arm-none-eabi/newlib/lib/thumb/v7e-m/fpv4-sp/hard/crt0.o
 .group         0x00000000        0xc ./boot.o
 .group         0x00000000        0xc ./boot.o
 .group         0x00000000        0xc ./boot.o
 .group         0x00000000        0xc ./boot.o
 .group         0x00000000        0xc ./boot.o
 .group         0x00000000        0xc ./boot.o
 .group         0x00000000        0xc ./boot.o
 .group         0x00000000        0xc ./boot.o
 .group         0x00000000        0xc ./boot.o
 .group         0x00000000        0xc ./boot.o
 .group         0x00000000        0xc ./boot.o
 .group         0x00000000        0xc ./boot.o
 .group         0x00000000        0xc ./boot.o
 .group         0x00000000        0xc ./boot.o
 .group         0x00000000        0xc ./boot.o
 .text          0x00000000        0x0 ./boot.o
 .data          0x00000000        0x0 ./boot.o
 .bss           0x00000000        0x0 ./boot.o
 .text.BootActivate
                0x00000000        0x8 ./boot.o
 .group         0x00000000        0xc ./led.o
 .group         0x00000000        0xc ./led.o
 .group         0x00000000        0xc ./led.o
 .group         0x00000000        0xc ./led.o
 .group         0x00000000        0xc ./led.o
 .group         0x00000000        0xc ./led.o
 .group         0x00000000        0xc ./led.o
 .group         0x00000000        0xc ./led.o
 .group         0x00000000        0xc ./led.o
 .group         0x00000000        0xc ./led.o
 .group         0x00000000        0xc ./led.o
 .group         0x00000000        0xc ./led.o
 .group         0x00000000        0xc ./led.o
 .group         0x00000000        0xc ./led.o
 .group         0x00000000        0xc ./led.o
 .text          0x00000000        0x0 ./led.o
 .data          0x00000000        0x0 ./led.o
 .bss           0x00000000        0x0 ./led.o
 .debug_macro   0x00000000      0x8ce ./led.o
 .debug_macro   0x00000000       0x93 ./led.o
 .debug_macro   0x00000000       0x10 ./led.o
 .debug_macro   0x00000000       0x80 ./led.o
 .debug_macro   0x00000000       0x19 ./led.o
 .debug_macro   0x00000000       0x22 ./led.o
 .debug_macro   0x00000000       0x56 ./led.o
 .debug_macro   0x00000000       0x51 ./led.o
 .debug_macro   0x00000000       0xef ./led.o
 .debug_macro   0x00000000       0x6a ./led.o
 .debug_macro   0x00000000      0x1df ./led.o
 .debug_macro   0x00000000     0xed1d ./led.o
 .debug_macro   0x00000000      0xb86 ./led.o
 .debug_macro   0x00000000       0x22 ./led.o
 .debug_macro   0x00000000       0x28 ./led.o
 .group         0x00000000        0xc ./main.o
 .group         0x00000000        0xc ./main.o
 .group         0x00000000        0xc ./main.o
 .group         0x00000000        0xc ./main.o
 .group         0x00000000        0xc ./main.o
 .group         0x00000000        0xc ./main.o
 .group         0x00000000        0xc ./main.o
 .group         0x00000000        0xc ./main.o
 .group         0x00000000        0xc ./main.o
 .group         0x00000000        0xc ./main.o
 .group         0x00000000        0xc ./main.o
 .group         0x00000000        0xc ./main.o
 .group         0x00000000        0xc ./main.o
 .group         0x00000000        0xc ./main.o
 .group         0x00000000        0xc ./main.o
 .text          0x00000000        0x0 ./main.o
 .data          0x00000000        0x0 ./main.o
 .bss           0x00000000        0x0 ./main.o
 .debug_macro   0x00000000      0x8ce ./main.o
 .debug_macro   0x00000000       0x93 ./main.o
 .debug_macro   0x00000000       0x10 ./main.o
 .debug_macro   0x00000000       0x80 ./main.o
 .debug_macro   0x00000000       0x19 ./main.o
 .debug_macro   0x00000000       0x22 ./main.o
 .debug_macro   0x00000000       0x56 ./main.o
 .debug_macro   0x00000000       0x51 ./main.o
 .debug_macro   0x00000000       0xef ./main.o
 .debug_macro   0x00000000       0x6a ./main.o
 .debug_macro   0x00000000      0x1df ./main.o
 .debug_macro   0x00000000     0xed1d ./main.o
 .debug_macro   0x00000000      0xb86 ./main.o
 .debug_macro   0x00000000       0x22 ./main.o
 .debug_macro   0x00000000       0x28 ./main.o
 .group         0x00000000        0xc ./timer.o
 .group         0x00000000        0xc ./timer.o
 .group         0x00000000        0xc ./timer.o
 .group         0x00000000        0xc ./timer.o
 .group         0x00000000        0xc ./timer.o
 .group         0x00000000        0xc ./timer.o
 .group         0x00000000        0xc ./timer.o
 .group         0x00000000        0xc ./timer.o
 .group         0x00000000        0xc ./timer.o
 .group         0x00000000        0xc ./timer.o
 .group         0x00000000        0xc ./timer.o
 .group         0x00000000        0xc ./timer.o
 .group         0x00000000        0xc ./timer.o
 .group         0x00000000        0xc ./timer.o
 .group         0x00000000        0xc ./timer.o
 .text          0x00000000        0x0 ./timer.o
 .data          0x00000000        0x0 ./timer.o
 .bss           0x00000000        0x0 ./timer.o
 .debug_macro   0x00000000      0x8ce ./timer.o
 .debug_macro   0x00000000       0x93 ./timer.o
 .debug_macro   0x00000000       0x10 ./timer.o
 .debug_macro   0x00000000       0x80 ./timer.o
 .debug_macro   0x00000000       0x19 ./timer.o
 .debug_macro   0x00000000       0x22 ./timer.o
 .debug_macro   0x00000000       0x56 ./timer.o
 .debug_macro   0x00000000       0x51 ./timer.o
 .debug_macro   0x00000000       0xef ./timer.o
 .debug_macro   0x00000000       0x6a ./timer.o
 .debug_macro   0x00000000      0x1df ./timer.o
 .debug_macro   0x00000000     0xed1d ./timer.o
 .debug_macro   0x00000000      0xb86 ./timer.o
 .debug_macro   0x00000000       0x22 ./timer.o
 .debug_macro   0x00000000       0x28 ./timer.o
 .group         0x00000000        0xc ./lib/system_S32K144.o
 .group         0x00000000        0xc ./lib/system_S32K144.o
 .group         0x00000000        0xc ./lib/system_S32K144.o
 .group         0x00000000        0xc ./lib/system_S32K144.o
 .group         0x00000000        0xc ./lib/system_S32K144.o
 .group         0x00000000        0xc ./lib/system_S32K144.o
 .group         0x00000000        0xc ./lib/system_S32K144.o
 .group         0x00000000        0xc ./lib/system_S32K144.o
 .group         0x00000000        0xc ./lib/system_S32K144.o
 .group         0x00000000        0xc ./lib/system_S32K144.o
 .group         0x00000000        0xc ./lib/system_S32K144.o
 .group         0x00000000        0xc ./lib/system_S32K144.o
 .group         0x00000000        0xc ./lib/system_S32K144.o
 .group         0x00000000        0xc ./lib/system_S32K144.o
 .text          0x00000000        0x0 ./lib/system_S32K144.o
 .data          0x00000000        0x0 ./lib/system_S32K144.o
 .bss           0x00000000        0x0 ./lib/system_S32K144.o
 .debug_macro   0x00000000      0x8ce ./lib/system_S32K144.o
 .debug_macro   0x00000000       0x10 ./lib/system_S32K144.o
 .debug_macro   0x00000000       0x80 ./lib/system_S32K144.o
 .debug_macro   0x00000000       0x19 ./lib/system_S32K144.o
 .debug_macro   0x00000000       0x22 ./lib/system_S32K144.o
 .debug_macro   0x00000000       0x56 ./lib/system_S32K144.o
 .debug_macro   0x00000000       0x51 ./lib/system_S32K144.o
 .debug_macro   0x00000000       0xef ./lib/system_S32K144.o
 .debug_macro   0x00000000       0x6a ./lib/system_S32K144.o
 .debug_macro   0x00000000      0x1df ./lib/system_S32K144.o
 .debug_macro   0x00000000     0xed1d ./lib/system_S32K144.o
 .debug_macro   0x00000000      0xb86 ./lib/system_S32K144.o
 .debug_macro   0x00000000       0x22 ./lib/system_S32K144.o
 .debug_macro   0x00000000       0x28 ./lib/system_S32K144.o
 .group         0x00000000        0xc ./startup/startup.o
 .group         0x00000000        0xc ./startup/startup.o
 .group         0x00000000        0xc ./startup/startup.o
 .group         0x00000000        0xc ./startup/startup.o
 .group         0x00000000        0xc ./startup/startup.o
 .group         0x00000000        0xc ./startup/startup.o
 .group         0x00000000        0xc ./startup/startup.o
 .group         0x00000000        0xc ./startup/startup.o
 .group         0x00000000        0xc ./startup/startup.o
 .group         0x00000000        0xc ./startup/startup.o
 .group         0x00000000        0xc ./startup/startup.o
 .group         0x00000000        0xc ./startup/startup.o
 .group         0x00000000        0xc ./startup/startup.o
 .text          0x00000000        0x0 ./startup/startup.o
 .data          0x00000000        0x0 ./startup/startup.o
 .bss           0x00000000        0x0 ./startup/startup.o
 .debug_macro   0x00000000      0x8ce ./startup/startup.o
 .debug_macro   0x00000000       0x22 ./startup/startup.o
 .debug_macro   0x00000000       0x56 ./startup/startup.o
 .debug_macro   0x00000000       0x51 ./startup/startup.o
 .debug_macro   0x00000000       0xef ./startup/startup.o
 .debug_macro   0x00000000       0x6a ./startup/startup.o
 .debug_macro   0x00000000      0x1df ./startup/startup.o
 .debug_macro   0x00000000       0x10 ./startup/startup.o
 .debug_macro   0x00000000       0x80 ./startup/startup.o
 .debug_macro   0x00000000      0xb86 ./startup/startup.o
 .debug_macro   0x00000000       0x22 ./startup/startup.o
 .data          0x00000000        0x0 ./startup/startup_S32K144.o
 .bss           0x00000000        0x0 ./startup/startup_S32K144.o
 .text          0x00000000        0x0 D:/NXP/S32DS.3.4/S32DS/build_tools/gcc_b1620/gcc-6.3-arm32-eabi/arm-none-eabi/newlib/lib/thumb/v7e-m/fpv4-sp/hard\libc_nano.a(lib_a-exit.o)
 .data          0x00000000        0x0 D:/NXP/S32DS.3.4/S32DS/build_tools/gcc_b1620/gcc-6.3-arm32-eabi/arm-none-eabi/newlib/lib/thumb/v7e-m/fpv4-sp/hard\libc_nano.a(lib_a-exit.o)
 .bss           0x00000000        0x0 D:/NXP/S32DS.3.4/S32DS/build_tools/gcc_b1620/gcc-6.3-arm32-eabi/arm-none-eabi/newlib/lib/thumb/v7e-m/fpv4-sp/hard\libc_nano.a(lib_a-exit.o)
 .text          0x00000000        0x0 D:/NXP/S32DS.3.4/S32DS/build_tools/gcc_b1620/gcc-6.3-arm32-eabi/arm-none-eabi/newlib/lib/thumb/v7e-m/fpv4-sp/hard\libc_nano.a(lib_a-impure.o)
 .data          0x00000000        0x0 D:/NXP/S32DS.3.4/S32DS/build_tools/gcc_b1620/gcc-6.3-arm32-eabi/arm-none-eabi/newlib/lib/thumb/v7e-m/fpv4-sp/hard\libc_nano.a(lib_a-impure.o)
 .bss           0x00000000        0x0 D:/NXP/S32DS.3.4/S32DS/build_tools/gcc_b1620/gcc-6.3-arm32-eabi/arm-none-eabi/newlib/lib/thumb/v7e-m/fpv4-sp/hard\libc_nano.a(lib_a-impure.o)
 .data._impure_ptr
                0x00000000        0x4 D:/NXP/S32DS.3.4/S32DS/build_tools/gcc_b1620/gcc-6.3-arm32-eabi/arm-none-eabi/newlib/lib/thumb/v7e-m/fpv4-sp/hard\libc_nano.a(lib_a-impure.o)
 .text          0x00000000        0x0 D:/NXP/S32DS.3.4/S32DS/build_tools/gcc_b1620/gcc-6.3-arm32-eabi/arm-none-eabi/newlib/lib/thumb/v7e-m/fpv4-sp/hard\libc_nano.a(lib_a-init.o)
 .data          0x00000000        0x0 D:/NXP/S32DS.3.4/S32DS/build_tools/gcc_b1620/gcc-6.3-arm32-eabi/arm-none-eabi/newlib/lib/thumb/v7e-m/fpv4-sp/hard\libc_nano.a(lib_a-init.o)
 .bss           0x00000000        0x0 D:/NXP/S32DS.3.4/S32DS/build_tools/gcc_b1620/gcc-6.3-arm32-eabi/arm-none-eabi/newlib/lib/thumb/v7e-m/fpv4-sp/hard\libc_nano.a(lib_a-init.o)
 .text          0x00000000        0x0 D:/NXP/S32DS.3.4/S32DS/build_tools/gcc_b1620/gcc-6.3-arm32-eabi/arm-none-eabi/newlib/lib/thumb/v7e-m/fpv4-sp/hard\libc_nano.a(lib_a-memset.o)
 .data          0x00000000        0x0 D:/NXP/S32DS.3.4/S32DS/build_tools/gcc_b1620/gcc-6.3-arm32-eabi/arm-none-eabi/newlib/lib/thumb/v7e-m/fpv4-sp/hard\libc_nano.a(lib_a-memset.o)
 .bss           0x00000000        0x0 D:/NXP/S32DS.3.4/S32DS/build_tools/gcc_b1620/gcc-6.3-arm32-eabi/arm-none-eabi/newlib/lib/thumb/v7e-m/fpv4-sp/hard\libc_nano.a(lib_a-memset.o)
 .text          0x00000000        0x0 D:/NXP/S32DS.3.4/S32DS/build_tools/gcc_b1620/gcc-6.3-arm32-eabi/arm-none-eabi/newlib/lib/thumb/v7e-m/fpv4-sp/hard\libnosys.a(_exit.o)
 .data          0x00000000        0x0 D:/NXP/S32DS.3.4/S32DS/build_tools/gcc_b1620/gcc-6.3-arm32-eabi/arm-none-eabi/newlib/lib/thumb/v7e-m/fpv4-sp/hard\libnosys.a(_exit.o)
 .bss           0x00000000        0x0 D:/NXP/S32DS.3.4/S32DS/build_tools/gcc_b1620/gcc-6.3-arm32-eabi/arm-none-eabi/newlib/lib/thumb/v7e-m/fpv4-sp/hard\libnosys.a(_exit.o)
 .text          0x00000000        0x0 d:/nxp/s32ds.3.4/s32ds/build_tools/gcc_b1620/gcc-6.3-arm32-eabi/bin/../lib/gcc/arm-none-eabi/6.3.1/thumb/v7e-m/fpv4-sp/hard/crtend.o
 .data          0x00000000        0x0 d:/nxp/s32ds.3.4/s32ds/build_tools/gcc_b1620/gcc-6.3-arm32-eabi/bin/../lib/gcc/arm-none-eabi/6.3.1/thumb/v7e-m/fpv4-sp/hard/crtend.o
 .bss           0x00000000        0x0 d:/nxp/s32ds.3.4/s32ds/build_tools/gcc_b1620/gcc-6.3-arm32-eabi/bin/../lib/gcc/arm-none-eabi/6.3.1/thumb/v7e-m/fpv4-sp/hard/crtend.o
 .eh_frame      0x00000000        0x4 d:/nxp/s32ds.3.4/s32ds/build_tools/gcc_b1620/gcc-6.3-arm32-eabi/bin/../lib/gcc/arm-none-eabi/6.3.1/thumb/v7e-m/fpv4-sp/hard/crtend.o
 .text          0x00000000        0x0 d:/nxp/s32ds.3.4/s32ds/build_tools/gcc_b1620/gcc-6.3-arm32-eabi/bin/../lib/gcc/arm-none-eabi/6.3.1/thumb/v7e-m/fpv4-sp/hard/crtn.o
 .data          0x00000000        0x0 d:/nxp/s32ds.3.4/s32ds/build_tools/gcc_b1620/gcc-6.3-arm32-eabi/bin/../lib/gcc/arm-none-eabi/6.3.1/thumb/v7e-m/fpv4-sp/hard/crtn.o
 .bss           0x00000000        0x0 d:/nxp/s32ds.3.4/s32ds/build_tools/gcc_b1620/gcc-6.3-arm32-eabi/bin/../lib/gcc/arm-none-eabi/6.3.1/thumb/v7e-m/fpv4-sp/hard/crtn.o

Memory Configuration

Name             Origin             Length             Attributes
m_interrupts     0x00002000         0x00000400         xr
m_flash_config   0x00002400         0x00000010         xr
m_text           0x00002410         0x0007dbf0         xr
m_data           0x1fff8000         0x00008000         rw
m_data_2         0x20000000         0x00007000         rw
*default*        0x00000000         0xffffffff

Linker script and memory map

LOAD d:/nxp/s32ds.3.4/s32ds/build_tools/gcc_b1620/gcc-6.3-arm32-eabi/bin/../lib/gcc/arm-none-eabi/6.3.1/thumb/v7e-m/fpv4-sp/hard/crti.o
LOAD d:/nxp/s32ds.3.4/s32ds/build_tools/gcc_b1620/gcc-6.3-arm32-eabi/bin/../lib/gcc/arm-none-eabi/6.3.1/thumb/v7e-m/fpv4-sp/hard/crtbegin.o
LOAD D:/NXP/S32DS.3.4/S32DS/build_tools/gcc_b1620/gcc-6.3-arm32-eabi/arm-none-eabi/newlib/lib/thumb/v7e-m/fpv4-sp/hard/crt0.o
LOAD ./boot.o
LOAD ./led.o
LOAD ./main.o
LOAD ./timer.o
LOAD ./lib/system_S32K144.o
LOAD ./startup/startup.o
LOAD ./startup/startup_S32K144.o
START GROUP
LOAD d:/nxp/s32ds.3.4/s32ds/build_tools/gcc_b1620/gcc-6.3-arm32-eabi/bin/../lib/gcc/arm-none-eabi/6.3.1/thumb/v7e-m/fpv4-sp/hard\libgcc.a
LOAD D:/NXP/S32DS.3.4/S32DS/build_tools/gcc_b1620/gcc-6.3-arm32-eabi/arm-none-eabi/newlib/lib/thumb/v7e-m/fpv4-sp/hard\libc_nano.a
END GROUP
START GROUP
LOAD d:/nxp/s32ds.3.4/s32ds/build_tools/gcc_b1620/gcc-6.3-arm32-eabi/bin/../lib/gcc/arm-none-eabi/6.3.1/thumb/v7e-m/fpv4-sp/hard\libgcc.a
LOAD D:/NXP/S32DS.3.4/S32DS/build_tools/gcc_b1620/gcc-6.3-arm32-eabi/arm-none-eabi/newlib/lib/thumb/v7e-m/fpv4-sp/hard\libc_nano.a
LOAD D:/NXP/S32DS.3.4/S32DS/build_tools/gcc_b1620/gcc-6.3-arm32-eabi/arm-none-eabi/newlib/lib/thumb/v7e-m/fpv4-sp/hard\libnosys.a
END GROUP
START GROUP
LOAD d:/nxp/s32ds.3.4/s32ds/build_tools/gcc_b1620/gcc-6.3-arm32-eabi/bin/../lib/gcc/arm-none-eabi/6.3.1/thumb/v7e-m/fpv4-sp/hard\libgcc.a
LOAD D:/NXP/S32DS.3.4/S32DS/build_tools/gcc_b1620/gcc-6.3-arm32-eabi/arm-none-eabi/newlib/lib/thumb/v7e-m/fpv4-sp/hard\libc_nano.a
LOAD D:/NXP/S32DS.3.4/S32DS/build_tools/gcc_b1620/gcc-6.3-arm32-eabi/arm-none-eabi/newlib/lib/thumb/v7e-m/fpv4-sp/hard\libnosys.a
END GROUP
LOAD d:/nxp/s32ds.3.4/s32ds/build_tools/gcc_b1620/gcc-6.3-arm32-eabi/bin/../lib/gcc/arm-none-eabi/6.3.1/thumb/v7e-m/fpv4-sp/hard/crtend.o
LOAD d:/nxp/s32ds.3.4/s32ds/build_tools/gcc_b1620/gcc-6.3-arm32-eabi/bin/../lib/gcc/arm-none-eabi/6.3.1/thumb/v7e-m/fpv4-sp/hard/crtn.o
                0x00000400                HEAP_SIZE = DEFINED (__heap_size__)?__heap_size__:0x400
                0x00000400                STACK_SIZE = DEFINED (__stack_size__)?__stack_size__:0x400
                0x00000400                M_VECTOR_RAM_SIZE = DEFINED (__flash_vector_table__)?0x0:0x400

.interrupts     0x00002000      0x400
                0x00002000                __VECTOR_TABLE = .
                0x00002000                __interrupts_start__ = .
                0x00002000                . = ALIGN (0x4)
 *(.isr_vector)
 .isr_vector    0x00002000      0x400 ./startup/startup_S32K144.o
                0x00002000                __isr_vector
                0x00002400                __interrupts_end__ = .
                0x00002400                . = ALIGN (0x4)

.flash_config   0x00002400       0x10
                0x00002400                . = ALIGN (0x4)
 *(.FlashConfig)
 .FlashConfig   0x00002400       0x10 ./startup/startup_S32K144.o
                0x00002410                . = ALIGN (0x4)

.text           0x00002410      0xa88
                0x00002410                . = ALIGN (0x4)
 *(.text)
 .text          0x00002410       0xa4 d:/nxp/s32ds.3.4/s32ds/build_tools/gcc_b1620/gcc-6.3-arm32-eabi/bin/../lib/gcc/arm-none-eabi/6.3.1/thumb/v7e-m/fpv4-sp/hard/crtbegin.o
 .text          0x000024b4       0x7c D:/NXP/S32DS.3.4/S32DS/build_tools/gcc_b1620/gcc-6.3-arm32-eabi/arm-none-eabi/newlib/lib/thumb/v7e-m/fpv4-sp/hard/crt0.o
                0x000024b4                _stack_init
                0x000024bc                _start
                0x000024bc                _mainCRTStartup
 .text          0x00002530       0x6c ./startup/startup_S32K144.o
                0x00002530                Reset_Handler
                0x00002598                DebugMon_Handler
                0x00002598                Reserved88_IRQHandler
                0x00002598                CAN0_ORed_IRQHandler
                0x00002598                HardFault_Handler
                0x00002598                Reserved86_IRQHandler
                0x00002598                Reserved103_IRQHandler
                0x00002598                FTM2_Ovf_Reload_IRQHandler
                0x00002598                Reserved50_IRQHandler
                0x00002598                FTFC_Fault_IRQHandler
                0x00002598                FTM0_Ch6_Ch7_IRQHandler
                0x00002598                Reserved114_IRQHandler
                0x00002598                PendSV_Handler
                0x00002598                NMI_Handler
                0x00002598                Reserved89_IRQHandler
                0x00002598                ERM_double_fault_IRQHandler
                0x00002598                DMA2_IRQHandler
                0x00002598                Reserved59_IRQHandler
                0x00002598                LPIT0_Ch0_IRQHandler
                0x00002598                Reserved99_IRQHandler
                0x00002598                FTM3_Ch6_Ch7_IRQHandler
                0x00002598                CAN2_ORed_0_15_MB_IRQHandler
                0x00002598                LPIT0_Ch3_IRQHandler
                0x00002598                Reserved92_IRQHandler
                0x00002598                FTM0_Ch4_Ch5_IRQHandler
                0x00002598                CAN1_Error_IRQHandler
                0x00002598                FTM3_Ch0_Ch1_IRQHandler
                0x00002598                SWI_IRQHandler
                0x00002598                ADC0_IRQHandler
                0x00002598                FTM2_Ch4_Ch5_IRQHandler
                0x00002598                UsageFault_Handler
                0x00002598                FTM0_Ovf_Reload_IRQHandler
                0x00002598                DefaultISR
                0x00002598                DMA9_IRQHandler
                0x00002598                Reserved58_IRQHandler
                0x00002598                CAN1_ORed_0_15_MB_IRQHandler
                0x00002598                FTM1_Ch2_Ch3_IRQHandler
                0x00002598                DMA14_IRQHandler
                0x00002598                Reserved82_IRQHandler
                0x00002598                CAN0_ORed_16_31_MB_IRQHandler
                0x00002598                LPI2C0_Slave_IRQHandler
                0x00002598                Reserved71_IRQHandler
                0x00002598                PORTD_IRQHandler
                0x00002598                Reserved69_IRQHandler
                0x00002598                PORTB_IRQHandler
                0x00002598                Reserved70_IRQHandler
                0x00002598                ADC1_IRQHandler
                0x00002598                FTM2_Ch2_Ch3_IRQHandler
                0x00002598                Reserved53_IRQHandler
                0x00002598                DMA5_IRQHandler
                0x00002598                RTC_IRQHandler
                0x00002598                PDB0_IRQHandler
                0x00002598                Reserved54_IRQHandler
                0x00002598                FTM2_Ch6_Ch7_IRQHandler
                0x00002598                FTM3_Ch2_Ch3_IRQHandler
                0x00002598                FTM2_Ch0_Ch1_IRQHandler
                0x00002598                LPSPI1_IRQHandler
                0x00002598                LPUART1_RxTx_IRQHandler
                0x00002598                RTC_Seconds_IRQHandler
                0x00002598                CAN2_ORed_IRQHandler
                0x00002598                Reserved72_IRQHandler
                0x00002598                Reserved110_IRQHandler
                0x00002598                DMA11_IRQHandler
                0x00002598                Reserved107_IRQHandler
                0x00002598                Read_Collision_IRQHandler
                0x00002598                CAN2_Error_IRQHandler
                0x00002598                FTFC_IRQHandler
                0x00002598                DMA7_IRQHandler
                0x00002598                FTM1_Ch6_Ch7_IRQHandler
                0x00002598                Reserved105_IRQHandler
                0x00002598                LPIT0_Ch1_IRQHandler
                0x00002598                FTM1_Ch4_Ch5_IRQHandler
                0x00002598                FTM3_Ovf_Reload_IRQHandler
                0x00002598                LPUART2_RxTx_IRQHandler
                0x00002598                LPSPI0_IRQHandler
                0x00002598                WDOG_EWM_IRQHandler
                0x00002598                MemManage_Handler
                0x00002598                Reserved90_IRQHandler
                0x00002598                Reserved83_IRQHandler
                0x00002598                FTM0_Fault_IRQHandler
                0x00002598                Reserved48_IRQHandler
                0x00002598                SVC_Handler
                0x00002598                ERM_single_fault_IRQHandler
                0x00002598                FTM2_Fault_IRQHandler
                0x00002598                FTM0_Ch2_Ch3_IRQHandler
                0x00002598                DMA13_IRQHandler
                0x00002598                FTM0_Ch0_Ch1_IRQHandler
                0x00002598                FTM3_Fault_IRQHandler
                0x00002598                RCM_IRQHandler
                0x00002598                DMA3_IRQHandler
                0x00002598                Reserved100_IRQHandler
                0x00002598                DMA0_IRQHandler
                0x00002598                Reserved91_IRQHandler
                0x00002598                CAN1_ORed_IRQHandler
                0x00002598                DMA15_IRQHandler
                0x00002598                SCG_IRQHandler
                0x00002598                PDB1_IRQHandler
                0x00002598                Reserved81_IRQHandler
                0x00002598                Reserved46_IRQHandler
                0x00002598                Reserved45_IRQHandler
                0x00002598                CAN0_Error_IRQHandler
                0x00002598                Reserved112_IRQHandler
                0x00002598                LPI2C0_Master_IRQHandler
                0x00002598                DMA4_IRQHandler
                0x00002598                FTM1_Fault_IRQHandler
                0x00002598                Reserved106_IRQHandler
                0x00002598                DMA_Error_IRQHandler
                0x00002598                LVD_LVW_IRQHandler
                0x00002598                LPIT0_Ch2_IRQHandler
                0x00002598                PORTA_IRQHandler
                0x00002598                MCM_IRQHandler
                0x00002598                LPSPI2_IRQHandler
                0x00002598                DMA12_IRQHandler
                0x00002598                FTM3_Ch4_Ch5_IRQHandler
                0x00002598                CAN0_ORed_0_15_MB_IRQHandler
                0x00002598                PORTE_IRQHandler
                0x00002598                LPUART0_RxTx_IRQHandler
                0x00002598                LPTMR0_IRQHandler
                0x00002598                BusFault_Handler
                0x00002598                Reserved87_IRQHandler
                0x00002598                FTM1_Ovf_Reload_IRQHandler
                0x00002598                DMA8_IRQHandler
                0x00002598                Reserved93_IRQHandler
                0x00002598                DMA10_IRQHandler
                0x00002598                CAN0_Wake_Up_IRQHandler
                0x00002598                CMP0_IRQHandler
                0x00002598                Reserved52_IRQHandler
                0x00002598                PORTC_IRQHandler
                0x00002598                DMA6_IRQHandler
                0x00002598                FTM1_Ch0_Ch1_IRQHandler
                0x00002598                FLEXIO_IRQHandler
                0x00002598                DMA1_IRQHandler
                0x00002598                Reserved113_IRQHandler
 *(.text*)
 .text.CanDisabledModeExit
                0x0000259c       0x38 ./boot.o
 .text.CanFreezeModeEnter
                0x000025d4       0x34 ./boot.o
 .text.BootComInit
                0x00002608      0x30c ./boot.o
                0x00002608                BootComInit
 .text.BootComCheckActivationRequest
                0x00002914      0x11c ./boot.o
                0x00002914                BootComCheckActivationRequest
 .text.LedInit  0x00002a30       0x28 ./led.o
                0x00002a30                LedInit
 .text.LedToggle
                0x00002a58       0x4c ./led.o
                0x00002a58                LedToggle
 .text.main     0x00002aa4      0x114 ./main.o
                0x00002aa4                main
 .text.TimerInit
                0x00002bb8       0x30 ./timer.o
                0x00002bb8                TimerInit
 .text.TimerGet
                0x00002be8        0xc ./timer.o
                0x00002be8                TimerGet
 .text.SysTick_Handler
                0x00002bf4       0x10 ./timer.o
                0x00002bf4                SysTick_Handler
 .text.SystemInit
                0x00002c04       0x3c ./lib/system_S32K144.o
                0x00002c04                SystemInit
 .text.SystemCoreClockUpdate
                0x00002c40       0x80 ./lib/system_S32K144.o
                0x00002c40                SystemCoreClockUpdate
 .text.SystemSoftwareReset
                0x00002cc0       0x18 ./lib/system_S32K144.o
                0x00002cc0                SystemSoftwareReset
 .text.init_data_bss
                0x00002cd8       0xd8 ./startup/startup.o
                0x00002cd8                init_data_bss
 .text.exit     0x00002db0       0x28 D:/NXP/S32DS.3.4/S32DS/build_tools/gcc_b1620/gcc-6.3-arm32-eabi/arm-none-eabi/newlib/lib/thumb/v7e-m/fpv4-sp/hard\libc_nano.a(lib_a-exit.o)
                0x00002db0                exit
 .text.__libc_init_array
                0x00002dd8       0x48 D:/NXP/S32DS.3.4/S32DS/build_tools/gcc_b1620/gcc-6.3-arm32-eabi/arm-none-eabi/newlib/lib/thumb/v7e-m/fpv4-sp/hard\libc_nano.a(lib_a-init.o)
                0x00002dd8                __libc_init_array
 .text.memset   0x00002e20       0x10 D:/NXP/S32DS.3.4/S32DS/build_tools/gcc_b1620/gcc-6.3-arm32-eabi/arm-none-eabi/newlib/lib/thumb/v7e-m/fpv4-sp/hard\libc_nano.a(lib_a-memset.o)
                0x00002e20                memset
 .text._exit    0x00002e30        0x2 D:/NXP/S32DS.3.4/S32DS/build_tools/gcc_b1620/gcc-6.3-arm32-eabi/arm-none-eabi/newlib/lib/thumb/v7e-m/fpv4-sp/hard\libnosys.a(_exit.o)
                0x00002e30                _exit
 *(.rodata)
 *(.rodata*)
 *fill*         0x00002e32        0x2 
 .rodata.canTiming
                0x00002e34       0x48 ./boot.o
 .rodata._global_impure_ptr
                0x00002e7c        0x4 D:/NXP/S32DS.3.4/S32DS/build_tools/gcc_b1620/gcc-6.3-arm32-eabi/arm-none-eabi/newlib/lib/thumb/v7e-m/fpv4-sp/hard\libc_nano.a(lib_a-impure.o)
                0x00002e7c                _global_impure_ptr
 *(.glue_7)
 .glue_7        0x00002e80        0x0 linker stubs
 *(.glue_7t)
 .glue_7t       0x00002e80        0x0 linker stubs
 *(.eh_frame)
 .eh_frame      0x00002e80        0x0 d:/nxp/s32ds.3.4/s32ds/build_tools/gcc_b1620/gcc-6.3-arm32-eabi/bin/../lib/gcc/arm-none-eabi/6.3.1/thumb/v7e-m/fpv4-sp/hard/crtbegin.o
 *(.init)
 .init          0x00002e80        0x4 d:/nxp/s32ds.3.4/s32ds/build_tools/gcc_b1620/gcc-6.3-arm32-eabi/bin/../lib/gcc/arm-none-eabi/6.3.1/thumb/v7e-m/fpv4-sp/hard/crti.o
                0x00002e80                _init
 .init          0x00002e84        0x8 d:/nxp/s32ds.3.4/s32ds/build_tools/gcc_b1620/gcc-6.3-arm32-eabi/bin/../lib/gcc/arm-none-eabi/6.3.1/thumb/v7e-m/fpv4-sp/hard/crtn.o
 *(.fini)
 .fini          0x00002e8c        0x4 d:/nxp/s32ds.3.4/s32ds/build_tools/gcc_b1620/gcc-6.3-arm32-eabi/bin/../lib/gcc/arm-none-eabi/6.3.1/thumb/v7e-m/fpv4-sp/hard/crti.o
                0x00002e8c                _fini
 .fini          0x00002e90        0x8 d:/nxp/s32ds.3.4/s32ds/build_tools/gcc_b1620/gcc-6.3-arm32-eabi/bin/../lib/gcc/arm-none-eabi/6.3.1/thumb/v7e-m/fpv4-sp/hard/crtn.o
                0x00002e98                . = ALIGN (0x4)

.vfp11_veneer   0x00002e98        0x0
 .vfp11_veneer  0x00002e98        0x0 linker stubs

.v4_bx          0x00002e98        0x0
 .v4_bx         0x00002e98        0x0 linker stubs

.iplt           0x00002e98        0x0
 .iplt          0x00002e98        0x0 d:/nxp/s32ds.3.4/s32ds/build_tools/gcc_b1620/gcc-6.3-arm32-eabi/bin/../lib/gcc/arm-none-eabi/6.3.1/thumb/v7e-m/fpv4-sp/hard/crtbegin.o

.ARM.extab
 *(.ARM.extab* .gnu.linkonce.armextab.*)

.ARM            0x00002e98        0x8
                0x00002e98                __exidx_start = .
 *(.ARM.exidx*)
 .ARM.exidx     0x00002e98        0x8 D:/NXP/S32DS.3.4/S32DS/build_tools/gcc_b1620/gcc-6.3-arm32-eabi/arm-none-eabi/newlib/lib/thumb/v7e-m/fpv4-sp/hard/crt0.o
                                 0x10 (size before relaxing)
                0x00002ea0                __exidx_end = .

.rel.dyn        0x00002ea0        0x0
 .rel.iplt      0x00002ea0        0x0 d:/nxp/s32ds.3.4/s32ds/build_tools/gcc_b1620/gcc-6.3-arm32-eabi/bin/../lib/gcc/arm-none-eabi/6.3.1/thumb/v7e-m/fpv4-sp/hard/crtbegin.o

.ctors          0x00002ea0        0x0
                0x00002ea0                __CTOR_LIST__ = .
 *crtbegin.o(.ctors)
 *crtbegin?.o(.ctors)
 *(EXCLUDE_FILE(*crtend.o *crtend?.o) .ctors)
 *(SORT_BY_NAME(.ctors.*))
 *(.ctors)
                0x00002ea0                __CTOR_END__ = .

.dtors          0x00002ea0        0x0
                0x00002ea0                __DTOR_LIST__ = .
 *crtbegin.o(.dtors)
 *crtbegin?.o(.dtors)
 *(EXCLUDE_FILE(*crtend.o *crtend?.o) .dtors)
 *(SORT_BY_NAME(.dtors.*))
 *(.dtors)
                0x00002ea0                __DTOR_END__ = .

.preinit_array  0x00002ea0        0x0
                0x00002ea0                PROVIDE (__preinit_array_start = .)
 *(.preinit_array*)
                0x00002ea0                PROVIDE (__preinit_array_end = .)

.init_array     0x00002ea0        0x4
                0x00002ea0                PROVIDE (__init_array_start = .)
 *(SORT_BY_NAME(.init_array.*))
 *(.init_array*)
 .init_array    0x00002ea0        0x4 d:/nxp/s32ds.3.4/s32ds/build_tools/gcc_b1620/gcc-6.3-arm32-eabi/bin/../lib/gcc/arm-none-eabi/6.3.1/thumb/v7e-m/fpv4-sp/hard/crtbegin.o
                0x00002ea4                PROVIDE (__init_array_end = .)

.fini_array     0x00002ea4        0x4
                [!provide]                PROVIDE (__fini_array_start = .)
 *(SORT_BY_NAME(.fini_array.*))
 *(.fini_array*)
 .fini_array    0x00002ea4        0x4 d:/nxp/s32ds.3.4/s32ds/build_tools/gcc_b1620/gcc-6.3-arm32-eabi/bin/../lib/gcc/arm-none-eabi/6.3.1/thumb/v7e-m/fpv4-sp/hard/crtbegin.o
                [!provide]                PROVIDE (__fini_array_end = .)
                0x00002ea8                __etext = .
                0x00002ea8                __DATA_ROM = .

.interrupts_ram
                0x1fff8000      0x400
                0x1fff8000                . = ALIGN (0x4)
                0x1fff8000                __VECTOR_RAM__ = .
                0x1fff8000                __RAM_START = .
                0x1fff8000                __interrupts_ram_start__ = .
 *(.m_interrupts_ram)
                0x1fff8400                . = (. + M_VECTOR_RAM_SIZE)
 *fill*         0x1fff8000      0x400 
                0x1fff8400                . = ALIGN (0x4)
                0x1fff8400                __interrupts_ram_end__ = .
                0x1fff8000                __VECTOR_RAM = DEFINED (__flash_vector_table__)?ORIGIN (m_interrupts):__VECTOR_RAM__
                0x00000400                __RAM_VECTOR_TABLE_SIZE = DEFINED (__flash_vector_table__)?0x0:(__interrupts_ram_end__ - __interrupts_ram_start__)

.data           0x1fff8400       0x68 load address 0x00002ea8
                0x1fff8400                . = ALIGN (0x4)
                0x1fff8400                __DATA_RAM = .
                0x1fff8400                __data_start__ = .
 *(.data)
 *(.data*)
 .data.SystemCoreClock
                0x1fff8400        0x4 ./lib/system_S32K144.o
                0x1fff8400                SystemCoreClock
 .data.impure_data
                0x1fff8404       0x60 D:/NXP/S32DS.3.4/S32DS/build_tools/gcc_b1620/gcc-6.3-arm32-eabi/arm-none-eabi/newlib/lib/thumb/v7e-m/fpv4-sp/hard\libc_nano.a(lib_a-impure.o)
 *(.jcr*)
 .jcr           0x1fff8464        0x0 d:/nxp/s32ds.3.4/s32ds/build_tools/gcc_b1620/gcc-6.3-arm32-eabi/bin/../lib/gcc/arm-none-eabi/6.3.1/thumb/v7e-m/fpv4-sp/hard/crtbegin.o
 .jcr           0x1fff8464        0x4 d:/nxp/s32ds.3.4/s32ds/build_tools/gcc_b1620/gcc-6.3-arm32-eabi/bin/../lib/gcc/arm-none-eabi/6.3.1/thumb/v7e-m/fpv4-sp/hard/crtend.o
                0x1fff8468                . = ALIGN (0x4)
                0x1fff8468                __data_end__ = .
                0x00002f10                __DATA_END = (__DATA_ROM + (__data_end__ - __data_start__))
                0x00002f10                __CODE_ROM = __DATA_END

.tm_clone_table
                0x1fff8468        0x0 load address 0x00002f10
 .tm_clone_table
                0x1fff8468        0x0 d:/nxp/s32ds.3.4/s32ds/build_tools/gcc_b1620/gcc-6.3-arm32-eabi/bin/../lib/gcc/arm-none-eabi/6.3.1/thumb/v7e-m/fpv4-sp/hard/crtbegin.o
 .tm_clone_table
                0x1fff8468        0x0 d:/nxp/s32ds.3.4/s32ds/build_tools/gcc_b1620/gcc-6.3-arm32-eabi/bin/../lib/gcc/arm-none-eabi/6.3.1/thumb/v7e-m/fpv4-sp/hard/crtend.o

.igot.plt       0x1fff8468        0x0 load address 0x00002f10
 .igot.plt      0x1fff8468        0x0 d:/nxp/s32ds.3.4/s32ds/build_tools/gcc_b1620/gcc-6.3-arm32-eabi/bin/../lib/gcc/arm-none-eabi/6.3.1/thumb/v7e-m/fpv4-sp/hard/crtbegin.o

.code           0x1fff8468        0x0 load address 0x00002f10
                0x1fff8468                . = ALIGN (0x4)
                0x1fff8468                __CODE_RAM = .
                0x1fff8468                __code_start__ = .
                0x1fff8468                __code_ram_start__ = .
 *(.code_ram)
                0x1fff8468                . = ALIGN (0x4)
                0x1fff8468                __code_end__ = .
                0x1fff8468                __code_ram_end__ = .
                0x00002f10                __CODE_END = (__CODE_ROM + (__code_end__ - __code_start__))
                0x00002f10                __CUSTOM_ROM = __CODE_END

.customSectionBlock
                0x20000000        0x0 load address 0x00002f10
                0x20000000                __customSection_start__ = .
 *(.customSection)
                0x20000000                __customSection_end__ = .
                0x00002f10                __CUSTOM_END = (__CUSTOM_ROM + (__customSection_end__ - __customSection_start__))

.bss            0x20000000       0xb4
                0x20000000                . = ALIGN (0x4)
                0x20000000                __BSS_START = .
                0x20000000                __bss_start__ = .
 *(.bss)
 .bss           0x20000000       0x1c d:/nxp/s32ds.3.4/s32ds/build_tools/gcc_b1620/gcc-6.3-arm32-eabi/bin/../lib/gcc/arm-none-eabi/6.3.1/thumb/v7e-m/fpv4-sp/hard/crtbegin.o
 *(.bss*)
 .bss.dummyTimerVal
                0x2000001c        0x4 ./boot.o
 .bss.xcpCtoReqPacket.6351
                0x20000020       0x82 ./boot.o
 .bss.xcpCtoRxInProgress.6353
                0x200000a2        0x1 ./boot.o
 .bss.xcpCtoRxLength.6352
                0x200000a3        0x1 ./boot.o
 .bss.xcpCtoRxStartTime.6354
                0x200000a4        0x4 ./boot.o
 .bss.led_toggle_state.6328
                0x200000a8        0x1 ./led.o
 *fill*         0x200000a9        0x3 
 .bss.timer_counter_last.6329
                0x200000ac        0x4 ./led.o
 .bss.millisecond_counter
                0x200000b0        0x4 ./timer.o
 *(COMMON)
                0x200000b4                . = ALIGN (0x4)
                0x200000b4                __bss_end__ = .
                0x200000b4                __BSS_END = .

.heap           0x200000b4      0x404
                0x200000b8                . = ALIGN (0x8)
 *fill*         0x200000b4        0x4 
                0x200000b8                __end__ = .
                0x200000b8                __heap_start__ = .
                [!provide]                PROVIDE (end = .)
                [!provide]                PROVIDE (_end = .)
                [!provide]                PROVIDE (__end = .)
                0x200000b8                __HeapBase = .
                0x200004b8                . = (. + HEAP_SIZE)
 *fill*         0x200000b8      0x400 
                0x200004b8                __HeapLimit = .
                0x200004b8                __heap_limit = .
                0x200004b8                __heap_end__ = .
                0x20007000                __StackTop = (ORIGIN (m_data_2) + LENGTH (m_data_2))
                0x20006c00                __StackLimit = (__StackTop - STACK_SIZE)
                0x20007000                PROVIDE (__stack = __StackTop)
                0x20007000                __RAM_END = __StackTop

.stack          0x20006c00      0x400
                0x20006c00                . = ALIGN (0x8)
                0x20006c00                __stack_start__ = .
                0x20007000                . = (. + STACK_SIZE)
 *fill*         0x20006c00      0x400 
                0x20007000                __stack_end__ = .
                0x20000000                __START_BSS = __BSS_START
                0x200000b4                __END_BSS = __BSS_END
                0x20007000                __SP_INIT = __StackTop

.ARM.attributes
                0x00000000       0x30
 *(.ARM.attributes)
 .ARM.attributes
                0x00000000       0x22 d:/nxp/s32ds.3.4/s32ds/build_tools/gcc_b1620/gcc-6.3-arm32-eabi/bin/../lib/gcc/arm-none-eabi/6.3.1/thumb/v7e-m/fpv4-sp/hard/crti.o
 .ARM.attributes
                0x00000022       0x34 d:/nxp/s32ds.3.4/s32ds/build_tools/gcc_b1620/gcc-6.3-arm32-eabi/bin/../lib/gcc/arm-none-eabi/6.3.1/thumb/v7e-m/fpv4-sp/hard/crtbegin.o
 .ARM.attributes
                0x00000056       0x20 D:/NXP/S32DS.3.4/S32DS/build_tools/gcc_b1620/gcc-6.3-arm32-eabi/arm-none-eabi/newlib/lib/thumb/v7e-m/fpv4-sp/hard/crt0.o
 .ARM.attributes
                0x00000076       0x39 ./boot.o
 .ARM.attributes
                0x000000af       0x39 ./led.o
 .ARM.attributes
                0x000000e8       0x39 ./main.o
 .ARM.attributes
                0x00000121       0x39 ./timer.o
 .ARM.attributes
                0x0000015a       0x39 ./lib/system_S32K144.o
 .ARM.attributes
                0x00000193       0x39 ./startup/startup.o
 .ARM.attributes
                0x000001cc       0x1f ./startup/startup_S32K144.o
 .ARM.attributes
                0x000001eb       0x34 D:/NXP/S32DS.3.4/S32DS/build_tools/gcc_b1620/gcc-6.3-arm32-eabi/arm-none-eabi/newlib/lib/thumb/v7e-m/fpv4-sp/hard\libc_nano.a(lib_a-exit.o)
 .ARM.attributes
                0x0000021f       0x34 D:/NXP/S32DS.3.4/S32DS/build_tools/gcc_b1620/gcc-6.3-arm32-eabi/arm-none-eabi/newlib/lib/thumb/v7e-m/fpv4-sp/hard\libc_nano.a(lib_a-impure.o)
 .ARM.attributes
                0x00000253       0x34 D:/NXP/S32DS.3.4/S32DS/build_tools/gcc_b1620/gcc-6.3-arm32-eabi/arm-none-eabi/newlib/lib/thumb/v7e-m/fpv4-sp/hard\libc_nano.a(lib_a-init.o)
 .ARM.attributes
                0x00000287       0x34 D:/NXP/S32DS.3.4/S32DS/build_tools/gcc_b1620/gcc-6.3-arm32-eabi/arm-none-eabi/newlib/lib/thumb/v7e-m/fpv4-sp/hard\libc_nano.a(lib_a-memset.o)
 .ARM.attributes
                0x000002bb       0x34 D:/NXP/S32DS.3.4/S32DS/build_tools/gcc_b1620/gcc-6.3-arm32-eabi/arm-none-eabi/newlib/lib/thumb/v7e-m/fpv4-sp/hard\libnosys.a(_exit.o)
 .ARM.attributes
                0x000002ef       0x34 d:/nxp/s32ds.3.4/s32ds/build_tools/gcc_b1620/gcc-6.3-arm32-eabi/bin/../lib/gcc/arm-none-eabi/6.3.1/thumb/v7e-m/fpv4-sp/hard/crtend.o
 .ARM.attributes
                0x00000323       0x22 d:/nxp/s32ds.3.4/s32ds/build_tools/gcc_b1620/gcc-6.3-arm32-eabi/bin/../lib/gcc/arm-none-eabi/6.3.1/thumb/v7e-m/fpv4-sp/hard/crtn.o
                0x00000001                ASSERT ((__StackLimit >= __HeapLimit), region m_data_2 overflowed with stack and heap)
OUTPUT(demoprog_s32k144.elf elf32-littlearm)

.comment        0x00000000       0x7e
 .comment       0x00000000       0x7e d:/nxp/s32ds.3.4/s32ds/build_tools/gcc_b1620/gcc-6.3-arm32-eabi/bin/../lib/gcc/arm-none-eabi/6.3.1/thumb/v7e-m/fpv4-sp/hard/crtbegin.o
                                 0x7f (size before relaxing)
 .comment       0x0000007e       0x7f ./boot.o
 .comment       0x0000007e       0x7f ./led.o
 .comment       0x0000007e       0x7f ./main.o
 .comment       0x0000007e       0x7f ./timer.o
 .comment       0x0000007e       0x7f ./lib/system_S32K144.o
 .comment       0x0000007e       0x7f ./startup/startup.o
 .comment       0x0000007e       0x7f d:/nxp/s32ds.3.4/s32ds/build_tools/gcc_b1620/gcc-6.3-arm32-eabi/bin/../lib/gcc/arm-none-eabi/6.3.1/thumb/v7e-m/fpv4-sp/hard/crtend.o

.debug_info     0x00000000     0x1c7a
 .debug_info    0x00000000      0xca9 ./boot.o
 .debug_info    0x00000ca9      0x26d ./led.o
 .debug_info    0x00000f16      0x434 ./main.o
 .debug_info    0x0000134a      0x134 ./timer.o
 .debug_info    0x0000147e      0x525 ./lib/system_S32K144.o
 .debug_info    0x000019a3      0x2b1 ./startup/startup.o
 .debug_info    0x00001c54       0x26 ./startup/startup_S32K144.o

.debug_abbrev   0x00000000      0x7c7
 .debug_abbrev  0x00000000      0x29b ./boot.o
 .debug_abbrev  0x0000029b      0x100 ./led.o
 .debug_abbrev  0x0000039b      0x120 ./main.o
 .debug_abbrev  0x000004bb       0xd2 ./timer.o
 .debug_abbrev  0x0000058d      0x143 ./lib/system_S32K144.o
 .debug_abbrev  0x000006d0       0xe3 ./startup/startup.o
 .debug_abbrev  0x000007b3       0x14 ./startup/startup_S32K144.o

.debug_loc      0x00000000      0x5c0
 .debug_loc     0x00000000      0x3e9 ./boot.o
 .debug_loc     0x000003e9       0xeb ./lib/system_S32K144.o
 .debug_loc     0x000004d4       0xec ./startup/startup.o

.debug_aranges  0x00000000      0x128
 .debug_aranges
                0x00000000       0x40 ./boot.o
 .debug_aranges
                0x00000040       0x28 ./led.o
 .debug_aranges
                0x00000068       0x20 ./main.o
 .debug_aranges
                0x00000088       0x30 ./timer.o
 .debug_aranges
                0x000000b8       0x30 ./lib/system_S32K144.o
 .debug_aranges
                0x000000e8       0x20 ./startup/startup.o
 .debug_aranges
                0x00000108       0x20 ./startup/startup_S32K144.o

.debug_ranges   0x00000000      0x118
 .debug_ranges  0x00000000       0xa0 ./boot.o
 .debug_ranges  0x000000a0       0x18 ./led.o
 .debug_ranges  0x000000b8       0x10 ./main.o
 .debug_ranges  0x000000c8       0x20 ./timer.o
 .debug_ranges  0x000000e8       0x20 ./lib/system_S32K144.o
 .debug_ranges  0x00000108       0x10 ./startup/startup.o

.debug_macro    0x00000000    0x1f9a7
 .debug_macro   0x00000000      0x11b ./boot.o
 .debug_macro   0x0000011b      0x8ce ./boot.o
 .debug_macro   0x000009e9       0x93 ./boot.o
 .debug_macro   0x00000a7c       0x10 ./boot.o
 .debug_macro   0x00000a8c       0x80 ./boot.o
 .debug_macro   0x00000b0c       0x19 ./boot.o
 .debug_macro   0x00000b25       0x22 ./boot.o
 .debug_macro   0x00000b47       0x56 ./boot.o
 .debug_macro   0x00000b9d       0x51 ./boot.o
 .debug_macro   0x00000bee       0xef ./boot.o
 .debug_macro   0x00000cdd       0x6a ./boot.o
 .debug_macro   0x00000d47      0x1df ./boot.o
 .debug_macro   0x00000f26     0xed1d ./boot.o
 .debug_macro   0x0000fc43      0xb86 ./boot.o
 .debug_macro   0x000107c9       0x22 ./boot.o
 .debug_macro   0x000107eb       0x28 ./boot.o
 .debug_macro   0x00010813       0xec ./led.o
 .debug_macro   0x000108ff       0xe6 ./main.o
 .debug_macro   0x000109e5       0xe6 ./timer.o
 .debug_macro   0x00010acb       0xb5 ./lib/system_S32K144.o
 .debug_macro   0x00010b80       0xb5 ./startup/startup.o
 .debug_macro   0x00010c35     0xed32 ./startup/startup.o
 .debug_macro   0x0001f967       0x40 ./startup/startup.o

.debug_line     0x00000000     0x147d
 .debug_line    0x00000000      0x432 ./boot.o
 .debug_line    0x00000432      0x340 ./led.o
 .debug_line    0x00000772      0x356 ./main.o
 .debug_line    0x00000ac8      0x34a ./timer.o
 .debug_line    0x00000e12      0x2e0 ./lib/system_S32K144.o
 .debug_line    0x000010f2      0x310 ./startup/startup.o
 .debug_line    0x00001402       0x7b ./startup/startup_S32K144.o

.debug_str      0x00000000    0x6932d
 .debug_str     0x00000000    0x68d64 ./boot.o
                              0x68ee1 (size before relaxing)
 .debug_str     0x00068d64       0xc9 ./led.o
                              0x68a03 (size before relaxing)
 .debug_str     0x00068e2d       0x41 ./main.o
                              0x68aa7 (size before relaxing)
 .debug_str     0x00068e6e       0x46 ./timer.o
                              0x68962 (size before relaxing)
 .debug_str     0x00068eb4       0xf6 ./lib/system_S32K144.o
                              0x6883b (size before relaxing)
 .debug_str     0x00068faa      0x35a ./startup/startup.o
                              0x689c1 (size before relaxing)
 .debug_str     0x00069304       0x29 ./startup/startup_S32K144.o
                                 0x70 (size before relaxing)

.debug_frame    0x00000000      0x244
 .debug_frame   0x00000000       0xa4 ./boot.o
 .debug_frame   0x000000a4       0x38 ./led.o
 .debug_frame   0x000000dc       0x28 ./main.o
 .debug_frame   0x00000104       0x40 ./timer.o
 .debug_frame   0x00000144       0x40 ./lib/system_S32K144.o
 .debug_frame   0x00000184       0x2c ./startup/startup.o
 .debug_frame   0x000001b0       0x28 D:/NXP/S32DS.3.4/S32DS/build_tools/gcc_b1620/gcc-6.3-arm32-eabi/arm-none-eabi/newlib/lib/thumb/v7e-m/fpv4-sp/hard\libc_nano.a(lib_a-exit.o)
 .debug_frame   0x000001d8       0x2c D:/NXP/S32DS.3.4/S32DS/build_tools/gcc_b1620/gcc-6.3-arm32-eabi/arm-none-eabi/newlib/lib/thumb/v7e-m/fpv4-sp/hard\libc_nano.a(lib_a-init.o)
 .debug_frame   0x00000204       0x20 D:/NXP/S32DS.3.4/S32DS/build_tools/gcc_b1620/gcc-6.3-arm32-eabi/arm-none-eabi/newlib/lib/thumb/v7e-m/fpv4-sp/hard\libc_nano.a(lib_a-memset.o)
 .debug_frame   0x00000224       0x20 D:/NXP/S32DS.3.4/S32DS/build_tools/gcc_b1620/gcc-6.3-arm32-eabi/arm-none-eabi/newlib/lib/thumb/v7e-m/fpv4-sp/hard\libnosys.a(_exit.o)
