
Discarded input sections

 .group         0x00000000        0xc ./Project_Settings/Startup_Code/exceptions.o
 .group         0x00000000        0xc ./Project_Settings/Startup_Code/exceptions.o
 .group         0x00000000        0xc ./Project_Settings/Startup_Code/exceptions.o
 .group         0x00000000        0xc ./Project_Settings/Startup_Code/exceptions.o
 .group         0x00000000        0xc ./Project_Settings/Startup_Code/exceptions.o
 .group         0x00000000        0xc ./Project_Settings/Startup_Code/exceptions.o
 .group         0x00000000        0xc ./Project_Settings/Startup_Code/exceptions.o
 .group         0x00000000        0xc ./Project_Settings/Startup_Code/exceptions.o
 .group         0x00000000        0xc ./Project_Settings/Startup_Code/exceptions.o
 .group         0x00000000        0xc ./Project_Settings/Startup_Code/exceptions.o
 .group         0x00000000        0xc ./Project_Settings/Startup_Code/exceptions.o
 .group         0x00000000        0xc ./Project_Settings/Startup_Code/exceptions.o
 .group         0x00000000        0xc ./Project_Settings/Startup_Code/exceptions.o
 .group         0x00000000        0xc ./Project_Settings/Startup_Code/exceptions.o
 .group         0x00000000        0xc ./Project_Settings/Startup_Code/exceptions.o
 .group         0x00000000        0xc ./Project_Settings/Startup_Code/exceptions.o
 .group         0x00000000        0xc ./Project_Settings/Startup_Code/exceptions.o
 .group         0x00000000        0xc ./Project_Settings/Startup_Code/exceptions.o
 .group         0x00000000        0xc ./Project_Settings/Startup_Code/exceptions.o
 .group         0x00000000        0xc ./Project_Settings/Startup_Code/exceptions.o
 .group         0x00000000        0xc ./Project_Settings/Startup_Code/exceptions.o
 .group         0x00000000        0xc ./Project_Settings/Startup_Code/exceptions.o
 .group         0x00000000        0xc ./Project_Settings/Startup_Code/exceptions.o
 .group         0x00000000        0xc ./Project_Settings/Startup_Code/nvic.o
 .group         0x00000000        0xc ./Project_Settings/Startup_Code/nvic.o
 .group         0x00000000        0xc ./Project_Settings/Startup_Code/nvic.o
 .group         0x00000000        0xc ./Project_Settings/Startup_Code/nvic.o
 .group         0x00000000        0xc ./Project_Settings/Startup_Code/nvic.o
 .group         0x00000000        0xc ./Project_Settings/Startup_Code/nvic.o
 .group         0x00000000        0xc ./Project_Settings/Startup_Code/nvic.o
 .group         0x00000000        0xc ./Project_Settings/Startup_Code/nvic.o
 .group         0x00000000        0xc ./Project_Settings/Startup_Code/nvic.o
 .group         0x00000000        0xc ./Project_Settings/Startup_Code/nvic.o
 .group         0x00000000        0xc ./Project_Settings/Startup_Code/nvic.o
 .group         0x00000000        0xc ./Project_Settings/Startup_Code/nvic.o
 .group         0x00000000        0xc ./Project_Settings/Startup_Code/nvic.o
 .group         0x00000000        0xc ./Project_Settings/Startup_Code/nvic.o
 .group         0x00000000        0xc ./Project_Settings/Startup_Code/nvic.o
 .group         0x00000000        0xc ./Project_Settings/Startup_Code/nvic.o
 .group         0x00000000        0xc ./Project_Settings/Startup_Code/nvic.o
 .group         0x00000000        0xc ./Project_Settings/Startup_Code/nvic.o
 .group         0x00000000        0xc ./Project_Settings/Startup_Code/nvic.o
 .group         0x00000000        0xc ./Project_Settings/Startup_Code/nvic.o
 .group         0x00000000        0xc ./Project_Settings/Startup_Code/nvic.o
 .group         0x00000000        0xc ./Project_Settings/Startup_Code/nvic.o
 .group         0x00000000        0xc ./Project_Settings/Startup_Code/nvic.o
 .group         0x00000000        0xc ./Project_Settings/Startup_Code/nvic.o
 .group         0x00000000        0xc ./Project_Settings/Startup_Code/nvic.o
 .group         0x00000000        0xc ./Project_Settings/Startup_Code/nvic.o
 .group         0x00000000        0xc ./Project_Settings/Startup_Code/nvic.o
 .group         0x00000000        0xc ./Project_Settings/Startup_Code/nvic.o
 .group         0x00000000        0xc ./Project_Settings/Startup_Code/nvic.o
 .group         0x00000000        0xc ./Project_Settings/Startup_Code/nvic.o
 .group         0x00000000        0xc ./Project_Settings/Startup_Code/nvic.o
 .group         0x00000000        0xc ./Project_Settings/Startup_Code/nvic.o
 .group         0x00000000        0xc ./Project_Settings/Startup_Code/nvic.o
 .group         0x00000000        0xc ./Project_Settings/Startup_Code/nvic.o
 .group         0x00000000        0xc ./Project_Settings/Startup_Code/nvic.o
 .group         0x00000000        0xc ./Project_Settings/Startup_Code/nvic.o
 .group         0x00000000        0xc ./Project_Settings/Startup_Code/nvic.o
 .group         0x00000000        0xc ./Project_Settings/Startup_Code/nvic.o
 .group         0x00000000        0xc ./Project_Settings/Startup_Code/nvic.o
[...]
Memory Configuration

Name             Origin             Length             Attributes
int_flash_interrupts 0x00000000         0x00000400
int_flash_config 0x00000400         0x00000010
int_flash        0x00000410         0x0007fbf0
int_sram_results 0x1fff8000         0x00000100
int_sram         0x1fff8100         0x0000df00
int_sram_stack_c0 0x20006000         0x00001000
ram_rsvd2        0x20007000         0x00000000
*default*        0x00000000         0xffffffff

Linker script and memory map

LOAD ./Project_Settings/Startup_Code/Vector_Table.o
LOAD ./Project_Settings/Startup_Code/exceptions.o
LOAD ./Project_Settings/Startup_Code/nvic.o
LOAD ./Project_Settings/Startup_Code/startup.o
LOAD ./Project_Settings/Startup_Code/startup_cm4.o
LOAD ./Project_Settings/Startup_Code/system.o
LOAD ./RTD/src/Adc_Ip.o
LOAD ./RTD/src/Adc_Ip_Isr.o
LOAD ./RTD/src/Clock_Ip.o
LOAD ./RTD/src/Clock_Ip_Data.o
LOAD ./RTD/src/Clock_Ip_Divider.o
LOAD ./RTD/src/Clock_Ip_DividerTrigger.o
LOAD ./RTD/src/Clock_Ip_ExtOsc.o
LOAD ./RTD/src/Clock_Ip_FracDiv.o
LOAD ./RTD/src/Clock_Ip_Frequency.o
LOAD ./RTD/src/Clock_Ip_Gate.o
LOAD ./RTD/src/Clock_Ip_IntOsc.o
LOAD ./RTD/src/Clock_Ip_Irq.o
LOAD ./RTD/src/Clock_Ip_Monitor.o
LOAD ./RTD/src/Clock_Ip_Pll.o
LOAD ./RTD/src/Clock_Ip_ProgFreqSwitch.o
LOAD ./RTD/src/Clock_Ip_Selector.o
LOAD ./RTD/src/Clock_Ip_Specific.o
LOAD ./RTD/src/Det.o
LOAD ./RTD/src/Det_stub.o
LOAD ./RTD/src/Dio.o
LOAD ./RTD/src/Dio_Ipw.o
LOAD ./RTD/src/Gpio_Dio_Ip.o
LOAD ./RTD/src/IntCtrl_Ip.o
LOAD ./RTD/src/OsIf_Timer.o
LOAD ./RTD/src/OsIf_Timer_System.o
LOAD ./RTD/src/Port.o
LOAD ./RTD/src/Port_Ci_Port_Ip.o
LOAD ./RTD/src/Port_Ipw.o
LOAD ./RTD/src/SchM_Adc.o
LOAD ./RTD/src/SchM_Dio.o
LOAD ./RTD/src/SchM_Mcu.o
LOAD ./RTD/src/SchM_Port.o
LOAD ./board/Clock_Ip_Cfg.o
LOAD ./board/Clock_Ip_PBcfg.o
LOAD ./board/Port_Ci_Port_Ip_Cfg.o
LOAD ./generate/src/Adc_Ip_BOARD_InitPeripherals_PBcfg.o
LOAD ./generate/src/Dio_Cfg.o
LOAD ./generate/src/IntCtrl_Ip_Cfg.o
LOAD ./generate/src/OsIf_Cfg.o
LOAD ./generate/src/Port_BOARD_InitPeripherals_PBcfg.o
LOAD ./generate/src/Port_Cfg.o
LOAD ./generate/src/Port_Ci_Port_Ip_BOARD_InitPeripherals_PBcfg.o
LOAD ./src/example1.o
LOAD D:/NXP/S32DS.3.4/S32DS/build_tools/gcc_v9.2/gcc-9.2-arm32-eabi/arm-none-eabi/newlib/lib/thumb/v7e-m+fp/hard\libc_nano.a
LOAD D:/NXP/S32DS.3.4/S32DS/build_tools/gcc_v9.2/gcc-9.2-arm32-eabi/arm-none-eabi/newlib/lib/thumb/v7e-m+fp/hard\libm.a
LOAD d:/nxp/s32ds.3.4/s32ds/build_tools/gcc_v9.2/gcc-9.2-arm32-eabi/bin/../lib/gcc/arm-none-eabi/9.2.0/thumb/v7e-m+fp/hard\libgcc.a
START GROUP
LOAD d:/nxp/s32ds.3.4/s32ds/build_tools/gcc_v9.2/gcc-9.2-arm32-eabi/bin/../lib/gcc/arm-none-eabi/9.2.0/thumb/v7e-m+fp/hard\libgcc.a
LOAD D:/NXP/S32DS.3.4/S32DS/build_tools/gcc_v9.2/gcc-9.2-arm32-eabi/arm-none-eabi/newlib/lib/thumb/v7e-m+fp/hard\libg_nano.a
LOAD D:/NXP/S32DS.3.4/S32DS/build_tools/gcc_v9.2/gcc-9.2-arm32-eabi/arm-none-eabi/newlib/lib/thumb/v7e-m+fp/hard\libc_nano.a
END GROUP
START GROUP
LOAD d:/nxp/s32ds.3.4/s32ds/build_tools/gcc_v9.2/gcc-9.2-arm32-eabi/bin/../lib/gcc/arm-none-eabi/9.2.0/thumb/v7e-m+fp/hard\libgcc.a
LOAD D:/NXP/S32DS.3.4/S32DS/build_tools/gcc_v9.2/gcc-9.2-arm32-eabi/arm-none-eabi/newlib/lib/thumb/v7e-m+fp/hard\libc_nano.a
LOAD D:/NXP/S32DS.3.4/S32DS/build_tools/gcc_v9.2/gcc-9.2-arm32-eabi/arm-none-eabi/newlib/lib/thumb/v7e-m+fp/hard\libnosys.a
END GROUP
START GROUP
LOAD d:/nxp/s32ds.3.4/s32ds/build_tools/gcc_v9.2/gcc-9.2-arm32-eabi/bin/../lib/gcc/arm-none-eabi/9.2.0/thumb/v7e-m+fp/hard\libgcc.a
LOAD D:/NXP/S32DS.3.4/S32DS/build_tools/gcc_v9.2/gcc-9.2-arm32-eabi/arm-none-eabi/newlib/lib/thumb/v7e-m+fp/hard\libc_nano.a
LOAD D:/NXP/S32DS.3.4/S32DS/build_tools/gcc_v9.2/gcc-9.2-arm32-eabi/arm-none-eabi/newlib/lib/thumb/v7e-m+fp/hard\libnosys.a
END GROUP
                0x00000200                HEAP_SIZE = DEFINED (__heap_size__)?__heap_size__:0x200

.flash_interrupts
                0x00000000      0x310
                0x00000000                . = ALIGN (0x1000)
                0x00000000                __interrupts_rom_start = .
 *(.intc_vector)
 .intc_vector   0x00000000      0x310 ./Project_Settings/Startup_Code/Vector_Table.o
                0x00000000                VTABLE
                0x00000310                . = ALIGN (0x4)
                0x00000310                __interrupts_rom_end = .

.flash_config   0x00000400       0x10
 *(.flash_config)
 .flash_config  0x00000400       0x10 ./Project_Settings/Startup_Code/startup_cm4.o

.flash          0x00000410     0xb214
                0x00000410                . = ALIGN (0x4)
 *(.startup)
 .startup       0x00000410       0xb8 ./Project_Settings/Startup_Code/startup_cm4.o
                0x00000410                Reset_Handler
                0x00000410                _start
                0x00000494                MCAL_LTB_TRACE_OFF
                0x00000496                _end_of_eunit_test
                0x000004c8                . = ALIGN (0x4)
 *(.systeminit)
 .systeminit    0x000004c8        0x2 ./Project_Settings/Startup_Code/exceptions.o
                0x000004c8                NMI_Handler
 .systeminit    0x000004ca       0xda ./Project_Settings/Startup_Code/system.o
                0x000004ca                SystemInit
                0x000005a4                . = ALIGN (0x4)
 *(.text.startup)
                0x000005a4                . = ALIGN (0x4)
 *(.text)
 .text          0x000005a4        0x0 ./Project_Settings/Startup_Code/Vector_Table.o
 .text          0x000005a4       0x12 ./Project_Settings/Startup_Code/exceptions.o
                0x000005a4                HardFault_Handler
                0x000005a6                MemManage_Handler
                0x000005a8                BusFault_Handler
                0x000005aa                UsageFault_Handler
                0x000005ac                SVC_Handler
                0x000005ae                DebugMon_Handler
                0x000005b0                PendSV_Handler
                0x000005b2                SysTick_Handler
                0x000005b4                undefined_handler
 *fill*         0x000005b6        0x2 
 .text          0x000005b8       0xc4 ./Project_Settings/Startup_Code/nvic.o
                0x000005b8                NVIC_SetPriorityGrouping
                0x000005da                NVIC_EnableIRQ
                0x0000060c                NVIC_DisableIRQ
                0x00000640                NVIC_SetPriority
 .text          0x0000067c      0x12c ./Project_Settings/Startup_Code/startup.o
                0x0000067c                init_data_bss
 .text          0x000007a8        0x0 ./Project_Settings/Startup_Code/startup_cm4.o
 .text          0x000007a8       0x68 ./Project_Settings/Startup_Code/system.o
                0x00000804                startup_go_to_user_mode
                0x00000808                default_interrupt_routine
                0x0000080a                Sys_GetCoreID
 .text          0x00000810        0x0 ./RTD/src/Adc_Ip.o
 .text          0x00000810        0x0 ./RTD/src/Adc_Ip_Isr.o
 .text          0x00000810        0x0 ./RTD/src/Clock_Ip.o
 .text          0x00000810        0x0 ./RTD/src/Clock_Ip_Data.o
 .text          0x00000810        0x0 ./RTD/src/Clock_Ip_Divider.o
 .text          0x00000810        0x0 ./RTD/src/Clock_Ip_DividerTrigger.o
 .text          0x00000810        0x0 ./RTD/src/Clock_Ip_ExtOsc.o
 .text          0x00000810        0x0 ./RTD/src/Clock_Ip_FracDiv.o
 .text          0x00000810        0x0 ./RTD/src/Clock_Ip_Frequency.o
 .text          0x00000810        0x0 ./RTD/src/Clock_Ip_Gate.o
 .text          0x00000810        0x0 ./RTD/src/Clock_Ip_IntOsc.o
 .text          0x00000810        0x0 ./RTD/src/Clock_Ip_Irq.o
 .text          0x00000810        0x0 ./RTD/src/Clock_Ip_Monitor.o
 .text          0x00000810        0x0 ./RTD/src/Clock_Ip_Pll.o
 .text          0x00000810        0x0 ./RTD/src/Clock_Ip_ProgFreqSwitch.o
 .text          0x00000810        0x0 ./RTD/src/Clock_Ip_Selector.o
 .text          0x00000810        0x0 ./RTD/src/Clock_Ip_Specific.o
 .text          0x00000810        0x0 ./RTD/src/Det.o
 .text          0x00000810        0x0 ./RTD/src/Det_stub.o
 .text          0x00000810        0x0 ./RTD/src/Dio.o
 .text          0x00000810        0x0 ./RTD/src/Dio_Ipw.o
 .text          0x00000810        0x0 ./RTD/src/Gpio_Dio_Ip.o
 .text          0x00000810       0x1a ./RTD/src/IntCtrl_Ip.o
 .text          0x0000082a       0x1a ./RTD/src/OsIf_Timer.o
 .text          0x00000844        0x0 ./RTD/src/OsIf_Timer_System.o
 .text          0x00000844        0x0 ./RTD/src/Port.o
 .text          0x00000844        0x0 ./RTD/src/Port_Ci_Port_Ip.o
 .text          0x00000844        0x0 ./RTD/src/Port_Ipw.o
 .text          0x00000844       0x12 ./RTD/src/SchM_Adc.o
                0x00000844                Adc_schm_read_msr
 .text          0x00000856       0x12 ./RTD/src/SchM_Dio.o
                0x00000856                Dio_schm_read_msr
 .text          0x00000868       0x12 ./RTD/src/SchM_Mcu.o
                0x00000868                Mcu_schm_read_msr
 .text          0x0000087a       0x12 ./RTD/src/SchM_Port.o
                0x0000087a                Port_schm_read_msr
 .text          0x0000088c        0x0 ./board/Clock_Ip_Cfg.o
 .text          0x0000088c        0x0 ./board/Clock_Ip_PBcfg.o
 .text          0x0000088c        0x0 ./board/Port_Ci_Port_Ip_Cfg.o
 .text          0x0000088c        0x0 ./generate/src/Adc_Ip_BOARD_InitPeripherals_PBcfg.o
 .text          0x0000088c        0x0 ./generate/src/Dio_Cfg.o
 .text          0x0000088c        0x0 ./generate/src/IntCtrl_Ip_Cfg.o
 .text          0x0000088c        0x0 ./generate/src/OsIf_Cfg.o
 .text          0x0000088c        0x0 ./generate/src/Port_BOARD_InitPeripherals_PBcfg.o
 .text          0x0000088c        0x0 ./generate/src/Port_Cfg.o
 .text          0x0000088c        0x0 ./generate/src/Port_Ci_Port_Ip_BOARD_InitPeripherals_PBcfg.o
 .text          0x0000088c       0xd8 ./src/example1.o
                0x0000088c                TestDelay
                0x000008b8                main
 *(.text*)
                0x00000964                . = ALIGN (0x4)
 *(.mcal_text)
 .mcal_text     0x00000964      0xef8 ./RTD/src/Adc_Ip.o
                0x00000cba                Adc_Ip_Init
                0x00000e68                Adc_Ip_DeInit
                0x00000f64                Adc_Ip_SetAveraging
                0x00000fa0                Adc_Ip_SetSampleTime
                0x00000fd8                Adc_Ip_EnableDma
                0x0000100c                Adc_Ip_DisableDma
                0x00001040                Adc_Ip_SetTriggerMode
                0x00001070                Adc_Ip_SetContinuousMode
                0x000010c8                Adc_Ip_SetResolution
                0x00001110                Adc_Ip_SetClockMode
                0x00001174                Adc_Ip_ConfigChannel
                0x000011d4                Adc_Ip_SetDisabledChannel
                0x00001280                Adc_Ip_StartConversion
                0x000012bc                Adc_Ip_GetConvActiveFlag
                0x000012f4                Adc_Ip_GetChanInterrupt
                0x0000132c                Adc_Ip_GetConvCompleteFlag
                0x00001364                Adc_Ip_GetConvData
                0x00001394                Adc_Ip_DoCalibration
                0x0000150c                Adc_Ip_ClearLatchedTriggers
                0x00001594                Adc_Ip_EnableChannelNotification
                0x000015d8                Adc_Ip_DisableChannelNotification
                0x0000161c                Adc_Ip_ClearTrigErrReg
                0x00001650                Adc_Ip_GetTrigErrReg
                0x00001674                Adc_Ip_GetDataAddress
                0x0000169c                Adc_Ip_GetChanData
                0x00001744                Adc_Ip_IRQHandler
 .mcal_text     0x0000185c       0x20 ./RTD/src/Adc_Ip_Isr.o
                0x0000185c                Adc_0_Isr
                0x0000186c                Adc_1_Isr
 .mcal_text     0x0000187c      0xdcc ./RTD/src/Clock_Ip.o
                0x0000187c                Clock_Ip_Init
                0x000018bc                Clock_Ip_InitClock
                0x00001f58                Clock_Ip_GetPllStatus
                0x00001fe0                Clock_Ip_DistributePll
                0x00002168                Clock_Ip_DisableClockMonitor
                0x000021b0                Clock_Ip_GetClockMonitorStatus
                0x000021fc                Clock_Ip_ClearClockMonitorStatus
                0x00002244                Clock_Ip_PowerModeChangeNotification
                0x00002278                Clock_Ip_InstallNotificationsCallback
                0x0000228c                Clock_Ip_DisableModuleClock
                0x000022d0                Clock_Ip_EnableModuleClock
                0x00002320                ReportClockErrors
                0x00002340                ClockStartTimeout
                0x00002374                ClockTimeoutExpired
 .mcal_text     0x00002648      0x4b0 ./RTD/src/Clock_Ip_Divider.o
 .mcal_text     0x00002af8        0xa ./RTD/src/Clock_Ip_DividerTrigger.o
 *fill*         0x00002b02        0x2 
 .mcal_text     0x00002b04      0x268 ./RTD/src/Clock_Ip_ExtOsc.o
 .mcal_text     0x00002d6c       0x16 ./RTD/src/Clock_Ip_FracDiv.o
 *fill*         0x00002d82        0x2 
 .mcal_text     0x00002d84      0x34c ./RTD/src/Clock_Ip_Gate.o
 .mcal_text     0x000030d0      0x720 ./RTD/src/Clock_Ip_IntOsc.o
 .mcal_text     0x000037f0       0x2a ./RTD/src/Clock_Ip_Monitor.o
 *fill*         0x0000381a        0x2 
 .mcal_text     0x0000381c      0x224 ./RTD/src/Clock_Ip_Pll.o
 .mcal_text     0x00003a40        0xa ./RTD/src/Clock_Ip_ProgFreqSwitch.o
 *fill*         0x00003a4a        0x2 
 .mcal_text     0x00003a4c      0x6c4 ./RTD/src/Clock_Ip_Selector.o
 .mcal_text     0x00004110      0xdac ./RTD/src/Clock_Ip_Specific.o
                0x00004110                SpecificPeripheralClockInitialization
                0x0000411a                DisableSafeClock
                0x000042f0                SpecificPlatformInitClock
                0x00004a98                ClockInitializeObjects
                0x00004c90                ClockPowerModeChangeNotification
 .mcal_text     0x00004ebc      0x164 ./RTD/src/Det.o
                0x00004ebc                Det_Init
                0x00004ec0                Det_ReportError
                0x00004f34                Det_ReportRuntimeError
                0x00004fa8                Det_ReportTransientFault
                0x0000501c                Det_Start
 .mcal_text     0x00005020      0x468 ./RTD/src/Det_stub.o
                0x00005020                Det_TestLastReportError
                0x000050ec                Det_TestLastReportRuntimeError
                0x000051b8                Det_TestLastReportTransientFault
                0x00005284                Det_TestNoError
                0x00005330                Det_TestNoRuntimeError
                0x000053dc                Det_TestNoTransientFault
 .mcal_text     0x00005488       0xce ./RTD/src/Dio.o
                0x00005488                Dio_ReadChannel
                0x000054b4                Dio_WriteChannel
                0x000054de                Dio_ReadPort
                0x00005502                Dio_WritePort
                0x00005522                Dio_ReadChannelGroup
                0x0000553e                Dio_WriteChannelGroup
 *fill*         0x00005556        0x2 
 .mcal_text     0x00005558      0x18c ./RTD/src/Dio_Ipw.o
                0x00005558                Dio_Ipw_ReadChannel
                0x000055a4                Dio_Ipw_WriteChannel
                0x000055f0                Dio_Ipw_ReadPort
                0x00005620                Dio_Ipw_WritePort
                0x00005650                Dio_Ipw_ReadChannelGroup
                0x00005690                Dio_Ipw_WriteChannelGroup
 .mcal_text     0x000056e4       0xec ./RTD/src/Gpio_Dio_Ip.o
                0x000056e4                Gpio_Dio_Ip_WritePin
                0x0000572e                Gpio_Dio_Ip_WritePins
                0x00005740                Gpio_Dio_Ip_GetPinsOutput
                0x00005756                Gpio_Dio_Ip_SetPins
                0x00005768                Gpio_Dio_Ip_ClearPins
                0x0000577a                Gpio_Dio_Ip_TogglePins
                0x0000578c                Gpio_Dio_Ip_ReadPins
                0x000057a2                Gpio_Dio_Ip_ReadPin
 .mcal_text     0x000057d0      0x51c ./RTD/src/IntCtrl_Ip.o
                0x00005b04                IntCtrl_Ip_Init
                0x00005ba4                IntCtrl_Ip_ConfigIrqRouting
                0x00005c1c                IntCtrl_Ip_InstallHandler
                0x00005c38                IntCtrl_Ip_EnableIrq
                0x00005c4c                IntCtrl_Ip_DisableIrq
                0x00005c60                IntCtrl_Ip_SetPriority
                0x00005c80                IntCtrl_Ip_GetPriority
                0x00005c96                IntCtrl_Ip_ClearPending
                0x00005caa                IntCtrl_Ip_SetPending
                0x00005cbe                IntCtrl_Ip_GetPending
                0x00005cd4                IntCtrl_Ip_GetActive
 .mcal_text     0x00005cec       0xd6 ./RTD/src/OsIf_Timer.o
                0x00005d14                OsIf_Init
                0x00005d2e                OsIf_GetCounter
                0x00005d52                OsIf_GetElapsed
                0x00005d7a                OsIf_SetTimerFrequency
                0x00005d9a                OsIf_MicrosToTicks
 *fill*         0x00005dc2        0x2 
 .mcal_text     0x00005dc4      0x284 ./RTD/src/Port.o
                0x00005dc4                Port_Init
                0x00005e28                Port_SetPinDirection
                0x00005ed0                Port_SetPinMode
                0x00005fb0                Port_RefreshPortDirection
                0x00006008                Port_GetVersionInfo
 .mcal_text     0x00006048      0x408 ./RTD/src/Port_Ci_Port_Ip.o
                0x000061b6                Port_Ci_Port_Ip_ReadPCR
                0x000061ca                Port_Ci_Port_Ip_SetPCR
                0x000061e2                Port_Ci_Port_Ip_SetPSOR
                0x000061f4                Port_Ci_Port_Ip_SetPCOR
                0x00006206                Port_Ci_Port_Ip_SetPDDR
                0x0000622a                Port_Ci_Port_Ip_ClearPDDR
                0x00006250                Port_Ci_Port_Ip_SetPIDR
                0x00006274                Port_Ci_Port_Ip_SetDFER
                0x0000629c                Port_Ci_Port_Ip_Init
                0x000062d8                Port_Ci_Port_Ip_SetMuxModeSel
                0x0000631c                Port_Ci_Port_Ip_EnableDigitalFilter
                0x0000634a                Port_Ci_Port_Ip_DisableDigitalFilter
                0x0000637a                Port_Ci_Port_Ip_ConfigDigitalFilter
                0x000063a2                Port_Ci_Port_Ip_SetGlobalPinControl
 .mcal_text     0x00006450      0x79c ./RTD/src/Port_Ipw.o
                0x00006618                Port_Ipw_Init
                0x000066dc                Port_Ipw_SetPinDirection
                0x00006800                Port_Ipw_SetPinMode
                0x00006950                Port_Ipw_SetGpioDirChangeability
                0x000069ec                Port_Ipw_SetGpioPadOutput
                0x00006a8c                Port_Ipw_RefreshPortDirection
 .mcal_text     0x00006bec     0x2970 ./RTD/src/SchM_Adc.o
                0x00006bec                SchM_Enter_Adc_ADC_EXCLUSIVE_AREA_00
                0x00006c44                SchM_Exit_Adc_ADC_EXCLUSIVE_AREA_00
                0x00006c88                SchM_Enter_Adc_ADC_EXCLUSIVE_AREA_01
                0x00006ce0                SchM_Exit_Adc_ADC_EXCLUSIVE_AREA_01
                0x00006d24                SchM_Enter_Adc_ADC_EXCLUSIVE_AREA_02
                0x00006d7c                SchM_Exit_Adc_ADC_EXCLUSIVE_AREA_02
                0x00006dc0                SchM_Enter_Adc_ADC_EXCLUSIVE_AREA_03
                0x00006e18                SchM_Exit_Adc_ADC_EXCLUSIVE_AREA_03
                0x00006e5c                SchM_Enter_Adc_ADC_EXCLUSIVE_AREA_04
                0x00006eb4                SchM_Exit_Adc_ADC_EXCLUSIVE_AREA_04
                0x00006ef8                SchM_Enter_Adc_ADC_EXCLUSIVE_AREA_05
                0x00006f50                SchM_Exit_Adc_ADC_EXCLUSIVE_AREA_05
                0x00006f94                SchM_Enter_Adc_ADC_EXCLUSIVE_AREA_06
                0x00006fec                SchM_Exit_Adc_ADC_EXCLUSIVE_AREA_06
                0x00007030                SchM_Enter_Adc_ADC_EXCLUSIVE_AREA_10
                0x00007088                SchM_Exit_Adc_ADC_EXCLUSIVE_AREA_10
                0x000070cc                SchM_Enter_Adc_ADC_EXCLUSIVE_AREA_11
                0x00007124                SchM_Exit_Adc_ADC_EXCLUSIVE_AREA_11
                0x00007168                SchM_Enter_Adc_ADC_EXCLUSIVE_AREA_12
                0x000071c0                SchM_Exit_Adc_ADC_EXCLUSIVE_AREA_12
                0x00007204                SchM_Enter_Adc_ADC_EXCLUSIVE_AREA_13
                0x0000725c                SchM_Exit_Adc_ADC_EXCLUSIVE_AREA_13
                0x000072a0                SchM_Enter_Adc_ADC_EXCLUSIVE_AREA_14
                0x000072f8                SchM_Exit_Adc_ADC_EXCLUSIVE_AREA_14
                0x0000733c                SchM_Enter_Adc_ADC_EXCLUSIVE_AREA_15
                0x00007394                SchM_Exit_Adc_ADC_EXCLUSIVE_AREA_15
                0x000073d8                SchM_Enter_Adc_ADC_EXCLUSIVE_AREA_16
                0x00007430                SchM_Exit_Adc_ADC_EXCLUSIVE_AREA_16
                0x00007474                SchM_Enter_Adc_ADC_EXCLUSIVE_AREA_17
                0x000074cc                SchM_Exit_Adc_ADC_EXCLUSIVE_AREA_17
                0x00007510                SchM_Enter_Adc_ADC_EXCLUSIVE_AREA_18
                0x00007568                SchM_Exit_Adc_ADC_EXCLUSIVE_AREA_18
                0x000075ac                SchM_Enter_Adc_ADC_EXCLUSIVE_AREA_19
                0x00007604                SchM_Exit_Adc_ADC_EXCLUSIVE_AREA_19
                0x00007648                SchM_Enter_Adc_ADC_EXCLUSIVE_AREA_20
                0x000076a0                SchM_Exit_Adc_ADC_EXCLUSIVE_AREA_20
                0x000076e4                SchM_Enter_Adc_ADC_EXCLUSIVE_AREA_21
                0x0000773c                SchM_Exit_Adc_ADC_EXCLUSIVE_AREA_21
                0x00007780                SchM_Enter_Adc_ADC_EXCLUSIVE_AREA_22
                0x000077d8                SchM_Exit_Adc_ADC_EXCLUSIVE_AREA_22
                0x0000781c                SchM_Enter_Adc_ADC_EXCLUSIVE_AREA_23
                0x00007874                SchM_Exit_Adc_ADC_EXCLUSIVE_AREA_23
                0x000078b8                SchM_Enter_Adc_ADC_EXCLUSIVE_AREA_24
                0x00007910                SchM_Exit_Adc_ADC_EXCLUSIVE_AREA_24
                0x00007954                SchM_Enter_Adc_ADC_EXCLUSIVE_AREA_25
                0x000079ac                SchM_Exit_Adc_ADC_EXCLUSIVE_AREA_25
                0x000079f0                SchM_Enter_Adc_ADC_EXCLUSIVE_AREA_26
                0x00007a48                SchM_Exit_Adc_ADC_EXCLUSIVE_AREA_26
                0x00007a8c                SchM_Enter_Adc_ADC_EXCLUSIVE_AREA_27
                0x00007ae4                SchM_Exit_Adc_ADC_EXCLUSIVE_AREA_27
                0x00007b28                SchM_Enter_Adc_ADC_EXCLUSIVE_AREA_28
                0x00007b80                SchM_Exit_Adc_ADC_EXCLUSIVE_AREA_28
                0x00007bc4                SchM_Enter_Adc_ADC_EXCLUSIVE_AREA_29
                0x00007c1c                SchM_Exit_Adc_ADC_EXCLUSIVE_AREA_29
                0x00007c60                SchM_Enter_Adc_ADC_EXCLUSIVE_AREA_30
                0x00007cb8                SchM_Exit_Adc_ADC_EXCLUSIVE_AREA_30
                0x00007cfc                SchM_Enter_Adc_ADC_EXCLUSIVE_AREA_31
                0x00007d54                SchM_Exit_Adc_ADC_EXCLUSIVE_AREA_31
                0x00007d98                SchM_Enter_Adc_ADC_EXCLUSIVE_AREA_32
                0x00007df0                SchM_Exit_Adc_ADC_EXCLUSIVE_AREA_32
                0x00007e34                SchM_Enter_Adc_ADC_EXCLUSIVE_AREA_33
                0x00007e8c                SchM_Exit_Adc_ADC_EXCLUSIVE_AREA_33
                0x00007ed0                SchM_Enter_Adc_ADC_EXCLUSIVE_AREA_34
                0x00007f28                SchM_Exit_Adc_ADC_EXCLUSIVE_AREA_34
                0x00007f6c                SchM_Enter_Adc_ADC_EXCLUSIVE_AREA_35
                0x00007fc4                SchM_Exit_Adc_ADC_EXCLUSIVE_AREA_35
                0x00008008                SchM_Enter_Adc_ADC_EXCLUSIVE_AREA_36
                0x00008060                SchM_Exit_Adc_ADC_EXCLUSIVE_AREA_36
                0x000080a4                SchM_Enter_Adc_ADC_EXCLUSIVE_AREA_37
                0x000080fc                SchM_Exit_Adc_ADC_EXCLUSIVE_AREA_37
                0x00008140                SchM_Enter_Adc_ADC_EXCLUSIVE_AREA_38
                0x00008198                SchM_Exit_Adc_ADC_EXCLUSIVE_AREA_38
                0x000081dc                SchM_Enter_Adc_ADC_EXCLUSIVE_AREA_39
                0x00008234                SchM_Exit_Adc_ADC_EXCLUSIVE_AREA_39
                0x00008278                SchM_Enter_Adc_ADC_EXCLUSIVE_AREA_40
                0x000082d0                SchM_Exit_Adc_ADC_EXCLUSIVE_AREA_40
                0x00008314                SchM_Enter_Adc_ADC_EXCLUSIVE_AREA_41
                0x0000836c                SchM_Exit_Adc_ADC_EXCLUSIVE_AREA_41
                0x000083b0                SchM_Enter_Adc_ADC_EXCLUSIVE_AREA_42
                0x00008408                SchM_Exit_Adc_ADC_EXCLUSIVE_AREA_42
                0x0000844c                SchM_Enter_Adc_ADC_EXCLUSIVE_AREA_43
                0x000084a4                SchM_Exit_Adc_ADC_EXCLUSIVE_AREA_43
                0x000084e8                SchM_Enter_Adc_ADC_EXCLUSIVE_AREA_44
                0x00008540                SchM_Exit_Adc_ADC_EXCLUSIVE_AREA_44
                0x00008584                SchM_Enter_Adc_ADC_EXCLUSIVE_AREA_45
                0x000085dc                SchM_Exit_Adc_ADC_EXCLUSIVE_AREA_45
                0x00008620                SchM_Enter_Adc_ADC_EXCLUSIVE_AREA_46
                0x00008678                SchM_Exit_Adc_ADC_EXCLUSIVE_AREA_46
                0x000086bc                SchM_Enter_Adc_ADC_EXCLUSIVE_AREA_47
                0x00008714                SchM_Exit_Adc_ADC_EXCLUSIVE_AREA_47
                0x00008758                SchM_Enter_Adc_ADC_EXCLUSIVE_AREA_48
                0x000087b0                SchM_Exit_Adc_ADC_EXCLUSIVE_AREA_48
                0x000087f4                SchM_Enter_Adc_ADC_EXCLUSIVE_AREA_49
                0x0000884c                SchM_Exit_Adc_ADC_EXCLUSIVE_AREA_49
                0x00008890                SchM_Enter_Adc_ADC_EXCLUSIVE_AREA_50
                0x000088e8                SchM_Exit_Adc_ADC_EXCLUSIVE_AREA_50
                0x0000892c                SchM_Enter_Adc_ADC_EXCLUSIVE_AREA_54
                0x00008984                SchM_Exit_Adc_ADC_EXCLUSIVE_AREA_54
                0x000089c8                SchM_Enter_Adc_ADC_EXCLUSIVE_AREA_55
                0x00008a20                SchM_Exit_Adc_ADC_EXCLUSIVE_AREA_55
                0x00008a64                SchM_Enter_Adc_ADC_EXCLUSIVE_AREA_56
                0x00008abc                SchM_Exit_Adc_ADC_EXCLUSIVE_AREA_56
                0x00008b00                SchM_Enter_Adc_ADC_EXCLUSIVE_AREA_57
                0x00008b58                SchM_Exit_Adc_ADC_EXCLUSIVE_AREA_57
                0x00008b9c                SchM_Enter_Adc_ADC_EXCLUSIVE_AREA_58
                0x00008bf4                SchM_Exit_Adc_ADC_EXCLUSIVE_AREA_58
                0x00008c38                SchM_Enter_Adc_ADC_EXCLUSIVE_AREA_59
                0x00008c90                SchM_Exit_Adc_ADC_EXCLUSIVE_AREA_59
                0x00008cd4                SchM_Enter_Adc_ADC_EXCLUSIVE_AREA_60
                0x00008d2c                SchM_Exit_Adc_ADC_EXCLUSIVE_AREA_60
                0x00008d70                SchM_Enter_Adc_ADC_EXCLUSIVE_AREA_61
                0x00008dc8                SchM_Exit_Adc_ADC_EXCLUSIVE_AREA_61
                0x00008e0c                SchM_Enter_Adc_ADC_EXCLUSIVE_AREA_62
                0x00008e64                SchM_Exit_Adc_ADC_EXCLUSIVE_AREA_62
                0x00008ea8                SchM_Enter_Adc_ADC_EXCLUSIVE_AREA_63
                0x00008f00                SchM_Exit_Adc_ADC_EXCLUSIVE_AREA_63
                0x00008f44                SchM_Enter_Adc_ADC_EXCLUSIVE_AREA_64
                0x00008f9c                SchM_Exit_Adc_ADC_EXCLUSIVE_AREA_64
                0x00008fe0                SchM_Enter_Adc_ADC_EXCLUSIVE_AREA_65
                0x00009038                SchM_Exit_Adc_ADC_EXCLUSIVE_AREA_65
                0x0000907c                SchM_Enter_Adc_ADC_EXCLUSIVE_AREA_66
                0x000090d4                SchM_Exit_Adc_ADC_EXCLUSIVE_AREA_66
                0x00009118                SchM_Enter_Adc_ADC_EXCLUSIVE_AREA_67
                0x00009170                SchM_Exit_Adc_ADC_EXCLUSIVE_AREA_67
                0x000091b4                SchM_Enter_Adc_ADC_EXCLUSIVE_AREA_68
                0x0000920c                SchM_Exit_Adc_ADC_EXCLUSIVE_AREA_68
                0x00009250                SchM_Enter_Adc_ADC_EXCLUSIVE_AREA_69
                0x000092a8                SchM_Exit_Adc_ADC_EXCLUSIVE_AREA_69
                0x000092ec                SchM_Enter_Adc_ADC_EXCLUSIVE_AREA_70
                0x00009344                SchM_Exit_Adc_ADC_EXCLUSIVE_AREA_70
                0x00009388                SchM_Enter_Adc_ADC_EXCLUSIVE_AREA_71
                0x000093e0                SchM_Exit_Adc_ADC_EXCLUSIVE_AREA_71
                0x00009424                SchM_Enter_Adc_ADC_EXCLUSIVE_AREA_72
                0x0000947c                SchM_Exit_Adc_ADC_EXCLUSIVE_AREA_72
                0x000094c0                SchM_Enter_Adc_ADC_EXCLUSIVE_AREA_73
                0x00009518                SchM_Exit_Adc_ADC_EXCLUSIVE_AREA_73
 .mcal_text     0x0000955c      0x138 ./RTD/src/SchM_Dio.o
                0x0000955c                SchM_Enter_Dio_DIO_EXCLUSIVE_AREA_00
                0x000095b4                SchM_Exit_Dio_DIO_EXCLUSIVE_AREA_00
                0x000095f8                SchM_Enter_Dio_DIO_EXCLUSIVE_AREA_01
                0x00009650                SchM_Exit_Dio_DIO_EXCLUSIVE_AREA_01
 .mcal_text     0x00009694      0x1d4 ./RTD/src/SchM_Mcu.o
                0x00009694                SchM_Enter_Mcu_MCU_EXCLUSIVE_AREA_00
                0x000096ec                SchM_Exit_Mcu_MCU_EXCLUSIVE_AREA_00
                0x00009730                SchM_Enter_Mcu_MCU_EXCLUSIVE_AREA_01
                0x00009788                SchM_Exit_Mcu_MCU_EXCLUSIVE_AREA_01
                0x000097cc                SchM_Enter_Mcu_MCU_EXCLUSIVE_AREA_02
                0x00009824                SchM_Exit_Mcu_MCU_EXCLUSIVE_AREA_02
 .mcal_text     0x00009868      0x57c ./RTD/src/SchM_Port.o
                0x00009868                SchM_Enter_Port_PORT_EXCLUSIVE_AREA_00
                0x000098c0                SchM_Exit_Port_PORT_EXCLUSIVE_AREA_00
                0x00009904                SchM_Enter_Port_PORT_EXCLUSIVE_AREA_01
                0x0000995c                SchM_Exit_Port_PORT_EXCLUSIVE_AREA_01
                0x000099a0                SchM_Enter_Port_PORT_EXCLUSIVE_AREA_02
                0x000099f8                SchM_Exit_Port_PORT_EXCLUSIVE_AREA_02
                0x00009a3c                SchM_Enter_Port_PORT_EXCLUSIVE_AREA_03
                0x00009a94                SchM_Exit_Port_PORT_EXCLUSIVE_AREA_03
                0x00009ad8                SchM_Enter_Port_PORT_EXCLUSIVE_AREA_04
                0x00009b30                SchM_Exit_Port_PORT_EXCLUSIVE_AREA_04
                0x00009b74                SchM_Enter_Port_PORT_EXCLUSIVE_AREA_05
                0x00009bcc                SchM_Exit_Port_PORT_EXCLUSIVE_AREA_05
                0x00009c10                SchM_Enter_Port_PORT_EXCLUSIVE_AREA_06
                0x00009c68                SchM_Exit_Port_PORT_EXCLUSIVE_AREA_06
                0x00009cac                SchM_Enter_Port_PORT_EXCLUSIVE_AREA_07
                0x00009d04                SchM_Exit_Port_PORT_EXCLUSIVE_AREA_07
                0x00009d48                SchM_Enter_Port_PORT_EXCLUSIVE_AREA_08
                0x00009da0                SchM_Exit_Port_PORT_EXCLUSIVE_AREA_08
 .mcal_text     0x00009de4       0x74 ./src/example1.o
                0x00009de4                AdcConversionCompleteNotif
                0x00009e58                . = ALIGN (0x4)
                0x00009e58                acfls_code_rom_start = .
                0x00009e58                . = ALIGN (0x4)
 *(.acfls_code_rom)
                0x00009e58                acfls_code_rom_end = .
 *(.init)
                0x00009e58                . = ALIGN (0x4)
 *(.fini)
                0x00009e58                . = ALIGN (0x4)
 *(.rodata)
 .rodata        0x00009e58       0x1c ./RTD/src/Clock_Ip_Specific.o
 *(.rodata*)
                0x00009e74                . = ALIGN (0x4)
 *(.mcal_const_cfg)
 .mcal_const_cfg
                0x00009e74      0x3dc ./board/Clock_Ip_PBcfg.o
                0x00009e74                Mcu_aClockConfigPB
 .mcal_const_cfg
                0x0000a250       0x54 ./generate/src/Adc_Ip_BOARD_InitPeripherals_PBcfg.o
                0x0000a268                AdcHwUnit_0_BOARD_INITPERIPHERALS
 .mcal_const_cfg
                0x0000a2a4       0x10 ./generate/src/Dio_Cfg.o
                0x0000a2a4                Dio_Config
 .mcal_const_cfg
                0x0000a2b4      0x704 ./generate/src/IntCtrl_Ip_Cfg.o
                0x0000a57c                IntCtrlConfig_0
                0x0000a9b0                intRouteConfig
 .mcal_const_cfg
                0x0000a9b8      0x14c ./generate/src/Port_BOARD_InitPeripherals_PBcfg.o
                0x0000a9b8                au8Port_PartitionList_BOARD_InitPeripherals
                0x0000aae0                Port_Config
 .mcal_const_cfg
                0x0000ab04       0xc8 ./generate/src/Port_Ci_Port_Ip_BOARD_InitPeripherals_PBcfg.o
                0x0000ab04                g_pin_mux_InitConfigArr_BOARD_InitPeripherals
                0x0000abcc                . = ALIGN (0x4)
 *(.mcal_const)
 .mcal_const    0x0000abcc        0x8 ./RTD/src/Adc_Ip.o
 .mcal_const    0x0000abd4      0x580 ./RTD/src/Clock_Ip_Data.o
                0x0000abd4                dividerCallbackIndex
                0x0000abe4                dividertriggerCallbackIndex
                0x0000abf4                xoscCallbackIndex
                0x0000ac04                ircoscCallbackIndex
                0x0000ac14                gateCallbackIndex
                0x0000ac24                fractional_dividerCallbackIndex
                0x0000ac34                pllCallbackIndex
                0x0000ac44                selectorCallbackIndex
                0x0000ac54                pcfsCallbackIndex
                0x0000ac64                cmuCallbackIndex
                0x0000ac74                clockFeatures
                0x0000af84                selectorEntry_hardwareValue
                0x0000afdc                selectorEntrySCS_hardwareValue
                0x0000b00c                selectorEntryPCS_hardwareValue
                0x0000b03c                dividerValue_hardwareValue
                0x0000b080                scgPeriphAsyncDivs
                0x0000b090                sourceType_clockName
                0x0000b150                HwPllName
 .mcal_const    0x0000b154       0x3c ./RTD/src/Clock_Ip_Divider.o
                0x0000b154                dividerCallbacks
 .mcal_const    0x0000b190        0x8 ./RTD/src/Clock_Ip_DividerTrigger.o
                0x0000b190                dividerTriggerCallbacks
 .mcal_const    0x0000b198       0x28 ./RTD/src/Clock_Ip_ExtOsc.o
                0x0000b198                extOscCallbacks
 .mcal_const    0x0000b1c0        0xc ./RTD/src/Clock_Ip_FracDiv.o
                0x0000b1c0                fracDivCallbacks
 .mcal_const    0x0000b1cc       0x38 ./RTD/src/Clock_Ip_Gate.o
                0x0000b1cc                gateCallbacks
 .mcal_const    0x0000b204       0x3c ./RTD/src/Clock_Ip_IntOsc.o
                0x0000b204                intOscCallbacks
 .mcal_const    0x0000b240       0x18 ./RTD/src/Clock_Ip_Monitor.o
                0x0000b240                cmuCallbacks
 .mcal_const    0x0000b258       0x28 ./RTD/src/Clock_Ip_Pll.o
                0x0000b258                pllCallbacks
 .mcal_const    0x0000b280        0x4 ./RTD/src/Clock_Ip_ProgFreqSwitch.o
                0x0000b280                pcfsCallbacks
 .mcal_const    0x0000b284       0x58 ./RTD/src/Clock_Ip_Selector.o
                0x0000b284                selectorCallbacks
 .mcal_const    0x0000b2dc      0x280 ./generate/src/Dio_Cfg.o
                0x0000b2dc                au32Dio_ChannelToPartitionMap
                0x0000b520                au32Dio_PortToPartitionMap
                0x0000b534                Dio_aAvailablePinsForWrite
                0x0000b548                Dio_aAvailablePinsForRead
 .mcal_const    0x0000b55c       0xa0 ./generate/src/Port_Cfg.o
                0x0000b55c                Port_au16PinDescription
                0x0000b5fc                . = ALIGN (0x4)
 *(.mcal_const_no_cacheable)
                0x0000b5fc                . = ALIGN (0x4)
                0x0000b5fc                __init_table = .
 *(.init_table)
 .init_table    0x0000b5fc       0x1c ./Project_Settings/Startup_Code/startup_cm4.o
                0x0000b618                . = ALIGN (0x4)
                0x0000b618                __zero_table = .
 *(.zero_table)
 .zero_table    0x0000b618        0xc ./Project_Settings/Startup_Code/startup_cm4.o
                0x0000b624                . = ALIGN (0x4)
 *(.acmcu_code_rom)
                0x0000b624                . = ALIGN (0x4)
                0x0000b624                _etext = .
                0x0000b624                __DATA_ROM = .

.glue_7         0x0000b624        0x0
 .glue_7        0x0000b624        0x0 linker stubs

.glue_7t        0x0000b624        0x0
 .glue_7t       0x0000b624        0x0 linker stubs

.vfp11_veneer   0x0000b624        0x0
 .vfp11_veneer  0x0000b624        0x0 linker stubs

.v4_bx          0x0000b624        0x0
 .v4_bx         0x0000b624        0x0 linker stubs

.iplt           0x0000b624        0x0
 .iplt          0x0000b624        0x0 ./Project_Settings/Startup_Code/Vector_Table.o

.igot.plt       0x0000b624        0x0
 .igot.plt      0x0000b624        0x0 ./Project_Settings/Startup_Code/Vector_Table.o

.rel.dyn        0x0000b624        0x0
 .rel.iplt      0x0000b624        0x0 ./Project_Settings/Startup_Code/Vector_Table.o
                0x0000b624                . = ALIGN (0x4)
                [!provide]                PROVIDE (__exidx_start = .)

.ARM.exidx
 *(.ARM.exidx* .gnu.linkonce.armexidx.*)
                0x0000b624                . = ALIGN (0x4)
                [!provide]                PROVIDE (__exidx_end = .)

.ARM.extab      0x1fff8100        0x0
 *(.ARM.extab*)
                0x1fff8100                . = ALIGN (0x4)

.sram_interrupts
                0x1fff8100     0x1210
                0x1fff9000                . = ALIGN (0x1000)
 *fill*         0x1fff8100      0xf00 
                0x1fff9000                __interrupts_ram_start = .
                0x1fff9310                . = (. + (__interrupts_rom_end - __interrupts_rom_start))
 *fill*         0x1fff9000      0x310 
                0x1fff9310                . = ALIGN (0x4)
                0x1fff9310                __interrupts_ram_end = .

.sram_data      0x1fff9310      0x108 load address 0x0000b624
                0x1fff9310                . = ALIGN (0x4)
                0x1fff9310                __data_ram_start = .
 *(.ramcode)
                0x1fff9310                . = ALIGN (0x4)
 *(.data)
 .data          0x1fff9310        0x0 ./Project_Settings/Startup_Code/Vector_Table.o
 .data          0x1fff9310        0x0 ./Project_Settings/Startup_Code/exceptions.o
 .data          0x1fff9310        0x0 ./Project_Settings/Startup_Code/nvic.o
 .data          0x1fff9310        0x0 ./Project_Settings/Startup_Code/startup.o
 .data          0x1fff9310        0x0 ./Project_Settings/Startup_Code/startup_cm4.o
 .data          0x1fff9310        0x0 ./Project_Settings/Startup_Code/system.o
 .data          0x1fff9310        0x0 ./RTD/src/Adc_Ip.o
 .data          0x1fff9310        0x0 ./RTD/src/Adc_Ip_Isr.o
 .data          0x1fff9310        0x0 ./RTD/src/Clock_Ip.o
 .data          0x1fff9310        0x0 ./RTD/src/Clock_Ip_Data.o
 .data          0x1fff9310        0x0 ./RTD/src/Clock_Ip_Divider.o
 .data          0x1fff9310        0x0 ./RTD/src/Clock_Ip_DividerTrigger.o
 .data          0x1fff9310        0x0 ./RTD/src/Clock_Ip_ExtOsc.o
 .data          0x1fff9310        0x0 ./RTD/src/Clock_Ip_FracDiv.o
 .data          0x1fff9310        0x0 ./RTD/src/Clock_Ip_Frequency.o
 .data          0x1fff9310        0x0 ./RTD/src/Clock_Ip_Gate.o
 .data          0x1fff9310        0x0 ./RTD/src/Clock_Ip_IntOsc.o
 .data          0x1fff9310        0x0 ./RTD/src/Clock_Ip_Irq.o
 .data          0x1fff9310        0x0 ./RTD/src/Clock_Ip_Monitor.o
 .data          0x1fff9310        0x0 ./RTD/src/Clock_Ip_Pll.o
 .data          0x1fff9310        0x0 ./RTD/src/Clock_Ip_ProgFreqSwitch.o
 .data          0x1fff9310        0x0 ./RTD/src/Clock_Ip_Selector.o
 .data          0x1fff9310        0x0 ./RTD/src/Clock_Ip_Specific.o
 .data          0x1fff9310        0x0 ./RTD/src/Det.o
 .data          0x1fff9310        0x0 ./RTD/src/Det_stub.o
 .data          0x1fff9310        0x0 ./RTD/src/Dio.o
 .data          0x1fff9310        0x0 ./RTD/src/Dio_Ipw.o
 .data          0x1fff9310        0x0 ./RTD/src/Gpio_Dio_Ip.o
 .data          0x1fff9310        0x0 ./RTD/src/IntCtrl_Ip.o
 .data          0x1fff9310        0x0 ./RTD/src/OsIf_Timer.o
 .data          0x1fff9310        0x0 ./RTD/src/OsIf_Timer_System.o
 .data          0x1fff9310        0x0 ./RTD/src/Port.o
 .data          0x1fff9310       0x28 ./RTD/src/Port_Ci_Port_Ip.o
                0x1fff9310                Port_au32PortCiPortBaseAddr
                0x1fff9324                Port_au32PortCiGpioBaseAddr
 .data          0x1fff9338        0x0 ./RTD/src/Port_Ipw.o
 .data          0x1fff9338        0x0 ./RTD/src/SchM_Adc.o
 .data          0x1fff9338        0x0 ./RTD/src/SchM_Dio.o
 .data          0x1fff9338        0x0 ./RTD/src/SchM_Mcu.o
 .data          0x1fff9338        0x0 ./RTD/src/SchM_Port.o
 .data          0x1fff9338        0x0 ./board/Clock_Ip_Cfg.o
 .data          0x1fff9338        0x0 ./board/Clock_Ip_PBcfg.o
 .data          0x1fff9338       0xc8 ./board/Port_Ci_Port_Ip_Cfg.o
                0x1fff9338                g_pin_mux_InitConfigArr0
 .data          0x1fff9400        0x0 ./generate/src/Adc_Ip_BOARD_InitPeripherals_PBcfg.o
 .data          0x1fff9400        0x0 ./generate/src/Dio_Cfg.o
 .data          0x1fff9400        0x0 ./generate/src/IntCtrl_Ip_Cfg.o
 .data          0x1fff9400        0x0 ./generate/src/OsIf_Cfg.o
 .data          0x1fff9400        0x0 ./generate/src/Port_BOARD_InitPeripherals_PBcfg.o
 .data          0x1fff9400        0x0 ./generate/src/Port_Cfg.o
 .data          0x1fff9400        0x0 ./generate/src/Port_Ci_Port_Ip_BOARD_InitPeripherals_PBcfg.o
 .data          0x1fff9400        0x0 ./src/example1.o
 *(.data*)
                0x1fff9400                . = ALIGN (0x4)
 *(.mcal_data)
 .mcal_data     0x1fff9400        0x4 ./RTD/src/Clock_Ip.o
 .mcal_data     0x1fff9404       0x14 ./RTD/src/Gpio_Dio_Ip.o
                0x1fff9404                GpioBaseAdresses
                0x1fff9418                . = ALIGN (0x4)
 *(.mcal_data_no_cacheable)
                0x1fff9418                . = ALIGN (0x4)
                0x1fff9418                __data_ram_end = .
                0x0000b72c                __DATA_ROM_END = (__DATA_ROM + (__data_ram_end - __data_ram_start))

.sram_bss       0x1fff9418      0x540 load address 0x0000b72c
                0x1fff9420                . = ALIGN (0x10)
 *fill*         0x1fff9418        0x8 
                0x1fff9420                __sram_bss_start = .
 *(.bss)
 .bss           0x1fff9420        0x0 ./Project_Settings/Startup_Code/Vector_Table.o
 .bss           0x1fff9420        0x0 ./Project_Settings/Startup_Code/exceptions.o
 .bss           0x1fff9420        0x0 ./Project_Settings/Startup_Code/nvic.o
 .bss           0x1fff9420        0x0 ./Project_Settings/Startup_Code/startup.o
 .bss           0x1fff9420        0x0 ./Project_Settings/Startup_Code/startup_cm4.o
 .bss           0x1fff9420        0x4 ./Project_Settings/Startup_Code/system.o
                0x1fff9420                RESET_CATCH_CORE
 .bss           0x1fff9424       0x98 ./RTD/src/Adc_Ip.o
 .bss           0x1fff94bc        0x0 ./RTD/src/Adc_Ip_Isr.o
 .bss           0x1fff94bc        0x9 ./RTD/src/Clock_Ip.o
 .bss           0x1fff94c5        0x0 ./RTD/src/Clock_Ip_Data.o
 .bss           0x1fff94c5        0x0 ./RTD/src/Clock_Ip_Divider.o
 .bss           0x1fff94c5        0x0 ./RTD/src/Clock_Ip_DividerTrigger.o
 .bss           0x1fff94c5        0x0 ./RTD/src/Clock_Ip_ExtOsc.o
 .bss           0x1fff94c5        0x0 ./RTD/src/Clock_Ip_FracDiv.o
 .bss           0x1fff94c5        0x0 ./RTD/src/Clock_Ip_Frequency.o
 .bss           0x1fff94c5        0x0 ./RTD/src/Clock_Ip_Gate.o
 .bss           0x1fff94c5        0x0 ./RTD/src/Clock_Ip_IntOsc.o
 .bss           0x1fff94c5        0x0 ./RTD/src/Clock_Ip_Irq.o
 .bss           0x1fff94c5        0x0 ./RTD/src/Clock_Ip_Monitor.o
 .bss           0x1fff94c5        0x0 ./RTD/src/Clock_Ip_Pll.o
 .bss           0x1fff94c5        0x0 ./RTD/src/Clock_Ip_ProgFreqSwitch.o
 .bss           0x1fff94c5        0x0 ./RTD/src/Clock_Ip_Selector.o
 *fill*         0x1fff94c5        0x3 
 .bss           0x1fff94c8      0x130 ./RTD/src/Clock_Ip_Specific.o
 .bss           0x1fff95f8        0x0 ./RTD/src/Det.o
 .bss           0x1fff95f8        0x0 ./RTD/src/Det_stub.o
 .bss           0x1fff95f8        0x0 ./RTD/src/Dio.o
 .bss           0x1fff95f8        0x0 ./RTD/src/Dio_Ipw.o
 .bss           0x1fff95f8        0x0 ./RTD/src/Gpio_Dio_Ip.o
 .bss           0x1fff95f8        0x0 ./RTD/src/IntCtrl_Ip.o
 .bss           0x1fff95f8        0x0 ./RTD/src/OsIf_Timer.o
 .bss           0x1fff95f8        0x0 ./RTD/src/OsIf_Timer_System.o
 .bss           0x1fff95f8        0x4 ./RTD/src/Port.o
 .bss           0x1fff95fc        0x0 ./RTD/src/Port_Ci_Port_Ip.o
 .bss           0x1fff95fc       0x14 ./RTD/src/Port_Ipw.o
 .bss           0x1fff9610      0x220 ./RTD/src/SchM_Adc.o
 .bss           0x1fff9830       0x10 ./RTD/src/SchM_Dio.o
 .bss           0x1fff9840       0x18 ./RTD/src/SchM_Mcu.o
 .bss           0x1fff9858       0x48 ./RTD/src/SchM_Port.o
 .bss           0x1fff98a0        0x0 ./board/Clock_Ip_Cfg.o
 .bss           0x1fff98a0        0x0 ./board/Clock_Ip_PBcfg.o
 .bss           0x1fff98a0        0x0 ./board/Port_Ci_Port_Ip_Cfg.o
 .bss           0x1fff98a0        0x0 ./generate/src/Adc_Ip_BOARD_InitPeripherals_PBcfg.o
 .bss           0x1fff98a0        0x0 ./generate/src/Dio_Cfg.o
 .bss           0x1fff98a0        0x0 ./generate/src/IntCtrl_Ip_Cfg.o
 .bss           0x1fff98a0        0x0 ./generate/src/OsIf_Cfg.o
 .bss           0x1fff98a0        0x0 ./generate/src/Port_BOARD_InitPeripherals_PBcfg.o
 .bss           0x1fff98a0        0x0 ./generate/src/Port_Cfg.o
 .bss           0x1fff98a0        0x0 ./generate/src/Port_Ci_Port_Ip_BOARD_InitPeripherals_PBcfg.o
 .bss           0x1fff98a0       0x10 ./src/example1.o
                0x1fff98a0                notif_triggered
                0x1fff98a4                exit_code
                0x1fff98a8                data
 *(.bss*)
                0x1fff98b0                . = ALIGN (0x10)
 *(.mcal_bss)
                0x1fff98b0                . = ALIGN (0x10)
                0x1fff98b0                __non_cacheable_bss_start = .
 *(.mcal_bss_no_cacheable)
 .mcal_bss_no_cacheable
                0x1fff98b0       0xa8 ./RTD/src/Det.o
                0x1fff98b0                Det_InstanceId
                0x1fff98bc                Det_ApiId
                0x1fff98c8                Det_ErrorId
                0x1fff98d4                Det_RuntimeInstanceId
                0x1fff98e0                Det_RuntimeApiId
                0x1fff98ec                Det_RuntimeErrorId
                0x1fff98f8                Det_TransientInstanceId
                0x1fff9904                Det_TransientApiId
                0x1fff9910                Det_TransientFaultId
                0x1fff991c                Det_TransientModuleId
                0x1fff9930                Det_ModuleId
                0x1fff9944                Det_RuntimeModuleId
                0x1fff9958                . = ALIGN (0x4)
                0x1fff9958                __non_cacheable_bss_end = .
                0x1fff9958                __sram_bss_end = .

.acfls_code_ram
                0x1fff9958        0x0
                0x1fff9958                . = (. + (acfls_code_rom_end - acfls_code_rom_start))

.heap           0x1fff9958      0x200 load address 0x0000bc6c
                0x1fff9958                . = ALIGN (0x4)
                0x1fff9958                _end = .
                0x1fff9958                end = .
                0x1fff9958                _heap_start = .
                0x1fff9b58                . = (. + HEAP_SIZE)
 *fill*         0x1fff9958      0x200 
                0x1fff9b58                _heap_end = .

int_results     0x1fff8000      0x100
                0x1fff8000                . = ALIGN (0x4)
 *(.int_results)
                0x1fff8100                . = (. + 0x100)
 *fill*         0x1fff8000      0x100 
                0x20006000                __Stack_end_c0 = ORIGIN (int_sram_stack_c0)
                0x20007000                __Stack_start_c0 = (ORIGIN (int_sram_stack_c0) + LENGTH (int_sram_stack_c0))
                0x1fff8000                __INT_SRAM_START = ORIGIN (int_sram_results)
                0x20007000                __INT_SRAM_END = ORIGIN (ram_rsvd2)
                0x1fff9310                __RAM_INIT_START = __data_ram_start
                0x1fff9418                __RAM_INIT_END = __data_ram_end
                0x0000b624                __ROM_INIT_START = __DATA_ROM
                0x0000b72c                __ROM_INIT_END = __DATA_ROM_END
                0x1fff9420                __BSS_SRAM_START = __sram_bss_start
                0x1fff9958                __BSS_SRAM_END = __sram_bss_end
                0x00000538                __BSS_SRAM_SIZE = (__sram_bss_end - __sram_bss_start)
                0x1fff9000                __RAM_INTERRUPT_START = __interrupts_ram_start
                0x00000000                __ROM_INTERRUPT_START = __interrupts_rom_start
                0x00000310                __ROM_INTERRUPT_END = __interrupts_rom_end
                0x0000b5fc                __INIT_TABLE = __init_table
                0x0000b618                __ZERO_TABLE = __zero_table
                0x00000001                __RAM_INIT = 0x1
                0x00009e58                Fls_ACEraseRomStart = acfls_code_rom_start
                0x00009e58                Fls_ACEraseRomEnd = acfls_code_rom_end
                0x00000000                Fls_ACEraseSize = (acfls_code_rom_end - acfls_code_rom_start)
                0x00009e58                Fls_ACWriteRomStart = acfls_code_rom_start
                0x00009e58                Fls_ACWriteRomEnd = acfls_code_rom_end
                0x00000000                Fls_ACWriteSize = (acfls_code_rom_end - acfls_code_rom_start)
                0x1fff9958                _ERASE_FUNC_ADDRESS_ = ADDR (.acfls_code_ram)
                0x1fff9958                _WRITE_FUNC_ADDRESS_ = ADDR (.acfls_code_ram)
                0x1fff9000                __ENTRY_VTABLE = __RAM_INTERRUPT_START
OUTPUT(GB_ADC_Blinky_Strength_Demo.elf elf32-littlearm)

.ARM.attributes
                0x00000000       0x30
 .ARM.attributes
                0x00000000       0x20 ./Project_Settings/Startup_Code/Vector_Table.o
 .ARM.attributes
                0x00000020       0x34 ./Project_Settings/Startup_Code/exceptions.o
 .ARM.attributes
                0x00000054       0x34 ./Project_Settings/Startup_Code/nvic.o
 .ARM.attributes
                0x00000088       0x34 ./Project_Settings/Startup_Code/startup.o
 .ARM.attributes
                0x000000bc       0x1f ./Project_Settings/Startup_Code/startup_cm4.o
 .ARM.attributes
                0x000000db       0x34 ./Project_Settings/Startup_Code/system.o
 .ARM.attributes
                0x0000010f       0x34 ./RTD/src/Adc_Ip.o
 .ARM.attributes
                0x00000143       0x34 ./RTD/src/Adc_Ip_Isr.o
 .ARM.attributes
                0x00000177       0x34 ./RTD/src/Clock_Ip.o
 .ARM.attributes
                0x000001ab       0x39 ./RTD/src/Clock_Ip_Data.o
 .ARM.attributes
                0x000001e4       0x34 ./RTD/src/Clock_Ip_Divider.o
 .ARM.attributes
                0x00000218       0x34 ./RTD/src/Clock_Ip_DividerTrigger.o
 .ARM.attributes
                0x0000024c       0x34 ./RTD/src/Clock_Ip_ExtOsc.o
 .ARM.attributes
                0x00000280       0x34 ./RTD/src/Clock_Ip_FracDiv.o
 .ARM.attributes
                0x000002b4       0x39 ./RTD/src/Clock_Ip_Frequency.o
 .ARM.attributes
                0x000002ed       0x34 ./RTD/src/Clock_Ip_Gate.o
 .ARM.attributes
                0x00000321       0x34 ./RTD/src/Clock_Ip_IntOsc.o
 .ARM.attributes
                0x00000355       0x39 ./RTD/src/Clock_Ip_Irq.o
 .ARM.attributes
                0x0000038e       0x34 ./RTD/src/Clock_Ip_Monitor.o
 .ARM.attributes
                0x000003c2       0x34 ./RTD/src/Clock_Ip_Pll.o
 .ARM.attributes
                0x000003f6       0x34 ./RTD/src/Clock_Ip_ProgFreqSwitch.o
 .ARM.attributes
                0x0000042a       0x34 ./RTD/src/Clock_Ip_Selector.o
 .ARM.attributes
                0x0000045e       0x34 ./RTD/src/Clock_Ip_Specific.o
 .ARM.attributes
                0x00000492       0x34 ./RTD/src/Det.o
 .ARM.attributes
                0x000004c6       0x34 ./RTD/src/Det_stub.o
 .ARM.attributes
                0x000004fa       0x34 ./RTD/src/Dio.o
 .ARM.attributes
                0x0000052e       0x34 ./RTD/src/Dio_Ipw.o
 .ARM.attributes
                0x00000562       0x34 ./RTD/src/Gpio_Dio_Ip.o
 .ARM.attributes
                0x00000596       0x34 ./RTD/src/IntCtrl_Ip.o
 .ARM.attributes
                0x000005ca       0x34 ./RTD/src/OsIf_Timer.o
 .ARM.attributes
                0x000005fe       0x39 ./RTD/src/OsIf_Timer_System.o
 .ARM.attributes
                0x00000637       0x34 ./RTD/src/Port.o
 .ARM.attributes
                0x0000066b       0x34 ./RTD/src/Port_Ci_Port_Ip.o
 .ARM.attributes
                0x0000069f       0x34 ./RTD/src/Port_Ipw.o
 .ARM.attributes
                0x000006d3       0x34 ./RTD/src/SchM_Adc.o
 .ARM.attributes
                0x00000707       0x34 ./RTD/src/SchM_Dio.o
 .ARM.attributes
                0x0000073b       0x34 ./RTD/src/SchM_Mcu.o
 .ARM.attributes
                0x0000076f       0x34 ./RTD/src/SchM_Port.o
 .ARM.attributes
                0x000007a3       0x39 ./board/Clock_Ip_Cfg.o
 .ARM.attributes
                0x000007dc       0x39 ./board/Clock_Ip_PBcfg.o
 .ARM.attributes
                0x00000815       0x39 ./board/Port_Ci_Port_Ip_Cfg.o
 .ARM.attributes
                0x0000084e       0x39 ./generate/src/Adc_Ip_BOARD_InitPeripherals_PBcfg.o
 .ARM.attributes
                0x00000887       0x39 ./generate/src/Dio_Cfg.o
 .ARM.attributes
                0x000008c0       0x39 ./generate/src/IntCtrl_Ip_Cfg.o
 .ARM.attributes
                0x000008f9       0x39 ./generate/src/OsIf_Cfg.o
 .ARM.attributes
                0x00000932       0x39 ./generate/src/Port_BOARD_InitPeripherals_PBcfg.o
 .ARM.attributes
                0x0000096b       0x39 ./generate/src/Port_Cfg.o
 .ARM.attributes
                0x000009a4       0x39 ./generate/src/Port_Ci_Port_Ip_BOARD_InitPeripherals_PBcfg.o
 .ARM.attributes
                0x000009dd       0x34 ./src/example1.o

.comment        0x00000000       0x80
 .comment       0x00000000       0x80 ./Project_Settings/Startup_Code/exceptions.o
                                 0x81 (size before relaxing)
 .comment       0x00000080       0x81 ./Project_Settings/Startup_Code/nvic.o
 .comment       0x00000080       0x81 ./Project_Settings/Startup_Code/startup.o
 .comment       0x00000080       0x81 ./Project_Settings/Startup_Code/system.o
 .comment       0x00000080       0x81 ./RTD/src/Adc_Ip.o
 .comment       0x00000080       0x81 ./RTD/src/Adc_Ip_Isr.o
 .comment       0x00000080       0x81 ./RTD/src/Clock_Ip.o
 .comment       0x00000080       0x81 ./RTD/src/Clock_Ip_Data.o
 .comment       0x00000080       0x81 ./RTD/src/Clock_Ip_Divider.o
 .comment       0x00000080       0x81 ./RTD/src/Clock_Ip_DividerTrigger.o
 .comment       0x00000080       0x81 ./RTD/src/Clock_Ip_ExtOsc.o
 .comment       0x00000080       0x81 ./RTD/src/Clock_Ip_FracDiv.o
 .comment       0x00000080       0x81 ./RTD/src/Clock_Ip_Frequency.o
 .comment       0x00000080       0x81 ./RTD/src/Clock_Ip_Gate.o
 .comment       0x00000080       0x81 ./RTD/src/Clock_Ip_IntOsc.o
 .comment       0x00000080       0x81 ./RTD/src/Clock_Ip_Irq.o
 .comment       0x00000080       0x81 ./RTD/src/Clock_Ip_Monitor.o
 .comment       0x00000080       0x81 ./RTD/src/Clock_Ip_Pll.o
 .comment       0x00000080       0x81 ./RTD/src/Clock_Ip_ProgFreqSwitch.o
 .comment       0x00000080       0x81 ./RTD/src/Clock_Ip_Selector.o
 .comment       0x00000080       0x81 ./RTD/src/Clock_Ip_Specific.o
 .comment       0x00000080       0x81 ./RTD/src/Det.o
 .comment       0x00000080       0x81 ./RTD/src/Det_stub.o
 .comment       0x00000080       0x81 ./RTD/src/Dio.o
 .comment       0x00000080       0x81 ./RTD/src/Dio_Ipw.o
 .comment       0x00000080       0x81 ./RTD/src/Gpio_Dio_Ip.o
 .comment       0x00000080       0x81 ./RTD/src/IntCtrl_Ip.o
 .comment       0x00000080       0x81 ./RTD/src/OsIf_Timer.o
 .comment       0x00000080       0x81 ./RTD/src/OsIf_Timer_System.o
 .comment       0x00000080       0x81 ./RTD/src/Port.o
 .comment       0x00000080       0x81 ./RTD/src/Port_Ci_Port_Ip.o
 .comment       0x00000080       0x81 ./RTD/src/Port_Ipw.o
 .comment       0x00000080       0x81 ./RTD/src/SchM_Adc.o
 .comment       0x00000080       0x81 ./RTD/src/SchM_Dio.o
 .comment       0x00000080       0x81 ./RTD/src/SchM_Mcu.o
 .comment       0x00000080       0x81 ./RTD/src/SchM_Port.o
 .comment       0x00000080       0x81 ./board/Clock_Ip_Cfg.o
 .comment       0x00000080       0x81 ./board/Clock_Ip_PBcfg.o
 .comment       0x00000080       0x81 ./board/Port_Ci_Port_Ip_Cfg.o
 .comment       0x00000080       0x81 ./generate/src/Adc_Ip_BOARD_InitPeripherals_PBcfg.o
 .comment       0x00000080       0x81 ./generate/src/Dio_Cfg.o
 .comment       0x00000080       0x81 ./generate/src/IntCtrl_Ip_Cfg.o
 .comment       0x00000080       0x81 ./generate/src/OsIf_Cfg.o
 .comment       0x00000080       0x81 ./generate/src/Port_BOARD_InitPeripherals_PBcfg.o
 .comment       0x00000080       0x81 ./generate/src/Port_Cfg.o
 .comment       0x00000080       0x81 ./generate/src/Port_Ci_Port_Ip_BOARD_InitPeripherals_PBcfg.o
 .comment       0x00000080       0x81 ./src/example1.o

.debug_info     0x00000000    0x25c22
 .debug_info    0x00000000      0x139 ./Project_Settings/Startup_Code/exceptions.o
 .debug_info    0x00000139      0x465 ./Project_Settings/Startup_Code/nvic.o
 .debug_info    0x0000059e      0x244 ./Project_Settings/Startup_Code/startup.o
 .debug_info    0x000007e2       0x26 ./Project_Settings/Startup_Code/startup_cm4.o
 .debug_info    0x00000808      0x447 ./Project_Settings/Startup_Code/system.o
 .debug_info    0x00000c4f     0x1554 ./RTD/src/Adc_Ip.o
 .debug_info    0x000021a3       0xa9 ./RTD/src/Adc_Ip_Isr.o
 .debug_info    0x0000224c     0x1a2b ./RTD/src/Clock_Ip.o
 .debug_info    0x00003c77     0x1731 ./RTD/src/Clock_Ip_Data.o
 .debug_info    0x000053a8     0x1d33 ./RTD/src/Clock_Ip_Divider.o
 .debug_info    0x000070db     0x148b ./RTD/src/Clock_Ip_DividerTrigger.o
 .debug_info    0x00008566     0x1852 ./RTD/src/Clock_Ip_ExtOsc.o
 .debug_info    0x00009db8     0x14b5 ./RTD/src/Clock_Ip_FracDiv.o
 .debug_info    0x0000b26d     0x1453 ./RTD/src/Clock_Ip_Frequency.o
 .debug_info    0x0000c6c0     0x1a77 ./RTD/src/Clock_Ip_Gate.o
 .debug_info    0x0000e137     0x1c4f ./RTD/src/Clock_Ip_IntOsc.o
 .debug_info    0x0000fd86     0x1453 ./RTD/src/Clock_Ip_Irq.o
 .debug_info    0x000111d9     0x1501 ./RTD/src/Clock_Ip_Monitor.o
 .debug_info    0x000126da     0x1890 ./RTD/src/Clock_Ip_Pll.o
 .debug_info    0x00013f6a     0x148b ./RTD/src/Clock_Ip_ProgFreqSwitch.o
 .debug_info    0x000153f5     0x2033 ./RTD/src/Clock_Ip_Selector.o
 .debug_info    0x00017428     0x1e8c ./RTD/src/Clock_Ip_Specific.o
 .debug_info    0x000192b4      0x3ad ./RTD/src/Det.o
 .debug_info    0x00019661      0x3b3 ./RTD/src/Det_stub.o
 .debug_info    0x00019a14      0x3c9 ./RTD/src/Dio.o
 .debug_info    0x00019ddd      0x4c7 ./RTD/src/Dio_Ipw.o
 .debug_info    0x0001a2a4      0x386 ./RTD/src/Gpio_Dio_Ip.o
 .debug_info    0x0001a62a      0xc0a ./RTD/src/IntCtrl_Ip.o
 .debug_info    0x0001b234      0x2dc ./RTD/src/OsIf_Timer.o
 .debug_info    0x0001b510       0x7d ./RTD/src/OsIf_Timer_System.o
 .debug_info    0x0001b58d      0x948 ./RTD/src/Port.o
 .debug_info    0x0001bed5      0x901 ./RTD/src/Port_Ci_Port_Ip.o
 .debug_info    0x0001c7d6      0xa23 ./RTD/src/Port_Ipw.o
 .debug_info    0x0001d1f9     0x1fde ./RTD/src/SchM_Adc.o
 .debug_info    0x0001f1d7      0x1f6 ./RTD/src/SchM_Dio.o
 .debug_info    0x0001f3cd      0x26a ./RTD/src/SchM_Mcu.o
 .debug_info    0x0001f637      0x522 ./RTD/src/SchM_Port.o
 .debug_info    0x0001fb59     0x1453 ./board/Clock_Ip_Cfg.o
 .debug_info    0x00020fac     0x1462 ./board/Clock_Ip_PBcfg.o
 .debug_info    0x0002240e      0x424 ./board/Port_Ci_Port_Ip_Cfg.o
 .debug_info    0x00022832      0x48b ./generate/src/Adc_Ip_BOARD_InitPeripherals_PBcfg.o
 .debug_info    0x00022cbd      0x275 ./generate/src/Dio_Cfg.o
 .debug_info    0x00022f32      0x4cf ./generate/src/IntCtrl_Ip_Cfg.o
 .debug_info    0x00023401       0x7d ./generate/src/OsIf_Cfg.o
 .debug_info    0x0002347e      0x771 ./generate/src/Port_BOARD_InitPeripherals_PBcfg.o
 .debug_info    0x00023bef      0x499 ./generate/src/Port_Cfg.o
 .debug_info    0x00024088      0x448 ./generate/src/Port_Ci_Port_Ip_BOARD_InitPeripherals_PBcfg.o
 .debug_info    0x000244d0     0x1752 ./src/example1.o

.debug_abbrev   0x00000000     0x416c
 .debug_abbrev  0x00000000       0x47 ./Project_Settings/Startup_Code/exceptions.o
 .debug_abbrev  0x00000047       0xff ./Project_Settings/Startup_Code/nvic.o
 .debug_abbrev  0x00000146       0xcb ./Project_Settings/Startup_Code/startup.o
 .debug_abbrev  0x00000211       0x14 ./Project_Settings/Startup_Code/startup_cm4.o
 .debug_abbrev  0x00000225      0x155 ./Project_Settings/Startup_Code/system.o
 .debug_abbrev  0x0000037a      0x246 ./RTD/src/Adc_Ip.o
 .debug_abbrev  0x000005c0       0x47 ./RTD/src/Adc_Ip_Isr.o
 .debug_abbrev  0x00000607      0x293 ./RTD/src/Clock_Ip.o
 .debug_abbrev  0x0000089a      0x19f ./RTD/src/Clock_Ip_Data.o
 .debug_abbrev  0x00000a39      0x211 ./RTD/src/Clock_Ip_Divider.o
 .debug_abbrev  0x00000c4a      0x1a3 ./RTD/src/Clock_Ip_DividerTrigger.o
 .debug_abbrev  0x00000ded      0x23c ./RTD/src/Clock_Ip_ExtOsc.o
 .debug_abbrev  0x00001029      0x1bf ./RTD/src/Clock_Ip_FracDiv.o
 .debug_abbrev  0x000011e8      0x167 ./RTD/src/Clock_Ip_Frequency.o
 .debug_abbrev  0x0000134f      0x222 ./RTD/src/Clock_Ip_Gate.o
 .debug_abbrev  0x00001571      0x267 ./RTD/src/Clock_Ip_IntOsc.o
 .debug_abbrev  0x000017d8      0x167 ./RTD/src/Clock_Ip_Irq.o
 .debug_abbrev  0x0000193f      0x1d9 ./RTD/src/Clock_Ip_Monitor.o
 .debug_abbrev  0x00001b18      0x274 ./RTD/src/Clock_Ip_Pll.o
 .debug_abbrev  0x00001d8c      0x1a3 ./RTD/src/Clock_Ip_ProgFreqSwitch.o
 .debug_abbrev  0x00001f2f      0x211 ./RTD/src/Clock_Ip_Selector.o
 .debug_abbrev  0x00002140      0x278 ./RTD/src/Clock_Ip_Specific.o
 .debug_abbrev  0x000023b8       0xf5 ./RTD/src/Det.o
 .debug_abbrev  0x000024ad       0xbd ./RTD/src/Det_stub.o
 .debug_abbrev  0x0000256a      0x12b ./RTD/src/Dio.o
 .debug_abbrev  0x00002695      0x190 ./RTD/src/Dio_Ipw.o
 .debug_abbrev  0x00002825      0x17f ./RTD/src/Gpio_Dio_Ip.o
 .debug_abbrev  0x000029a4      0x204 ./RTD/src/IntCtrl_Ip.o
 .debug_abbrev  0x00002ba8      0x1a5 ./RTD/src/OsIf_Timer.o
 .debug_abbrev  0x00002d4d       0x29 ./RTD/src/OsIf_Timer_System.o
 .debug_abbrev  0x00002d76      0x1d0 ./RTD/src/Port.o
 .debug_abbrev  0x00002f46      0x1c6 ./RTD/src/Port_Ci_Port_Ip.o
 .debug_abbrev  0x0000310c      0x1c8 ./RTD/src/Port_Ipw.o
 .debug_abbrev  0x000032d4       0xcb ./RTD/src/SchM_Adc.o
 .debug_abbrev  0x0000339f       0xcb ./RTD/src/SchM_Dio.o
 .debug_abbrev  0x0000346a       0xcb ./RTD/src/SchM_Mcu.o
 .debug_abbrev  0x00003535       0xcb ./RTD/src/SchM_Port.o
 .debug_abbrev  0x00003600      0x167 ./board/Clock_Ip_Cfg.o
 .debug_abbrev  0x00003767      0x176 ./board/Clock_Ip_PBcfg.o
 .debug_abbrev  0x000038dd       0xd4 ./board/Port_Ci_Port_Ip_Cfg.o
 .debug_abbrev  0x000039b1       0xe8 ./generate/src/Adc_Ip_BOARD_InitPeripherals_PBcfg.o
 .debug_abbrev  0x00003a99       0xcd ./generate/src/Dio_Cfg.o
 .debug_abbrev  0x00003b66       0xe8 ./generate/src/IntCtrl_Ip_Cfg.o
 .debug_abbrev  0x00003c4e       0x29 ./generate/src/OsIf_Cfg.o
 .debug_abbrev  0x00003c77      0x14b ./generate/src/Port_BOARD_InitPeripherals_PBcfg.o
 .debug_abbrev  0x00003dc2       0xe3 ./generate/src/Port_Cfg.o
 .debug_abbrev  0x00003ea5       0xd0 ./generate/src/Port_Ci_Port_Ip_BOARD_InitPeripherals_PBcfg.o
 .debug_abbrev  0x00003f75      0x1f7 ./src/example1.o

.debug_aranges  0x00000000     0x13b8
 .debug_aranges
                0x00000000       0x28 ./Project_Settings/Startup_Code/exceptions.o
 .debug_aranges
                0x00000028       0x20 ./Project_Settings/Startup_Code/nvic.o
 .debug_aranges
                0x00000048       0x20 ./Project_Settings/Startup_Code/startup.o
 .debug_aranges
                0x00000068       0x20 ./Project_Settings/Startup_Code/startup_cm4.o
 .debug_aranges
                0x00000088       0x28 ./Project_Settings/Startup_Code/system.o
 .debug_aranges
                0x000000b0      0x160 ./RTD/src/Adc_Ip.o
 .debug_aranges
                0x00000210       0x28 ./RTD/src/Adc_Ip_Isr.o
 .debug_aranges
                0x00000238       0xa8 ./RTD/src/Clock_Ip.o
 .debug_aranges
                0x000002e0       0x18 ./RTD/src/Clock_Ip_Data.o
 .debug_aranges
                0x000002f8      0x100 ./RTD/src/Clock_Ip_Divider.o
 .debug_aranges
                0x000003f8       0x20 ./RTD/src/Clock_Ip_DividerTrigger.o
 .debug_aranges
                0x00000418       0x70 ./RTD/src/Clock_Ip_ExtOsc.o
 .debug_aranges
                0x00000488       0x28 ./RTD/src/Clock_Ip_FracDiv.o
 .debug_aranges
                0x000004b0       0x18 ./RTD/src/Clock_Ip_Frequency.o
 .debug_aranges
                0x000004c8       0xb8 ./RTD/src/Clock_Ip_Gate.o
 .debug_aranges
                0x00000580       0xf0 ./RTD/src/Clock_Ip_IntOsc.o
 .debug_aranges
                0x00000670       0x18 ./RTD/src/Clock_Ip_Irq.o
 .debug_aranges
                0x00000688       0x38 ./RTD/src/Clock_Ip_Monitor.o
 .debug_aranges
                0x000006c0       0x78 ./RTD/src/Clock_Ip_Pll.o
 .debug_aranges
                0x00000738       0x20 ./RTD/src/Clock_Ip_ProgFreqSwitch.o
 .debug_aranges
                0x00000758      0x150 ./RTD/src/Clock_Ip_Selector.o
 .debug_aranges
                0x000008a8       0x88 ./RTD/src/Clock_Ip_Specific.o
 .debug_aranges
                0x00000930       0x40 ./RTD/src/Det.o
 .debug_aranges
                0x00000970       0x48 ./RTD/src/Det_stub.o
 .debug_aranges
                0x000009b8       0x48 ./RTD/src/Dio.o
 .debug_aranges
                0x00000a00       0x48 ./RTD/src/Dio_Ipw.o
 .debug_aranges
                0x00000a48       0x58 ./RTD/src/Gpio_Dio_Ip.o
 .debug_aranges
                0x00000aa0       0xc0 ./RTD/src/IntCtrl_Ip.o
 .debug_aranges
                0x00000b60       0x68 ./RTD/src/OsIf_Timer.o
 .debug_aranges
                0x00000bc8       0x18 ./RTD/src/OsIf_Timer_System.o
 .debug_aranges
                0x00000be0       0x40 ./RTD/src/Port.o
 .debug_aranges
                0x00000c20       0x90 ./RTD/src/Port_Ci_Port_Ip.o
 .debug_aranges
                0x00000cb0       0x50 ./RTD/src/Port_Ipw.o
 .debug_aranges
                0x00000d00      0x460 ./RTD/src/SchM_Adc.o
 .debug_aranges
                0x00001160       0x40 ./RTD/src/SchM_Dio.o
 .debug_aranges
                0x000011a0       0x50 ./RTD/src/SchM_Mcu.o
 .debug_aranges
                0x000011f0       0xb0 ./RTD/src/SchM_Port.o
 .debug_aranges
                0x000012a0       0x18 ./board/Clock_Ip_Cfg.o
 .debug_aranges
                0x000012b8       0x18 ./board/Clock_Ip_PBcfg.o
 .debug_aranges
                0x000012d0       0x18 ./board/Port_Ci_Port_Ip_Cfg.o
 .debug_aranges
                0x000012e8       0x18 ./generate/src/Adc_Ip_BOARD_InitPeripherals_PBcfg.o
 .debug_aranges
                0x00001300       0x18 ./generate/src/Dio_Cfg.o
 .debug_aranges
                0x00001318       0x18 ./generate/src/IntCtrl_Ip_Cfg.o
 .debug_aranges
                0x00001330       0x18 ./generate/src/OsIf_Cfg.o
 .debug_aranges
                0x00001348       0x18 ./generate/src/Port_BOARD_InitPeripherals_PBcfg.o
 .debug_aranges
                0x00001360       0x18 ./generate/src/Port_Cfg.o
 .debug_aranges
                0x00001378       0x18 ./generate/src/Port_Ci_Port_Ip_BOARD_InitPeripherals_PBcfg.o
 .debug_aranges
                0x00001390       0x28 ./src/example1.o

.debug_ranges   0x00000000     0x1018
 .debug_ranges  0x00000000       0x18 ./Project_Settings/Startup_Code/exceptions.o
 .debug_ranges  0x00000018       0x18 ./Project_Settings/Startup_Code/system.o
 .debug_ranges  0x00000030      0x150 ./RTD/src/Adc_Ip.o
 .debug_ranges  0x00000180       0x18 ./RTD/src/Adc_Ip_Isr.o
 .debug_ranges  0x00000198       0x98 ./RTD/src/Clock_Ip.o
 .debug_ranges  0x00000230       0xf0 ./RTD/src/Clock_Ip_Divider.o
 .debug_ranges  0x00000320       0x10 ./RTD/src/Clock_Ip_DividerTrigger.o
 .debug_ranges  0x00000330       0x60 ./RTD/src/Clock_Ip_ExtOsc.o
 .debug_ranges  0x00000390       0x18 ./RTD/src/Clock_Ip_FracDiv.o
 .debug_ranges  0x000003a8       0xa8 ./RTD/src/Clock_Ip_Gate.o
 .debug_ranges  0x00000450       0xe0 ./RTD/src/Clock_Ip_IntOsc.o
 .debug_ranges  0x00000530       0x28 ./RTD/src/Clock_Ip_Monitor.o
 .debug_ranges  0x00000558       0x68 ./RTD/src/Clock_Ip_Pll.o
 .debug_ranges  0x000005c0       0x10 ./RTD/src/Clock_Ip_ProgFreqSwitch.o
 .debug_ranges  0x000005d0      0x140 ./RTD/src/Clock_Ip_Selector.o
 .debug_ranges  0x00000710       0x78 ./RTD/src/Clock_Ip_Specific.o
 .debug_ranges  0x00000788       0x30 ./RTD/src/Det.o
 .debug_ranges  0x000007b8       0x38 ./RTD/src/Det_stub.o
 .debug_ranges  0x000007f0       0x38 ./RTD/src/Dio.o
 .debug_ranges  0x00000828       0x38 ./RTD/src/Dio_Ipw.o
 .debug_ranges  0x00000860       0x48 ./RTD/src/Gpio_Dio_Ip.o
 .debug_ranges  0x000008a8       0xb0 ./RTD/src/IntCtrl_Ip.o
 .debug_ranges  0x00000958       0x58 ./RTD/src/OsIf_Timer.o
 .debug_ranges  0x000009b0       0x30 ./RTD/src/Port.o
 .debug_ranges  0x000009e0       0x80 ./RTD/src/Port_Ci_Port_Ip.o
 .debug_ranges  0x00000a60       0x40 ./RTD/src/Port_Ipw.o
 .debug_ranges  0x00000aa0      0x450 ./RTD/src/SchM_Adc.o
 .debug_ranges  0x00000ef0       0x30 ./RTD/src/SchM_Dio.o
 .debug_ranges  0x00000f20       0x40 ./RTD/src/SchM_Mcu.o
 .debug_ranges  0x00000f60       0xa0 ./RTD/src/SchM_Port.o
 .debug_ranges  0x00001000       0x18 ./src/example1.o

.debug_macro    0x00000000    0x1d74d
 .debug_macro   0x00000000      0x13f ./Project_Settings/Startup_Code/exceptions.o
 .debug_macro   0x0000013f      0xab4 ./Project_Settings/Startup_Code/exceptions.o
 .debug_macro   0x00000bf3       0x22 ./Project_Settings/Startup_Code/exceptions.o
 .debug_macro   0x00000c15       0x56 ./Project_Settings/Startup_Code/exceptions.o
 .debug_macro   0x00000c6b       0x51 ./Project_Settings/Startup_Code/exceptions.o
 .debug_macro   0x00000cbc       0xef ./Project_Settings/Startup_Code/exceptions.o
 .debug_macro   0x00000dab       0x6a ./Project_Settings/Startup_Code/exceptions.o
 .debug_macro   0x00000e15      0x1df ./Project_Settings/Startup_Code/exceptions.o
 .debug_macro   0x00000ff4       0x22 ./Project_Settings/Startup_Code/exceptions.o
 .debug_macro   0x00001016      0x16d ./Project_Settings/Startup_Code/exceptions.o
 .debug_macro   0x00001183       0x84 ./Project_Settings/Startup_Code/exceptions.o
 .debug_macro   0x00001207      0x98e ./Project_Settings/Startup_Code/exceptions.o
 .debug_macro   0x00001b95       0x3b ./Project_Settings/Startup_Code/exceptions.o
 .debug_macro   0x00001bd0       0xa2 ./Project_Settings/Startup_Code/exceptions.o
 .debug_macro   0x00001c72       0x69 ./Project_Settings/Startup_Code/exceptions.o
 .debug_macro   0x00001cdb       0x88 ./Project_Settings/Startup_Code/exceptions.o
 .debug_macro   0x00001d63       0xdf ./Project_Settings/Startup_Code/exceptions.o
 .debug_macro   0x00001e42      0x12b ./Project_Settings/Startup_Code/exceptions.o
 .debug_macro   0x00001f6d       0x16 ./Project_Settings/Startup_Code/exceptions.o
 .debug_macro   0x00001f83       0x67 ./Project_Settings/Startup_Code/exceptions.o
 .debug_macro   0x00001fea      0x130 ./Project_Settings/Startup_Code/exceptions.o
 .debug_macro   0x0000211a       0x88 ./Project_Settings/Startup_Code/exceptions.o
 .debug_macro   0x000021a2       0x58 ./Project_Settings/Startup_Code/exceptions.o
 .debug_macro   0x000021fa       0x7a ./Project_Settings/Startup_Code/exceptions.o
 .debug_macro   0x00002274      0x24c ./Project_Settings/Startup_Code/nvic.o
 .debug_macro   0x000024c0      0x533 ./Project_Settings/Startup_Code/nvic.o
 .debug_macro   0x000029f3      0x616 ./Project_Settings/Startup_Code/nvic.o
 .debug_macro   0x00003009      0x549 ./Project_Settings/Startup_Code/nvic.o
 .debug_macro   0x00003552      0x204 ./Project_Settings/Startup_Code/nvic.o
 .debug_macro   0x00003756     0x1421 ./Project_Settings/Startup_Code/nvic.o
 .debug_macro   0x00004b77       0x80 ./Project_Settings/Startup_Code/nvic.o
 .debug_macro   0x00004bf7       0xba ./Project_Settings/Startup_Code/nvic.o
 .debug_macro   0x00004cb1      0x12a ./Project_Settings/Startup_Code/nvic.o
 .debug_macro   0x00004ddb      0x108 ./Project_Settings/Startup_Code/nvic.o
 .debug_macro   0x00004ee3     0x1283 ./Project_Settings/Startup_Code/nvic.o
 .debug_macro   0x00006166      0x5a3 ./Project_Settings/Startup_Code/nvic.o
 .debug_macro   0x00006709      0x398 ./Project_Settings/Startup_Code/nvic.o
 .debug_macro   0x00006aa1     0x1889 ./Project_Settings/Startup_Code/nvic.o
 .debug_macro   0x0000832a      0x11e ./Project_Settings/Startup_Code/nvic.o
 .debug_macro   0x00008448      0x434 ./Project_Settings/Startup_Code/nvic.o
 .debug_macro   0x0000887c      0xdd9 ./Project_Settings/Startup_Code/nvic.o
 .debug_macro   0x00009655      0x402 ./Project_Settings/Startup_Code/nvic.o
 .debug_macro   0x00009a57      0x7ee ./Project_Settings/Startup_Code/nvic.o
 .debug_macro   0x0000a245      0x192 ./Project_Settings/Startup_Code/nvic.o
 .debug_macro   0x0000a3d7      0xc49 ./Project_Settings/Startup_Code/nvic.o
 .debug_macro   0x0000b020      0x6c1 ./Project_Settings/Startup_Code/nvic.o
 .debug_macro   0x0000b6e1      0x63f ./Project_Settings/Startup_Code/nvic.o
 .debug_macro   0x0000bd20      0x5a7 ./Project_Settings/Startup_Code/nvic.o
 .debug_macro   0x0000c2c7     0x1b4b ./Project_Settings/Startup_Code/nvic.o
 .debug_macro   0x0000de12      0x198 ./Project_Settings/Startup_Code/nvic.o
 .debug_macro   0x0000dfaa      0x322 ./Project_Settings/Startup_Code/nvic.o
 .debug_macro   0x0000e2cc      0x193 ./Project_Settings/Startup_Code/nvic.o
 .debug_macro   0x0000e45f      0x294 ./Project_Settings/Startup_Code/nvic.o
 .debug_macro   0x0000e6f3      0x610 ./Project_Settings/Startup_Code/nvic.o
 .debug_macro   0x0000ed03      0x31c ./Project_Settings/Startup_Code/nvic.o
 .debug_macro   0x0000f01f      0xb54 ./Project_Settings/Startup_Code/nvic.o
 .debug_macro   0x0000fb73      0x6d7 ./Project_Settings/Startup_Code/nvic.o
 .debug_macro   0x0001024a      0x762 ./Project_Settings/Startup_Code/nvic.o
 .debug_macro   0x000109ac      0x1b0 ./Project_Settings/Startup_Code/nvic.o
 .debug_macro   0x00010b5c      0x136 ./Project_Settings/Startup_Code/nvic.o
 .debug_macro   0x00010c92      0x144 ./Project_Settings/Startup_Code/nvic.o
 .debug_macro   0x00010dd6      0x256 ./Project_Settings/Startup_Code/nvic.o
 .debug_macro   0x0001102c       0x1c ./Project_Settings/Startup_Code/nvic.o
 .debug_macro   0x00011048       0xc8 ./Project_Settings/Startup_Code/startup.o
 .debug_macro   0x00011110      0x2df ./Project_Settings/Startup_Code/system.o
 .debug_macro   0x000113ef      0x539 ./Project_Settings/Startup_Code/system.o
 .debug_macro   0x00011928      0x2f3 ./RTD/src/Adc_Ip.o
 .debug_macro   0x00011c1b       0x46 ./RTD/src/Adc_Ip.o
 .debug_macro   0x00011c61       0x35 ./RTD/src/Adc_Ip.o
 .debug_macro   0x00011c96       0x50 ./RTD/src/Adc_Ip.o
 .debug_macro   0x00011ce6       0x50 ./RTD/src/Adc_Ip.o
 .debug_macro   0x00011d36       0x76 ./RTD/src/Adc_Ip.o
 .debug_macro   0x00011dac       0x2e ./RTD/src/Adc_Ip.o
 .debug_macro   0x00011dda       0x40 ./RTD/src/Adc_Ip.o
 .debug_macro   0x00011e1a       0x50 ./RTD/src/Adc_Ip.o
 .debug_macro   0x00011e6a       0x50 ./RTD/src/Adc_Ip.o
 .debug_macro   0x00011eba       0x50 ./RTD/src/Adc_Ip.o
 .debug_macro   0x00011f0a       0x50 ./RTD/src/Adc_Ip.o
 .debug_macro   0x00011f5a       0x2e ./RTD/src/Adc_Ip.o
 .debug_macro   0x00011f88       0x34 ./RTD/src/Adc_Ip.o
 .debug_macro   0x00011fbc       0x3a ./RTD/src/Adc_Ip.o
 .debug_macro   0x00011ff6       0x34 ./RTD/src/Adc_Ip.o
 .debug_macro   0x0001202a       0x50 ./RTD/src/Adc_Ip.o
 .debug_macro   0x0001207a       0x11 ./RTD/src/Adc_Ip.o
 .debug_macro   0x0001208b       0x50 ./RTD/src/Adc_Ip.o
 .debug_macro   0x000120db       0x50 ./RTD/src/Adc_Ip.o
 .debug_macro   0x0001212b       0x50 ./RTD/src/Adc_Ip.o
 .debug_macro   0x0001217b       0x50 ./RTD/src/Adc_Ip.o
 .debug_macro   0x000121cb       0x50 ./RTD/src/Adc_Ip.o
 .debug_macro   0x0001221b      0x1df ./RTD/src/Adc_Ip_Isr.o
 .debug_macro   0x000123fa      0x3fd ./RTD/src/Clock_Ip.o
 .debug_macro   0x000127f7      0x34c ./RTD/src/Clock_Ip.o
 .debug_macro   0x00012b43       0x8a ./RTD/src/Clock_Ip.o
 .debug_macro   0x00012bcd       0x34 ./RTD/src/Clock_Ip.o
 .debug_macro   0x00012c01       0x50 ./RTD/src/Clock_Ip.o
 .debug_macro   0x00012c51       0x50 ./RTD/src/Clock_Ip.o
 .debug_macro   0x00012ca1       0x46 ./RTD/src/Clock_Ip.o
 .debug_macro   0x00012ce7       0x34 ./RTD/src/Clock_Ip.o
 .debug_macro   0x00012d1b       0x50 ./RTD/src/Clock_Ip.o
 .debug_macro   0x00012d6b       0x50 ./RTD/src/Clock_Ip.o
 .debug_macro   0x00012dbb      0x75c ./RTD/src/Clock_Ip.o
 .debug_macro   0x00013517      0x1a1 ./RTD/src/Clock_Ip.o
 .debug_macro   0x000136b8       0x50 ./RTD/src/Clock_Ip.o
 .debug_macro   0x00013708       0x50 ./RTD/src/Clock_Ip.o
 .debug_macro   0x00013758       0x50 ./RTD/src/Clock_Ip.o
 .debug_macro   0x000137a8       0x50 ./RTD/src/Clock_Ip.o
 .debug_macro   0x000137f8       0x90 ./RTD/src/Clock_Ip.o
 .debug_macro   0x00013888       0x50 ./RTD/src/Clock_Ip.o
 .debug_macro   0x000138d8       0x50 ./RTD/src/Clock_Ip.o
 .debug_macro   0x00013928       0x50 ./RTD/src/Clock_Ip.o
 .debug_macro   0x00013978       0x50 ./RTD/src/Clock_Ip.o
 .debug_macro   0x000139c8       0x50 ./RTD/src/Clock_Ip.o
 .debug_macro   0x00013a18       0x50 ./RTD/src/Clock_Ip.o
 .debug_macro   0x00013a68       0x50 ./RTD/src/Clock_Ip.o
 .debug_macro   0x00013ab8       0x50 ./RTD/src/Clock_Ip.o
 .debug_macro   0x00013b08       0x50 ./RTD/src/Clock_Ip.o
 .debug_macro   0x00013b58       0x50 ./RTD/src/Clock_Ip.o
 .debug_macro   0x00013ba8      0x5e0 ./RTD/src/Clock_Ip_Data.o
 .debug_macro   0x00014188      0x38c ./RTD/src/Clock_Ip_Divider.o
 .debug_macro   0x00014514      0x384 ./RTD/src/Clock_Ip_DividerTrigger.o
 .debug_macro   0x00014898      0x388 ./RTD/src/Clock_Ip_ExtOsc.o
 .debug_macro   0x00014c20      0x384 ./RTD/src/Clock_Ip_FracDiv.o
 .debug_macro   0x00014fa4      0x2fe ./RTD/src/Clock_Ip_Frequency.o
 .debug_macro   0x000152a2      0x396 ./RTD/src/Clock_Ip_Gate.o
 .debug_macro   0x00015638      0x396 ./RTD/src/Clock_Ip_IntOsc.o
 .debug_macro   0x000159ce      0x347 ./RTD/src/Clock_Ip_Irq.o
 .debug_macro   0x00015d15      0x3af ./RTD/src/Clock_Ip_Monitor.o
 .debug_macro   0x000160c4       0x34 ./RTD/src/Clock_Ip_Monitor.o
 .debug_macro   0x000160f8       0x10 ./RTD/src/Clock_Ip_Monitor.o
 .debug_macro   0x00016108      0x388 ./RTD/src/Clock_Ip_Pll.o
 .debug_macro   0x00016490      0x3ac ./RTD/src/Clock_Ip_ProgFreqSwitch.o
 .debug_macro   0x0001683c      0x3a8 ./RTD/src/Clock_Ip_Selector.o
 .debug_macro   0x00016be4      0x409 ./RTD/src/Clock_Ip_Specific.o
 .debug_macro   0x00016fed      0x274 ./RTD/src/Det.o
 .debug_macro   0x00017261       0x40 ./RTD/src/Det.o
 .debug_macro   0x000172a1       0x50 ./RTD/src/Det.o
 .debug_macro   0x000172f1       0x50 ./RTD/src/Det.o
 .debug_macro   0x00017341       0x50 ./RTD/src/Det.o
 .debug_macro   0x00017391       0x50 ./RTD/src/Det.o
 .debug_macro   0x000173e1       0x50 ./RTD/src/Det.o
 .debug_macro   0x00017431       0x50 ./RTD/src/Det.o
 .debug_macro   0x00017481      0x22d ./RTD/src/Det_stub.o
 .debug_macro   0x000176ae      0x290 ./RTD/src/Dio.o
 .debug_macro   0x0001793e       0xb7 ./RTD/src/Dio.o
 .debug_macro   0x000179f5       0x50 ./RTD/src/Dio.o
 .debug_macro   0x00017a45       0x50 ./RTD/src/Dio.o
 .debug_macro   0x00017a95       0xa8 ./RTD/src/Dio.o
 .debug_macro   0x00017b3d       0x50 ./RTD/src/Dio.o
 .debug_macro   0x00017b8d       0x50 ./RTD/src/Dio.o
 .debug_macro   0x00017bdd       0x34 ./RTD/src/Dio.o
 .debug_macro   0x00017c11       0x4d ./RTD/src/Dio.o
 .debug_macro   0x00017c5e       0x50 ./RTD/src/Dio.o
 .debug_macro   0x00017cae       0x50 ./RTD/src/Dio.o
 .debug_macro   0x00017cfe       0x41 ./RTD/src/Dio.o
 .debug_macro   0x00017d3f       0x50 ./RTD/src/Dio.o
 .debug_macro   0x00017d8f       0x50 ./RTD/src/Dio.o
 .debug_macro   0x00017ddf      0x1e0 ./RTD/src/Dio_Ipw.o
 .debug_macro   0x00017fbf       0xb1 ./RTD/src/Dio_Ipw.o
 .debug_macro   0x00018070      0x118 ./RTD/src/Dio_Ipw.o
 .debug_macro   0x00018188      0x1ce ./RTD/src/Gpio_Dio_Ip.o
 .debug_macro   0x00018356       0x34 ./RTD/src/Gpio_Dio_Ip.o
 .debug_macro   0x0001838a       0x10 ./RTD/src/Gpio_Dio_Ip.o
 .debug_macro   0x0001839a      0x384 ./RTD/src/IntCtrl_Ip.o
 .debug_macro   0x0001871e       0x1c ./RTD/src/IntCtrl_Ip.o
 .debug_macro   0x0001873a       0x6a ./RTD/src/IntCtrl_Ip.o
 .debug_macro   0x000187a4       0x1c ./RTD/src/IntCtrl_Ip.o
 .debug_macro   0x000187c0       0x22 ./RTD/src/IntCtrl_Ip.o
 .debug_macro   0x000187e2       0x50 ./RTD/src/IntCtrl_Ip.o
 .debug_macro   0x00018832       0x50 ./RTD/src/IntCtrl_Ip.o
 .debug_macro   0x00018882       0x34 ./RTD/src/IntCtrl_Ip.o
 .debug_macro   0x000188b6       0x22 ./RTD/src/IntCtrl_Ip.o
 .debug_macro   0x000188d8       0x50 ./RTD/src/IntCtrl_Ip.o
 .debug_macro   0x00018928       0x50 ./RTD/src/IntCtrl_Ip.o
 .debug_macro   0x00018978      0x1f1 ./RTD/src/OsIf_Timer.o
 .debug_macro   0x00018b69       0x71 ./RTD/src/OsIf_Timer.o
 .debug_macro   0x00018bda      0x182 ./RTD/src/OsIf_Timer_System.o
 .debug_macro   0x00018d5c       0x3a ./RTD/src/OsIf_Timer_System.o
 .debug_macro   0x00018d96      0x3c4 ./RTD/src/Port.o
 .debug_macro   0x0001915a       0x3a ./RTD/src/Port.o
 .debug_macro   0x00019194       0x50 ./RTD/src/Port.o
 .debug_macro   0x000191e4       0x10 ./RTD/src/Port.o
 .debug_macro   0x000191f4       0x50 ./RTD/src/Port.o
 .debug_macro   0x00019244       0x46 ./RTD/src/Port.o
 .debug_macro   0x0001928a       0x3a ./RTD/src/Port.o
 .debug_macro   0x000192c4      0xdc5 ./RTD/src/Port.o
 .debug_macro   0x0001a089       0x50 ./RTD/src/Port.o
 .debug_macro   0x0001a0d9       0x50 ./RTD/src/Port.o
 .debug_macro   0x0001a129       0x3a ./RTD/src/Port.o
 .debug_macro   0x0001a163       0x3a ./RTD/src/Port.o
 .debug_macro   0x0001a19d       0x35 ./RTD/src/Port.o
 .debug_macro   0x0001a1d2       0x50 ./RTD/src/Port.o
 .debug_macro   0x0001a222       0x50 ./RTD/src/Port.o
 .debug_macro   0x0001a272       0x12 ./RTD/src/Port.o
 .debug_macro   0x0001a284       0x50 ./RTD/src/Port.o
 .debug_macro   0x0001a2d4       0x50 ./RTD/src/Port.o
 .debug_macro   0x0001a324       0x59 ./RTD/src/Port.o
 .debug_macro   0x0001a37d       0xb2 ./RTD/src/Port.o
 .debug_macro   0x0001a42f       0x50 ./RTD/src/Port.o
 .debug_macro   0x0001a47f       0x50 ./RTD/src/Port.o
 .debug_macro   0x0001a4cf      0x27c ./RTD/src/Port_Ci_Port_Ip.o
 .debug_macro   0x0001a74b      0x1fe ./RTD/src/Port_Ci_Port_Ip.o
 .debug_macro   0x0001a949       0x3a ./RTD/src/Port_Ci_Port_Ip.o
 .debug_macro   0x0001a983      0x34b ./RTD/src/Port_Ipw.o
 .debug_macro   0x0001acce       0x50 ./RTD/src/Port_Ipw.o
 .debug_macro   0x0001ad1e       0x50 ./RTD/src/Port_Ipw.o
 .debug_macro   0x0001ad6e      0x230 ./RTD/src/SchM_Adc.o
 .debug_macro   0x0001af9e       0x50 ./RTD/src/SchM_Adc.o
 .debug_macro   0x0001afee       0x50 ./RTD/src/SchM_Adc.o
 .debug_macro   0x0001b03e      0x22d ./RTD/src/SchM_Dio.o
 .debug_macro   0x0001b26b      0x22e ./RTD/src/SchM_Mcu.o
 .debug_macro   0x0001b499      0x232 ./RTD/src/SchM_Port.o
 .debug_macro   0x0001b6cb      0x352 ./board/Clock_Ip_Cfg.o
 .debug_macro   0x0001ba1d      0x352 ./board/Clock_Ip_PBcfg.o
 .debug_macro   0x0001bd6f      0x13c ./board/Port_Ci_Port_Ip_Cfg.o
 .debug_macro   0x0001beab      0x211 ./generate/src/Adc_Ip_BOARD_InitPeripherals_PBcfg.o
 .debug_macro   0x0001c0bc       0x3a ./generate/src/Adc_Ip_BOARD_InitPeripherals_PBcfg.o
 .debug_macro   0x0001c0f6      0x1f9 ./generate/src/Dio_Cfg.o
 .debug_macro   0x0001c2ef      0x2b9 ./generate/src/IntCtrl_Ip_Cfg.o
 .debug_macro   0x0001c5a8      0x136 ./generate/src/OsIf_Cfg.o
 .debug_macro   0x0001c6de      0x368 ./generate/src/Port_BOARD_InitPeripherals_PBcfg.o
 .debug_macro   0x0001ca46       0x50 ./generate/src/Port_BOARD_InitPeripherals_PBcfg.o
 .debug_macro   0x0001ca96       0x50 ./generate/src/Port_BOARD_InitPeripherals_PBcfg.o
 .debug_macro   0x0001cae6       0x50 ./generate/src/Port_BOARD_InitPeripherals_PBcfg.o
 .debug_macro   0x0001cb36       0x50 ./generate/src/Port_BOARD_InitPeripherals_PBcfg.o
 .debug_macro   0x0001cb86       0x50 ./generate/src/Port_BOARD_InitPeripherals_PBcfg.o
 .debug_macro   0x0001cbd6       0x50 ./generate/src/Port_BOARD_InitPeripherals_PBcfg.o
 .debug_macro   0x0001cc26      0x300 ./generate/src/Port_Cfg.o
 .debug_macro   0x0001cf26      0x1dd ./generate/src/Port_Ci_Port_Ip_BOARD_InitPeripherals_PBcfg.o
 .debug_macro   0x0001d103      0x628 ./src/example1.o
 .debug_macro   0x0001d72b       0x22 ./src/example1.o

.debug_line     0x00000000    0x15c3e
 .debug_line    0x00000000      0x53d ./Project_Settings/Startup_Code/exceptions.o
 .debug_line    0x0000053d      0x756 ./Project_Settings/Startup_Code/nvic.o
 .debug_line    0x00000c93      0x415 ./Project_Settings/Startup_Code/startup.o
 .debug_line    0x000010a8       0xb6 ./Project_Settings/Startup_Code/startup_cm4.o
 .debug_line    0x0000115e      0x8c4 ./Project_Settings/Startup_Code/system.o
 .debug_line    0x00001a22      0xc3f ./RTD/src/Adc_Ip.o
 .debug_line    0x00002661      0x54a ./RTD/src/Adc_Ip_Isr.o
 .debug_line    0x00002bab      0xe46 ./RTD/src/Clock_Ip.o
 .debug_line    0x000039f1      0x601 ./RTD/src/Clock_Ip_Data.o
 .debug_line    0x00003ff2      0x854 ./RTD/src/Clock_Ip_Divider.o
 .debug_line    0x00004846      0x61e ./RTD/src/Clock_Ip_DividerTrigger.o
 .debug_line    0x00004e64      0x713 ./RTD/src/Clock_Ip_ExtOsc.o
 .debug_line    0x00005577      0x61e ./RTD/src/Clock_Ip_FracDiv.o
 .debug_line    0x00005b95      0x606 ./RTD/src/Clock_Ip_Frequency.o
 .debug_line    0x0000619b      0x767 ./RTD/src/Clock_Ip_Gate.o
 .debug_line    0x00006902      0x947 ./RTD/src/Clock_Ip_IntOsc.o
 .debug_line    0x00007249      0x600 ./RTD/src/Clock_Ip_Irq.o
 .debug_line    0x00007849      0x640 ./RTD/src/Clock_Ip_Monitor.o
 .debug_line    0x00007e89      0x6fc ./RTD/src/Clock_Ip_Pll.o
 .debug_line    0x00008585      0x61e ./RTD/src/Clock_Ip_ProgFreqSwitch.o
 .debug_line    0x00008ba3      0x933 ./RTD/src/Clock_Ip_Selector.o
 .debug_line    0x000094d6      0xcce ./RTD/src/Clock_Ip_Specific.o
 .debug_line    0x0000a1a4      0x541 ./RTD/src/Det.o
 .debug_line    0x0000a6e5      0x77d ./RTD/src/Det_stub.o
 .debug_line    0x0000ae62      0x568 ./RTD/src/Dio.o
 .debug_line    0x0000b3ca      0x554 ./RTD/src/Dio_Ipw.o
 .debug_line    0x0000b91e      0x528 ./RTD/src/Gpio_Dio_Ip.o
 .debug_line    0x0000be46      0xa12 ./RTD/src/IntCtrl_Ip.o
 .debug_line    0x0000c858      0x57e ./RTD/src/OsIf_Timer.o
 .debug_line    0x0000cdd6      0x4ea ./RTD/src/OsIf_Timer_System.o
 .debug_line    0x0000d2c0      0x7af ./RTD/src/Port.o
 .debug_line    0x0000da6f      0x892 ./RTD/src/Port_Ci_Port_Ip.o
 .debug_line    0x0000e301      0x9da ./RTD/src/Port_Ipw.o
 .debug_line    0x0000ecdb     0x17af ./RTD/src/SchM_Adc.o
 .debug_line    0x0001048a      0x5a3 ./RTD/src/SchM_Dio.o
 .debug_line    0x00010a2d      0x5e9 ./RTD/src/SchM_Mcu.o
 .debug_line    0x00011016      0x78f ./RTD/src/SchM_Port.o
 .debug_line    0x000117a5      0x610 ./board/Clock_Ip_Cfg.o
 .debug_line    0x00011db5      0x614 ./board/Clock_Ip_PBcfg.o
 .debug_line    0x000123c9      0x4f1 ./board/Port_Ci_Port_Ip_Cfg.o
 .debug_line    0x000128ba      0x568 ./generate/src/Adc_Ip_BOARD_InitPeripherals_PBcfg.o
 .debug_line    0x00012e22      0x4cb ./generate/src/Dio_Cfg.o
 .debug_line    0x000132ed      0x73e ./generate/src/IntCtrl_Ip_Cfg.o
 .debug_line    0x00013a2b      0x47f ./generate/src/OsIf_Cfg.o
 .debug_line    0x00013eaa      0x65d ./generate/src/Port_BOARD_InitPeripherals_PBcfg.o
 .debug_line    0x00014507      0x645 ./generate/src/Port_Cfg.o
 .debug_line    0x00014b4c      0x5ac ./generate/src/Port_Ci_Port_Ip_BOARD_InitPeripherals_PBcfg.o
 .debug_line    0x000150f8      0xb46 ./src/example1.o

.debug_str      0x00000000    0x837a4
 .debug_str     0x00000000     0x7e85 ./Project_Settings/Startup_Code/exceptions.o
                               0x8055 (size before relaxing)
 .debug_str     0x00007e85    0x6377c ./Project_Settings/Startup_Code/nvic.o
                              0x6a217 (size before relaxing)
 .debug_str     0x0006b601       0xe3 ./Project_Settings/Startup_Code/startup.o
                               0x5fc2 (size before relaxing)
 .debug_str     0x0006b6e4       0x3b ./Project_Settings/Startup_Code/startup_cm4.o
                                 0xb6 (size before relaxing)
 .debug_str     0x0006b71f      0x2a3 ./Project_Settings/Startup_Code/system.o
                              0x6b860 (size before relaxing)
 .debug_str     0x0006b9c2     0x1f64 ./RTD/src/Adc_Ip.o
                               0xf1fb (size before relaxing)
 .debug_str     0x0006d926      0x121 ./RTD/src/Adc_Ip_Isr.o
                               0xe3cd (size before relaxing)
 .debug_str     0x0006da47     0x3bf1 ./RTD/src/Clock_Ip.o
                              0x13c1c (size before relaxing)
 .debug_str     0x00071638      0x6be ./RTD/src/Clock_Ip_Data.o
                              0x138a6 (size before relaxing)
 .debug_str     0x00071cf6      0x48a ./RTD/src/Clock_Ip_Divider.o
                              0x136dc (size before relaxing)
 .debug_str     0x00072180      0x192 ./RTD/src/Clock_Ip_DividerTrigger.o
                              0x13313 (size before relaxing)
 .debug_str     0x00072312      0x21d ./RTD/src/Clock_Ip_ExtOsc.o
                              0x135b0 (size before relaxing)
 .debug_str     0x0007252f      0x179 ./RTD/src/Clock_Ip_FracDiv.o
                              0x132fa (size before relaxing)
 .debug_str     0x000726a8       0x20 ./RTD/src/Clock_Ip_Frequency.o
                              0x1319a (size before relaxing)
 .debug_str     0x000726c8      0x387 ./RTD/src/Clock_Ip_Gate.o
                              0x135e9 (size before relaxing)
 .debug_str     0x00072a4f      0x39b ./RTD/src/Clock_Ip_IntOsc.o
                              0x1374e (size before relaxing)
 .debug_str     0x00072dea      0x11d ./RTD/src/Clock_Ip_Irq.o
                              0x13297 (size before relaxing)
 .debug_str     0x00072f07      0x272 ./RTD/src/Clock_Ip_Monitor.o
                              0x13579 (size before relaxing)
 .debug_str     0x00073179      0x204 ./RTD/src/Clock_Ip_Pll.o
                              0x135b7 (size before relaxing)
 .debug_str     0x0007337d      0x19a ./RTD/src/Clock_Ip_ProgFreqSwitch.o
                              0x1331b (size before relaxing)
 .debug_str     0x00073517      0x5d0 ./RTD/src/Clock_Ip_Selector.o
                              0x138c0 (size before relaxing)
 .debug_str     0x00073ae7      0x588 ./RTD/src/Clock_Ip_Specific.o
                              0x13be2 (size before relaxing)
 .debug_str     0x0007406f      0x5b2 ./RTD/src/Det.o
                               0x8909 (size before relaxing)
 .debug_str     0x00074621       0xc1 ./RTD/src/Det_stub.o
                               0x889b (size before relaxing)
 .debug_str     0x000746e2      0xf7b ./RTD/src/Dio.o
                               0x98e9 (size before relaxing)
 .debug_str     0x0007565d      0x1ec ./RTD/src/Dio_Ipw.o
                               0x76ec (size before relaxing)
 .debug_str     0x00075849      0x2de ./RTD/src/Gpio_Dio_Ip.o
                               0x72e5 (size before relaxing)
 .debug_str     0x00075b27     0x16d2 ./RTD/src/IntCtrl_Ip.o
                              0x6cdac (size before relaxing)
 .debug_str     0x000771f9      0x44a ./RTD/src/OsIf_Timer.o
                               0x7e2c (size before relaxing)
 .debug_str     0x00077643      0x14c ./RTD/src/OsIf_Timer_System.o
                               0x7d18 (size before relaxing)
 .debug_str     0x0007778f     0x63c3 ./RTD/src/Port.o
                              0x10381 (size before relaxing)
 .debug_str     0x0007db52     0x1864 ./RTD/src/Port_Ci_Port_Ip.o
                               0xb8e8 (size before relaxing)
 .debug_str     0x0007f3b6      0x34f ./RTD/src/Port_Ipw.o
                              0x100dc (size before relaxing)
 .debug_str     0x0007f705     0x2607 ./RTD/src/SchM_Adc.o