Adc_Ip_HwAccess.h:70:20:Adc_HwAcc_SetSC2Reg	24	static
Adc_Ip_HwAccess.h:79:20:Adc_HwAcc_SetClock	24	static
Adc_Ip_HwAccess.h:89:35:Adc_HwAcc_GetClockDivide	16	static
Adc_Ip_HwAccess.h:114:36:Adc_HwAcc_GetInputClock	16	static
Adc_Ip_HwAccess.h:139:20:Adc_HwAcc_SetSampleTime	16	static
Adc_Ip_HwAccess.h:150:20:Adc_HwAcc_SetAveraging	24	static
Adc_Ip_HwAccess.h:160:36:Adc_HwAcc_GetAverageSelect	16	static
Adc_Ip_HwAccess.h:185:20:Adc_HwAcc_SetTriggerMode	16	static
Adc_Ip_HwAccess.h:194:31:Adc_HwAcc_GetTriggerMode	16	static
Adc_Ip_HwAccess.h:205:20:Adc_HwAcc_SetChannel	24	static
Adc_Ip_HwAccess.h:215:20:Adc_HwAcc_SetUserGainAndOffset	8	static
Adc_Ip_HwAccess.h:233:23:Adc_HwAcc_GetAIEN	8	static
Adc_Ip_HwAccess.h:239:23:Adc_HwAcc_GetCOCO	8	static
Adc_Ip_HwAccess.h:245:22:Adc_HwAcc_GetData	16	static
Adc_Ip.c:201:20:Adc_DoCalibration_SetParams	24	static
Adc_Ip.c:232:6:Adc_Ip_Init	32	static
Adc_Ip.c:318:6:Adc_Ip_DeInit	272	static
Adc_Ip.c:384:6:Adc_Ip_SetAveraging	32	static
Adc_Ip.c:404:6:Adc_Ip_SetSampleTime	24	static
Adc_Ip.c:424:6:Adc_Ip_EnableDma	24	static
Adc_Ip.c:444:6:Adc_Ip_DisableDma	24	static
Adc_Ip.c:464:6:Adc_Ip_SetTriggerMode	24	static
Adc_Ip.c:485:6:Adc_Ip_SetContinuousMode	24	static
Adc_Ip.c:508:6:Adc_Ip_SetResolution	24	static
Adc_Ip.c:531:6:Adc_Ip_SetClockMode	24	static
Adc_Ip.c:568:6:Adc_Ip_ConfigChannel	24	static
Adc_Ip.c:616:19:Adc_Ip_SetDisabledChannel	40	static
Adc_Ip.c:661:6:Adc_Ip_StartConversion	32	static
Adc_Ip.c:682:9:Adc_Ip_GetConvActiveFlag	16	static
Adc_Ip.c:704:9:Adc_Ip_GetChanInterrupt	24	static
Adc_Ip.c:725:9:Adc_Ip_GetConvCompleteFlag	24	static
Adc_Ip.c:748:8:Adc_Ip_GetConvData	24	static
Adc_Ip.c:769:19:Adc_Ip_DoCalibration	80	static
Adc_Ip.c:851:19:Adc_Ip_ClearLatchedTriggers	40	static
Adc_Ip.c:890:6:Adc_Ip_EnableChannelNotification	24	static
Adc_Ip.c:911:6:Adc_Ip_DisableChannelNotification	24	static
Adc_Ip.c:932:6:Adc_Ip_ClearTrigErrReg	24	static
Adc_Ip.c:953:8:Adc_Ip_GetTrigErrReg	16	static
Adc_Ip.c:972:8:Adc_Ip_GetDataAddress	8	static
Adc_Ip.c:995:19:Adc_Ip_GetChanData	32	static
Adc_Ip.c:1070:6:Adc_Ip_IRQHandler	32	static
