13:53:56 **** Incremental Build of configuration SPI_BMS_main for project G2B_SPI_BMS ****
make -j8 all 
Building file: ../generate/src/Lpspi_Ip_BOARD_InitPeripherals_PBcfg.c
Invoking: Standard S32DS C Compiler
arm-none-eabi-gcc "@generate/src/Clock_Ip_BOARD_InitPeripherals_PBcfg.args" -MMD -MP -MF"generate/src/Lpspi_Ip_BOARD_InitPeripherals_PBcfg.d" -MT"generate/src/Lpspi_Ip_BOARD_InitPeripherals_PBcfg.o" -o "generate/src/Lpspi_Ip_BOARD_InitPeripherals_PBcfg.o" "../generate/src/Lpspi_Ip_BOARD_InitPeripherals_PBcfg.c"
Finished building: ../generate/src/Lpspi_Ip_BOARD_InitPeripherals_PBcfg.c
 
Building target: G2B_SPI_BMS.elf
Invoking: Standard S32DS C Linker
arm-none-eabi-gcc -o "G2B_SPI_BMS.elf" "@G2B_SPI_BMS.args"  
Finished building target: G2B_SPI_BMS.elf
 
Invoking: Standard S32DS Print Size
arm-none-eabi-size --format=berkeley G2B_SPI_BMS.elf
   text	   data	    bss	    dec	    hex	filename
  54300	     92	   6524	  60916	   edf4	G2B_SPI_BMS.elf
Finished building: G2B_SPI_BMS.siz
 

13:53:58 Build Finished. 0 errors, 0 warnings. (took 1s.317ms)

