12:23:02 **** Build of configuration SPI_BMS_main for project G2B_SPI_BMS ****
make -j8 all 
Building file: ../src/main.c
Building file: ../generate/src/Clock_Ip_BOARD_InitPeripherals_PBcfg.c
Building file: ../generate/src/Clock_Ip_Cfg.c
Building file: ../generate/src/Dio_Cfg.c
Invoking: Standard S32DS C Compiler
arm-none-eabi-gcc "@src/main.args" -MMD -MP -MF"src/main.d" -MT"src/main.o" -o "src/main.o" "../src/main.c"
Invoking: Standard S32DS C Compiler
arm-none-eabi-gcc "@generate/src/Clock_Ip_BOARD_InitPeripherals_PBcfg.args" -MMD -MP -MF"generate/src/Dio_Cfg.d" -MT"generate/src/Dio_Cfg.o" -o "generate/src/Dio_Cfg.o" "../generate/src/Dio_Cfg.c"
Invoking: Standard S32DS C Compiler
Invoking: Standard S32DS C Compiler
arm-none-eabi-gcc "@generate/src/Clock_Ip_BOARD_InitPeripherals_PBcfg.args" -MMD -MP -MF"generate/src/Clock_Ip_BOARD_InitPeripherals_PBcfg.d" -MT"generate/src/Clock_Ip_BOARD_InitPeripherals_PBcfg.o" -o "generate/src/Clock_Ip_BOARD_InitPeripherals_PBcfg.o" "../generate/src/Clock_Ip_BOARD_InitPeripherals_PBcfg.c"
arm-none-eabi-gcc "@generate/src/Clock_Ip_BOARD_InitPeripherals_PBcfg.args" -MMD -MP -MF"generate/src/Clock_Ip_Cfg.d" -MT"generate/src/Clock_Ip_Cfg.o" -o "generate/src/Clock_Ip_Cfg.o" "../generate/src/Clock_Ip_Cfg.c"
Building file: ../generate/src/Flexio_Spi_Ip_BOARD_InitPeripherals_PBcfg.c
Building file: ../generate/src/Lpspi_Ip_BOARD_InitPeripherals_PBcfg.c
Building file: ../generate/src/Mcu_BOARD_InitPeripherals_PBcfg.c
Invoking: Standard S32DS C Compiler
Invoking: Standard S32DS C Compiler
arm-none-eabi-gcc "@generate/src/Clock_Ip_BOARD_InitPeripherals_PBcfg.args" -MMD -MP -MF"generate/src/Flexio_Spi_Ip_BOARD_InitPeripherals_PBcfg.d" -MT"generate/src/Flexio_Spi_Ip_BOARD_InitPeripherals_PBcfg.o" -o "generate/src/Flexio_Spi_Ip_BOARD_InitPeripherals_PBcfg.o" "../generate/src/Flexio_Spi_Ip_BOARD_InitPeripherals_PBcfg.c"
arm-none-eabi-gcc "@generate/src/Clock_Ip_BOARD_InitPeripherals_PBcfg.args" -MMD -MP -MF"generate/src/Mcu_BOARD_InitPeripherals_PBcfg.d" -MT"generate/src/Mcu_BOARD_InitPeripherals_PBcfg.o" -o "generate/src/Mcu_BOARD_InitPeripherals_PBcfg.o" "../generate/src/Mcu_BOARD_InitPeripherals_PBcfg.c"
Invoking: Standard S32DS C Compiler
arm-none-eabi-gcc "@generate/src/Clock_Ip_BOARD_InitPeripherals_PBcfg.args" -MMD -MP -MF"generate/src/Lpspi_Ip_BOARD_InitPeripherals_PBcfg.d" -MT"generate/src/Lpspi_Ip_BOARD_InitPeripherals_PBcfg.o" -o "generate/src/Lpspi_Ip_BOARD_InitPeripherals_PBcfg.o" "../generate/src/Lpspi_Ip_BOARD_InitPeripherals_PBcfg.c"
Building file: ../generate/src/Mcu_Cfg.c
../src/main.c: In function 'main':
../src/main.c:47:17: warning: unused variable 'check_1' [-Wunused-variable]
   47 |  Std_ReturnType check_1 = Spi_SyncTransmit(0);
      |                 ^~~~~~~
../src/main.c:46:17: warning: unused variable 'check' [-Wunused-variable]
   46 |  Std_ReturnType check = Spi_WriteIB(0, &temp_var);
      |                 ^~~~~
Invoking: Standard S32DS C Compiler
arm-none-eabi-gcc "@generate/src/Clock_Ip_BOARD_InitPeripherals_PBcfg.args" -MMD -MP -MF"generate/src/Mcu_Cfg.d" -MT"generate/src/Mcu_Cfg.o" -o "generate/src/Mcu_Cfg.o" "../generate/src/Mcu_Cfg.c"
Finished building: ../generate/src/Clock_Ip_BOARD_InitPeripherals_PBcfg.c
Finished building: ../generate/src/Mcu_Cfg.c
Finished building: ../src/main.c
Finished building: ../generate/src/Dio_Cfg.c
Finished building: ../generate/src/Clock_Ip_Cfg.c
 
 
 
 
 
Finished building: ../generate/src/Mcu_BOARD_InitPeripherals_PBcfg.c
Finished building: ../generate/src/Flexio_Spi_Ip_BOARD_InitPeripherals_PBcfg.c
Finished building: ../generate/src/Lpspi_Ip_BOARD_InitPeripherals_PBcfg.c
Building file: ../generate/src/OsIf_Cfg.c
Building file: ../generate/src/Port_BOARD_InitPeripherals_PBcfg.c
 
 
 
Invoking: Standard S32DS C Compiler
Invoking: Standard S32DS C Compiler
arm-none-eabi-gcc "@generate/src/Clock_Ip_BOARD_InitPeripherals_PBcfg.args" -MMD -MP -MF"generate/src/OsIf_Cfg.d" -MT"generate/src/OsIf_Cfg.o" -o "generate/src/OsIf_Cfg.o" "../generate/src/OsIf_Cfg.c"
arm-none-eabi-gcc "@generate/src/Clock_Ip_BOARD_InitPeripherals_PBcfg.args" -MMD -MP -MF"generate/src/Port_BOARD_InitPeripherals_PBcfg.d" -MT"generate/src/Port_BOARD_InitPeripherals_PBcfg.o" -o "generate/src/Port_BOARD_InitPeripherals_PBcfg.o" "../generate/src/Port_BOARD_InitPeripherals_PBcfg.c"
Building file: ../generate/src/Port_Cfg.c
Building file: ../generate/src/Port_Ci_Port_Ip_BOARD_InitPeripherals_PBcfg.c
Building file: ../generate/src/Power_Ip_BOARD_InitPeripherals_PBcfg.c
Invoking: Standard S32DS C Compiler
Invoking: Standard S32DS C Compiler
arm-none-eabi-gcc "@generate/src/Clock_Ip_BOARD_InitPeripherals_PBcfg.args" -MMD -MP -MF"generate/src/Port_Cfg.d" -MT"generate/src/Port_Cfg.o" -o "generate/src/Port_Cfg.o" "../generate/src/Port_Cfg.c"
Building file: ../generate/src/Power_Ip_Cfg.c
Invoking: Standard S32DS C Compiler
arm-none-eabi-gcc "@generate/src/Clock_Ip_BOARD_InitPeripherals_PBcfg.args" -MMD -MP -MF"generate/src/Power_Ip_BOARD_InitPeripherals_PBcfg.d" -MT"generate/src/Power_Ip_BOARD_InitPeripherals_PBcfg.o" -o "generate/src/Power_Ip_BOARD_InitPeripherals_PBcfg.o" "../generate/src/Power_Ip_BOARD_InitPeripherals_PBcfg.c"
Building file: ../generate/src/Ram_Ip_BOARD_InitPeripherals_PBcfg.c
Invoking: Standard S32DS C Compiler
arm-none-eabi-gcc "@generate/src/Clock_Ip_BOARD_InitPeripherals_PBcfg.args" -MMD -MP -MF"generate/src/Port_Ci_Port_Ip_BOARD_InitPeripherals_PBcfg.d" -MT"generate/src/Port_Ci_Port_Ip_BOARD_InitPeripherals_PBcfg.o" -o "generate/src/Port_Ci_Port_Ip_BOARD_InitPeripherals_PBcfg.o" "../generate/src/Port_Ci_Port_Ip_BOARD_InitPeripherals_PBcfg.c"
arm-none-eabi-gcc "@generate/src/Clock_Ip_BOARD_InitPeripherals_PBcfg.args" -MMD -MP -MF"generate/src/Power_Ip_Cfg.d" -MT"generate/src/Power_Ip_Cfg.o" -o "generate/src/Power_Ip_Cfg.o" "../generate/src/Power_Ip_Cfg.c"
Invoking: Standard S32DS C Compiler
arm-none-eabi-gcc "@generate/src/Clock_Ip_BOARD_InitPeripherals_PBcfg.args" -MMD -MP -MF"generate/src/Ram_Ip_BOARD_InitPeripherals_PBcfg.d" -MT"generate/src/Ram_Ip_BOARD_InitPeripherals_PBcfg.o" -o "generate/src/Ram_Ip_BOARD_InitPeripherals_PBcfg.o" "../generate/src/Ram_Ip_BOARD_InitPeripherals_PBcfg.c"
Building file: ../generate/src/Ram_Ip_Cfg.c
Finished building: ../generate/src/OsIf_Cfg.c
Invoking: Standard S32DS C Compiler
 
arm-none-eabi-gcc "@generate/src/Clock_Ip_BOARD_InitPeripherals_PBcfg.args" -MMD -MP -MF"generate/src/Ram_Ip_Cfg.d" -MT"generate/src/Ram_Ip_Cfg.o" -o "generate/src/Ram_Ip_Cfg.o" "../generate/src/Ram_Ip_Cfg.c"
Building file: ../generate/src/Spi_BOARD_InitPeripherals_PBcfg.c
Finished building: ../generate/src/Port_BOARD_InitPeripherals_PBcfg.c
Invoking: Standard S32DS C Compiler
Finished building: ../generate/src/Power_Ip_BOARD_InitPeripherals_PBcfg.c
Finished building: ../generate/src/Port_Ci_Port_Ip_BOARD_InitPeripherals_PBcfg.c
Finished building: ../generate/src/Port_Cfg.c
Finished building: ../generate/src/Ram_Ip_BOARD_InitPeripherals_PBcfg.c
 
arm-none-eabi-gcc "@generate/src/Clock_Ip_BOARD_InitPeripherals_PBcfg.args" -MMD -MP -MF"generate/src/Spi_BOARD_InitPeripherals_PBcfg.d" -MT"generate/src/Spi_BOARD_InitPeripherals_PBcfg.o" -o "generate/src/Spi_BOARD_InitPeripherals_PBcfg.o" "../generate/src/Spi_BOARD_InitPeripherals_PBcfg.c"
 
 
 
Finished building: ../generate/src/Power_Ip_Cfg.c
 
Finished building: ../generate/src/Ram_Ip_Cfg.c
Building file: ../generate/src/Spi_Ipw_BOARD_InitPeripherals_PBcfg.c
 
 
Building file: ../board/Port_Ci_Port_Ip_Cfg.c
Invoking: Standard S32DS C Compiler
Building file: ../RTD/src/Clock_Ip.c
arm-none-eabi-gcc "@generate/src/Clock_Ip_BOARD_InitPeripherals_PBcfg.args" -MMD -MP -MF"generate/src/Spi_Ipw_BOARD_InitPeripherals_PBcfg.d" -MT"generate/src/Spi_Ipw_BOARD_InitPeripherals_PBcfg.o" -o "generate/src/Spi_Ipw_BOARD_InitPeripherals_PBcfg.o" "../generate/src/Spi_Ipw_BOARD_InitPeripherals_PBcfg.c"
Building file: ../RTD/src/Clock_Ip_Data.c
Invoking: Standard S32DS C Compiler
Building file: ../RTD/src/Clock_Ip_Divider.c
arm-none-eabi-gcc "@board/Port_Ci_Port_Ip_Cfg.args" -MMD -MP -MF"board/Port_Ci_Port_Ip_Cfg.d" -MT"board/Port_Ci_Port_Ip_Cfg.o" -o "board/Port_Ci_Port_Ip_Cfg.o" "../board/Port_Ci_Port_Ip_Cfg.c"
Invoking: Standard S32DS C Compiler
Invoking: Standard S32DS C Compiler
arm-none-eabi-gcc "@RTD/src/Clock_Ip.args" -MMD -MP -MF"RTD/src/Clock_Ip_Data.d" -MT"RTD/src/Clock_Ip_Data.o" -o "RTD/src/Clock_Ip_Data.o" "../RTD/src/Clock_Ip_Data.c"
Invoking: Standard S32DS C Compiler
arm-none-eabi-gcc "@RTD/src/Clock_Ip.args" -MMD -MP -MF"RTD/src/Clock_Ip.d" -MT"RTD/src/Clock_Ip.o" -o "RTD/src/Clock_Ip.o" "../RTD/src/Clock_Ip.c"
Building file: ../RTD/src/Clock_Ip_DividerTrigger.c
arm-none-eabi-gcc "@RTD/src/Clock_Ip.args" -MMD -MP -MF"RTD/src/Clock_Ip_Divider.d" -MT"RTD/src/Clock_Ip_Divider.o" -o "RTD/src/Clock_Ip_Divider.o" "../RTD/src/Clock_Ip_Divider.c"
Invoking: Standard S32DS C Compiler
Building file: ../RTD/src/Clock_Ip_ExtOsc.c
arm-none-eabi-gcc "@RTD/src/Clock_Ip.args" -MMD -MP -MF"RTD/src/Clock_Ip_DividerTrigger.d" -MT"RTD/src/Clock_Ip_DividerTrigger.o" -o "RTD/src/Clock_Ip_DividerTrigger.o" "../RTD/src/Clock_Ip_DividerTrigger.c"
Invoking: Standard S32DS C Compiler
Finished building: ../generate/src/Spi_BOARD_InitPeripherals_PBcfg.c
arm-none-eabi-gcc "@RTD/src/Clock_Ip.args" -MMD -MP -MF"RTD/src/Clock_Ip_ExtOsc.d" -MT"RTD/src/Clock_Ip_ExtOsc.o" -o "RTD/src/Clock_Ip_ExtOsc.o" "../RTD/src/Clock_Ip_ExtOsc.c"
 
Finished building: ../board/Port_Ci_Port_Ip_Cfg.c
Building file: ../RTD/src/Clock_Ip_FracDiv.c
Finished building: ../generate/src/Spi_Ipw_BOARD_InitPeripherals_PBcfg.c
 
Invoking: Standard S32DS C Compiler
 
arm-none-eabi-gcc "@RTD/src/Clock_Ip.args" -MMD -MP -MF"RTD/src/Clock_Ip_FracDiv.d" -MT"RTD/src/Clock_Ip_FracDiv.o" -o "RTD/src/Clock_Ip_FracDiv.o" "../RTD/src/Clock_Ip_FracDiv.c"
Building file: ../RTD/src/Clock_Ip_Frequency.c
Building file: ../RTD/src/Clock_Ip_Gate.c
Invoking: Standard S32DS C Compiler
Finished building: ../RTD/src/Clock_Ip_Data.c
Invoking: Standard S32DS C Compiler
arm-none-eabi-gcc "@RTD/src/Clock_Ip.args" -MMD -MP -MF"RTD/src/Clock_Ip_Frequency.d" -MT"RTD/src/Clock_Ip_Frequency.o" -o "RTD/src/Clock_Ip_Frequency.o" "../RTD/src/Clock_Ip_Frequency.c"
arm-none-eabi-gcc "@RTD/src/Clock_Ip.args" -MMD -MP -MF"RTD/src/Clock_Ip_Gate.d" -MT"RTD/src/Clock_Ip_Gate.o" -o "RTD/src/Clock_Ip_Gate.o" "../RTD/src/Clock_Ip_Gate.c"
 
Finished building: ../RTD/src/Clock_Ip_DividerTrigger.c
Building file: ../RTD/src/Clock_Ip_IntOsc.c
Finished building: ../RTD/src/Clock_Ip_Divider.c
Invoking: Standard S32DS C Compiler
 
Finished building: ../RTD/src/Clock_Ip.c
arm-none-eabi-gcc "@RTD/src/Clock_Ip.args" -MMD -MP -MF"RTD/src/Clock_Ip_IntOsc.d" -MT"RTD/src/Clock_Ip_IntOsc.o" -o "RTD/src/Clock_Ip_IntOsc.o" "../RTD/src/Clock_Ip_IntOsc.c"
Finished building: ../RTD/src/Clock_Ip_ExtOsc.c
 
 
 
Building file: ../RTD/src/Clock_Ip_Irq.c
Invoking: Standard S32DS C Compiler
Finished building: ../RTD/src/Clock_Ip_FracDiv.c
arm-none-eabi-gcc "@RTD/src/Clock_Ip.args" -MMD -MP -MF"RTD/src/Clock_Ip_Irq.d" -MT"RTD/src/Clock_Ip_Irq.o" -o "RTD/src/Clock_Ip_Irq.o" "../RTD/src/Clock_Ip_Irq.c"
Building file: ../RTD/src/Clock_Ip_Monitor.c
Building file: ../RTD/src/Clock_Ip_Pll.c
Building file: ../RTD/src/Clock_Ip_ProgFreqSwitch.c
 
Invoking: Standard S32DS C Compiler
Invoking: Standard S32DS C Compiler
arm-none-eabi-gcc "@RTD/src/Clock_Ip.args" -MMD -MP -MF"RTD/src/Clock_Ip_Pll.d" -MT"RTD/src/Clock_Ip_Pll.o" -o "RTD/src/Clock_Ip_Pll.o" "../RTD/src/Clock_Ip_Pll.c"
arm-none-eabi-gcc "@RTD/src/Clock_Ip.args" -MMD -MP -MF"RTD/src/Clock_Ip_ProgFreqSwitch.d" -MT"RTD/src/Clock_Ip_ProgFreqSwitch.o" -o "RTD/src/Clock_Ip_ProgFreqSwitch.o" "../RTD/src/Clock_Ip_ProgFreqSwitch.c"
Invoking: Standard S32DS C Compiler
Finished building: ../RTD/src/Clock_Ip_Frequency.c
Building file: ../RTD/src/Clock_Ip_Selector.c
Finished building: ../RTD/src/Clock_Ip_Gate.c
arm-none-eabi-gcc "@RTD/src/Clock_Ip.args" -MMD -MP -MF"RTD/src/Clock_Ip_Monitor.d" -MT"RTD/src/Clock_Ip_Monitor.o" -o "RTD/src/Clock_Ip_Monitor.o" "../RTD/src/Clock_Ip_Monitor.c"
Invoking: Standard S32DS C Compiler
arm-none-eabi-gcc "@RTD/src/Clock_Ip.args" -MMD -MP -MF"RTD/src/Clock_Ip_Selector.d" -MT"RTD/src/Clock_Ip_Selector.o" -o "RTD/src/Clock_Ip_Selector.o" "../RTD/src/Clock_Ip_Selector.c"
 
 
Building file: ../RTD/src/Clock_Ip_Specific.c
Building file: ../RTD/src/Det.c
Invoking: Standard S32DS C Compiler
arm-none-eabi-gcc "@RTD/src/Clock_Ip.args" -MMD -MP -MF"RTD/src/Clock_Ip_Specific.d" -MT"RTD/src/Clock_Ip_Specific.o" -o "RTD/src/Clock_Ip_Specific.o" "../RTD/src/Clock_Ip_Specific.c"
Finished building: ../RTD/src/Clock_Ip_IntOsc.c
Invoking: Standard S32DS C Compiler
Finished building: ../RTD/src/Clock_Ip_Irq.c
arm-none-eabi-gcc "@RTD/src/Clock_Ip.args" -MMD -MP -MF"RTD/src/Det.d" -MT"RTD/src/Det.o" -o "RTD/src/Det.o" "../RTD/src/Det.c"
 
Building file: ../RTD/src/Det_stub.c
 
Finished building: ../RTD/src/Clock_Ip_ProgFreqSwitch.c
Invoking: Standard S32DS C Compiler
arm-none-eabi-gcc "@RTD/src/Clock_Ip.args" -MMD -MP -MF"RTD/src/Det_stub.d" -MT"RTD/src/Det_stub.o" -o "RTD/src/Det_stub.o" "../RTD/src/Det_stub.c"
Building file: ../RTD/src/Dio.c
 
Finished building: ../RTD/src/Clock_Ip_Pll.c
Finished building: ../RTD/src/Clock_Ip_Monitor.c
Invoking: Standard S32DS C Compiler
arm-none-eabi-gcc "@RTD/src/Clock_Ip.args" -MMD -MP -MF"RTD/src/Dio.d" -MT"RTD/src/Dio.o" -o "RTD/src/Dio.o" "../RTD/src/Dio.c"
 
 
Building file: ../RTD/src/Dio_Ipw.c
Building file: ../RTD/src/Flexio_Spi_Ip.c
Building file: ../RTD/src/Flexio_Spi_Ip_Irq.c
Invoking: Standard S32DS C Compiler
Finished building: ../RTD/src/Det.c
arm-none-eabi-gcc "@RTD/src/Clock_Ip.args" -MMD -MP -MF"RTD/src/Dio_Ipw.d" -MT"RTD/src/Dio_Ipw.o" -o "RTD/src/Dio_Ipw.o" "../RTD/src/Dio_Ipw.c"
Invoking: Standard S32DS C Compiler
arm-none-eabi-gcc "@RTD/src/Clock_Ip.args" -MMD -MP -MF"RTD/src/Flexio_Spi_Ip.d" -MT"RTD/src/Flexio_Spi_Ip.o" -o "RTD/src/Flexio_Spi_Ip.o" "../RTD/src/Flexio_Spi_Ip.c"
Invoking: Standard S32DS C Compiler
arm-none-eabi-gcc "@RTD/src/Clock_Ip.args" -MMD -MP -MF"RTD/src/Flexio_Spi_Ip_Irq.d" -MT"RTD/src/Flexio_Spi_Ip_Irq.o" -o "RTD/src/Flexio_Spi_Ip_Irq.o" "../RTD/src/Flexio_Spi_Ip_Irq.c"
Finished building: ../RTD/src/Clock_Ip_Selector.c
 
 
Building file: ../RTD/src/Gpio_Dio_Ip.c
Building file: ../RTD/src/Lpspi_Ip.c
Invoking: Standard S32DS C Compiler
Invoking: Standard S32DS C Compiler
arm-none-eabi-gcc "@RTD/src/Clock_Ip.args" -MMD -MP -MF"RTD/src/Gpio_Dio_Ip.d" -MT"RTD/src/Gpio_Dio_Ip.o" -o "RTD/src/Gpio_Dio_Ip.o" "../RTD/src/Gpio_Dio_Ip.c"
Finished building: ../RTD/src/Det_stub.c
Finished building: ../RTD/src/Flexio_Spi_Ip.c
arm-none-eabi-gcc "@RTD/src/Clock_Ip.args" -MMD -MP -MF"RTD/src/Lpspi_Ip.d" -MT"RTD/src/Lpspi_Ip.o" -o "RTD/src/Lpspi_Ip.o" "../RTD/src/Lpspi_Ip.c"
 
Finished building: ../RTD/src/Dio_Ipw.c
 
Finished building: ../RTD/src/Dio.c
 
Finished building: ../RTD/src/Flexio_Spi_Ip_Irq.c
 
Finished building: ../RTD/src/Clock_Ip_Specific.c
 
Building file: ../RTD/src/Lpspi_Ip_Irq.c
Building file: ../RTD/src/Mcu.c
 
Invoking: Standard S32DS C Compiler
Invoking: Standard S32DS C Compiler
Building file: ../RTD/src/Mcu_Dem_Wrapper.c
arm-none-eabi-gcc "@RTD/src/Clock_Ip.args" -MMD -MP -MF"RTD/src/Lpspi_Ip_Irq.d" -MT"RTD/src/Lpspi_Ip_Irq.o" -o "RTD/src/Lpspi_Ip_Irq.o" "../RTD/src/Lpspi_Ip_Irq.c"
arm-none-eabi-gcc "@RTD/src/Clock_Ip.args" -MMD -MP -MF"RTD/src/Mcu.d" -MT"RTD/src/Mcu.o" -o "RTD/src/Mcu.o" "../RTD/src/Mcu.c"
Building file: ../RTD/src/Mcu_Ipw.c
Invoking: Standard S32DS C Compiler
arm-none-eabi-gcc "@RTD/src/Clock_Ip.args" -MMD -MP -MF"RTD/src/Mcu_Dem_Wrapper.d" -MT"RTD/src/Mcu_Dem_Wrapper.o" -o "RTD/src/Mcu_Dem_Wrapper.o" "../RTD/src/Mcu_Dem_Wrapper.c"
Invoking: Standard S32DS C Compiler
Building file: ../RTD/src/Mcu_Ipw_Irq.c
arm-none-eabi-gcc "@RTD/src/Clock_Ip.args" -MMD -MP -MF"RTD/src/Mcu_Ipw.d" -MT"RTD/src/Mcu_Ipw.o" -o "RTD/src/Mcu_Ipw.o" "../RTD/src/Mcu_Ipw.c"
Invoking: Standard S32DS C Compiler
arm-none-eabi-gcc "@RTD/src/Clock_Ip.args" -MMD -MP -MF"RTD/src/Mcu_Ipw_Irq.d" -MT"RTD/src/Mcu_Ipw_Irq.o" -o "RTD/src/Mcu_Ipw_Irq.o" "../RTD/src/Mcu_Ipw_Irq.c"
Building file: ../RTD/src/OsIf_Interrupts.c
Invoking: Standard S32DS C Compiler
arm-none-eabi-gcc "@RTD/src/Clock_Ip.args" -MMD -MP -MF"RTD/src/OsIf_Interrupts.d" -MT"RTD/src/OsIf_Interrupts.o" -o "RTD/src/OsIf_Interrupts.o" "../RTD/src/OsIf_Interrupts.c"
Finished building: ../RTD/src/Gpio_Dio_Ip.c
 
Finished building: ../RTD/src/Lpspi_Ip_Irq.c
Building file: ../RTD/src/OsIf_Timer.c
 
Invoking: Standard S32DS C Compiler
Finished building: ../RTD/src/Mcu_Dem_Wrapper.c
arm-none-eabi-gcc "@RTD/src/Clock_Ip.args" -MMD -MP -MF"RTD/src/OsIf_Timer.d" -MT"RTD/src/OsIf_Timer.o" -o "RTD/src/OsIf_Timer.o" "../RTD/src/OsIf_Timer.c"
Building file: ../RTD/src/OsIf_Timer_System.c
 
Invoking: Standard S32DS C Compiler
arm-none-eabi-gcc "@RTD/src/Clock_Ip.args" -MMD -MP -MF"RTD/src/OsIf_Timer_System.d" -MT"RTD/src/OsIf_Timer_System.o" -o "RTD/src/OsIf_Timer_System.o" "../RTD/src/OsIf_Timer_System.c"
Finished building: ../RTD/src/Lpspi_Ip.c
Finished building: ../RTD/src/OsIf_Interrupts.c
Finished building: ../RTD/src/Mcu_Ipw.c
 
 
Finished building: ../RTD/src/Mcu.c
 
Building file: ../RTD/src/OsIf_Timer_System_Internal_Systick.c
Building file: ../RTD/src/Port.c
 
Building file: ../RTD/src/Port_Ci_Port_Ip.c
Invoking: Standard S32DS C Compiler
Finished building: ../RTD/src/Mcu_Ipw_Irq.c
Invoking: Standard S32DS C Compiler
arm-none-eabi-gcc "@RTD/src/Clock_Ip.args" -MMD -MP -MF"RTD/src/Port.d" -MT"RTD/src/Port.o" -o "RTD/src/Port.o" "../RTD/src/Port.c"
Invoking: Standard S32DS C Compiler
arm-none-eabi-gcc "@RTD/src/Clock_Ip.args" -MMD -MP -MF"RTD/src/OsIf_Timer_System_Internal_Systick.d" -MT"RTD/src/OsIf_Timer_System_Internal_Systick.o" -o "RTD/src/OsIf_Timer_System_Internal_Systick.o" "../RTD/src/OsIf_Timer_System_Internal_Systick.c"
 
arm-none-eabi-gcc "@RTD/src/Clock_Ip.args" -MMD -MP -MF"RTD/src/Port_Ci_Port_Ip.d" -MT"RTD/src/Port_Ci_Port_Ip.o" -o "RTD/src/Port_Ci_Port_Ip.o" "../RTD/src/Port_Ci_Port_Ip.c"
Finished building: ../RTD/src/OsIf_Timer_System.c
Finished building: ../RTD/src/OsIf_Timer.c
Building file: ../RTD/src/Port_Ipw.c
 
Building file: ../RTD/src/Power_Ip.c
Invoking: Standard S32DS C Compiler
 
arm-none-eabi-gcc "@RTD/src/Clock_Ip.args" -MMD -MP -MF"RTD/src/Port_Ipw.d" -MT"RTD/src/Port_Ipw.o" -o "RTD/src/Port_Ipw.o" "../RTD/src/Port_Ipw.c"
Building file: ../RTD/src/Power_Ip_CortexM4.c
Invoking: Standard S32DS C Compiler
arm-none-eabi-gcc "@RTD/src/Clock_Ip.args" -MMD -MP -MF"RTD/src/Power_Ip.d" -MT"RTD/src/Power_Ip.o" -o "RTD/src/Power_Ip.o" "../RTD/src/Power_Ip.c"
Invoking: Standard S32DS C Compiler
arm-none-eabi-gcc "@RTD/src/Clock_Ip.args" -MMD -MP -MF"RTD/src/Power_Ip_CortexM4.d" -MT"RTD/src/Power_Ip_CortexM4.o" -o "RTD/src/Power_Ip_CortexM4.o" "../RTD/src/Power_Ip_CortexM4.c"
Building file: ../RTD/src/Power_Ip_PMC.c
Building file: ../RTD/src/Power_Ip_PMC_Irq.c
Invoking: Standard S32DS C Compiler
arm-none-eabi-gcc "@RTD/src/Clock_Ip.args" -MMD -MP -MF"RTD/src/Power_Ip_PMC.d" -MT"RTD/src/Power_Ip_PMC.o" -o "RTD/src/Power_Ip_PMC.o" "../RTD/src/Power_Ip_PMC.c"
Invoking: Standard S32DS C Compiler
arm-none-eabi-gcc "@RTD/src/Clock_Ip.args" -MMD -MP -MF"RTD/src/Power_Ip_PMC_Irq.d" -MT"RTD/src/Power_Ip_PMC_Irq.o" -o "RTD/src/Power_Ip_PMC_Irq.o" "../RTD/src/Power_Ip_PMC_Irq.c"
Finished building: ../RTD/src/Port.c
Finished building: ../RTD/src/Port_Ci_Port_Ip.c
Finished building: ../RTD/src/Power_Ip_CortexM4.c
 
 
 
Building file: ../RTD/src/Power_Ip_Private.c
Building file: ../RTD/src/Power_Ip_RCM.c
Building file: ../RTD/src/Power_Ip_RCM_Irq.c
Invoking: Standard S32DS C Compiler
arm-none-eabi-gcc "@RTD/src/Clock_Ip.args" -MMD -MP -MF"RTD/src/Power_Ip_Private.d" -MT"RTD/src/Power_Ip_Private.o" -o "RTD/src/Power_Ip_Private.o" "../RTD/src/Power_Ip_Private.c"
Finished building: ../RTD/src/OsIf_Timer_System_Internal_Systick.c
Invoking: Standard S32DS C Compiler
arm-none-eabi-gcc "@RTD/src/Clock_Ip.args" -MMD -MP -MF"RTD/src/Power_Ip_RCM_Irq.d" -MT"RTD/src/Power_Ip_RCM_Irq.o" -o "RTD/src/Power_Ip_RCM_Irq.o" "../RTD/src/Power_Ip_RCM_Irq.c"
Finished building: ../RTD/src/Power_Ip.c
 
Finished building: ../RTD/src/Power_Ip_PMC_Irq.c
 
Finished building: ../RTD/src/Power_Ip_PMC.c
Invoking: Standard S32DS C Compiler
Finished building: ../RTD/src/Port_Ipw.c
 
arm-none-eabi-gcc "@RTD/src/Clock_Ip.args" -MMD -MP -MF"RTD/src/Power_Ip_RCM.d" -MT"RTD/src/Power_Ip_RCM.o" -o "RTD/src/Power_Ip_RCM.o" "../RTD/src/Power_Ip_RCM.c"
 
 
Building file: ../RTD/src/Power_Ip_SIM.c
Building file: ../RTD/src/Power_Ip_SMC.c
Building file: ../RTD/src/Ram_Ip.c
Invoking: Standard S32DS C Compiler
Building file: ../RTD/src/SchM_Dio.c
arm-none-eabi-gcc "@RTD/src/Clock_Ip.args" -MMD -MP -MF"RTD/src/Power_Ip_SIM.d" -MT"RTD/src/Power_Ip_SIM.o" -o "RTD/src/Power_Ip_SIM.o" "../RTD/src/Power_Ip_SIM.c"
Invoking: Standard S32DS C Compiler
Invoking: Standard S32DS C Compiler
arm-none-eabi-gcc "@RTD/src/Clock_Ip.args" -MMD -MP -MF"RTD/src/Ram_Ip.d" -MT"RTD/src/Ram_Ip.o" -o "RTD/src/Ram_Ip.o" "../RTD/src/Ram_Ip.c"
arm-none-eabi-gcc "@RTD/src/Clock_Ip.args" -MMD -MP -MF"RTD/src/Power_Ip_SMC.d" -MT"RTD/src/Power_Ip_SMC.o" -o "RTD/src/Power_Ip_SMC.o" "../RTD/src/Power_Ip_SMC.c"
Invoking: Standard S32DS C Compiler
arm-none-eabi-gcc "@RTD/src/Clock_Ip.args" -MMD -MP -MF"RTD/src/SchM_Dio.d" -MT"RTD/src/SchM_Dio.o" -o "RTD/src/SchM_Dio.o" "../RTD/src/SchM_Dio.c"
Finished building: ../RTD/src/Power_Ip_RCM_Irq.c
Finished building: ../RTD/src/Power_Ip_Private.c
Building file: ../RTD/src/SchM_Mcu.c
 
 
Invoking: Standard S32DS C Compiler
Building file: ../RTD/src/SchM_Port.c
arm-none-eabi-gcc "@RTD/src/Clock_Ip.args" -MMD -MP -MF"RTD/src/SchM_Mcu.d" -MT"RTD/src/SchM_Mcu.o" -o "RTD/src/SchM_Mcu.o" "../RTD/src/SchM_Mcu.c"
Building file: ../RTD/src/SchM_Spi.c
Invoking: Standard S32DS C Compiler
arm-none-eabi-gcc "@RTD/src/Clock_Ip.args" -MMD -MP -MF"RTD/src/SchM_Port.d" -MT"RTD/src/SchM_Port.o" -o "RTD/src/SchM_Port.o" "../RTD/src/SchM_Port.c"
Invoking: Standard S32DS C Compiler
arm-none-eabi-gcc "@RTD/src/Clock_Ip.args" -MMD -MP -MF"RTD/src/SchM_Spi.d" -MT"RTD/src/SchM_Spi.o" -o "RTD/src/SchM_Spi.o" "../RTD/src/SchM_Spi.c"
Finished building: ../RTD/src/Power_Ip_SIM.c
Finished building: ../RTD/src/Power_Ip_RCM.c
 
 
Finished building: ../RTD/src/SchM_Dio.c
Finished building: ../RTD/src/Ram_Ip.c
Building file: ../RTD/src/Spi.c
Finished building: ../RTD/src/Power_Ip_SMC.c
 
Invoking: Standard S32DS C Compiler
 
arm-none-eabi-gcc "@RTD/src/Clock_Ip.args" -MMD -MP -MF"RTD/src/Spi.d" -MT"RTD/src/Spi.o" -o "RTD/src/Spi.o" "../RTD/src/Spi.c"
 
Building file: ../RTD/src/Spi_Ipw.c
Finished building: ../RTD/src/SchM_Mcu.c
Building file: ../Project_Settings/Startup_Code/Vector_Table.s
Invoking: Standard S32DS C Compiler
 
arm-none-eabi-gcc "@RTD/src/Clock_Ip.args" -MMD -MP -MF"RTD/src/Spi_Ipw.d" -MT"RTD/src/Spi_Ipw.o" -o "RTD/src/Spi_Ipw.o" "../RTD/src/Spi_Ipw.c"
Invoking: Standard S32DS Assembler
arm-none-eabi-gcc "@Project_Settings/Startup_Code/Vector_Table.args" -o "Project_Settings/Startup_Code/Vector_Table.o" "../Project_Settings/Startup_Code/Vector_Table.s"
Building file: ../Project_Settings/Startup_Code/exceptions.c
Building file: ../Project_Settings/Startup_Code/nvic.c
Invoking: Standard S32DS C Compiler
Building file: ../Project_Settings/Startup_Code/startup.c
arm-none-eabi-gcc "@Project_Settings/Startup_Code/exceptions.args" -MMD -MP -MF"Project_Settings/Startup_Code/exceptions.d" -MT"Project_Settings/Startup_Code/exceptions.o" -o "Project_Settings/Startup_Code/exceptions.o" "../Project_Settings/Startup_Code/exceptions.c"
Invoking: Standard S32DS C Compiler
arm-none-eabi-gcc "@Project_Settings/Startup_Code/exceptions.args" -MMD -MP -MF"Project_Settings/Startup_Code/nvic.d" -MT"Project_Settings/Startup_Code/nvic.o" -o "Project_Settings/Startup_Code/nvic.o" "../Project_Settings/Startup_Code/nvic.c"
Invoking: Standard S32DS C Compiler
arm-none-eabi-gcc "@Project_Settings/Startup_Code/exceptions.args" -MMD -MP -MF"Project_Settings/Startup_Code/startup.d" -MT"Project_Settings/Startup_Code/startup.o" -o "Project_Settings/Startup_Code/startup.o" "../Project_Settings/Startup_Code/startup.c"
Finished building: ../Project_Settings/Startup_Code/Vector_Table.s
Finished building: ../Project_Settings/Startup_Code/exceptions.c
Finished building: ../RTD/src/SchM_Spi.c
Finished building: ../RTD/src/Spi_Ipw.c
 
 
 
 
Finished building: ../RTD/src/SchM_Port.c
Finished building: ../Project_Settings/Startup_Code/startup.c
Finished building: ../Project_Settings/Startup_Code/nvic.c
Building file: ../Project_Settings/Startup_Code/startup_cm4.s
 
 
Invoking: Standard S32DS Assembler
 
arm-none-eabi-gcc "@Project_Settings/Startup_Code/Vector_Table.args" -o "Project_Settings/Startup_Code/startup_cm4.o" "../Project_Settings/Startup_Code/startup_cm4.s"
Building file: ../Project_Settings/Startup_Code/system.c
Invoking: Standard S32DS C Compiler
arm-none-eabi-gcc "@Project_Settings/Startup_Code/exceptions.args" -MMD -MP -MF"Project_Settings/Startup_Code/system.d" -MT"Project_Settings/Startup_Code/system.o" -o "Project_Settings/Startup_Code/system.o" "../Project_Settings/Startup_Code/system.c"
Finished building: ../RTD/src/Spi.c
 
Finished building: ../Project_Settings/Startup_Code/startup_cm4.s
 
Finished building: ../Project_Settings/Startup_Code/system.c
 
Building target: G2B_SPI_BMS.elf
Invoking: Standard S32DS C Linker
arm-none-eabi-gcc -o "G2B_SPI_BMS.elf" "@G2B_SPI_BMS.args"  
Finished building target: G2B_SPI_BMS.elf
 
Invoking: Standard S32DS Print Size
arm-none-eabi-size --format=berkeley G2B_SPI_BMS.elf
   text	   data	    bss	    dec	    hex	filename
  53740	     92	   6524	  60356	   ebc4	G2B_SPI_BMS.elf
Finished building: G2B_SPI_BMS.siz
 
12:23:49 **** Incremental Build of configuration SPI_BMS_main for project G2B_SPI_BMS ****
make -j8 all 
Invoking: Standard S32DS Print Size
arm-none-eabi-size --format=berkeley G2B_SPI_BMS.elf
   text	   data	    bss	    dec	    hex	filename
  53740	     92	   6524	  60356	   ebc4	G2B_SPI_BMS.elf
Finished building: G2B_SPI_BMS.siz
 
12:26:17 **** Incremental Build of configuration SPI_BMS_main for project G2B_SPI_BMS ****
make -j8 all 
Invoking: Standard S32DS Print Size
arm-none-eabi-size --format=berkeley G2B_SPI_BMS.elf
   text	   data	    bss	    dec	    hex	filename
  53740	     92	   6524	  60356	   ebc4	G2B_SPI_BMS.elf
Finished building: G2B_SPI_BMS.siz
 
12:27:27 **** Incremental Build of configuration SPI_BMS_main for project G2B_SPI_BMS ****
make -j8 all 
Building file: ../src/main.c
Invoking: Standard S32DS C Compiler
arm-none-eabi-gcc "@src/main.args" -MMD -MP -MF"src/main.d" -MT"src/main.o" -o "src/main.o" "../src/main.c"
../src/main.c: In function 'main':
../src/main.c:50:18: warning: unused variable 'check_1' [-Wunused-variable]
   50 |   Std_ReturnType check_1 = Spi_SyncTransmit(0);
      |                  ^~~~~~~
../src/main.c:46:17: warning: unused variable 'check' [-Wunused-variable]
   46 |  Std_ReturnType check = Spi_WriteIB(0, &temp_var);
      |                 ^~~~~
Finished building: ../src/main.c
 
Building target: G2B_SPI_BMS.elf
Invoking: Standard S32DS C Linker
arm-none-eabi-gcc -o "G2B_SPI_BMS.elf" "@G2B_SPI_BMS.args"  
Finished building target: G2B_SPI_BMS.elf
 
Invoking: Standard S32DS Print Size
arm-none-eabi-size --format=berkeley G2B_SPI_BMS.elf
   text	   data	    bss	    dec	    hex	filename
  53740	     92	   6524	  60356	   ebc4	G2B_SPI_BMS.elf
Finished building: G2B_SPI_BMS.siz
 
12:27:38 **** Incremental Build of configuration SPI_BMS_main for project G2B_SPI_BMS ****
make -j8 all 
Invoking: Standard S32DS Print Size
arm-none-eabi-size --format=berkeley G2B_SPI_BMS.elf
   text	   data	    bss	    dec	    hex	filename
  53740	     92	   6524	  60356	   ebc4	G2B_SPI_BMS.elf
Finished building: G2B_SPI_BMS.siz
 
12:36:24 **** Incremental Build of configuration SPI_BMS_main for project G2B_SPI_BMS ****
make -j8 all 
Building file: ../src/main.c
Invoking: Standard S32DS C Compiler
arm-none-eabi-gcc "@src/main.args" -MMD -MP -MF"src/main.d" -MT"src/main.o" -o "src/main.o" "../src/main.c"
../src/main.c: In function 'main':
../src/main.c:50:18: warning: unused variable 'check_1' [-Wunused-variable]
   50 |   Std_ReturnType check_1 = Spi_SyncTransmit(0);
      |                  ^~~~~~~
../src/main.c:46:17: warning: unused variable 'check' [-Wunused-variable]
   46 |  Std_ReturnType check = Spi_WriteIB(0, &temp_var);
      |                 ^~~~~
Finished building: ../src/main.c
 
Building target: G2B_SPI_BMS.elf
Invoking: Standard S32DS C Linker
arm-none-eabi-gcc -o "G2B_SPI_BMS.elf" "@G2B_SPI_BMS.args"  
Finished building target: G2B_SPI_BMS.elf
 
Invoking: Standard S32DS Print Size
arm-none-eabi-size --format=berkeley G2B_SPI_BMS.elf
   text	   data	    bss	    dec	    hex	filename
  53740	     92	   6524	  60356	   ebc4	G2B_SPI_BMS.elf
Finished building: G2B_SPI_BMS.siz
 
13:47:06 **** Incremental Build of configuration SPI_BMS_main for project G2B_SPI_BMS ****
make -j8 all 
Building file: ../src/main.c
Building file: ../generate/src/Clock_Ip_BOARD_InitPeripherals_PBcfg.c
Building file: ../generate/src/Clock_Ip_Cfg.c
Building file: ../generate/src/Dio_Cfg.c
Invoking: Standard S32DS C Compiler
Invoking: Standard S32DS C Compiler
Building file: ../generate/src/Flexio_Spi_Ip_BOARD_InitPeripherals_PBcfg.c
arm-none-eabi-gcc "@src/main.args" -MMD -MP -MF"src/main.d" -MT"src/main.o" -o "src/main.o" "../src/main.c"
Invoking: Standard S32DS C Compiler
arm-none-eabi-gcc "@generate/src/Clock_Ip_BOARD_InitPeripherals_PBcfg.args" -MMD -MP -MF"generate/src/Clock_Ip_BOARD_InitPeripherals_PBcfg.d" -MT"generate/src/Clock_Ip_BOARD_InitPeripherals_PBcfg.o" -o "generate/src/Clock_Ip_BOARD_InitPeripherals_PBcfg.o" "../generate/src/Clock_Ip_BOARD_InitPeripherals_PBcfg.c"
Invoking: Standard S32DS C Compiler
arm-none-eabi-gcc "@generate/src/Clock_Ip_BOARD_InitPeripherals_PBcfg.args" -MMD -MP -MF"generate/src/Clock_Ip_Cfg.d" -MT"generate/src/Clock_Ip_Cfg.o" -o "generate/src/Clock_Ip_Cfg.o" "../generate/src/Clock_Ip_Cfg.c"
arm-none-eabi-gcc "@generate/src/Clock_Ip_BOARD_InitPeripherals_PBcfg.args" -MMD -MP -MF"generate/src/Dio_Cfg.d" -MT"generate/src/Dio_Cfg.o" -o "generate/src/Dio_Cfg.o" "../generate/src/Dio_Cfg.c"
Invoking: Standard S32DS C Compiler
Building file: ../generate/src/Lpspi_Ip_BOARD_InitPeripherals_PBcfg.c
arm-none-eabi-gcc "@generate/src/Clock_Ip_BOARD_InitPeripherals_PBcfg.args" -MMD -MP -MF"generate/src/Flexio_Spi_Ip_BOARD_InitPeripherals_PBcfg.d" -MT"generate/src/Flexio_Spi_Ip_BOARD_InitPeripherals_PBcfg.o" -o "generate/src/Flexio_Spi_Ip_BOARD_InitPeripherals_PBcfg.o" "../generate/src/Flexio_Spi_Ip_BOARD_InitPeripherals_PBcfg.c"
Building file: ../generate/src/Mcu_BOARD_InitPeripherals_PBcfg.c
Invoking: Standard S32DS C Compiler
Building file: ../generate/src/Mcu_Cfg.c
Invoking: Standard S32DS C Compiler
arm-none-eabi-gcc "@generate/src/Clock_Ip_BOARD_InitPeripherals_PBcfg.args" -MMD -MP -MF"generate/src/Lpspi_Ip_BOARD_InitPeripherals_PBcfg.d" -MT"generate/src/Lpspi_Ip_BOARD_InitPeripherals_PBcfg.o" -o "generate/src/Lpspi_Ip_BOARD_InitPeripherals_PBcfg.o" "../generate/src/Lpspi_Ip_BOARD_InitPeripherals_PBcfg.c"
arm-none-eabi-gcc "@generate/src/Clock_Ip_BOARD_InitPeripherals_PBcfg.args" -MMD -MP -MF"generate/src/Mcu_BOARD_InitPeripherals_PBcfg.d" -MT"generate/src/Mcu_BOARD_InitPeripherals_PBcfg.o" -o "generate/src/Mcu_BOARD_InitPeripherals_PBcfg.o" "../generate/src/Mcu_BOARD_InitPeripherals_PBcfg.c"
Invoking: Standard S32DS C Compiler
arm-none-eabi-gcc "@generate/src/Clock_Ip_BOARD_InitPeripherals_PBcfg.args" -MMD -MP -MF"generate/src/Mcu_Cfg.d" -MT"generate/src/Mcu_Cfg.o" -o "generate/src/Mcu_Cfg.o" "../generate/src/Mcu_Cfg.c"
../src/main.c: In function 'main':
../src/main.c:50:18: warning: unused variable 'check_1' [-Wunused-variable]
   50 |   Std_ReturnType check_1 = Spi_SyncTransmit(0);
      |                  ^~~~~~~
../src/main.c:46:17: warning: unused variable 'check' [-Wunused-variable]
   46 |  Std_ReturnType check = Spi_WriteIB(0, &temp_var);
      |                 ^~~~~
Finished building: ../generate/src/Flexio_Spi_Ip_BOARD_InitPeripherals_PBcfg.c
Finished building: ../generate/src/Dio_Cfg.c
Finished building: ../generate/src/Lpspi_Ip_BOARD_InitPeripherals_PBcfg.c
Finished building: ../generate/src/Clock_Ip_BOARD_InitPeripherals_PBcfg.c
 
Finished building: ../generate/src/Clock_Ip_Cfg.c
 
 
Finished building: ../generate/src/Mcu_BOARD_InitPeripherals_PBcfg.c
 
Finished building: ../generate/src/Mcu_Cfg.c
 
 
Finished building: ../src/main.c
 
Building file: ../generate/src/OsIf_Cfg.c
Building file: ../generate/src/Port_BOARD_InitPeripherals_PBcfg.c
Building file: ../generate/src/Port_Cfg.c
 
Invoking: Standard S32DS C Compiler
Invoking: Standard S32DS C Compiler
Invoking: Standard S32DS C Compiler
Building file: ../generate/src/Port_Ci_Port_Ip_BOARD_InitPeripherals_PBcfg.c
arm-none-eabi-gcc "@generate/src/Clock_Ip_BOARD_InitPeripherals_PBcfg.args" -MMD -MP -MF"generate/src/Port_BOARD_InitPeripherals_PBcfg.d" -MT"generate/src/Port_BOARD_InitPeripherals_PBcfg.o" -o "generate/src/Port_BOARD_InitPeripherals_PBcfg.o" "../generate/src/Port_BOARD_InitPeripherals_PBcfg.c"
arm-none-eabi-gcc "@generate/src/Clock_Ip_BOARD_InitPeripherals_PBcfg.args" -MMD -MP -MF"generate/src/OsIf_Cfg.d" -MT"generate/src/OsIf_Cfg.o" -o "generate/src/OsIf_Cfg.o" "../generate/src/OsIf_Cfg.c"
arm-none-eabi-gcc "@generate/src/Clock_Ip_BOARD_InitPeripherals_PBcfg.args" -MMD -MP -MF"generate/src/Port_Cfg.d" -MT"generate/src/Port_Cfg.o" -o "generate/src/Port_Cfg.o" "../generate/src/Port_Cfg.c"
Invoking: Standard S32DS C Compiler
Building file: ../generate/src/Power_Ip_BOARD_InitPeripherals_PBcfg.c
Building file: ../generate/src/Power_Ip_Cfg.c
Building file: ../generate/src/Ram_Ip_BOARD_InitPeripherals_PBcfg.c
arm-none-eabi-gcc "@generate/src/Clock_Ip_BOARD_InitPeripherals_PBcfg.args" -MMD -MP -MF"generate/src/Port_Ci_Port_Ip_BOARD_InitPeripherals_PBcfg.d" -MT"generate/src/Port_Ci_Port_Ip_BOARD_InitPeripherals_PBcfg.o" -o "generate/src/Port_Ci_Port_Ip_BOARD_InitPeripherals_PBcfg.o" "../generate/src/Port_Ci_Port_Ip_BOARD_InitPeripherals_PBcfg.c"
Invoking: Standard S32DS C Compiler
Invoking: Standard S32DS C Compiler
Invoking: Standard S32DS C Compiler
arm-none-eabi-gcc "@generate/src/Clock_Ip_BOARD_InitPeripherals_PBcfg.args" -MMD -MP -MF"generate/src/Ram_Ip_BOARD_InitPeripherals_PBcfg.d" -MT"generate/src/Ram_Ip_BOARD_InitPeripherals_PBcfg.o" -o "generate/src/Ram_Ip_BOARD_InitPeripherals_PBcfg.o" "../generate/src/Ram_Ip_BOARD_InitPeripherals_PBcfg.c"
Building file: ../generate/src/Ram_Ip_Cfg.c
arm-none-eabi-gcc "@generate/src/Clock_Ip_BOARD_InitPeripherals_PBcfg.args" -MMD -MP -MF"generate/src/Power_Ip_BOARD_InitPeripherals_PBcfg.d" -MT"generate/src/Power_Ip_BOARD_InitPeripherals_PBcfg.o" -o "generate/src/Power_Ip_BOARD_InitPeripherals_PBcfg.o" "../generate/src/Power_Ip_BOARD_InitPeripherals_PBcfg.c"
arm-none-eabi-gcc "@generate/src/Clock_Ip_BOARD_InitPeripherals_PBcfg.args" -MMD -MP -MF"generate/src/Power_Ip_Cfg.d" -MT"generate/src/Power_Ip_Cfg.o" -o "generate/src/Power_Ip_Cfg.o" "../generate/src/Power_Ip_Cfg.c"
Invoking: Standard S32DS C Compiler
arm-none-eabi-gcc "@generate/src/Clock_Ip_BOARD_InitPeripherals_PBcfg.args" -MMD -MP -MF"generate/src/Ram_Ip_Cfg.d" -MT"generate/src/Ram_Ip_Cfg.o" -o "generate/src/Ram_Ip_Cfg.o" "../generate/src/Ram_Ip_Cfg.c"
Finished building: ../generate/src/OsIf_Cfg.c
 
Finished building: ../generate/src/Port_Cfg.c
Building file: ../generate/src/Spi_BOARD_InitPeripherals_PBcfg.c
Finished building: ../generate/src/Port_Ci_Port_Ip_BOARD_InitPeripherals_PBcfg.c
Finished building: ../generate/src/Port_BOARD_InitPeripherals_PBcfg.c
 
 
Invoking: Standard S32DS C Compiler
 
arm-none-eabi-gcc "@generate/src/Clock_Ip_BOARD_InitPeripherals_PBcfg.args" -MMD -MP -MF"generate/src/Spi_BOARD_InitPeripherals_PBcfg.d" -MT"generate/src/Spi_BOARD_InitPeripherals_PBcfg.o" -o "generate/src/Spi_BOARD_InitPeripherals_PBcfg.o" "../generate/src/Spi_BOARD_InitPeripherals_PBcfg.c"
Finished building: ../generate/src/Power_Ip_BOARD_InitPeripherals_PBcfg.c
Finished building: ../generate/src/Ram_Ip_BOARD_InitPeripherals_PBcfg.c
Finished building: ../generate/src/Ram_Ip_Cfg.c
Finished building: ../generate/src/Power_Ip_Cfg.c
 
 
 
 
Building file: ../generate/src/Spi_Ipw_BOARD_InitPeripherals_PBcfg.c
Building file: ../board/Port_Ci_Port_Ip_Cfg.c
Building file: ../RTD/src/Clock_Ip.c
Invoking: Standard S32DS C Compiler
Invoking: Standard S32DS C Compiler
arm-none-eabi-gcc "@generate/src/Clock_Ip_BOARD_InitPeripherals_PBcfg.args" -MMD -MP -MF"generate/src/Spi_Ipw_BOARD_InitPeripherals_PBcfg.d" -MT"generate/src/Spi_Ipw_BOARD_InitPeripherals_PBcfg.o" -o "generate/src/Spi_Ipw_BOARD_InitPeripherals_PBcfg.o" "../generate/src/Spi_Ipw_BOARD_InitPeripherals_PBcfg.c"
Building file: ../RTD/src/Clock_Ip_Data.c
arm-none-eabi-gcc "@board/Port_Ci_Port_Ip_Cfg.args" -MMD -MP -MF"board/Port_Ci_Port_Ip_Cfg.d" -MT"board/Port_Ci_Port_Ip_Cfg.o" -o "board/Port_Ci_Port_Ip_Cfg.o" "../board/Port_Ci_Port_Ip_Cfg.c"
Invoking: Standard S32DS C Compiler
arm-none-eabi-gcc "@RTD/src/Clock_Ip.args" -MMD -MP -MF"RTD/src/Clock_Ip.d" -MT"RTD/src/Clock_Ip.o" -o "RTD/src/Clock_Ip.o" "../RTD/src/Clock_Ip.c"
Invoking: Standard S32DS C Compiler
Building file: ../RTD/src/Clock_Ip_Divider.c
arm-none-eabi-gcc "@RTD/src/Clock_Ip.args" -MMD -MP -MF"RTD/src/Clock_Ip_Data.d" -MT"RTD/src/Clock_Ip_Data.o" -o "RTD/src/Clock_Ip_Data.o" "../RTD/src/Clock_Ip_Data.c"
Building file: ../RTD/src/Clock_Ip_DividerTrigger.c
Building file: ../RTD/src/Clock_Ip_ExtOsc.c
Invoking: Standard S32DS C Compiler
arm-none-eabi-gcc "@RTD/src/Clock_Ip.args" -MMD -MP -MF"RTD/src/Clock_Ip_Divider.d" -MT"RTD/src/Clock_Ip_Divider.o" -o "RTD/src/Clock_Ip_Divider.o" "../RTD/src/Clock_Ip_Divider.c"
Invoking: Standard S32DS C Compiler
Invoking: Standard S32DS C Compiler
arm-none-eabi-gcc "@RTD/src/Clock_Ip.args" -MMD -MP -MF"RTD/src/Clock_Ip_ExtOsc.d" -MT"RTD/src/Clock_Ip_ExtOsc.o" -o "RTD/src/Clock_Ip_ExtOsc.o" "../RTD/src/Clock_Ip_ExtOsc.c"
arm-none-eabi-gcc "@RTD/src/Clock_Ip.args" -MMD -MP -MF"RTD/src/Clock_Ip_DividerTrigger.d" -MT"RTD/src/Clock_Ip_DividerTrigger.o" -o "RTD/src/Clock_Ip_DividerTrigger.o" "../RTD/src/Clock_Ip_DividerTrigger.c"
Finished building: ../generate/src/Spi_BOARD_InitPeripherals_PBcfg.c
 
Finished building: ../board/Port_Ci_Port_Ip_Cfg.c
 
Finished building: ../generate/src/Spi_Ipw_BOARD_InitPeripherals_PBcfg.c
Building file: ../RTD/src/Clock_Ip_FracDiv.c
 
Building file: ../RTD/src/Clock_Ip_Frequency.c
Invoking: Standard S32DS C Compiler
arm-none-eabi-gcc "@RTD/src/Clock_Ip.args" -MMD -MP -MF"RTD/src/Clock_Ip_FracDiv.d" -MT"RTD/src/Clock_Ip_FracDiv.o" -o "RTD/src/Clock_Ip_FracDiv.o" "../RTD/src/Clock_Ip_FracDiv.c"
Finished building: ../RTD/src/Clock_Ip_Data.c
Invoking: Standard S32DS C Compiler
Finished building: ../RTD/src/Clock_Ip_DividerTrigger.c
 
arm-none-eabi-gcc "@RTD/src/Clock_Ip.args" -MMD -MP -MF"RTD/src/Clock_Ip_Frequency.d" -MT"RTD/src/Clock_Ip_Frequency.o" -o "RTD/src/Clock_Ip_Frequency.o" "../RTD/src/Clock_Ip_Frequency.c"
Finished building: ../RTD/src/Clock_Ip_Divider.c
 
Finished building: ../RTD/src/Clock_Ip_ExtOsc.c
 
Building file: ../RTD/src/Clock_Ip_Gate.c
Building file: ../RTD/src/Clock_Ip_IntOsc.c
 
Finished building: ../RTD/src/Clock_Ip.c
Invoking: Standard S32DS C Compiler
Building file: ../RTD/src/Clock_Ip_Irq.c
arm-none-eabi-gcc "@RTD/src/Clock_Ip.args" -MMD -MP -MF"RTD/src/Clock_Ip_Gate.d" -MT"RTD/src/Clock_Ip_Gate.o" -o "RTD/src/Clock_Ip_Gate.o" "../RTD/src/Clock_Ip_Gate.c"
Invoking: Standard S32DS C Compiler
arm-none-eabi-gcc "@RTD/src/Clock_Ip.args" -MMD -MP -MF"RTD/src/Clock_Ip_IntOsc.d" -MT"RTD/src/Clock_Ip_IntOsc.o" -o "RTD/src/Clock_Ip_IntOsc.o" "../RTD/src/Clock_Ip_IntOsc.c"
 
Invoking: Standard S32DS C Compiler
arm-none-eabi-gcc "@RTD/src/Clock_Ip.args" -MMD -MP -MF"RTD/src/Clock_Ip_Irq.d" -MT"RTD/src/Clock_Ip_Irq.o" -o "RTD/src/Clock_Ip_Irq.o" "../RTD/src/Clock_Ip_Irq.c"
Building file: ../RTD/src/Clock_Ip_Monitor.c
Building file: ../RTD/src/Clock_Ip_Pll.c
Building file: ../RTD/src/Clock_Ip_ProgFreqSwitch.c
Invoking: Standard S32DS C Compiler
Invoking: Standard S32DS C Compiler
arm-none-eabi-gcc "@RTD/src/Clock_Ip.args" -MMD -MP -MF"RTD/src/Clock_Ip_Monitor.d" -MT"RTD/src/Clock_Ip_Monitor.o" -o "RTD/src/Clock_Ip_Monitor.o" "../RTD/src/Clock_Ip_Monitor.c"
arm-none-eabi-gcc "@RTD/src/Clock_Ip.args" -MMD -MP -MF"RTD/src/Clock_Ip_Pll.d" -MT"RTD/src/Clock_Ip_Pll.o" -o "RTD/src/Clock_Ip_Pll.o" "../RTD/src/Clock_Ip_Pll.c"
Invoking: Standard S32DS C Compiler
arm-none-eabi-gcc "@RTD/src/Clock_Ip.args" -MMD -MP -MF"RTD/src/Clock_Ip_ProgFreqSwitch.d" -MT"RTD/src/Clock_Ip_ProgFreqSwitch.o" -o "RTD/src/Clock_Ip_ProgFreqSwitch.o" "../RTD/src/Clock_Ip_ProgFreqSwitch.c"
Finished building: ../RTD/src/Clock_Ip_FracDiv.c
Finished building: ../RTD/src/Clock_Ip_Frequency.c
 
 
Building file: ../RTD/src/Clock_Ip_Selector.c
Finished building: ../RTD/src/Clock_Ip_Gate.c
Finished building: ../RTD/src/Clock_Ip_Irq.c
Invoking: Standard S32DS C Compiler
arm-none-eabi-gcc "@RTD/src/Clock_Ip.args" -MMD -MP -MF"RTD/src/Clock_Ip_Selector.d" -MT"RTD/src/Clock_Ip_Selector.o" -o "RTD/src/Clock_Ip_Selector.o" "../RTD/src/Clock_Ip_Selector.c"
 
 
Finished building: ../RTD/src/Clock_Ip_IntOsc.c
Building file: ../RTD/src/Clock_Ip_Specific.c
Finished building: ../RTD/src/Clock_Ip_Monitor.c
 
Invoking: Standard S32DS C Compiler
arm-none-eabi-gcc "@RTD/src/Clock_Ip.args" -MMD -MP -MF"RTD/src/Clock_Ip_Specific.d" -MT"RTD/src/Clock_Ip_Specific.o" -o "RTD/src/Clock_Ip_Specific.o" "../RTD/src/Clock_Ip_Specific.c"
Finished building: ../RTD/src/Clock_Ip_Pll.c
 
Building file: ../RTD/src/Det.c
 
Building file: ../RTD/src/Det_stub.c
Invoking: Standard S32DS C Compiler
Building file: ../RTD/src/Dio.c
arm-none-eabi-gcc "@RTD/src/Clock_Ip.args" -MMD -MP -MF"RTD/src/Det.d" -MT"RTD/src/Det.o" -o "RTD/src/Det.o" "../RTD/src/Det.c"
Invoking: Standard S32DS C Compiler
Building file: ../RTD/src/Dio_Ipw.c
arm-none-eabi-gcc "@RTD/src/Clock_Ip.args" -MMD -MP -MF"RTD/src/Det_stub.d" -MT"RTD/src/Det_stub.o" -o "RTD/src/Det_stub.o" "../RTD/src/Det_stub.c"
Invoking: Standard S32DS C Compiler
Finished building: ../RTD/src/Clock_Ip_ProgFreqSwitch.c
arm-none-eabi-gcc "@RTD/src/Clock_Ip.args" -MMD -MP -MF"RTD/src/Dio.d" -MT"RTD/src/Dio.o" -o "RTD/src/Dio.o" "../RTD/src/Dio.c"
Invoking: Standard S32DS C Compiler
arm-none-eabi-gcc "@RTD/src/Clock_Ip.args" -MMD -MP -MF"RTD/src/Dio_Ipw.d" -MT"RTD/src/Dio_Ipw.o" -o "RTD/src/Dio_Ipw.o" "../RTD/src/Dio_Ipw.c"
 
Building file: ../RTD/src/Flexio_Spi_Ip.c
Building file: ../RTD/src/Flexio_Spi_Ip_Irq.c
Invoking: Standard S32DS C Compiler
arm-none-eabi-gcc "@RTD/src/Clock_Ip.args" -MMD -MP -MF"RTD/src/Flexio_Spi_Ip.d" -MT"RTD/src/Flexio_Spi_Ip.o" -o "RTD/src/Flexio_Spi_Ip.o" "../RTD/src/Flexio_Spi_Ip.c"
Invoking: Standard S32DS C Compiler
arm-none-eabi-gcc "@RTD/src/Clock_Ip.args" -MMD -MP -MF"RTD/src/Flexio_Spi_Ip_Irq.d" -MT"RTD/src/Flexio_Spi_Ip_Irq.o" -o "RTD/src/Flexio_Spi_Ip_Irq.o" "../RTD/src/Flexio_Spi_Ip_Irq.c"
Finished building: ../RTD/src/Det.c
Finished building: ../RTD/src/Det_stub.c
Finished building: ../RTD/src/Clock_Ip_Selector.c
 
 
 
Finished building: ../RTD/src/Dio.c
Finished building: ../RTD/src/Dio_Ipw.c
Finished building: ../RTD/src/Clock_Ip_Specific.c
 
Building file: ../RTD/src/Gpio_Dio_Ip.c
 
Building file: ../RTD/src/Lpspi_Ip.c
 
Invoking: Standard S32DS C Compiler
Building file: ../RTD/src/Lpspi_Ip_Irq.c
Invoking: Standard S32DS C Compiler
Finished building: ../RTD/src/Flexio_Spi_Ip_Irq.c
arm-none-eabi-gcc "@RTD/src/Clock_Ip.args" -MMD -MP -MF"RTD/src/Gpio_Dio_Ip.d" -MT"RTD/src/Gpio_Dio_Ip.o" -o "RTD/src/Gpio_Dio_Ip.o" "../RTD/src/Gpio_Dio_Ip.c"
Invoking: Standard S32DS C Compiler
arm-none-eabi-gcc "@RTD/src/Clock_Ip.args" -MMD -MP -MF"RTD/src/Lpspi_Ip.d" -MT"RTD/src/Lpspi_Ip.o" -o "RTD/src/Lpspi_Ip.o" "../RTD/src/Lpspi_Ip.c"
Finished building: ../RTD/src/Flexio_Spi_Ip.c
arm-none-eabi-gcc "@RTD/src/Clock_Ip.args" -MMD -MP -MF"RTD/src/Lpspi_Ip_Irq.d" -MT"RTD/src/Lpspi_Ip_Irq.o" -o "RTD/src/Lpspi_Ip_Irq.o" "../RTD/src/Lpspi_Ip_Irq.c"
 
 
Building file: ../RTD/src/Mcu.c
Building file: ../RTD/src/Mcu_Dem_Wrapper.c
Building file: ../RTD/src/Mcu_Ipw.c
Building file: ../RTD/src/Mcu_Ipw_Irq.c
Invoking: Standard S32DS C Compiler
Invoking: Standard S32DS C Compiler
arm-none-eabi-gcc "@RTD/src/Clock_Ip.args" -MMD -MP -MF"RTD/src/Mcu.d" -MT"RTD/src/Mcu.o" -o "RTD/src/Mcu.o" "../RTD/src/Mcu.c"
Invoking: Standard S32DS C Compiler
arm-none-eabi-gcc "@RTD/src/Clock_Ip.args" -MMD -MP -MF"RTD/src/Mcu_Dem_Wrapper.d" -MT"RTD/src/Mcu_Dem_Wrapper.o" -o "RTD/src/Mcu_Dem_Wrapper.o" "../RTD/src/Mcu_Dem_Wrapper.c"
Invoking: Standard S32DS C Compiler
arm-none-eabi-gcc "@RTD/src/Clock_Ip.args" -MMD -MP -MF"RTD/src/Mcu_Ipw.d" -MT"RTD/src/Mcu_Ipw.o" -o "RTD/src/Mcu_Ipw.o" "../RTD/src/Mcu_Ipw.c"
arm-none-eabi-gcc "@RTD/src/Clock_Ip.args" -MMD -MP -MF"RTD/src/Mcu_Ipw_Irq.d" -MT"RTD/src/Mcu_Ipw_Irq.o" -o "RTD/src/Mcu_Ipw_Irq.o" "../RTD/src/Mcu_Ipw_Irq.c"
Building file: ../RTD/src/OsIf_Interrupts.c
Finished building: ../RTD/src/Gpio_Dio_Ip.c
Invoking: Standard S32DS C Compiler
arm-none-eabi-gcc "@RTD/src/Clock_Ip.args" -MMD -MP -MF"RTD/src/OsIf_Interrupts.d" -MT"RTD/src/OsIf_Interrupts.o" -o "RTD/src/OsIf_Interrupts.o" "../RTD/src/OsIf_Interrupts.c"
 
Finished building: ../RTD/src/Lpspi_Ip_Irq.c
Building file: ../RTD/src/OsIf_Timer.c
 
Invoking: Standard S32DS C Compiler
arm-none-eabi-gcc "@RTD/src/Clock_Ip.args" -MMD -MP -MF"RTD/src/OsIf_Timer.d" -MT"RTD/src/OsIf_Timer.o" -o "RTD/src/OsIf_Timer.o" "../RTD/src/OsIf_Timer.c"
Finished building: ../RTD/src/Mcu_Dem_Wrapper.c
Building file: ../RTD/src/OsIf_Timer_System.c
 
Finished building: ../RTD/src/Mcu.c
Invoking: Standard S32DS C Compiler
Finished building: ../RTD/src/Lpspi_Ip.c
arm-none-eabi-gcc "@RTD/src/Clock_Ip.args" -MMD -MP -MF"RTD/src/OsIf_Timer_System.d" -MT"RTD/src/OsIf_Timer_System.o" -o "RTD/src/OsIf_Timer_System.o" "../RTD/src/OsIf_Timer_System.c"
Finished building: ../RTD/src/OsIf_Interrupts.c
Finished building: ../RTD/src/Mcu_Ipw_Irq.c
 
 
 
 
Finished building: ../RTD/src/Mcu_Ipw.c
Building file: ../RTD/src/OsIf_Timer_System_Internal_Systick.c
Building file: ../RTD/src/Port.c
Invoking: Standard S32DS C Compiler
 
arm-none-eabi-gcc "@RTD/src/Clock_Ip.args" -MMD -MP -MF"RTD/src/OsIf_Timer_System_Internal_Systick.d" -MT"RTD/src/OsIf_Timer_System_Internal_Systick.o" -o "RTD/src/OsIf_Timer_System_Internal_Systick.o" "../RTD/src/OsIf_Timer_System_Internal_Systick.c"
Building file: ../RTD/src/Port_Ci_Port_Ip.c
Invoking: Standard S32DS C Compiler
Building file: ../RTD/src/Port_Ipw.c
Invoking: Standard S32DS C Compiler
Finished building: ../RTD/src/OsIf_Timer.c
arm-none-eabi-gcc "@RTD/src/Clock_Ip.args" -MMD -MP -MF"RTD/src/Port_Ci_Port_Ip.d" -MT"RTD/src/Port_Ci_Port_Ip.o" -o "RTD/src/Port_Ci_Port_Ip.o" "../RTD/src/Port_Ci_Port_Ip.c"
Finished building: ../RTD/src/OsIf_Timer_System.c
arm-none-eabi-gcc "@RTD/src/Clock_Ip.args" -MMD -MP -MF"RTD/src/Port.d" -MT"RTD/src/Port.o" -o "RTD/src/Port.o" "../RTD/src/Port.c"
Invoking: Standard S32DS C Compiler
arm-none-eabi-gcc "@RTD/src/Clock_Ip.args" -MMD -MP -MF"RTD/src/Port_Ipw.d" -MT"RTD/src/Port_Ipw.o" -o "RTD/src/Port_Ipw.o" "../RTD/src/Port_Ipw.c"
 
 
Building file: ../RTD/src/Power_Ip.c
Building file: ../RTD/src/Power_Ip_CortexM4.c
Building file: ../RTD/src/Power_Ip_PMC.c
Invoking: Standard S32DS C Compiler
Building file: ../RTD/src/Power_Ip_PMC_Irq.c
Invoking: Standard S32DS C Compiler
arm-none-eabi-gcc "@RTD/src/Clock_Ip.args" -MMD -MP -MF"RTD/src/Power_Ip.d" -MT"RTD/src/Power_Ip.o" -o "RTD/src/Power_Ip.o" "../RTD/src/Power_Ip.c"
Invoking: Standard S32DS C Compiler
arm-none-eabi-gcc "@RTD/src/Clock_Ip.args" -MMD -MP -MF"RTD/src/Power_Ip_CortexM4.d" -MT"RTD/src/Power_Ip_CortexM4.o" -o "RTD/src/Power_Ip_CortexM4.o" "../RTD/src/Power_Ip_CortexM4.c"
Finished building: ../RTD/src/OsIf_Timer_System_Internal_Systick.c
arm-none-eabi-gcc "@RTD/src/Clock_Ip.args" -MMD -MP -MF"RTD/src/Power_Ip_PMC.d" -MT"RTD/src/Power_Ip_PMC.o" -o "RTD/src/Power_Ip_PMC.o" "../RTD/src/Power_Ip_PMC.c"
 
Invoking: Standard S32DS C Compiler
arm-none-eabi-gcc "@RTD/src/Clock_Ip.args" -MMD -MP -MF"RTD/src/Power_Ip_PMC_Irq.d" -MT"RTD/src/Power_Ip_PMC_Irq.o" -o "RTD/src/Power_Ip_PMC_Irq.o" "../RTD/src/Power_Ip_PMC_Irq.c"
Building file: ../RTD/src/Power_Ip_Private.c
Invoking: Standard S32DS C Compiler
arm-none-eabi-gcc "@RTD/src/Clock_Ip.args" -MMD -MP -MF"RTD/src/Power_Ip_Private.d" -MT"RTD/src/Power_Ip_Private.o" -o "RTD/src/Power_Ip_Private.o" "../RTD/src/Power_Ip_Private.c"
Finished building: ../RTD/src/Port.c
Finished building: ../RTD/src/Port_Ci_Port_Ip.c
 
Finished building: ../RTD/src/Power_Ip_CortexM4.c
Finished building: ../RTD/src/Power_Ip.c
 
Finished building: ../RTD/src/Power_Ip_PMC.c
Building file: ../RTD/src/Power_Ip_RCM.c
 
 
Finished building: ../RTD/src/Port_Ipw.c
Invoking: Standard S32DS C Compiler
arm-none-eabi-gcc "@RTD/src/Clock_Ip.args" -MMD -MP -MF"RTD/src/Power_Ip_RCM.d" -MT"RTD/src/Power_Ip_RCM.o" -o "RTD/src/Power_Ip_RCM.o" "../RTD/src/Power_Ip_RCM.c"
 
 
Building file: ../RTD/src/Power_Ip_RCM_Irq.c
Building file: ../RTD/src/Power_Ip_SIM.c
Building file: ../RTD/src/Power_Ip_SMC.c
Building file: ../RTD/src/Ram_Ip.c
Invoking: Standard S32DS C Compiler
Invoking: Standard S32DS C Compiler
arm-none-eabi-gcc "@RTD/src/Clock_Ip.args" -MMD -MP -MF"RTD/src/Power_Ip_RCM_Irq.d" -MT"RTD/src/Power_Ip_RCM_Irq.o" -o "RTD/src/Power_Ip_RCM_Irq.o" "../RTD/src/Power_Ip_RCM_Irq.c"
Finished building: ../RTD/src/Power_Ip_PMC_Irq.c
Invoking: Standard S32DS C Compiler
arm-none-eabi-gcc "@RTD/src/Clock_Ip.args" -MMD -MP -MF"RTD/src/Power_Ip_SIM.d" -MT"RTD/src/Power_Ip_SIM.o" -o "RTD/src/Power_Ip_SIM.o" "../RTD/src/Power_Ip_SIM.c"
Invoking: Standard S32DS C Compiler
arm-none-eabi-gcc "@RTD/src/Clock_Ip.args" -MMD -MP -MF"RTD/src/Ram_Ip.d" -MT"RTD/src/Ram_Ip.o" -o "RTD/src/Ram_Ip.o" "../RTD/src/Ram_Ip.c"
arm-none-eabi-gcc "@RTD/src/Clock_Ip.args" -MMD -MP -MF"RTD/src/Power_Ip_SMC.d" -MT"RTD/src/Power_Ip_SMC.o" -o "RTD/src/Power_Ip_SMC.o" "../RTD/src/Power_Ip_SMC.c"
 
Finished building: ../RTD/src/Power_Ip_Private.c
Building file: ../RTD/src/SchM_Dio.c
Building file: ../RTD/src/SchM_Mcu.c
 
Invoking: Standard S32DS C Compiler
Invoking: Standard S32DS C Compiler
Building file: ../RTD/src/SchM_Port.c
arm-none-eabi-gcc "@RTD/src/Clock_Ip.args" -MMD -MP -MF"RTD/src/SchM_Dio.d" -MT"RTD/src/SchM_Dio.o" -o "RTD/src/SchM_Dio.o" "../RTD/src/SchM_Dio.c"
Finished building: ../RTD/src/Power_Ip_RCM.c
Invoking: Standard S32DS C Compiler
 
arm-none-eabi-gcc "@RTD/src/Clock_Ip.args" -MMD -MP -MF"RTD/src/SchM_Port.d" -MT"RTD/src/SchM_Port.o" -o "RTD/src/SchM_Port.o" "../RTD/src/SchM_Port.c"
Finished building: ../RTD/src/Power_Ip_RCM_Irq.c
arm-none-eabi-gcc "@RTD/src/Clock_Ip.args" -MMD -MP -MF"RTD/src/SchM_Mcu.d" -MT"RTD/src/SchM_Mcu.o" -o "RTD/src/SchM_Mcu.o" "../RTD/src/SchM_Mcu.c"
Finished building: ../RTD/src/Power_Ip_SIM.c
 
Building file: ../RTD/src/SchM_Spi.c
 
Finished building: ../RTD/src/Ram_Ip.c
Invoking: Standard S32DS C Compiler
Building file: ../RTD/src/Spi.c
arm-none-eabi-gcc "@RTD/src/Clock_Ip.args" -MMD -MP -MF"RTD/src/SchM_Spi.d" -MT"RTD/src/SchM_Spi.o" -o "RTD/src/SchM_Spi.o" "../RTD/src/SchM_Spi.c"
Finished building: ../RTD/src/Power_Ip_SMC.c
 
Invoking: Standard S32DS C Compiler
 
Building file: ../RTD/src/Spi_Ipw.c
Building file: ../Project_Settings/Startup_Code/exceptions.c
arm-none-eabi-gcc "@RTD/src/Clock_Ip.args" -MMD -MP -MF"RTD/src/Spi.d" -MT"RTD/src/Spi.o" -o "RTD/src/Spi.o" "../RTD/src/Spi.c"
Finished building: ../RTD/src/SchM_Dio.c
Invoking: Standard S32DS C Compiler
arm-none-eabi-gcc "@Project_Settings/Startup_Code/exceptions.args" -MMD -MP -MF"Project_Settings/Startup_Code/exceptions.d" -MT"Project_Settings/Startup_Code/exceptions.o" -o "Project_Settings/Startup_Code/exceptions.o" "../Project_Settings/Startup_Code/exceptions.c"
 
Finished building: ../RTD/src/SchM_Mcu.c
Invoking: Standard S32DS C Compiler
Building file: ../Project_Settings/Startup_Code/system.c
 
Invoking: Standard S32DS C Compiler
arm-none-eabi-gcc "@RTD/src/Clock_Ip.args" -MMD -MP -MF"RTD/src/Spi_Ipw.d" -MT"RTD/src/Spi_Ipw.o" -o "RTD/src/Spi_Ipw.o" "../RTD/src/Spi_Ipw.c"
Finished building: ../RTD/src/SchM_Spi.c
Finished building: ../RTD/src/SchM_Port.c
arm-none-eabi-gcc "@Project_Settings/Startup_Code/exceptions.args" -MMD -MP -MF"Project_Settings/Startup_Code/system.d" -MT"Project_Settings/Startup_Code/system.o" -o "Project_Settings/Startup_Code/system.o" "../Project_Settings/Startup_Code/system.c"
 
 
Finished building: ../Project_Settings/Startup_Code/exceptions.c
 
Finished building: ../Project_Settings/Startup_Code/system.c
 
Finished building: ../RTD/src/Spi_Ipw.c
 
Finished building: ../RTD/src/Spi.c
 
Building target: G2B_SPI_BMS.elf
Invoking: Standard S32DS C Linker
arm-none-eabi-gcc -o "G2B_SPI_BMS.elf" "@G2B_SPI_BMS.args"  
Finished building target: G2B_SPI_BMS.elf
 
Invoking: Standard S32DS Print Size
arm-none-eabi-size --format=berkeley G2B_SPI_BMS.elf
   text	   data	    bss	    dec	    hex	filename
  54264	     92	   6524	  60880	   edd0	G2B_SPI_BMS.elf
Finished building: G2B_SPI_BMS.siz
 
13:47:31 **** Incremental Build of configuration SPI_BMS_main for project G2B_SPI_BMS ****
make -j8 all 
Invoking: Standard S32DS Print Size
arm-none-eabi-size --format=berkeley G2B_SPI_BMS.elf
   text	   data	    bss	    dec	    hex	filename
  54264	     92	   6524	  60880	   edd0	G2B_SPI_BMS.elf
Finished building: G2B_SPI_BMS.siz
 
13:48:31 **** Incremental Build of configuration SPI_BMS_main for project G2B_SPI_BMS ****
make -j8 all 
Building file: ../src/main.c
Invoking: Standard S32DS C Compiler
arm-none-eabi-gcc "@src/main.args" -MMD -MP -MF"src/main.d" -MT"src/main.o" -o "src/main.o" "../src/main.c"
../src/main.c: In function 'main':
../src/main.c:50:18: warning: unused variable 'check_1' [-Wunused-variable]
   50 |   Std_ReturnType check_1 = Spi_SyncTransmit(0);
      |                  ^~~~~~~
../src/main.c:46:17: warning: unused variable 'check' [-Wunused-variable]
   46 |  Std_ReturnType check = Spi_WriteIB(0, &temp_var);
      |                 ^~~~~
Finished building: ../src/main.c
 
Building target: G2B_SPI_BMS.elf
Invoking: Standard S32DS C Linker
arm-none-eabi-gcc -o "G2B_SPI_BMS.elf" "@G2B_SPI_BMS.args"  
Finished building target: G2B_SPI_BMS.elf
 
Invoking: Standard S32DS Print Size
arm-none-eabi-size --format=berkeley G2B_SPI_BMS.elf
   text	   data	    bss	    dec	    hex	filename
  54300	     92	   6524	  60916	   edf4	G2B_SPI_BMS.elf
Finished building: G2B_SPI_BMS.siz
 
13:48:39 **** Incremental Build of configuration SPI_BMS_main for project G2B_SPI_BMS ****
make -j8 all 
Invoking: Standard S32DS Print Size
arm-none-eabi-size --format=berkeley G2B_SPI_BMS.elf
   text	   data	    bss	    dec	    hex	filename
  54300	     92	   6524	  60916	   edf4	G2B_SPI_BMS.elf
Finished building: G2B_SPI_BMS.siz
 
13:51:25 **** Incremental Build of configuration SPI_BMS_main for project G2B_SPI_BMS ****
make -j8 all 
Invoking: Standard S32DS Print Size
arm-none-eabi-size --format=berkeley G2B_SPI_BMS.elf
   text	   data	    bss	    dec	    hex	filename
  54300	     92	   6524	  60916	   edf4	G2B_SPI_BMS.elf
Finished building: G2B_SPI_BMS.siz
 
13:53:56 **** Incremental Build of configuration SPI_BMS_main for project G2B_SPI_BMS ****
make -j8 all 
Building file: ../generate/src/Lpspi_Ip_BOARD_InitPeripherals_PBcfg.c
Invoking: Standard S32DS C Compiler
arm-none-eabi-gcc "@generate/src/Clock_Ip_BOARD_InitPeripherals_PBcfg.args" -MMD -MP -MF"generate/src/Lpspi_Ip_BOARD_InitPeripherals_PBcfg.d" -MT"generate/src/Lpspi_Ip_BOARD_InitPeripherals_PBcfg.o" -o "generate/src/Lpspi_Ip_BOARD_InitPeripherals_PBcfg.o" "../generate/src/Lpspi_Ip_BOARD_InitPeripherals_PBcfg.c"
Finished building: ../generate/src/Lpspi_Ip_BOARD_InitPeripherals_PBcfg.c
 
Building target: G2B_SPI_BMS.elf
Invoking: Standard S32DS C Linker
arm-none-eabi-gcc -o "G2B_SPI_BMS.elf" "@G2B_SPI_BMS.args"  
Finished building target: G2B_SPI_BMS.elf
 
Invoking: Standard S32DS Print Size
arm-none-eabi-size --format=berkeley G2B_SPI_BMS.elf
   text	   data	    bss	    dec	    hex	filename
  54300	     92	   6524	  60916	   edf4	G2B_SPI_BMS.elf
Finished building: G2B_SPI_BMS.siz
 
