18:43:56 **** Incremental Build of configuration SPI_BMS_main for project G2B_SPI_BMS ****
make -j8 all 
Building file: ../src/main.c
Invoking: Standard S32DS C Compiler
arm-none-eabi-gcc "@src/main.args" -MMD -MP -MF"src/main.d" -MT"src/main.o" -o "src/main.o" "../src/main.c"
../src/main.c: In function 'main':
../src/main.c:47:17: warning: unused variable 'check_1' [-Wunused-variable]
   47 |  Std_ReturnType check_1 = Spi_SyncTransmit(0);
      |                 ^~~~~~~
../src/main.c:46:17: warning: unused variable 'check' [-Wunused-variable]
   46 |  Std_ReturnType check = Spi_WriteIB(0, &temp_var);
      |                 ^~~~~
Finished building: ../src/main.c
 
Building target: G2B_SPI_BMS.elf
Invoking: Standard S32DS C Linker
arm-none-eabi-gcc -o "G2B_SPI_BMS.elf" "@G2B_SPI_BMS.args"  
Finished building target: G2B_SPI_BMS.elf
 
Invoking: Standard S32DS Print Size
arm-none-eabi-size --format=berkeley G2B_SPI_BMS.elf
   text	   data	    bss	    dec	    hex	filename
  53744	     88	   6528	  60360	   ebc8	G2B_SPI_BMS.elf
Finished building: G2B_SPI_BMS.siz
 
18:46:39 **** Incremental Build of configuration SPI_BMS_main for project G2B_SPI_BMS ****
make -j8 all 
Building file: ../src/main.c
Invoking: Standard S32DS C Compiler
arm-none-eabi-gcc "@src/main.args" -MMD -MP -MF"src/main.d" -MT"src/main.o" -o "src/main.o" "../src/main.c"
../src/main.c: In function 'main':
../src/main.c:47:17: warning: unused variable 'check_1' [-Wunused-variable]
   47 |  Std_ReturnType check_1 = Spi_SyncTransmit(0);
      |                 ^~~~~~~
../src/main.c:46:17: warning: unused variable 'check' [-Wunused-variable]
   46 |  Std_ReturnType check = Spi_WriteIB(0, &temp_var);
      |                 ^~~~~
Finished building: ../src/main.c
 
Building target: G2B_SPI_BMS.elf
Invoking: Standard S32DS C Linker
arm-none-eabi-gcc -o "G2B_SPI_BMS.elf" "@G2B_SPI_BMS.args"  
Finished building target: G2B_SPI_BMS.elf
 
Invoking: Standard S32DS Print Size
arm-none-eabi-size --format=berkeley G2B_SPI_BMS.elf
   text	   data	    bss	    dec	    hex	filename
  53740	     92	   6524	  60356	   ebc4	G2B_SPI_BMS.elf
Finished building: G2B_SPI_BMS.siz
 
18:47:40 **** Incremental Build of configuration SPI_BMS_main for project G2B_SPI_BMS ****
make -j8 all 
Invoking: Standard S32DS Print Size
arm-none-eabi-size --format=berkeley G2B_SPI_BMS.elf
   text	   data	    bss	    dec	    hex	filename
  53740	     92	   6524	  60356	   ebc4	G2B_SPI_BMS.elf
Finished building: G2B_SPI_BMS.siz
 
18:47:58 **** Incremental Build of configuration SPI_BMS_main for project G2B_SPI_BMS ****
make -j8 all 
Invoking: Standard S32DS Print Size
arm-none-eabi-size --format=berkeley G2B_SPI_BMS.elf
   text	   data	    bss	    dec	    hex	filename
  53740	     92	   6524	  60356	   ebc4	G2B_SPI_BMS.elf
Finished building: G2B_SPI_BMS.siz
 
18:49:22 **** Incremental Build of configuration SPI_BMS_main for project G2B_SPI_BMS ****
make -j8 all 
Invoking: Standard S32DS Print Size
arm-none-eabi-size --format=berkeley G2B_SPI_BMS.elf
   text	   data	    bss	    dec	    hex	filename
  53740	     92	   6524	  60356	   ebc4	G2B_SPI_BMS.elf
Finished building: G2B_SPI_BMS.siz
 
