Clock_Ip_Specific.c:315:6:SpecificPeripheralClockInitialization	8	static
Clock_Ip_Specific.c:320:6:DisableSafeClock	24	static
Clock_Ip_Specific.c:349:13:SetFircToResetValue_TrustedCall	0	static
Clock_Ip_Specific.c:358:13:SetSimLpoclksRegister_TrustedCall	16	static
Clock_Ip_Specific.c:415:6:SpecificPlatformInitClock	40	static
Clock_Ip_Specific.c:487:41:getFircConfig	8	static
Clock_Ip_Specific.c:522:39:getSoscConfig	8	static
Clock_Ip_Specific.c:557:38:getSpllConfig	8	static
Clock_Ip_Specific.c:622:43:getSelectorConfig	24	static
Clock_Ip_Specific.c:701:42:getCoreDividerConfig	24	static
Clock_Ip_Specific.c:767:42:getBusDividerConfig	24	static
Clock_Ip_Specific.c:833:42:getSlowDividerConfig	24	static
Clock_Ip_Specific.c:900:6:ClockInitializeObjects	8	static
Clock_Ip_Specific.c:975:6:ClockPowerModeChangeNotification	16	static
