SchM_Crypto.c:309:8:Crypto_schm_read_msr	4	static
SchM_Crypto.c:393:6:SchM_Enter_Crypto_CRYPTO_EXCLUSIVE_AREA_00	16	static
SchM_Crypto.c:415:6:SchM_Exit_Crypto_CRYPTO_EXCLUSIVE_AREA_00	8	static
SchM_Crypto.c:429:6:SchM_Enter_Crypto_CRYPTO_EXCLUSIVE_AREA_01	16	static
SchM_Crypto.c:451:6:SchM_Exit_Crypto_CRYPTO_EXCLUSIVE_AREA_01	8	static
SchM_Crypto.c:465:6:SchM_Enter_Crypto_CRYPTO_EXCLUSIVE_AREA_02	16	static
SchM_Crypto.c:487:6:SchM_Exit_Crypto_CRYPTO_EXCLUSIVE_AREA_02	8	static
SchM_Crypto.c:501:6:SchM_Enter_Crypto_CRYPTO_EXCLUSIVE_AREA_03	16	static
SchM_Crypto.c:523:6:SchM_Exit_Crypto_CRYPTO_EXCLUSIVE_AREA_03	8	static
SchM_Crypto.c:537:6:SchM_Enter_Crypto_CRYPTO_EXCLUSIVE_AREA_04	16	static
SchM_Crypto.c:559:6:SchM_Exit_Crypto_CRYPTO_EXCLUSIVE_AREA_04	8	static
SchM_Crypto.c:573:6:SchM_Enter_Crypto_CRYPTO_EXCLUSIVE_AREA_10	16	static
SchM_Crypto.c:595:6:SchM_Exit_Crypto_CRYPTO_EXCLUSIVE_AREA_10	8	static
SchM_Crypto.c:609:6:SchM_Enter_Crypto_CRYPTO_EXCLUSIVE_AREA_11	16	static
SchM_Crypto.c:631:6:SchM_Exit_Crypto_CRYPTO_EXCLUSIVE_AREA_11	8	static
SchM_Crypto.c:645:6:SchM_Enter_Crypto_CRYPTO_EXCLUSIVE_AREA_12	16	static
SchM_Crypto.c:667:6:SchM_Exit_Crypto_CRYPTO_EXCLUSIVE_AREA_12	8	static
