Devassert.h:65:20:DevAssert	8	static
FlexCAN_Ip_HwAccess.h:1193:20:FlexCAN_SetSelfReception	8	static
FlexCAN_Ip_HwAccess.h:1204:23:FlexCAN_IsFDEnabled	8	static
FlexCAN_Ip_HwAccess.h:1263:20:FlexCAN_SetIsoCan	8	static
FlexCAN_Ip_HwAccess.h:1269:20:FlexCAN_SetEntireFrameArbitrationFieldComparison	8	static
FlexCAN_Ip_HwAccess.h:1274:20:FlexCAN_SetProtocolException	8	static
FlexCAN_Ip_HwAccess.h:1279:20:FlexCAN_SetRemoteReqStore	8	static
FlexCAN_Ip_HwAccess.h:1283:20:FlexCAN_SetBusOffAutorecovery	8	static
FlexCAN_Ip_HwAccess.h:1288:20:FlexCAN_SetEdgeFilter	8	static
FlexCAN_Ip_HwAccess.h:1293:20:FlexCAN_CanBitSampling	8	static
FlexCAN_Ip_HwAccess.c:238:14:FlexCAN_ComputeDLCValue	16	static
FlexCAN_Ip_HwAccess.c:283:13:FlexCAN_ClearRAM	32	static
FlexCAN_Ip_HwAccess.c:376:14:FlexCAN_ComputePayloadSize	16	static
FlexCAN_Ip_HwAccess.c:427:19:FlexCAN_GetMsgBuffRegion	56	static
FlexCAN_Ip_HwAccess.c:485:8:FlexCAN_GetMaxMbNum	16	static
FlexCAN_Ip_HwAccess.c:509:23:FlexCAN_EnterFreezeMode	32	static
FlexCAN_Ip_HwAccess.c:547:23:FlexCAN_Enable	32	static
FlexCAN_Ip_HwAccess.c:581:23:FlexCAN_ExitFreezeMode	32	static
FlexCAN_Ip_HwAccess.c:615:23:FlexCAN_Disable	32	static
FlexCAN_Ip_HwAccess.c:654:6:FlexCAN_SetErrIntCmd	32	static
FlexCAN_Ip_HwAccess.c:711:23:FlexCAN_Init	32	static
FlexCAN_Ip_HwAccess.c:803:23:FlexCAN_EnableRxFifo	32	static
FlexCAN_Ip_HwAccess.c:842:9:FlexCAN_IsFDAvailable	16	static
FlexCAN_Ip_HwAccess.c:865:6:FlexCAN_SetPayloadSize	24	static
FlexCAN_Ip_HwAccess.c:911:14:FlexCAN_GetPayloadSize	24	static
FlexCAN_Ip_HwAccess.c:940:7:FlexCAN_GetMbPayloadSize	32	static
FlexCAN_Ip_HwAccess.c:980:6:FlexCAN_LockRxMsgBuff	24	static
FlexCAN_Ip_HwAccess.c:994:23:FlexCAN_SetMsgBuffIntCmd	32	static
FlexCAN_Ip_HwAccess.c:1118:6:FLEXCAN_ClearMsgBuffIntCmd	32	static
FlexCAN_Ip_HwAccess.c:1184:6:FlexCAN_DisableInterrupts	8	static
FlexCAN_Ip_HwAccess.c:1211:6:FlexCAN_EnableInterrupts	8	static
FlexCAN_Ip_HwAccess.c:1247:6:FlexCAN_SetRxMsgBuff	32	static
FlexCAN_Ip_HwAccess.c:1303:8:FlexCAN_GetMsgBuffTimestamp	24	static
FlexCAN_Ip_HwAccess.c:1332:6:FlexCAN_GetMsgBuff	56	static
FlexCAN_Ip_HwAccess.c:1439:6:FlexCAN_SetTxMsgBuff	56	static
FlexCAN_Ip_HwAccess.c:1556:23:FlexCAN_SetMaxMsgBuffNum	64	static
FlexCAN_Ip_HwAccess.c:1633:6:FlexCAN_SetOperationMode	16	static
FlexCAN_Ip_HwAccess.c:1662:6:FlexCAN_SetRxFifoFilter	56	static
FlexCAN_Ip_HwAccess.c:1875:6:FlexCAN_ReadRxFifo	48	static
FlexCAN_Ip_HwAccess.c:2034:9:FlexCAN_IsMbOutOfRange	32	static
FlexCAN_Ip_HwAccess.c:2398:6:FlexCAN_ConfigCtrlOptions	16	static
