Lpuart_Uart_Ip_HwAccess.h:205:20:Lpuart_Uart_Ip_Hw_Init	8	static
Lpuart_Uart_Ip_HwAccess.h:226:20:Lpuart_Uart_Ip_SetTransmitterCmd	8	static
Lpuart_Uart_Ip_HwAccess.h:241:20:Lpuart_Uart_Ip_SetReceiverCmd	8	static
Lpuart_Uart_Ip_HwAccess.h:255:20:Lpuart_Uart_Ip_SetBaudRateDivisor	8	static
Lpuart_Uart_Ip_HwAccess.h:288:20:Lpuart_Uart_Ip_SetOversamplingRatio	8	static
Lpuart_Uart_Ip_HwAccess.h:321:20:Lpuart_Uart_Ip_EnableBothEdgeSamplingCmd	8	static
Lpuart_Uart_Ip_HwAccess.h:338:20:Lpuart_Uart_Ip_SetBitCountPerChar	24	static
Lpuart_Uart_Ip_HwAccess.h:391:20:Lpuart_Uart_Ip_SetParityMode	8	static
Lpuart_Uart_Ip_HwAccess.h:408:20:Lpuart_Uart_Ip_SetStopBitCount	8	static
Lpuart_Uart_Ip_HwAccess.h:424:20:Lpuart_Uart_Ip_SetIntMode	16	static
Lpuart_Uart_Ip_HwAccess.h:439:23:Lpuart_Uart_Ip_GetIntMode	16	static
Lpuart_Uart_Ip_HwAccess.h:485:20:Lpuart_Uart_Ip_Putchar	16	static
Lpuart_Uart_Ip_HwAccess.h:500:20:Lpuart_Uart_Ip_Putchar9	16	static
Lpuart_Uart_Ip_HwAccess.h:524:20:Lpuart_Uart_Ip_Putchar10	24	static
Lpuart_Uart_Ip_HwAccess.h:553:21:Lpuart_Uart_Ip_Getchar	8	static
Lpuart_Uart_Ip_HwAccess.h:566:22:Lpuart_Uart_Ip_Getchar9	16	static
Lpuart_Uart_Ip_HwAccess.h:586:22:Lpuart_Uart_Ip_Getchar10	16	static
Lpuart_Uart_Ip_HwAccess.h:610:23:Lpuart_Uart_Ip_GetStatusFlag	16	static
Lpuart_Uart_Ip_HwAccess.h:626:20:Lpuart_Uart_Ip_ClearStatusFlag	8	static
Lpuart_Uart_Ip_HwAccess.h:660:20:Lpuart_Uart_Ip_ClearStatusFlagWithMask	8	static
Lpuart_Uart_Ip_HwAccess.h:672:20:Lpuart_Uart_Ip_ClearErrorFlags	16	static
Lpuart_Uart_Ip_HwAccess.h:687:20:Lpuart_Uart_Ip_StartTimeout	24	static
Lpuart_Uart_Ip_HwAccess.h:699:23:Lpuart_Uart_Ip_CheckTimeout	32	static
Lpuart_Uart_Ip_HwAccess.h:713:20:Lpuart_Uart_Ip_FlushTxBuffer	8	static
Lpuart_Uart_Ip_HwAccess.h:725:20:Lpuart_Uart_Ip_FlushRxBuffer	8	static
Devassert.h:85:20:DevAssert	8	static
Lpuart_Uart_Ip.c:252:6:Lpuart_Uart_Ip_Init	32	static
Lpuart_Uart_Ip.c:342:27:Lpuart_Uart_Ip_Deinit	40	static
Lpuart_Uart_Ip.c:394:27:Lpuart_Uart_Ip_SyncSend	56	static
Lpuart_Uart_Ip.c:477:27:Lpuart_Uart_Ip_AsyncSend	40	static
Lpuart_Uart_Ip.c:539:27:Lpuart_Uart_Ip_GetTransmitStatus	24	static
Lpuart_Uart_Ip.c:594:27:Lpuart_Uart_Ip_AbortSendingData	40	static
Lpuart_Uart_Ip.c:655:27:Lpuart_Uart_Ip_SyncReceive	56	static
Lpuart_Uart_Ip.c:738:13:Lpuart_Uart_Ip_StartGetData	88	static
Lpuart_Uart_Ip.c:803:27:Lpuart_Uart_Ip_AsyncReceive	40	static
Lpuart_Uart_Ip.c:865:27:Lpuart_Uart_Ip_GetReceiveStatus	24	static
Lpuart_Uart_Ip.c:918:27:Lpuart_Uart_Ip_AbortReceivingData	40	static
Lpuart_Uart_Ip.c:983:27:Lpuart_Uart_Ip_SetBaudRate	72	static
Lpuart_Uart_Ip.c:1093:6:Lpuart_Uart_Ip_GetBaudRate	24	static
Lpuart_Uart_Ip.c:1114:6:Lpuart_Uart_Ip_SetTxBuffer	32	static
Lpuart_Uart_Ip.c:1140:6:Lpuart_Uart_Ip_SetRxBuffer	32	static
Lpuart_Uart_Ip.c:1165:6:Lpuart_Uart_Ip_IrqHandler	32	static
Lpuart_Uart_Ip.c:1239:13:Lpuart_Uart_Ip_RxIrqHandler	24	static
Lpuart_Uart_Ip.c:1281:13:Lpuart_Uart_Ip_TxEmptyIrqHandler	32	static
Lpuart_Uart_Ip.c:1319:13:Lpuart_Uart_Ip_TxCompleteIrqHandler	24	static
Lpuart_Uart_Ip.c:1349:13:Lpuart_Uart_Ip_ErrIrqHandler	32	static
Lpuart_Uart_Ip.c:1462:34:Lpuart_Uart_Ip_StartSendDataUsingInt	32	static
Lpuart_Uart_Ip.c:1561:13:Lpuart_Uart_Ip_CompleteSendDataUsingInt	40	static
Lpuart_Uart_Ip.c:1727:34:Lpuart_Uart_Ip_StartReceiveDataUsingInt	32	static
Lpuart_Uart_Ip.c:1845:13:Lpuart_Uart_Ip_CompleteReceiveDataUsingInt	40	static
Lpuart_Uart_Ip.c:2046:13:Lpuart_Uart_Ip_PutData	40	static
Lpuart_Uart_Ip.c:2105:13:Lpuart_Uart_Ip_GetData	32	static
