Flexio_Mcl_Ip_HwAccess.c:159:7:Flexio_Mcl_Ip_SetSoftwareReset	24	static
Flexio_Mcl_Ip_HwAccess.c:173:7:Flexio_Mcl_Ip_SetDebugEnable	24	static
Flexio_Mcl_Ip_HwAccess.c:186:7:Flexio_Mcl_Ip_SetEnable	24	static
Flexio_Mcl_Ip_HwAccess.c:205:10:Flexio_Mcl_Ip_GetShifterStatus	8	static
Flexio_Mcl_Ip_HwAccess.c:221:9:Flexio_Mcl_Ip_GetAllShifterStatus	8	static
Flexio_Mcl_Ip_HwAccess.c:230:7:Flexio_Mcl_Ip_ClearShifterStatus	8	static
Flexio_Mcl_Ip_HwAccess.c:244:10:Flexio_Mcl_Ip_GetShifterErrorStatus	8	static
Flexio_Mcl_Ip_HwAccess.c:260:9:Flexio_Mcl_Ip_GetAllShifterErrorStatus	8	static
Flexio_Mcl_Ip_HwAccess.c:269:7:Flexio_Mcl_Ip_ClearShifterErrorStatus	8	static
Flexio_Mcl_Ip_HwAccess.c:285:10:Flexio_Mcl_Ip_GetTimerStatus	8	static
Flexio_Mcl_Ip_HwAccess.c:290:10:Flexio_Mcl_Ip_GetTimerInterruptEnable	8	static
Flexio_Mcl_Ip_HwAccess.c:307:9:Flexio_Mcl_Ip_GetAllTimerStatus	8	static
Flexio_Mcl_Ip_HwAccess.c:316:7:Flexio_Mcl_Ip_ClearTimerStatus	8	static
Flexio_Mcl_Ip_HwAccess.c:326:9:Flexio_Mcl_Ip_GetAllShifterInterrupt	8	static
Flexio_Mcl_Ip_HwAccess.c:337:9:Flexio_Mcl_Ip_GetAllShifterErrorInterrupt	8	static
Flexio_Mcl_Ip_HwAccess.c:346:7:Flexio_Mcl_Ip_SetShifterErrorInterrupt	24	static
Flexio_Mcl_Ip_HwAccess.c:370:7:Flexio_Mcl_Ip_SetShifterInterrupt	24	static
Flexio_Mcl_Ip_HwAccess.c:410:7:Flexio_Mcl_Ip_SetShifterDMARequest	24	static
Flexio_Mcl_Ip_HwAccess.c:434:9:Flexio_Mcl_Ip_GetAllTimerInterrupt	8	static
Flexio_Mcl_Ip_HwAccess.c:444:7:Flexio_Mcl_Ip_SetTimerInterrupt	24	static
Flexio_Mcl_Ip_HwAccess.c:467:7:Flexio_Mcl_Ip_Init	16	static
