SchM_Adc.c:429:8:Adc_schm_read_msr	4	static
SchM_Adc.c:513:6:SchM_Enter_Adc_ADC_EXCLUSIVE_AREA_00	16	static
SchM_Adc.c:535:6:SchM_Exit_Adc_ADC_EXCLUSIVE_AREA_00	8	static
SchM_Adc.c:549:6:SchM_Enter_Adc_ADC_EXCLUSIVE_AREA_01	16	static
SchM_Adc.c:571:6:SchM_Exit_Adc_ADC_EXCLUSIVE_AREA_01	8	static
SchM_Adc.c:585:6:SchM_Enter_Adc_ADC_EXCLUSIVE_AREA_02	16	static
SchM_Adc.c:607:6:SchM_Exit_Adc_ADC_EXCLUSIVE_AREA_02	8	static
SchM_Adc.c:621:6:SchM_Enter_Adc_ADC_EXCLUSIVE_AREA_03	16	static
SchM_Adc.c:643:6:SchM_Exit_Adc_ADC_EXCLUSIVE_AREA_03	8	static
SchM_Adc.c:657:6:SchM_Enter_Adc_ADC_EXCLUSIVE_AREA_04	16	static
SchM_Adc.c:679:6:SchM_Exit_Adc_ADC_EXCLUSIVE_AREA_04	8	static
SchM_Adc.c:693:6:SchM_Enter_Adc_ADC_EXCLUSIVE_AREA_05	16	static
SchM_Adc.c:715:6:SchM_Exit_Adc_ADC_EXCLUSIVE_AREA_05	8	static
SchM_Adc.c:729:6:SchM_Enter_Adc_ADC_EXCLUSIVE_AREA_06	16	static
SchM_Adc.c:751:6:SchM_Exit_Adc_ADC_EXCLUSIVE_AREA_06	8	static
SchM_Adc.c:765:6:SchM_Enter_Adc_ADC_EXCLUSIVE_AREA_10	16	static
SchM_Adc.c:787:6:SchM_Exit_Adc_ADC_EXCLUSIVE_AREA_10	8	static
SchM_Adc.c:801:6:SchM_Enter_Adc_ADC_EXCLUSIVE_AREA_11	16	static
SchM_Adc.c:823:6:SchM_Exit_Adc_ADC_EXCLUSIVE_AREA_11	8	static
SchM_Adc.c:837:6:SchM_Enter_Adc_ADC_EXCLUSIVE_AREA_12	16	static
SchM_Adc.c:859:6:SchM_Exit_Adc_ADC_EXCLUSIVE_AREA_12	8	static
SchM_Adc.c:873:6:SchM_Enter_Adc_ADC_EXCLUSIVE_AREA_13	16	static
SchM_Adc.c:895:6:SchM_Exit_Adc_ADC_EXCLUSIVE_AREA_13	8	static
SchM_Adc.c:909:6:SchM_Enter_Adc_ADC_EXCLUSIVE_AREA_14	16	static
SchM_Adc.c:931:6:SchM_Exit_Adc_ADC_EXCLUSIVE_AREA_14	8	static
SchM_Adc.c:945:6:SchM_Enter_Adc_ADC_EXCLUSIVE_AREA_15	16	static
SchM_Adc.c:967:6:SchM_Exit_Adc_ADC_EXCLUSIVE_AREA_15	8	static
SchM_Adc.c:981:6:SchM_Enter_Adc_ADC_EXCLUSIVE_AREA_16	16	static
SchM_Adc.c:1003:6:SchM_Exit_Adc_ADC_EXCLUSIVE_AREA_16	8	static
SchM_Adc.c:1017:6:SchM_Enter_Adc_ADC_EXCLUSIVE_AREA_17	16	static
SchM_Adc.c:1039:6:SchM_Exit_Adc_ADC_EXCLUSIVE_AREA_17	8	static
SchM_Adc.c:1053:6:SchM_Enter_Adc_ADC_EXCLUSIVE_AREA_18	16	static
SchM_Adc.c:1075:6:SchM_Exit_Adc_ADC_EXCLUSIVE_AREA_18	8	static
SchM_Adc.c:1089:6:SchM_Enter_Adc_ADC_EXCLUSIVE_AREA_19	16	static
SchM_Adc.c:1111:6:SchM_Exit_Adc_ADC_EXCLUSIVE_AREA_19	8	static
SchM_Adc.c:1125:6:SchM_Enter_Adc_ADC_EXCLUSIVE_AREA_20	16	static
SchM_Adc.c:1147:6:SchM_Exit_Adc_ADC_EXCLUSIVE_AREA_20	8	static
SchM_Adc.c:1161:6:SchM_Enter_Adc_ADC_EXCLUSIVE_AREA_21	16	static
SchM_Adc.c:1183:6:SchM_Exit_Adc_ADC_EXCLUSIVE_AREA_21	8	static
SchM_Adc.c:1197:6:SchM_Enter_Adc_ADC_EXCLUSIVE_AREA_22	16	static
SchM_Adc.c:1219:6:SchM_Exit_Adc_ADC_EXCLUSIVE_AREA_22	8	static
SchM_Adc.c:1233:6:SchM_Enter_Adc_ADC_EXCLUSIVE_AREA_23	16	static
SchM_Adc.c:1255:6:SchM_Exit_Adc_ADC_EXCLUSIVE_AREA_23	8	static
SchM_Adc.c:1269:6:SchM_Enter_Adc_ADC_EXCLUSIVE_AREA_24	16	static
SchM_Adc.c:1291:6:SchM_Exit_Adc_ADC_EXCLUSIVE_AREA_24	8	static
SchM_Adc.c:1305:6:SchM_Enter_Adc_ADC_EXCLUSIVE_AREA_25	16	static
SchM_Adc.c:1327:6:SchM_Exit_Adc_ADC_EXCLUSIVE_AREA_25	8	static
SchM_Adc.c:1341:6:SchM_Enter_Adc_ADC_EXCLUSIVE_AREA_26	16	static
SchM_Adc.c:1363:6:SchM_Exit_Adc_ADC_EXCLUSIVE_AREA_26	8	static
SchM_Adc.c:1377:6:SchM_Enter_Adc_ADC_EXCLUSIVE_AREA_27	16	static
SchM_Adc.c:1399:6:SchM_Exit_Adc_ADC_EXCLUSIVE_AREA_27	8	static
SchM_Adc.c:1413:6:SchM_Enter_Adc_ADC_EXCLUSIVE_AREA_28	16	static
SchM_Adc.c:1435:6:SchM_Exit_Adc_ADC_EXCLUSIVE_AREA_28	8	static
SchM_Adc.c:1449:6:SchM_Enter_Adc_ADC_EXCLUSIVE_AREA_29	16	static
SchM_Adc.c:1471:6:SchM_Exit_Adc_ADC_EXCLUSIVE_AREA_29	8	static
SchM_Adc.c:1485:6:SchM_Enter_Adc_ADC_EXCLUSIVE_AREA_30	16	static
SchM_Adc.c:1507:6:SchM_Exit_Adc_ADC_EXCLUSIVE_AREA_30	8	static
SchM_Adc.c:1521:6:SchM_Enter_Adc_ADC_EXCLUSIVE_AREA_31	16	static
SchM_Adc.c:1543:6:SchM_Exit_Adc_ADC_EXCLUSIVE_AREA_31	8	static
SchM_Adc.c:1557:6:SchM_Enter_Adc_ADC_EXCLUSIVE_AREA_32	16	static
SchM_Adc.c:1579:6:SchM_Exit_Adc_ADC_EXCLUSIVE_AREA_32	8	static
SchM_Adc.c:1593:6:SchM_Enter_Adc_ADC_EXCLUSIVE_AREA_33	16	static
SchM_Adc.c:1615:6:SchM_Exit_Adc_ADC_EXCLUSIVE_AREA_33	8	static
SchM_Adc.c:1629:6:SchM_Enter_Adc_ADC_EXCLUSIVE_AREA_34	16	static
SchM_Adc.c:1651:6:SchM_Exit_Adc_ADC_EXCLUSIVE_AREA_34	8	static
SchM_Adc.c:1665:6:SchM_Enter_Adc_ADC_EXCLUSIVE_AREA_35	16	static
SchM_Adc.c:1687:6:SchM_Exit_Adc_ADC_EXCLUSIVE_AREA_35	8	static
SchM_Adc.c:1701:6:SchM_Enter_Adc_ADC_EXCLUSIVE_AREA_36	16	static
SchM_Adc.c:1723:6:SchM_Exit_Adc_ADC_EXCLUSIVE_AREA_36	8	static
SchM_Adc.c:1737:6:SchM_Enter_Adc_ADC_EXCLUSIVE_AREA_37	16	static
SchM_Adc.c:1759:6:SchM_Exit_Adc_ADC_EXCLUSIVE_AREA_37	8	static
SchM_Adc.c:1773:6:SchM_Enter_Adc_ADC_EXCLUSIVE_AREA_38	16	static
SchM_Adc.c:1795:6:SchM_Exit_Adc_ADC_EXCLUSIVE_AREA_38	8	static
SchM_Adc.c:1809:6:SchM_Enter_Adc_ADC_EXCLUSIVE_AREA_39	16	static
SchM_Adc.c:1831:6:SchM_Exit_Adc_ADC_EXCLUSIVE_AREA_39	8	static
SchM_Adc.c:1845:6:SchM_Enter_Adc_ADC_EXCLUSIVE_AREA_40	16	static
SchM_Adc.c:1867:6:SchM_Exit_Adc_ADC_EXCLUSIVE_AREA_40	8	static
SchM_Adc.c:1881:6:SchM_Enter_Adc_ADC_EXCLUSIVE_AREA_41	16	static
SchM_Adc.c:1903:6:SchM_Exit_Adc_ADC_EXCLUSIVE_AREA_41	8	static
SchM_Adc.c:1917:6:SchM_Enter_Adc_ADC_EXCLUSIVE_AREA_42	16	static
SchM_Adc.c:1939:6:SchM_Exit_Adc_ADC_EXCLUSIVE_AREA_42	8	static
SchM_Adc.c:1953:6:SchM_Enter_Adc_ADC_EXCLUSIVE_AREA_43	16	static
SchM_Adc.c:1975:6:SchM_Exit_Adc_ADC_EXCLUSIVE_AREA_43	8	static
SchM_Adc.c:1989:6:SchM_Enter_Adc_ADC_EXCLUSIVE_AREA_44	16	static
SchM_Adc.c:2011:6:SchM_Exit_Adc_ADC_EXCLUSIVE_AREA_44	8	static
SchM_Adc.c:2025:6:SchM_Enter_Adc_ADC_EXCLUSIVE_AREA_45	16	static
SchM_Adc.c:2047:6:SchM_Exit_Adc_ADC_EXCLUSIVE_AREA_45	8	static
SchM_Adc.c:2061:6:SchM_Enter_Adc_ADC_EXCLUSIVE_AREA_46	16	static
SchM_Adc.c:2083:6:SchM_Exit_Adc_ADC_EXCLUSIVE_AREA_46	8	static
SchM_Adc.c:2097:6:SchM_Enter_Adc_ADC_EXCLUSIVE_AREA_47	16	static
SchM_Adc.c:2119:6:SchM_Exit_Adc_ADC_EXCLUSIVE_AREA_47	8	static
SchM_Adc.c:2133:6:SchM_Enter_Adc_ADC_EXCLUSIVE_AREA_48	16	static
SchM_Adc.c:2155:6:SchM_Exit_Adc_ADC_EXCLUSIVE_AREA_48	8	static
SchM_Adc.c:2169:6:SchM_Enter_Adc_ADC_EXCLUSIVE_AREA_49	16	static
SchM_Adc.c:2191:6:SchM_Exit_Adc_ADC_EXCLUSIVE_AREA_49	8	static
SchM_Adc.c:2205:6:SchM_Enter_Adc_ADC_EXCLUSIVE_AREA_50	16	static
SchM_Adc.c:2227:6:SchM_Exit_Adc_ADC_EXCLUSIVE_AREA_50	8	static
SchM_Adc.c:2241:6:SchM_Enter_Adc_ADC_EXCLUSIVE_AREA_54	16	static
SchM_Adc.c:2263:6:SchM_Exit_Adc_ADC_EXCLUSIVE_AREA_54	8	static
SchM_Adc.c:2277:6:SchM_Enter_Adc_ADC_EXCLUSIVE_AREA_55	16	static
SchM_Adc.c:2299:6:SchM_Exit_Adc_ADC_EXCLUSIVE_AREA_55	8	static
SchM_Adc.c:2313:6:SchM_Enter_Adc_ADC_EXCLUSIVE_AREA_56	16	static
SchM_Adc.c:2335:6:SchM_Exit_Adc_ADC_EXCLUSIVE_AREA_56	8	static
SchM_Adc.c:2349:6:SchM_Enter_Adc_ADC_EXCLUSIVE_AREA_57	16	static
SchM_Adc.c:2371:6:SchM_Exit_Adc_ADC_EXCLUSIVE_AREA_57	8	static
SchM_Adc.c:2385:6:SchM_Enter_Adc_ADC_EXCLUSIVE_AREA_58	16	static
SchM_Adc.c:2407:6:SchM_Exit_Adc_ADC_EXCLUSIVE_AREA_58	8	static
SchM_Adc.c:2421:6:SchM_Enter_Adc_ADC_EXCLUSIVE_AREA_59	16	static
SchM_Adc.c:2443:6:SchM_Exit_Adc_ADC_EXCLUSIVE_AREA_59	8	static
SchM_Adc.c:2457:6:SchM_Enter_Adc_ADC_EXCLUSIVE_AREA_60	16	static
SchM_Adc.c:2479:6:SchM_Exit_Adc_ADC_EXCLUSIVE_AREA_60	8	static
SchM_Adc.c:2493:6:SchM_Enter_Adc_ADC_EXCLUSIVE_AREA_61	16	static
SchM_Adc.c:2515:6:SchM_Exit_Adc_ADC_EXCLUSIVE_AREA_61	8	static
SchM_Adc.c:2529:6:SchM_Enter_Adc_ADC_EXCLUSIVE_AREA_62	16	static
SchM_Adc.c:2551:6:SchM_Exit_Adc_ADC_EXCLUSIVE_AREA_62	8	static
SchM_Adc.c:2565:6:SchM_Enter_Adc_ADC_EXCLUSIVE_AREA_63	16	static
SchM_Adc.c:2587:6:SchM_Exit_Adc_ADC_EXCLUSIVE_AREA_63	8	static
SchM_Adc.c:2601:6:SchM_Enter_Adc_ADC_EXCLUSIVE_AREA_64	16	static
SchM_Adc.c:2623:6:SchM_Exit_Adc_ADC_EXCLUSIVE_AREA_64	8	static
SchM_Adc.c:2637:6:SchM_Enter_Adc_ADC_EXCLUSIVE_AREA_65	16	static
SchM_Adc.c:2659:6:SchM_Exit_Adc_ADC_EXCLUSIVE_AREA_65	8	static
SchM_Adc.c:2673:6:SchM_Enter_Adc_ADC_EXCLUSIVE_AREA_66	16	static
SchM_Adc.c:2695:6:SchM_Exit_Adc_ADC_EXCLUSIVE_AREA_66	8	static
SchM_Adc.c:2709:6:SchM_Enter_Adc_ADC_EXCLUSIVE_AREA_67	16	static
SchM_Adc.c:2731:6:SchM_Exit_Adc_ADC_EXCLUSIVE_AREA_67	8	static
SchM_Adc.c:2745:6:SchM_Enter_Adc_ADC_EXCLUSIVE_AREA_68	16	static
SchM_Adc.c:2767:6:SchM_Exit_Adc_ADC_EXCLUSIVE_AREA_68	8	static
SchM_Adc.c:2781:6:SchM_Enter_Adc_ADC_EXCLUSIVE_AREA_69	16	static
SchM_Adc.c:2803:6:SchM_Exit_Adc_ADC_EXCLUSIVE_AREA_69	8	static
SchM_Adc.c:2817:6:SchM_Enter_Adc_ADC_EXCLUSIVE_AREA_70	16	static
SchM_Adc.c:2839:6:SchM_Exit_Adc_ADC_EXCLUSIVE_AREA_70	8	static
SchM_Adc.c:2853:6:SchM_Enter_Adc_ADC_EXCLUSIVE_AREA_71	16	static
SchM_Adc.c:2875:6:SchM_Exit_Adc_ADC_EXCLUSIVE_AREA_71	8	static
SchM_Adc.c:2889:6:SchM_Enter_Adc_ADC_EXCLUSIVE_AREA_72	16	static
SchM_Adc.c:2911:6:SchM_Exit_Adc_ADC_EXCLUSIVE_AREA_72	8	static
SchM_Adc.c:2925:6:SchM_Enter_Adc_ADC_EXCLUSIVE_AREA_73	16	static
SchM_Adc.c:2947:6:SchM_Exit_Adc_ADC_EXCLUSIVE_AREA_73	8	static
