Archive member included to satisfy reference by file (symbol)

D:/NXP/S32DS.3.4/S32DS/build_tools/gcc_b1620/gcc-6.3-arm32-eabi/arm-none-eabi/newlib/lib/thumb/v7e-m/fpv4-sp/hard\libc_nano.a(lib_a-exit.o)
                              D:/NXP/S32DS.3.4/S32DS/build_tools/gcc_b1620/gcc-6.3-arm32-eabi/arm-none-eabi/newlib/lib/thumb/v7e-m/fpv4-sp/hard/crt0.o (exit)
D:/NXP/S32DS.3.4/S32DS/build_tools/gcc_b1620/gcc-6.3-arm32-eabi/arm-none-eabi/newlib/lib/thumb/v7e-m/fpv4-sp/hard\libc_nano.a(lib_a-impure.o)
                              D:/NXP/S32DS.3.4/S32DS/build_tools/gcc_b1620/gcc-6.3-arm32-eabi/arm-none-eabi/newlib/lib/thumb/v7e-m/fpv4-sp/hard\libc_nano.a(lib_a-exit.o) (_global_impure_ptr)
D:/NXP/S32DS.3.4/S32DS/build_tools/gcc_b1620/gcc-6.3-arm32-eabi/arm-none-eabi/newlib/lib/thumb/v7e-m/fpv4-sp/hard\libc_nano.a(lib_a-init.o)
                              D:/NXP/S32DS.3.4/S32DS/build_tools/gcc_b1620/gcc-6.3-arm32-eabi/arm-none-eabi/newlib/lib/thumb/v7e-m/fpv4-sp/hard/crt0.o (__libc_init_array)
D:/NXP/S32DS.3.4/S32DS/build_tools/gcc_b1620/gcc-6.3-arm32-eabi/arm-none-eabi/newlib/lib/thumb/v7e-m/fpv4-sp/hard\libc_nano.a(lib_a-memset.o)
                              D:/NXP/S32DS.3.4/S32DS/build_tools/gcc_b1620/gcc-6.3-arm32-eabi/arm-none-eabi/newlib/lib/thumb/v7e-m/fpv4-sp/hard/crt0.o (memset)
D:/NXP/S32DS.3.4/S32DS/build_tools/gcc_b1620/gcc-6.3-arm32-eabi/arm-none-eabi/newlib/lib/thumb/v7e-m/fpv4-sp/hard\libnosys.a(_exit.o)
                              D:/NXP/S32DS.3.4/S32DS/build_tools/gcc_b1620/gcc-6.3-arm32-eabi/arm-none-eabi/newlib/lib/thumb/v7e-m/fpv4-sp/hard\libc_nano.a(lib_a-exit.o) (_exit)

Discarded input sections

 .text          0x00000000        0x0 d:/nxp/s32ds.3.4/s32ds/build_tools/gcc_b1620/gcc-6.3-arm32-eabi/bin/../lib/gcc/arm-none-eabi/6.3.1/thumb/v7e-m/fpv4-sp/hard/crti.o
 .data          0x00000000        0x0 d:/nxp/s32ds.3.4/s32ds/build_tools/gcc_b1620/gcc-6.3-arm32-eabi/bin/../lib/gcc/arm-none-eabi/6.3.1/thumb/v7e-m/fpv4-sp/hard/crti.o
 .bss           0x00000000        0x0 d:/nxp/s32ds.3.4/s32ds/build_tools/gcc_b1620/gcc-6.3-arm32-eabi/bin/../lib/gcc/arm-none-eabi/6.3.1/thumb/v7e-m/fpv4-sp/hard/crti.o
 .data          0x00000000        0x4 d:/nxp/s32ds.3.4/s32ds/build_tools/gcc_b1620/gcc-6.3-arm32-eabi/bin/../lib/gcc/arm-none-eabi/6.3.1/thumb/v7e-m/fpv4-sp/hard/crtbegin.o
 .data          0x00000000        0x0 D:/NXP/S32DS.3.4/S32DS/build_tools/gcc_b1620/gcc-6.3-arm32-eabi/arm-none-eabi/newlib/lib/thumb/v7e-m/fpv4-sp/hard/crt0.o
 .bss           0x00000000        0x0 D:/NXP/S32DS.3.4/S32DS/build_tools/gcc_b1620/gcc-6.3-arm32-eabi/arm-none-eabi/newlib/lib/thumb/v7e-m/fpv4-sp/hard/crt0.o
 .ARM.extab     0x00000000        0x0 D:/NXP/S32DS.3.4/S32DS/build_tools/gcc_b1620/gcc-6.3-arm32-eabi/arm-none-eabi/newlib/lib/thumb/v7e-m/fpv4-sp/hard/crt0.o
 .group         0x00000000        0xc ./hooks.o
 .group         0x00000000        0xc ./hooks.o
 .group         0x00000000        0xc ./hooks.o
 .group         0x00000000        0xc ./hooks.o
 .group         0x00000000        0xc ./hooks.o
 .group         0x00000000        0xc ./hooks.o
 .group         0x00000000        0xc ./hooks.o
 .group         0x00000000        0xc ./hooks.o
 .group         0x00000000        0xc ./hooks.o
 .group         0x00000000        0xc ./hooks.o
 .group         0x00000000        0xc ./hooks.o
 .group         0x00000000        0xc ./hooks.o
 .group         0x00000000        0xc ./hooks.o
 .group         0x00000000        0xc ./hooks.o
 .group         0x00000000        0xc ./hooks.o
 .group         0x00000000        0xc ./hooks.o
 .group         0x00000000        0xc ./hooks.o
 .group         0x00000000        0xc ./hooks.o
 .group         0x00000000        0xc ./hooks.o
 .group         0x00000000        0xc ./hooks.o
 .group         0x00000000        0xc ./hooks.o
 .text          0x00000000        0x0 ./hooks.o
 .data          0x00000000        0x0 ./hooks.o
 .bss           0x00000000        0x0 ./hooks.o
 .group         0x00000000        0xc ./led.o
 .group         0x00000000        0xc ./led.o
 .group         0x00000000        0xc ./led.o
 .group         0x00000000        0xc ./led.o
 .group         0x00000000        0xc ./led.o
 .group         0x00000000        0xc ./led.o
 .group         0x00000000        0xc ./led.o
 .group         0x00000000        0xc ./led.o
 .group         0x00000000        0xc ./led.o
 .group         0x00000000        0xc ./led.o
 .group         0x00000000        0xc ./led.o
 .group         0x00000000        0xc ./led.o
 .group         0x00000000        0xc ./led.o
 .group         0x00000000        0xc ./led.o
 .group         0x00000000        0xc ./led.o
 .group         0x00000000        0xc ./led.o
 .group         0x00000000        0xc ./led.o
 .group         0x00000000        0xc ./led.o
 .group         0x00000000        0xc ./led.o
 .group         0x00000000        0xc ./led.o
 .group         0x00000000        0xc ./led.o
 .text          0x00000000        0x0 ./led.o
[...]
Memory Configuration

Name             Origin             Length             Attributes
m_interrupts     0x00000000         0x00000400         xr
m_flash_config   0x00000400         0x00000010         xr
m_text           0x00000410         0x00003000         xr
m_data           0x1fff8000         0x00008000         rw
m_data_2         0x20000000         0x00007000         rw
*default*        0x00000000         0xffffffff

Linker script and memory map

LOAD d:/nxp/s32ds.3.4/s32ds/build_tools/gcc_b1620/gcc-6.3-arm32-eabi/bin/../lib/gcc/arm-none-eabi/6.3.1/thumb/v7e-m/fpv4-sp/hard/crti.o
LOAD d:/nxp/s32ds.3.4/s32ds/build_tools/gcc_b1620/gcc-6.3-arm32-eabi/bin/../lib/gcc/arm-none-eabi/6.3.1/thumb/v7e-m/fpv4-sp/hard/crtbegin.o
LOAD D:/NXP/S32DS.3.4/S32DS/build_tools/gcc_b1620/gcc-6.3-arm32-eabi/arm-none-eabi/newlib/lib/thumb/v7e-m/fpv4-sp/hard/crt0.o
LOAD ./hooks.o
LOAD ./led.o
LOAD ./main.o
LOAD ./core/ARMCM4_S32K14/GCC/cpu_comp.o
LOAD ./core/ARMCM4_S32K14/can.o
LOAD ./core/ARMCM4_S32K14/cpu.o
LOAD ./core/ARMCM4_S32K14/flash.o
LOAD ./core/ARMCM4_S32K14/mbrtu.o
LOAD ./core/ARMCM4_S32K14/nvm.o
LOAD ./core/ARMCM4_S32K14/rs232.o
LOAD ./core/ARMCM4_S32K14/timer.o
LOAD ./core/asserts.o
LOAD ./core/backdoor.o
LOAD ./core/boot.o
LOAD ./core/com.o
LOAD ./core/cop.o
LOAD ./core/file.o
LOAD ./core/mb.o
LOAD ./core/net.o
LOAD ./core/xcp.o
LOAD ./lib/system_S32K144.o
LOAD ./startup/startup.o
LOAD ./startup/startup_S32K144.o
START GROUP
LOAD d:/nxp/s32ds.3.4/s32ds/build_tools/gcc_b1620/gcc-6.3-arm32-eabi/bin/../lib/gcc/arm-none-eabi/6.3.1/thumb/v7e-m/fpv4-sp/hard\libgcc.a
LOAD D:/NXP/S32DS.3.4/S32DS/build_tools/gcc_b1620/gcc-6.3-arm32-eabi/arm-none-eabi/newlib/lib/thumb/v7e-m/fpv4-sp/hard\libc_nano.a
END GROUP
START GROUP
LOAD d:/nxp/s32ds.3.4/s32ds/build_tools/gcc_b1620/gcc-6.3-arm32-eabi/bin/../lib/gcc/arm-none-eabi/6.3.1/thumb/v7e-m/fpv4-sp/hard\libgcc.a
LOAD D:/NXP/S32DS.3.4/S32DS/build_tools/gcc_b1620/gcc-6.3-arm32-eabi/arm-none-eabi/newlib/lib/thumb/v7e-m/fpv4-sp/hard\libc_nano.a
LOAD D:/NXP/S32DS.3.4/S32DS/build_tools/gcc_b1620/gcc-6.3-arm32-eabi/arm-none-eabi/newlib/lib/thumb/v7e-m/fpv4-sp/hard\libnosys.a
END GROUP
START GROUP
LOAD d:/nxp/s32ds.3.4/s32ds/build_tools/gcc_b1620/gcc-6.3-arm32-eabi/bin/../lib/gcc/arm-none-eabi/6.3.1/thumb/v7e-m/fpv4-sp/hard\libgcc.a
LOAD D:/NXP/S32DS.3.4/S32DS/build_tools/gcc_b1620/gcc-6.3-arm32-eabi/arm-none-eabi/newlib/lib/thumb/v7e-m/fpv4-sp/hard\libc_nano.a
LOAD D:/NXP/S32DS.3.4/S32DS/build_tools/gcc_b1620/gcc-6.3-arm32-eabi/arm-none-eabi/newlib/lib/thumb/v7e-m/fpv4-sp/hard\libnosys.a
END GROUP
LOAD d:/nxp/s32ds.3.4/s32ds/build_tools/gcc_b1620/gcc-6.3-arm32-eabi/bin/../lib/gcc/arm-none-eabi/6.3.1/thumb/v7e-m/fpv4-sp/hard/crtend.o
LOAD d:/nxp/s32ds.3.4/s32ds/build_tools/gcc_b1620/gcc-6.3-arm32-eabi/bin/../lib/gcc/arm-none-eabi/6.3.1/thumb/v7e-m/fpv4-sp/hard/crtn.o
                0x00000400                HEAP_SIZE = DEFINED (__heap_size__)?__heap_size__:0x400
                0x00000400                STACK_SIZE = DEFINED (__stack_size__)?__stack_size__:0x400
                0x00000400                M_VECTOR_RAM_SIZE = DEFINED (__flash_vector_table__)?0x0:0x400

.interrupts     0x00000000      0x400
                0x00000000                __VECTOR_TABLE = .
                0x00000000                __interrupts_start__ = .
                0x00000000                . = ALIGN (0x4)
 *(.isr_vector)
 .isr_vector    0x00000000      0x400 ./startup/startup_S32K144.o
                0x00000000                __isr_vector
                0x00000400                __interrupts_end__ = .
                0x00000400                . = ALIGN (0x4)

.flash_config   0x00000400       0x10
                0x00000400                . = ALIGN (0x4)
 *(.FlashConfig)
 .FlashConfig   0x00000400       0x10 ./startup/startup_S32K144.o
                0x00000410                . = ALIGN (0x4)

.text           0x00000410     0x28f0
                0x00000410                . = ALIGN (0x4)
 *(.text)
 .text          0x00000410       0xa4 d:/nxp/s32ds.3.4/s32ds/build_tools/gcc_b1620/gcc-6.3-arm32-eabi/bin/../lib/gcc/arm-none-eabi/6.3.1/thumb/v7e-m/fpv4-sp/hard/crtbegin.o
 .text          0x000004b4       0x7c D:/NXP/S32DS.3.4/S32DS/build_tools/gcc_b1620/gcc-6.3-arm32-eabi/arm-none-eabi/newlib/lib/thumb/v7e-m/fpv4-sp/hard/crt0.o
                0x000004b4                _stack_init
                0x000004bc                _start
                0x000004bc                _mainCRTStartup
 .text          0x00000530       0x6c ./startup/startup_S32K144.o
                0x00000530                Reset_Handler
                0x00000598                DebugMon_Handler
                0x00000598                Reserved88_IRQHandler
                0x00000598                CAN0_ORed_IRQHandler
                0x00000598                HardFault_Handler
                0x00000598                Reserved86_IRQHandler
                0x00000598                Reserved103_IRQHandler
                0x00000598                SysTick_Handler
                0x00000598                FTM2_Ovf_Reload_IRQHandler
                0x00000598                Reserved50_IRQHandler
                0x00000598                FTFC_Fault_IRQHandler
                0x00000598                FTM0_Ch6_Ch7_IRQHandler
                0x00000598                Reserved114_IRQHandler
                0x00000598                PendSV_Handler
                0x00000598                NMI_Handler
                0x00000598                Reserved89_IRQHandler
                0x00000598                ERM_double_fault_IRQHandler
                0x00000598                DMA2_IRQHandler
                0x00000598                Reserved59_IRQHandler
                0x00000598                LPIT0_Ch0_IRQHandler
                0x00000598                Reserved99_IRQHandler
                0x00000598                FTM3_Ch6_Ch7_IRQHandler
                0x00000598                CAN2_ORed_0_15_MB_IRQHandler
                0x00000598                LPIT0_Ch3_IRQHandler
                0x00000598                Reserved92_IRQHandler
                0x00000598                FTM0_Ch4_Ch5_IRQHandler
                0x00000598                CAN1_Error_IRQHandler
                0x00000598                FTM3_Ch0_Ch1_IRQHandler
                0x00000598                SWI_IRQHandler
                0x00000598                ADC0_IRQHandler
                0x00000598                FTM2_Ch4_Ch5_IRQHandler
                0x00000598                UsageFault_Handler
                0x00000598                FTM0_Ovf_Reload_IRQHandler
                0x00000598                DefaultISR
                0x00000598                DMA9_IRQHandler
                0x00000598                Reserved58_IRQHandler
                0x00000598                CAN1_ORed_0_15_MB_IRQHandler
                0x00000598                FTM1_Ch2_Ch3_IRQHandler
                0x00000598                DMA14_IRQHandler
                0x00000598                Reserved82_IRQHandler
                0x00000598                CAN0_ORed_16_31_MB_IRQHandler
                0x00000598                LPI2C0_Slave_IRQHandler
                0x00000598                Reserved71_IRQHandler
                0x00000598                PORTD_IRQHandler
                0x00000598                Reserved69_IRQHandler
                0x00000598                PORTB_IRQHandler
                0x00000598                Reserved70_IRQHandler
                0x00000598                ADC1_IRQHandler
                0x00000598                FTM2_Ch2_Ch3_IRQHandler
                0x00000598                Reserved53_IRQHandler
                0x00000598                DMA5_IRQHandler
                0x00000598                RTC_IRQHandler
                0x00000598                PDB0_IRQHandler
                0x00000598                Reserved54_IRQHandler
                0x00000598                FTM2_Ch6_Ch7_IRQHandler
                0x00000598                FTM3_Ch2_Ch3_IRQHandler
                0x00000598                FTM2_Ch0_Ch1_IRQHandler
                0x00000598                LPSPI1_IRQHandler
                0x00000598                LPUART1_RxTx_IRQHandler
                0x00000598                RTC_Seconds_IRQHandler
                0x00000598                CAN2_ORed_IRQHandler
                0x00000598                Reserved72_IRQHandler
                0x00000598                Reserved110_IRQHandler
                0x00000598                DMA11_IRQHandler
                0x00000598                Reserved107_IRQHandler
                0x00000598                Read_Collision_IRQHandler
                0x00000598                CAN2_Error_IRQHandler
                0x00000598                FTFC_IRQHandler
                0x00000598                DMA7_IRQHandler
                0x00000598                FTM1_Ch6_Ch7_IRQHandler
                0x00000598                Reserved105_IRQHandler
                0x00000598                LPIT0_Ch1_IRQHandler
                0x00000598                FTM1_Ch4_Ch5_IRQHandler
                0x00000598                FTM3_Ovf_Reload_IRQHandler
                0x00000598                LPUART2_RxTx_IRQHandler
                0x00000598                LPSPI0_IRQHandler
                0x00000598                WDOG_EWM_IRQHandler
                0x00000598                MemManage_Handler
                0x00000598                Reserved90_IRQHandler
                0x00000598                Reserved83_IRQHandler
                0x00000598                FTM0_Fault_IRQHandler
                0x00000598                Reserved48_IRQHandler
                0x00000598                SVC_Handler
                0x00000598                ERM_single_fault_IRQHandler
                0x00000598                FTM2_Fault_IRQHandler
                0x00000598                FTM0_Ch2_Ch3_IRQHandler
                0x00000598                DMA13_IRQHandler
                0x00000598                FTM0_Ch0_Ch1_IRQHandler
                0x00000598                FTM3_Fault_IRQHandler
                0x00000598                RCM_IRQHandler
                0x00000598                DMA3_IRQHandler
                0x00000598                Reserved100_IRQHandler
                0x00000598                DMA0_IRQHandler
                0x00000598                Reserved91_IRQHandler
                0x00000598                CAN1_ORed_IRQHandler
                0x00000598                DMA15_IRQHandler
                0x00000598                SCG_IRQHandler
                0x00000598                PDB1_IRQHandler
                0x00000598                Reserved81_IRQHandler
                0x00000598                Reserved46_IRQHandler
                0x00000598                Reserved45_IRQHandler
                0x00000598                CAN0_Error_IRQHandler
                0x00000598                Reserved112_IRQHandler
                0x00000598                LPI2C0_Master_IRQHandler
                0x00000598                DMA4_IRQHandler
                0x00000598                FTM1_Fault_IRQHandler
                0x00000598                Reserved106_IRQHandler
                0x00000598                DMA_Error_IRQHandler
                0x00000598                LVD_LVW_IRQHandler
                0x00000598                LPIT0_Ch2_IRQHandler
                0x00000598                PORTA_IRQHandler
                0x00000598                MCM_IRQHandler
                0x00000598                LPSPI2_IRQHandler
                0x00000598                DMA12_IRQHandler
                0x00000598                FTM3_Ch4_Ch5_IRQHandler
                0x00000598                CAN0_ORed_0_15_MB_IRQHandler
                0x00000598                PORTE_IRQHandler
                0x00000598                LPUART0_RxTx_IRQHandler
                0x00000598                LPTMR0_IRQHandler
                0x00000598                BusFault_Handler
                0x00000598                Reserved87_IRQHandler
                0x00000598                FTM1_Ovf_Reload_IRQHandler
                0x00000598                DMA8_IRQHandler
                0x00000598                Reserved93_IRQHandler
                0x00000598                DMA10_IRQHandler
                0x00000598                CAN0_Wake_Up_IRQHandler
                0x00000598                CMP0_IRQHandler
                0x00000598                Reserved52_IRQHandler
                0x00000598                PORTC_IRQHandler
                0x00000598                DMA6_IRQHandler
                0x00000598                FTM1_Ch0_Ch1_IRQHandler
                0x00000598                FLEXIO_IRQHandler
                0x00000598                DMA1_IRQHandler
                0x00000598                Reserved113_IRQHandler
 *(.text*)
 .text.CpuUserProgramStartHook
                0x0000059c       0x24 ./hooks.o
                0x0000059c                CpuUserProgramStartHook
 .text.CopInitHook
                0x000005c0       0x10 ./hooks.o
                0x000005c0                CopInitHook
 .text.CopServiceHook
                0x000005d0        0xc ./hooks.o
                0x000005d0                CopServiceHook
 .text.LedBlinkInit
                0x000005dc       0x48 ./led.o
                0x000005dc                LedBlinkInit
 .text.LedBlinkTask
                0x00000624       0x64 ./led.o
                0x00000624                LedBlinkTask
 .text.LedBlinkExit
                0x00000688       0x20 ./led.o
                0x00000688                LedBlinkExit
 .text.main     0x000006a8       0x5c ./main.o
                0x000006a8                main
 .text.Init     0x00000704      0x104 ./main.o
 .text.SystemClockConfig
                0x00000808       0xdc ./main.o
 .text.JumpToUserApplication1
                0x000008e4       0x36 ./main.o
                0x000008e4                JumpToUserApplication1
 .text.JumpToUserApplication2
                0x0000091a       0x36 ./main.o
                0x0000091a                JumpToUserApplication2
 .text.CpuIrqDisable
                0x00000950       0x10 ./core/ARMCM4_S32K14/GCC/cpu_comp.o
                0x00000950                CpuIrqDisable
 .text.CpuIrqEnable
                0x00000960       0x10 ./core/ARMCM4_S32K14/GCC/cpu_comp.o
                0x00000960                CpuIrqEnable
 .text.CanGetSpeedConfig
                0x00000970       0xf8 ./core/ARMCM4_S32K14/can.o
 .text.CanFreezeModeEnter
                0x00000a68       0x6c ./core/ARMCM4_S32K14/can.o
 .text.CanFreezeModeExit
                0x00000ad4       0x6c ./core/ARMCM4_S32K14/can.o
 .text.CanDisabledModeEnter
                0x00000b40       0x54 ./core/ARMCM4_S32K14/can.o
 .text.CanDisabledModeExit
                0x00000b94       0x54 ./core/ARMCM4_S32K14/can.o
 .text.CanInit  0x00000be8      0x21c ./core/ARMCM4_S32K14/can.o
                0x00000be8                CanInit
 .text.CanTransmitPacket
                0x00000e04      0x134 ./core/ARMCM4_S32K14/can.o
                0x00000e04                CanTransmitPacket
 .text.CanReceivePacket
                0x00000f38       0x90 ./core/ARMCM4_S32K14/can.o
                0x00000f38                CanReceivePacket
 .text.CpuInit  0x00000fc8        0xc ./core/ARMCM4_S32K14/cpu.o
                0x00000fc8                CpuInit
 .text.CpuStartUserProgram
                0x00000fd4       0x5a ./core/ARMCM4_S32K14/cpu.o
                0x00000fd4                CpuStartUserProgram
 .text.CpuMemCopy
                0x0000102e       0x3e ./core/ARMCM4_S32K14/cpu.o
                0x0000102e                CpuMemCopy
 .text.FlashInit
                0x0000106c       0x28 ./core/ARMCM4_S32K14/flash.o
                0x0000106c                FlashInit
 .text.FlashWrite
                0x00001094       0xa8 ./core/ARMCM4_S32K14/flash.o
                0x00001094                FlashWrite
 .text.FlashErase
                0x0000113c       0x7e ./core/ARMCM4_S32K14/flash.o
                0x0000113c                FlashErase
 *fill*         0x000011ba        0x2 
 .text.FlashWriteChecksum
                0x000011bc       0xb0 ./core/ARMCM4_S32K14/flash.o
                0x000011bc                FlashWriteChecksum
 .text.FlashVerifyChecksum
                0x0000126c       0x96 ./core/ARMCM4_S32K14/flash.o
                0x0000126c                FlashVerifyChecksum
 *fill*         0x00001302        0x2 
 .text.FlashDone
                0x00001304       0x58 ./core/ARMCM4_S32K14/flash.o
                0x00001304                FlashDone
 .text.FlashGetUserProgBaseAddress
                0x0000135c       0x1a ./core/ARMCM4_S32K14/flash.o
                0x0000135c                FlashGetUserProgBaseAddress
 .text.FlashInitBlock
                0x00001376       0x4c ./core/ARMCM4_S32K14/flash.o
 *fill*         0x000013c2        0x2 
 .text.FlashSwitchBlock
                0x000013c4       0x78 ./core/ARMCM4_S32K14/flash.o
 .text.FlashAddToBlock
                0x0000143c       0xd6 ./core/ARMCM4_S32K14/flash.o
 *fill*         0x00001512        0x2 
 .text.FlashWriteBlock
                0x00001514      0x144 ./core/ARMCM4_S32K14/flash.o
 .text.FlashEraseSectors
                0x00001658      0x140 ./core/ARMCM4_S32K14/flash.o
 .text.FlashGetSectorIdx
                0x00001798       0x78 ./core/ARMCM4_S32K14/flash.o
 .text.NvmInit  0x00001810        0xc ./core/ARMCM4_S32K14/nvm.o
                0x00001810                NvmInit
 .text.NvmWrite
                0x0000181c       0x20 ./core/ARMCM4_S32K14/nvm.o
                0x0000181c                NvmWrite
 .text.NvmErase
                0x0000183c       0x1c ./core/ARMCM4_S32K14/nvm.o
                0x0000183c                NvmErase
 .text.NvmVerifyChecksum
                0x00001858        0xe ./core/ARMCM4_S32K14/nvm.o
                0x00001858                NvmVerifyChecksum
 .text.NvmGetUserProgBaseAddress
                0x00001866        0xe ./core/ARMCM4_S32K14/nvm.o
                0x00001866                NvmGetUserProgBaseAddress
 .text.NvmDone  0x00001874       0x1c ./core/ARMCM4_S32K14/nvm.o
                0x00001874                NvmDone
 .text.Rs232Init
                0x00001890      0x110 ./core/ARMCM4_S32K14/rs232.o
                0x00001890                Rs232Init
 .text.Rs232TransmitPacket
                0x000019a0       0x58 ./core/ARMCM4_S32K14/rs232.o
                0x000019a0                Rs232TransmitPacket
 .text.Rs232ReceivePacket
                0x000019f8       0xcc ./core/ARMCM4_S32K14/rs232.o
                0x000019f8                Rs232ReceivePacket
 .text.Rs232ReceiveByte
                0x00001ac4       0x38 ./core/ARMCM4_S32K14/rs232.o
 .text.Rs232TransmitByte
                0x00001afc       0x48 ./core/ARMCM4_S32K14/rs232.o
 .text.TimerInit
                0x00001b44       0x5c ./core/ARMCM4_S32K14/timer.o
                0x00001b44                TimerInit
 .text.TimerReset
                0x00001ba0       0x24 ./core/ARMCM4_S32K14/timer.o
                0x00001ba0                TimerReset
 .text.TimerUpdate
                0x00001bc4       0x80 ./core/ARMCM4_S32K14/timer.o
                0x00001bc4                TimerUpdate
 .text.TimerGet
                0x00001c44       0x14 ./core/ARMCM4_S32K14/timer.o
                0x00001c44                TimerGet
 .text.AssertFailure
                0x00001c58       0x10 ./core/asserts.o
                0x00001c58                AssertFailure
 .text.BackDoorInit
                0x00001c68       0x1c ./core/backdoor.o
                0x00001c68                BackDoorInit
 .text.BackDoorCheck
                0x00001c84       0x4c ./core/backdoor.o
                0x00001c84                BackDoorCheck
 .text.BackDoorRestartTimer
                0x00001cd0       0x24 ./core/backdoor.o
                0x00001cd0                BackDoorRestartTimer
 .text.BootInit
                0x00001cf4       0x20 ./core/boot.o
                0x00001cf4                BootInit
 .text.BootTask
                0x00001d14       0x18 ./core/boot.o
                0x00001d14                BootTask
 .text.ComInit  0x00001d2c       0x24 ./core/com.o
                0x00001d2c                ComInit
 .text.ComTask  0x00001d50       0x58 ./core/com.o
                0x00001d50                ComTask
 .text.ComFree  0x00001da8        0xe ./core/com.o
                0x00001da8                ComFree
 *fill*         0x00001db6        0x2 
 .text.ComTransmitPacket
                0x00001db8       0x44 ./core/com.o
                0x00001db8                ComTransmitPacket
 .text.ComGetActiveInterfaceMaxRxLen
                0x00001dfc       0x60 ./core/com.o
                0x00001dfc                ComGetActiveInterfaceMaxRxLen
 .text.ComGetActiveInterfaceMaxTxLen
                0x00001e5c       0x60 ./core/com.o
                0x00001e5c                ComGetActiveInterfaceMaxTxLen
 .text.ComIsConnected
                0x00001ebc       0x22 ./core/com.o
                0x00001ebc                ComIsConnected
 .text.CopInit  0x00001ede        0xc ./core/cop.o
                0x00001ede                CopInit
 .text.CopService
                0x00001eea        0xc ./core/cop.o
                0x00001eea                CopService
 *fill*         0x00001ef6        0x2 
 .text.XcpInit  0x00001ef8       0x44 ./core/xcp.o
                0x00001ef8                XcpInit
 .text.XcpIsConnected
                0x00001f3c       0x24 ./core/xcp.o
                0x00001f3c                XcpIsConnected
 .text.XcpPacketTransmitted
                0x00001f60       0x1c ./core/xcp.o
                0x00001f60                XcpPacketTransmitted
 .text.XcpPacketReceived
                0x00001f7c      0x1cc ./core/xcp.o
                0x00001f7c                XcpPacketReceived
 .text.XcpTransmitPacket
                0x00002148       0x1e ./core/xcp.o
 .text.XcpComputeChecksum
                0x00002166       0x40 ./core/xcp.o
 *fill*         0x000021a6        0x2 
 .text.XcpProtectResources
                0x000021a8       0x1c ./core/xcp.o
 .text.XcpSetCtoError
                0x000021c4       0x30 ./core/xcp.o
 .text.XcpGetOrderedLong
                0x000021f4       0x50 ./core/xcp.o
 .text.XcpSetOrderedLong
                0x00002244       0x42 ./core/xcp.o
 *fill*         0x00002286        0x2 
 .text.XcpCmdConnect
                0x00002288       0x88 ./core/xcp.o
 .text.XcpCmdDisconnect
                0x00002310       0x30 ./core/xcp.o
 .text.XcpCmdGetStatus
                0x00002340       0x48 ./core/xcp.o
 .text.XcpCmdSynch
                0x00002388       0x16 ./core/xcp.o
 *fill*         0x0000239e        0x2 
 .text.XcpCmdGetId
                0x000023a0       0x50 ./core/xcp.o
 .text.XcpCmdSetMta
                0x000023f0       0x34 ./core/xcp.o
 .text.XcpCmdUpload
                0x00002424       0x7c ./core/xcp.o
 .text.XcpCmdShortUpload
                0x000024a0       0x90 ./core/xcp.o
 .text.XcpCmdBuildCheckSum
                0x00002530       0x68 ./core/xcp.o
 .text.XcpCmdProgramStart
                0x00002598       0x4c ./core/xcp.o
 .text.XcpCmdProgramMax
                0x000025e4       0x60 ./core/xcp.o
 .text.XcpCmdProgram
                0x00002644       0x98 ./core/xcp.o
 .text.XcpCmdProgramClear
                0x000026dc       0x4c ./core/xcp.o
 .text.XcpCmdProgramReset
                0x00002728       0x28 ./core/xcp.o
 .text.XcpCmdProgramPrepare
                0x00002750       0x16 ./core/xcp.o
 *fill*         0x00002766        0x2 
 .text.SystemInit
                0x00002768       0x58 ./lib/system_S32K144.o
                0x00002768                SystemInit
 .text.SystemCoreClockUpdate
                0x000027c0       0xf0 ./lib/system_S32K144.o
                0x000027c0                SystemCoreClockUpdate
 .text.init_data_bss
                0x000028b0      0x12c ./startup/startup.o
                0x000028b0                init_data_bss
 .text.exit     0x000029dc       0x28 D:/NXP/S32DS.3.4/S32DS/build_tools/gcc_b1620/gcc-6.3-arm32-eabi/arm-none-eabi/newlib/lib/thumb/v7e-m/fpv4-sp/hard\libc_nano.a(lib_a-exit.o)
                0x000029dc                exit
 .text.__libc_init_array
                0x00002a04       0x48 D:/NXP/S32DS.3.4/S32DS/build_tools/gcc_b1620/gcc-6.3-arm32-eabi/arm-none-eabi/newlib/lib/thumb/v7e-m/fpv4-sp/hard\libc_nano.a(lib_a-init.o)
                0x00002a04                __libc_init_array
 .text.memset   0x00002a4c       0x10 D:/NXP/S32DS.3.4/S32DS/build_tools/gcc_b1620/gcc-6.3-arm32-eabi/arm-none-eabi/newlib/lib/thumb/v7e-m/fpv4-sp/hard\libc_nano.a(lib_a-memset.o)
                0x00002a4c                memset
 .text._exit    0x00002a5c        0x2 D:/NXP/S32DS.3.4/S32DS/build_tools/gcc_b1620/gcc-6.3-arm32-eabi/arm-none-eabi/newlib/lib/thumb/v7e-m/fpv4-sp/hard\libnosys.a(_exit.o)
                0x00002a5c                _exit
 *(.rodata)
 *fill*         0x00002a5e        0x2 
 .rodata        0x00002a60       0x94 ./core/ARMCM4_S32K14/can.o
 .rodata        0x00002af4       0x96 ./core/ARMCM4_S32K14/rs232.o
 *(.rodata*)
 *fill*         0x00002b8a        0x2 
 .rodata.canTiming
                0x00002b8c       0x48 ./core/ARMCM4_S32K14/can.o
 .rodata.flashLayout
                0x00002bd4       0xfc ./core/ARMCM4_S32K14/flash.o
 .rodata.xcpStationId
                0x00002cd0        0x8 ./core/xcp.o
 .rodata.fircFreq.6451
                0x00002cd8        0x4 ./lib/system_S32K144.o
 .rodata._global_impure_ptr
                0x00002cdc        0x4 D:/NXP/S32DS.3.4/S32DS/build_tools/gcc_b1620/gcc-6.3-arm32-eabi/arm-none-eabi/newlib/lib/thumb/v7e-m/fpv4-sp/hard\libc_nano.a(lib_a-impure.o)
                0x00002cdc                _global_impure_ptr
 *(.glue_7)
 .glue_7        0x00002ce0        0x0 linker stubs
 *(.glue_7t)
 .glue_7t       0x00002ce0        0x0 linker stubs
 *(.eh_frame)
 .eh_frame      0x00002ce0        0x0 d:/nxp/s32ds.3.4/s32ds/build_tools/gcc_b1620/gcc-6.3-arm32-eabi/bin/../lib/gcc/arm-none-eabi/6.3.1/thumb/v7e-m/fpv4-sp/hard/crtbegin.o
 *(.init)
 .init          0x00002ce0        0x4 d:/nxp/s32ds.3.4/s32ds/build_tools/gcc_b1620/gcc-6.3-arm32-eabi/bin/../lib/gcc/arm-none-eabi/6.3.1/thumb/v7e-m/fpv4-sp/hard/crti.o
                0x00002ce0                _init
 .init          0x00002ce4        0x8 d:/nxp/s32ds.3.4/s32ds/build_tools/gcc_b1620/gcc-6.3-arm32-eabi/bin/../lib/gcc/arm-none-eabi/6.3.1/thumb/v7e-m/fpv4-sp/hard/crtn.o
 *(.fini)
 .fini          0x00002cec        0x4 d:/nxp/s32ds.3.4/s32ds/build_tools/gcc_b1620/gcc-6.3-arm32-eabi/bin/../lib/gcc/arm-none-eabi/6.3.1/thumb/v7e-m/fpv4-sp/hard/crti.o
                0x00002cec                _fini
 .fini          0x00002cf0        0x8 d:/nxp/s32ds.3.4/s32ds/build_tools/gcc_b1620/gcc-6.3-arm32-eabi/bin/../lib/gcc/arm-none-eabi/6.3.1/thumb/v7e-m/fpv4-sp/hard/crtn.o
 .fini.__stub   0x00002cf8        0x8 linker stubs
                0x00002d00                . = ALIGN (0x4)

.vfp11_veneer   0x00002d00        0x0
 .vfp11_veneer  0x00002d00        0x0 linker stubs

.v4_bx          0x00002d00        0x0
 .v4_bx         0x00002d00        0x0 linker stubs

.iplt           0x00002d00        0x0
 .iplt          0x00002d00        0x0 d:/nxp/s32ds.3.4/s32ds/build_tools/gcc_b1620/gcc-6.3-arm32-eabi/bin/../lib/gcc/arm-none-eabi/6.3.1/thumb/v7e-m/fpv4-sp/hard/crtbegin.o

.ARM.extab
 *(.ARM.extab* .gnu.linkonce.armextab.*)

.ARM            0x00002d00        0x8
                0x00002d00                __exidx_start = .
 *(.ARM.exidx*)
 .ARM.exidx     0x00002d00        0x8 D:/NXP/S32DS.3.4/S32DS/build_tools/gcc_b1620/gcc-6.3-arm32-eabi/arm-none-eabi/newlib/lib/thumb/v7e-m/fpv4-sp/hard/crt0.o
                                 0x10 (size before relaxing)
                0x00002d08                __exidx_end = .

.ctors          0x00002d08        0x0
                0x00002d08                __CTOR_LIST__ = .
 *crtbegin.o(.ctors)
 *crtbegin?.o(.ctors)
 *(EXCLUDE_FILE(*crtend.o *crtend?.o) .ctors)
 *(SORT_BY_NAME(.ctors.*))
 *(.ctors)
                0x00002d08                __CTOR_END__ = .

.dtors          0x00002d08        0x0
                0x00002d08                __DTOR_LIST__ = .
 *crtbegin.o(.dtors)
 *crtbegin?.o(.dtors)
 *(EXCLUDE_FILE(*crtend.o *crtend?.o) .dtors)
 *(SORT_BY_NAME(.dtors.*))
 *(.dtors)
                0x00002d08                __DTOR_END__ = .

.preinit_array  0x00002d08        0x0
                0x00002d08                PROVIDE (__preinit_array_start = .)
 *(.preinit_array*)
                0x00002d08                PROVIDE (__preinit_array_end = .)

.init_array     0x00002d08        0x4
                0x00002d08                PROVIDE (__init_array_start = .)
 *(SORT_BY_NAME(.init_array.*))
 *(.init_array*)
 .init_array    0x00002d08        0x4 d:/nxp/s32ds.3.4/s32ds/build_tools/gcc_b1620/gcc-6.3-arm32-eabi/bin/../lib/gcc/arm-none-eabi/6.3.1/thumb/v7e-m/fpv4-sp/hard/crtbegin.o
                0x00002d0c                PROVIDE (__init_array_end = .)

.fini_array     0x00002d0c        0x4
                [!provide]                PROVIDE (__fini_array_start = .)
 *(SORT_BY_NAME(.fini_array.*))
 *(.fini_array*)
 .fini_array    0x00002d0c        0x4 d:/nxp/s32ds.3.4/s32ds/build_tools/gcc_b1620/gcc-6.3-arm32-eabi/bin/../lib/gcc/arm-none-eabi/6.3.1/thumb/v7e-m/fpv4-sp/hard/crtbegin.o
                [!provide]                PROVIDE (__fini_array_end = .)
                0x00002d10                __etext = .
                0x00002d10                __DATA_ROM = .

.interrupts_ram
                0x1fff8000      0x400
                0x1fff8000                . = ALIGN (0x4)
                0x1fff8000                __VECTOR_RAM__ = .
                0x1fff8000                __RAM_START = .
                0x1fff8000                __interrupts_ram_start__ = .
 *(.m_interrupts_ram)
                0x1fff8400                . = (. + M_VECTOR_RAM_SIZE)
 *fill*         0x1fff8000      0x400 
                0x1fff8400                . = ALIGN (0x4)
                0x1fff8400                __interrupts_ram_end__ = .
                0x1fff8000                __VECTOR_RAM = DEFINED (__flash_vector_table__)?ORIGIN (m_interrupts):__VECTOR_RAM__
                0x00000400                __RAM_VECTOR_TABLE_SIZE = DEFINED (__flash_vector_table__)?0x0:(__interrupts_ram_end__ - __interrupts_ram_start__)

.data           0x1fff8400       0x6c load address 0x00002d10
                0x1fff8400                . = ALIGN (0x4)
                0x1fff8400                __DATA_RAM = .
                0x1fff8400                __data_start__ = .
 *(.data)
 *(.data*)
 .data.comActiveInterface
                0x1fff8400        0x1 ./core/com.o
 *fill*         0x1fff8401        0x3 
 .data.SystemCoreClock
                0x1fff8404        0x4 ./lib/system_S32K144.o
                0x1fff8404                SystemCoreClock
 .data.impure_data
                0x1fff8408       0x60 D:/NXP/S32DS.3.4/S32DS/build_tools/gcc_b1620/gcc-6.3-arm32-eabi/arm-none-eabi/newlib/lib/thumb/v7e-m/fpv4-sp/hard\libc_nano.a(lib_a-impure.o)
 *(.jcr*)
 .jcr           0x1fff8468        0x0 d:/nxp/s32ds.3.4/s32ds/build_tools/gcc_b1620/gcc-6.3-arm32-eabi/bin/../lib/gcc/arm-none-eabi/6.3.1/thumb/v7e-m/fpv4-sp/hard/crtbegin.o
 .jcr           0x1fff8468        0x4 d:/nxp/s32ds.3.4/s32ds/build_tools/gcc_b1620/gcc-6.3-arm32-eabi/bin/../lib/gcc/arm-none-eabi/6.3.1/thumb/v7e-m/fpv4-sp/hard/crtend.o
                0x1fff846c                . = ALIGN (0x4)
                0x1fff846c                __data_end__ = .
                0x00002d7c                __DATA_END = (__DATA_ROM + (__data_end__ - __data_start__))
                0x00002d7c                __CODE_ROM = __DATA_END

.tm_clone_table
                0x1fff846c        0x0 load address 0x00002d7c
 .tm_clone_table
                0x1fff846c        0x0 d:/nxp/s32ds.3.4/s32ds/build_tools/gcc_b1620/gcc-6.3-arm32-eabi/bin/../lib/gcc/arm-none-eabi/6.3.1/thumb/v7e-m/fpv4-sp/hard/crtbegin.o
 .tm_clone_table
                0x1fff846c        0x0 d:/nxp/s32ds.3.4/s32ds/build_tools/gcc_b1620/gcc-6.3-arm32-eabi/bin/../lib/gcc/arm-none-eabi/6.3.1/thumb/v7e-m/fpv4-sp/hard/crtend.o

.igot.plt       0x1fff846c        0x0 load address 0x00002d7c
 .igot.plt      0x1fff846c        0x0 d:/nxp/s32ds.3.4/s32ds/build_tools/gcc_b1620/gcc-6.3-arm32-eabi/bin/../lib/gcc/arm-none-eabi/6.3.1/thumb/v7e-m/fpv4-sp/hard/crtbegin.o

.code           0x1fff846c       0x30 load address 0x00002d7c
                0x1fff846c                . = ALIGN (0x4)
                0x1fff846c                __CODE_RAM = .
                0x1fff846c                __code_start__ = .
                0x1fff846c                __code_ram_start__ = .
 *(.code_ram)
 .code_ram      0x1fff846c       0x30 ./core/ARMCM4_S32K14/flash.o
                0x1fff849c                . = ALIGN (0x4)
                0x1fff849c                __code_end__ = .
                0x1fff849c                __code_ram_end__ = .
                0x00002dac                __CODE_END = (__CODE_ROM + (__code_end__ - __code_start__))
                0x00002dac                __CUSTOM_ROM = __CODE_END

.rel.dyn        0x1fff849c        0x0 load address 0x00002dac
 .rel.iplt      0x1fff849c        0x0 d:/nxp/s32ds.3.4/s32ds/build_tools/gcc_b1620/gcc-6.3-arm32-eabi/bin/../lib/gcc/arm-none-eabi/6.3.1/thumb/v7e-m/fpv4-sp/hard/crtbegin.o

.customSectionBlock
                0x20000000        0x0 load address 0x00002dac
                0x20000000                __customSection_start__ = .
 *(.customSection)
                0x20000000                __customSection_end__ = .
                0x00002dac                __CUSTOM_END = (__CUSTOM_ROM + (__customSection_end__ - __customSection_start__))

.bss            0x20000000      0x9ec
                0x20000000                . = ALIGN (0x4)
                0x20000000                __BSS_START = .
                0x20000000                __bss_start__ = .
 *(.bss)
 .bss           0x20000000       0x1c d:/nxp/s32ds.3.4/s32ds/build_tools/gcc_b1620/gcc-6.3-arm32-eabi/bin/../lib/gcc/arm-none-eabi/6.3.1/thumb/v7e-m/fpv4-sp/hard/crtbegin.o
 *(.bss*)
 .bss.ledBlinkIntervalMs
                0x2000001c        0x2 ./led.o
 *fill*         0x2000001e        0x2 
 .bss.nextBlinkEvent.6546
                0x20000020        0x4 ./led.o
 .bss.ledOn.6545
                0x20000024        0x1 ./led.o
 *fill*         0x20000025        0x3 
 .bss.dummyTimerVal
                0x20000028        0x4 ./core/ARMCM4_S32K14/can.o
 .bss.blockInfo
                0x2000002c      0x404 ./core/ARMCM4_S32K14/flash.o
 .bss.bootBlockInfo
                0x20000430      0x404 ./core/ARMCM4_S32K14/flash.o
 .bss.xcpCtoRxInProgress.6559
                0x20000834        0x1 ./core/ARMCM4_S32K14/rs232.o
 *fill*         0x20000835        0x3 
 .bss.xcpCtoReqPacket.6557
                0x20000838       0x82 ./core/ARMCM4_S32K14/rs232.o
 *fill*         0x200008ba        0x2 
 .bss.xcpCtoRxStartTime.6560
                0x200008bc        0x4 ./core/ARMCM4_S32K14/rs232.o
 .bss.xcpCtoRxLength.6558
                0x200008c0        0x1 ./core/ARMCM4_S32K14/rs232.o
 *fill*         0x200008c1        0x3 
 .bss.millisecond_counter
                0x200008c4        0x4 ./core/ARMCM4_S32K14/timer.o
 .bss.free_running_counter_last
                0x200008c8        0x4 ./core/ARMCM4_S32K14/timer.o
 .bss.counts_per_millisecond
                0x200008cc        0x4 ./core/ARMCM4_S32K14/timer.o
 .bss.backdoorOpen
                0x200008d0        0x1 ./core/backdoor.o
 *fill*         0x200008d1        0x3 
 .bss.backdoorOpenTime
                0x200008d4        0x4 ./core/backdoor.o
 .bss.backdoorExtensionTime
                0x200008d8        0x4 ./core/backdoor.o
 .bss.xcpCtoReqPacket.5486
                0x200008dc       0x81 ./core/com.o
 *fill*         0x2000095d        0x3 
 .bss.xcpInfo   0x20000960       0x8c ./core/xcp.o
 *(COMMON)
                0x200009ec                . = ALIGN (0x4)
                0x200009ec                __bss_end__ = .
                0x200009ec                __BSS_END = .

.heap           0x200009ec      0x404
                0x200009f0                . = ALIGN (0x8)
 *fill*         0x200009ec        0x4 
                0x200009f0                __end__ = .
                0x200009f0                __heap_start__ = .
                [!provide]                PROVIDE (end = .)
                [!provide]                PROVIDE (_end = .)
                [!provide]                PROVIDE (__end = .)
                0x200009f0                __HeapBase = .
                0x20000df0                . = (. + HEAP_SIZE)
 *fill*         0x200009f0      0x400 
                0x20000df0                __HeapLimit = .
                0x20000df0                __heap_limit = .
                0x20000df0                __heap_end__ = .
                0x20007000                __StackTop = (ORIGIN (m_data_2) + LENGTH (m_data_2))
                0x20006c00                __StackLimit = (__StackTop - STACK_SIZE)
                0x20007000                PROVIDE (__stack = __StackTop)
                0x20007000                __RAM_END = __StackTop

.stack          0x20006c00      0x400
                0x20006c00                . = ALIGN (0x8)
                0x20006c00                __stack_start__ = .
                0x20007000                . = (. + STACK_SIZE)
 *fill*         0x20006c00      0x400 
                0x20007000                __stack_end__ = .
                0x20000000                __START_BSS = __BSS_START
                0x200009ec                __END_BSS = __BSS_END
                0x20007000                __SP_INIT = __StackTop

.ARM.attributes
                0x00000000       0x30
 *(.ARM.attributes)
 .ARM.attributes
                0x00000000       0x22 d:/nxp/s32ds.3.4/s32ds/build_tools/gcc_b1620/gcc-6.3-arm32-eabi/bin/../lib/gcc/arm-none-eabi/6.3.1/thumb/v7e-m/fpv4-sp/hard/crti.o
 .ARM.attributes
                0x00000022       0x34 d:/nxp/s32ds.3.4/s32ds/build_tools/gcc_b1620/gcc-6.3-arm32-eabi/bin/../lib/gcc/arm-none-eabi/6.3.1/thumb/v7e-m/fpv4-sp/hard/crtbegin.o
 .ARM.attributes
                0x00000056       0x20 D:/NXP/S32DS.3.4/S32DS/build_tools/gcc_b1620/gcc-6.3-arm32-eabi/arm-none-eabi/newlib/lib/thumb/v7e-m/fpv4-sp/hard/crt0.o
 .ARM.attributes
                0x00000076       0x39 ./hooks.o
 .ARM.attributes
                0x000000af       0x39 ./led.o
 .ARM.attributes
                0x000000e8       0x39 ./main.o
 .ARM.attributes
                0x00000121       0x39 ./core/ARMCM4_S32K14/GCC/cpu_comp.o
 .ARM.attributes
                0x0000015a       0x39 ./core/ARMCM4_S32K14/can.o
 .ARM.attributes
                0x00000193       0x39 ./core/ARMCM4_S32K14/cpu.o
 .ARM.attributes
                0x000001cc       0x39 ./core/ARMCM4_S32K14/flash.o
 .ARM.attributes
                0x00000205       0x39 ./core/ARMCM4_S32K14/nvm.o
 .ARM.attributes
                0x0000023e       0x39 ./core/ARMCM4_S32K14/rs232.o
 .ARM.attributes
                0x00000277       0x39 ./core/ARMCM4_S32K14/timer.o
 .ARM.attributes
                0x000002b0       0x39 ./core/asserts.o
 .ARM.attributes
                0x000002e9       0x39 ./core/backdoor.o
 .ARM.attributes
                0x00000322       0x39 ./core/boot.o
 .ARM.attributes
                0x0000035b       0x39 ./core/com.o
 .ARM.attributes
                0x00000394       0x39 ./core/cop.o
 .ARM.attributes
                0x000003cd       0x39 ./core/xcp.o
 .ARM.attributes
                0x00000406       0x39 ./lib/system_S32K144.o
 .ARM.attributes
                0x0000043f       0x39 ./startup/startup.o
 .ARM.attributes
                0x00000478       0x1f ./startup/startup_S32K144.o
 .ARM.attributes
                0x00000497       0x34 D:/NXP/S32DS.3.4/S32DS/build_tools/gcc_b1620/gcc-6.3-arm32-eabi/arm-none-eabi/newlib/lib/thumb/v7e-m/fpv4-sp/hard\libc_nano.a(lib_a-exit.o)
 .ARM.attributes
                0x000004cb       0x34 D:/NXP/S32DS.3.4/S32DS/build_tools/gcc_b1620/gcc-6.3-arm32-eabi/arm-none-eabi/newlib/lib/thumb/v7e-m/fpv4-sp/hard\libc_nano.a(lib_a-impure.o)
 .ARM.attributes
                0x000004ff       0x34 D:/NXP/S32DS.3.4/S32DS/build_tools/gcc_b1620/gcc-6.3-arm32-eabi/arm-none-eabi/newlib/lib/thumb/v7e-m/fpv4-sp/hard\libc_nano.a(lib_a-init.o)
 .ARM.attributes
                0x00000533       0x34 D:/NXP/S32DS.3.4/S32DS/build_tools/gcc_b1620/gcc-6.3-arm32-eabi/arm-none-eabi/newlib/lib/thumb/v7e-m/fpv4-sp/hard\libc_nano.a(lib_a-memset.o)
 .ARM.attributes
                0x00000567       0x34 D:/NXP/S32DS.3.4/S32DS/build_tools/gcc_b1620/gcc-6.3-arm32-eabi/arm-none-eabi/newlib/lib/thumb/v7e-m/fpv4-sp/hard\libnosys.a(_exit.o)
 .ARM.attributes
                0x0000059b       0x34 d:/nxp/s32ds.3.4/s32ds/build_tools/gcc_b1620/gcc-6.3-arm32-eabi/bin/../lib/gcc/arm-none-eabi/6.3.1/thumb/v7e-m/fpv4-sp/hard/crtend.o
 .ARM.attributes
                0x000005cf       0x22 d:/nxp/s32ds.3.4/s32ds/build_tools/gcc_b1620/gcc-6.3-arm32-eabi/bin/../lib/gcc/arm-none-eabi/6.3.1/thumb/v7e-m/fpv4-sp/hard/crtn.o
                0x00000001                ASSERT ((__StackLimit >= __HeapLimit), region m_data_2 overflowed with stack and heap)
OUTPUT(openblt_s32k144.elf elf32-littlearm)

.comment        0x00000000       0x7e
 .comment       0x00000000       0x7e d:/nxp/s32ds.3.4/s32ds/build_tools/gcc_b1620/gcc-6.3-arm32-eabi/bin/../lib/gcc/arm-none-eabi/6.3.1/thumb/v7e-m/fpv4-sp/hard/crtbegin.o
                                 0x7f (size before relaxing)
 .comment       0x0000007e       0x7f ./hooks.o
 .comment       0x0000007e       0x7f ./led.o
 .comment       0x0000007e       0x7f ./main.o
 .comment       0x0000007e       0x7f ./core/ARMCM4_S32K14/GCC/cpu_comp.o
 .comment       0x0000007e       0x7f ./core/ARMCM4_S32K14/can.o
 .comment       0x0000007e       0x7f ./core/ARMCM4_S32K14/cpu.o
 .comment       0x0000007e       0x7f ./core/ARMCM4_S32K14/flash.o
 .comment       0x0000007e       0x7f ./core/ARMCM4_S32K14/nvm.o
 .comment       0x0000007e       0x7f ./core/ARMCM4_S32K14/rs232.o
 .comment       0x0000007e       0x7f ./core/ARMCM4_S32K14/timer.o
 .comment       0x0000007e       0x7f ./core/asserts.o
 .comment       0x0000007e       0x7f ./core/backdoor.o
 .comment       0x0000007e       0x7f ./core/boot.o
 .comment       0x0000007e       0x7f ./core/com.o
 .comment       0x0000007e       0x7f ./core/cop.o
 .comment       0x0000007e       0x7f ./core/xcp.o
 .comment       0x0000007e       0x7f ./lib/system_S32K144.o
 .comment       0x0000007e       0x7f ./startup/startup.o
 .comment       0x0000007e       0x7f d:/nxp/s32ds.3.4/s32ds/build_tools/gcc_b1620/gcc-6.3-arm32-eabi/bin/../lib/gcc/arm-none-eabi/6.3.1/thumb/v7e-m/fpv4-sp/hard/crtend.o

.debug_info     0x00000000     0x3a7d
 .debug_info    0x00000000      0x151 ./hooks.o
 .debug_info    0x00000151      0x29a ./led.o
 .debug_info    0x000003eb      0x63b ./main.o
 .debug_info    0x00000a26       0x80 ./core/ARMCM4_S32K14/GCC/cpu_comp.o
 .debug_info    0x00000aa6      0x8e9 ./core/ARMCM4_S32K14/can.o
 .debug_info    0x0000138f      0x37a ./core/ARMCM4_S32K14/cpu.o
 .debug_info    0x00001709      0x71d ./core/ARMCM4_S32K14/flash.o
 .debug_info    0x00001e26      0x15a ./core/ARMCM4_S32K14/nvm.o
 .debug_info    0x00001f80      0x50c ./core/ARMCM4_S32K14/rs232.o
 .debug_info    0x0000248c      0x1a4 ./core/ARMCM4_S32K14/timer.o
 .debug_info    0x00002630       0xac ./core/asserts.o
 .debug_info    0x000026dc      0x113 ./core/backdoor.o
 .debug_info    0x000027ef       0x80 ./core/boot.o
 .debug_info    0x0000286f      0x1ee ./core/com.o
 .debug_info    0x00002a5d       0x80 ./core/cop.o
 .debug_info    0x00002add      0x5e7 ./core/xcp.o
 .debug_info    0x000030c4      0x522 ./lib/system_S32K144.o
 .debug_info    0x000035e6      0x471 ./startup/startup.o
 .debug_info    0x00003a57       0x26 ./startup/startup_S32K144.o

.debug_abbrev   0x00000000     0x11da
 .debug_abbrev  0x00000000       0xa3 ./hooks.o
 .debug_abbrev  0x000000a3       0xfa ./led.o
 .debug_abbrev  0x0000019d      0x173 ./main.o
 .debug_abbrev  0x00000310       0x43 ./core/ARMCM4_S32K14/GCC/cpu_comp.o
 .debug_abbrev  0x00000353      0x1d4 ./core/ARMCM4_S32K14/can.o
 .debug_abbrev  0x00000527      0x126 ./core/ARMCM4_S32K14/cpu.o
 .debug_abbrev  0x0000064d      0x187 ./core/ARMCM4_S32K14/flash.o
 .debug_abbrev  0x000007d4       0xad ./core/ARMCM4_S32K14/nvm.o
 .debug_abbrev  0x00000881      0x18b ./core/ARMCM4_S32K14/rs232.o
 .debug_abbrev  0x00000a0c      0x102 ./core/ARMCM4_S32K14/timer.o
 .debug_abbrev  0x00000b0e       0x6a ./core/asserts.o
 .debug_abbrev  0x00000b78       0xa2 ./core/backdoor.o
 .debug_abbrev  0x00000c1a       0x43 ./core/boot.o
 .debug_abbrev  0x00000c5d      0x145 ./core/com.o
 .debug_abbrev  0x00000da2       0x43 ./core/cop.o
 .debug_abbrev  0x00000de5      0x1b4 ./core/xcp.o
 .debug_abbrev  0x00000f99      0x125 ./lib/system_S32K144.o
 .debug_abbrev  0x000010be      0x108 ./startup/startup.o
 .debug_abbrev  0x000011c6       0x14 ./startup/startup_S32K144.o

.debug_aranges  0x00000000      0x4f0
 .debug_aranges
                0x00000000       0x30 ./hooks.o
 .debug_aranges
                0x00000030       0x30 ./led.o
 .debug_aranges
                0x00000060       0x40 ./main.o
 .debug_aranges
                0x000000a0       0x28 ./core/ARMCM4_S32K14/GCC/cpu_comp.o
 .debug_aranges
                0x000000c8       0x58 ./core/ARMCM4_S32K14/can.o
 .debug_aranges
                0x00000120       0x38 ./core/ARMCM4_S32K14/cpu.o
 .debug_aranges
                0x00000158       0x88 ./core/ARMCM4_S32K14/flash.o
 .debug_aranges
                0x000001e0       0x48 ./core/ARMCM4_S32K14/nvm.o
 .debug_aranges
                0x00000228       0x40 ./core/ARMCM4_S32K14/rs232.o
 .debug_aranges
                0x00000268       0x38 ./core/ARMCM4_S32K14/timer.o
 .debug_aranges
                0x000002a0       0x20 ./core/asserts.o
 .debug_aranges
                0x000002c0       0x40 ./core/backdoor.o
 .debug_aranges
                0x00000300       0x28 ./core/boot.o
 .debug_aranges
                0x00000328       0x50 ./core/com.o
 .debug_aranges
                0x00000378       0x28 ./core/cop.o
 .debug_aranges
                0x000003a0       0xe0 ./core/xcp.o
 .debug_aranges
                0x00000480       0x30 ./lib/system_S32K144.o
 .debug_aranges
                0x000004b0       0x20 ./startup/startup.o
 .debug_aranges
                0x000004d0       0x20 ./startup/startup_S32K144.o

.debug_ranges   0x00000000      0x3b0
 .debug_ranges  0x00000000       0x20 ./hooks.o
 .debug_ranges  0x00000020       0x20 ./led.o
 .debug_ranges  0x00000040       0x30 ./main.o
 .debug_ranges  0x00000070       0x18 ./core/ARMCM4_S32K14/GCC/cpu_comp.o
 .debug_ranges  0x00000088       0x48 ./core/ARMCM4_S32K14/can.o
 .debug_ranges  0x000000d0       0x28 ./core/ARMCM4_S32K14/cpu.o
 .debug_ranges  0x000000f8       0x78 ./core/ARMCM4_S32K14/flash.o
 .debug_ranges  0x00000170       0x38 ./core/ARMCM4_S32K14/nvm.o
 .debug_ranges  0x000001a8       0x30 ./core/ARMCM4_S32K14/rs232.o
 .debug_ranges  0x000001d8       0x28 ./core/ARMCM4_S32K14/timer.o
 .debug_ranges  0x00000200       0x10 ./core/asserts.o
 .debug_ranges  0x00000210       0x30 ./core/backdoor.o
 .debug_ranges  0x00000240       0x18 ./core/boot.o
 .debug_ranges  0x00000258       0x40 ./core/com.o
 .debug_ranges  0x00000298       0x18 ./core/cop.o
 .debug_ranges  0x000002b0       0xd0 ./core/xcp.o
 .debug_ranges  0x00000380       0x20 ./lib/system_S32K144.o
 .debug_ranges  0x000003a0       0x10 ./startup/startup.o

.debug_macro    0x00000000    0x207ac
 .debug_macro   0x00000000      0x136 ./hooks.o
 .debug_macro   0x00000136      0x8d4 ./hooks.o
 .debug_macro   0x00000a0a       0x1c ./hooks.o
 .debug_macro   0x00000a26       0x1c ./hooks.o
 .debug_macro   0x00000a42       0x22 ./hooks.o
 .debug_macro   0x00000a64       0x93 ./hooks.o
 .debug_macro   0x00000af7       0x7b ./hooks.o
 .debug_macro   0x00000b72       0x1c ./hooks.o
 .debug_macro   0x00000b8e      0x1aa ./hooks.o
 .debug_macro   0x00000d38       0x40 ./hooks.o
 .debug_macro   0x00000d78       0x10 ./hooks.o
 .debug_macro   0x00000d88       0x80 ./hooks.o
 .debug_macro   0x00000e08       0x19 ./hooks.o
 .debug_macro   0x00000e21       0x22 ./hooks.o
 .debug_macro   0x00000e43       0x8e ./hooks.o
 .debug_macro   0x00000ed1       0x51 ./hooks.o
 .debug_macro   0x00000f22       0xef ./hooks.o
 .debug_macro   0x00001011       0x6a ./hooks.o
 .debug_macro   0x0000107b      0x1df ./hooks.o
 .debug_macro   0x0000125a     0xed1d ./hooks.o
 .debug_macro   0x0000ff77      0xb86 ./hooks.o
 .debug_macro   0x00010afd       0x22 ./hooks.o
 .debug_macro   0x00010b1f      0x136 ./led.o
 .debug_macro   0x00010c55      0x141 ./main.o
 .debug_macro   0x00010d96       0x28 ./main.o
 .debug_macro   0x00010dbe       0x91 ./core/ARMCM4_S32K14/GCC/cpu_comp.o
 .debug_macro   0x00010e4f      0x156 ./core/ARMCM4_S32K14/can.o
 .debug_macro   0x00010fa5      0x138 ./core/ARMCM4_S32K14/cpu.o
 .debug_macro   0x000110dd      0x168 ./core/ARMCM4_S32K14/flash.o
 .debug_macro   0x00011245       0x9b ./core/ARMCM4_S32K14/nvm.o
 .debug_macro   0x000112e0      0x144 ./core/ARMCM4_S32K14/rs232.o
 .debug_macro   0x00011424      0x12c ./core/ARMCM4_S32K14/timer.o
 .debug_macro   0x00011550       0x91 ./core/asserts.o
 .debug_macro   0x000115e1       0x97 ./core/backdoor.o
 .debug_macro   0x00011678       0x91 ./core/boot.o
 .debug_macro   0x00011709       0xa5 ./core/com.o
 .debug_macro   0x000117ae       0x91 ./core/cop.o
 .debug_macro   0x0001183f       0x91 ./core/xcp.o
 .debug_macro   0x000118d0       0xb5 ./lib/system_S32K144.o
 .debug_macro   0x00011985       0xb5 ./startup/startup.o
 .debug_macro   0x00011a3a     0xed32 ./startup/startup.o
 .debug_macro   0x0002076c       0x40 ./startup/startup.o

.debug_line     0x00000000     0x45ea
 .debug_line    0x00000000      0x4a6 ./hooks.o
 .debug_line    0x000004a6      0x4a9 ./led.o
 .debug_line    0x0000094f      0x53a ./main.o
 .debug_line    0x00000e89      0x254 ./core/ARMCM4_S32K14/GCC/cpu_comp.o
 .debug_line    0x000010dd      0x676 ./core/ARMCM4_S32K14/can.o
 .debug_line    0x00001753      0x545 ./core/ARMCM4_S32K14/cpu.o
 .debug_line    0x00001c98      0x728 ./core/ARMCM4_S32K14/flash.o
 .debug_line    0x000023c0      0x2a9 ./core/ARMCM4_S32K14/nvm.o
 .debug_line    0x00002669      0x59e ./core/ARMCM4_S32K14/rs232.o
 .debug_line    0x00002c07      0x53c ./core/ARMCM4_S32K14/timer.o
 .debug_line    0x00003143      0x1bb ./core/asserts.o
 .debug_line    0x000032fe      0x214 ./core/backdoor.o
 .debug_line    0x00003512      0x1cf ./core/boot.o
 .debug_line    0x000036e1      0x268 ./core/com.o
 .debug_line    0x00003949      0x1c5 ./core/cop.o
 .debug_line    0x00003b0e      0x42d ./core/xcp.o
 .debug_line    0x00003f3b      0x2ec ./lib/system_S32K144.o
 .debug_line    0x00004227      0x348 ./startup/startup.o
 .debug_line    0x0000456f       0x7b ./startup/startup_S32K144.o

.debug_str      0x00000000    0x6b1a2
 .debug_str     0x00000000    0x69373 ./hooks.o
                              0x694f6 (size before relaxing)
 .debug_str     0x00069373       0xd0 ./led.o
                              0x69590 (size before relaxing)
 .debug_str     0x00069443      0x26a ./main.o
                              0x69775 (size before relaxing)
 .debug_str     0x000696ad       0xb0 ./core/ARMCM4_S32K14/GCC/cpu_comp.o
                               0x3546 (size before relaxing)
 .debug_str     0x0006975d      0x402 ./core/ARMCM4_S32K14/can.o
                              0x6990e (size before relaxing)
 .debug_str     0x00069b5f      0x187 ./core/ARMCM4_S32K14/cpu.o
                              0x69660 (size before relaxing)
 .debug_str     0x00069ce6      0x4fb ./core/ARMCM4_S32K14/flash.o
                              0x6995e (size before relaxing)
 .debug_str     0x0006a1e1       0xe3 ./core/ARMCM4_S32K14/nvm.o
                               0x35aa (size before relaxing)
 .debug_str     0x0006a2c4      0x206 ./core/ARMCM4_S32K14/rs232.o
                              0x69759 (size before relaxing)
 .debug_str     0x0006a4ca      0x144 ./core/ARMCM4_S32K14/timer.o
                              0x69561 (size before relaxing)
 .debug_str     0x0006a60e       0xa3 ./core/asserts.o
                               0x3544 (size before relaxing)
 .debug_str     0x0006a6b1      0x143 ./core/backdoor.o
                               0x35ed (size before relaxing)
 .debug_str     0x0006a7f4       0x91 ./core/boot.o
                               0x3527 (size before relaxing)
 .debug_str     0x0006a885      0x17b ./core/com.o
                               0x3654 (size before relaxing)
 .debug_str     0x0006aa00       0x91 ./core/cop.o
                               0x3527 (size before relaxing)
 .debug_str     0x0006aa91      0x2e7 ./core/xcp.o
                               0x37db (size before relaxing)
 .debug_str     0x0006ad78       0xa7 ./lib/system_S32K144.o
                              0x68904 (size before relaxing)
 .debug_str     0x0006ae1f      0x35a ./startup/startup.o
                              0x68b2f (size before relaxing)
 .debug_str     0x0006b179       0x29 ./startup/startup_S32K144.o
                                 0xa2 (size before relaxing)

.debug_frame    0x00000000      0xf44
 .debug_frame   0x00000000       0x64 ./hooks.o
 .debug_frame   0x00000064       0x74 ./led.o
 .debug_frame   0x000000d8       0xb4 ./main.o
 .debug_frame   0x0000018c       0x50 ./core/ARMCM4_S32K14/GCC/cpu_comp.o
 .debug_frame   0x000001dc      0x13c ./core/ARMCM4_S32K14/can.o
 .debug_frame   0x00000318       0x9c ./core/ARMCM4_S32K14/cpu.o
 .debug_frame   0x000003b4      0x208 ./core/ARMCM4_S32K14/flash.o
 .debug_frame   0x000005bc       0xc8 ./core/ARMCM4_S32K14/nvm.o
 .debug_frame   0x00000684       0xcc ./core/ARMCM4_S32K14/rs232.o
 .debug_frame   0x00000750       0x90 ./core/ARMCM4_S32K14/timer.o
 .debug_frame   0x000007e0       0x30 ./core/asserts.o
 .debug_frame   0x00000810       0xac ./core/backdoor.o
 .debug_frame   0x000008bc       0x48 ./core/boot.o
 .debug_frame   0x00000904      0x108 ./core/com.o
 .debug_frame   0x00000a0c       0x48 ./core/cop.o
 .debug_frame   0x00000a54      0x3a4 ./core/xcp.o
 .debug_frame   0x00000df8       0x80 ./lib/system_S32K144.o
 .debug_frame   0x00000e78       0x38 ./startup/startup.o
 .debug_frame   0x00000eb0       0x28 D:/NXP/S32DS.3.4/S32DS/build_tools/gcc_b1620/gcc-6.3-arm32-eabi/arm-none-eabi/newlib/lib/thumb/v7e-m/fpv4-sp/hard\libc_nano.a(lib_a-exit.o)
 .debug_frame   0x00000ed8       0x2c D:/NXP/S32DS.3.4/S32DS/build_tools/gcc_b1620/gcc-6.3-arm32-eabi/arm-none-eabi/newlib/lib/thumb/v7e-m/fpv4-sp/hard\libc_nano.a(lib_a-init.o)
 .debug_frame   0x00000f04       0x20 D:/NXP/S32DS.3.4/S32DS/build_tools/gcc_b1620/gcc-6.3-arm32-eabi/arm-none-eabi/newlib/lib/thumb/v7e-m/fpv4-sp/hard\libc_nano.a(lib_a-memset.o)
 .debug_frame   0x00000f24       0x20 D:/NXP/S32DS.3.4/S32DS/build_tools/gcc_b1620/gcc-6.3-arm32-eabi/arm-none-eabi/newlib/lib/thumb/v7e-m/fpv4-sp/hard\libnosys.a(_exit.o)
