Archive member included to satisfy reference by file (symbol)

D:/NXP/S32DS.3.4/S32DS/build_tools/gcc_b1620/gcc-6.3-arm32-eabi/arm-none-eabi/newlib/lib/thumb/v7e-m/fpv4-sp/hard\libc_nano.a(lib_a-exit.o)
                              D:/NXP/S32DS.3.4/S32DS/build_tools/gcc_b1620/gcc-6.3-arm32-eabi/arm-none-eabi/newlib/lib/thumb/v7e-m/fpv4-sp/hard/crt0.o (exit)
D:/NXP/S32DS.3.4/S32DS/build_tools/gcc_b1620/gcc-6.3-arm32-eabi/arm-none-eabi/newlib/lib/thumb/v7e-m/fpv4-sp/hard\libc_nano.a(lib_a-impure.o)
                              D:/NXP/S32DS.3.4/S32DS/build_tools/gcc_b1620/gcc-6.3-arm32-eabi/arm-none-eabi/newlib/lib/thumb/v7e-m/fpv4-sp/hard\libc_nano.a(lib_a-exit.o) (_global_impure_ptr)
D:/NXP/S32DS.3.4/S32DS/build_tools/gcc_b1620/gcc-6.3-arm32-eabi/arm-none-eabi/newlib/lib/thumb/v7e-m/fpv4-sp/hard\libc_nano.a(lib_a-init.o)
                              D:/NXP/S32DS.3.4/S32DS/build_tools/gcc_b1620/gcc-6.3-arm32-eabi/arm-none-eabi/newlib/lib/thumb/v7e-m/fpv4-sp/hard/crt0.o (__libc_init_array)
D:/NXP/S32DS.3.4/S32DS/build_tools/gcc_b1620/gcc-6.3-arm32-eabi/arm-none-eabi/newlib/lib/thumb/v7e-m/fpv4-sp/hard\libc_nano.a(lib_a-memset.o)
                              D:/NXP/S32DS.3.4/S32DS/build_tools/gcc_b1620/gcc-6.3-arm32-eabi/arm-none-eabi/newlib/lib/thumb/v7e-m/fpv4-sp/hard/crt0.o (memset)
D:/NXP/S32DS.3.4/S32DS/build_tools/gcc_b1620/gcc-6.3-arm32-eabi/arm-none-eabi/newlib/lib/thumb/v7e-m/fpv4-sp/hard\libnosys.a(_exit.o)
                              D:/NXP/S32DS.3.4/S32DS/build_tools/gcc_b1620/gcc-6.3-arm32-eabi/arm-none-eabi/newlib/lib/thumb/v7e-m/fpv4-sp/hard\libc_nano.a(lib_a-exit.o) (_exit)

Discarded input sections

 .text          0x00000000        0x0 d:/nxp/s32ds.3.4/s32ds/build_tools/gcc_b1620/gcc-6.3-arm32-eabi/bin/../lib/gcc/arm-none-eabi/6.3.1/thumb/v7e-m/fpv4-sp/hard/crti.o
 .data          0x00000000        0x0 d:/nxp/s32ds.3.4/s32ds/build_tools/gcc_b1620/gcc-6.3-arm32-eabi/bin/../lib/gcc/arm-none-eabi/6.3.1/thumb/v7e-m/fpv4-sp/hard/crti.o
 .bss           0x00000000        0x0 d:/nxp/s32ds.3.4/s32ds/build_tools/gcc_b1620/gcc-6.3-arm32-eabi/bin/../lib/gcc/arm-none-eabi/6.3.1/thumb/v7e-m/fpv4-sp/hard/crti.o
 .data          0x00000000        0x4 d:/nxp/s32ds.3.4/s32ds/build_tools/gcc_b1620/gcc-6.3-arm32-eabi/bin/../lib/gcc/arm-none-eabi/6.3.1/thumb/v7e-m/fpv4-sp/hard/crtbegin.o
 .data          0x00000000        0x0 D:/NXP/S32DS.3.4/S32DS/build_tools/gcc_b1620/gcc-6.3-arm32-eabi/arm-none-eabi/newlib/lib/thumb/v7e-m/fpv4-sp/hard/crt0.o
 .bss           0x00000000        0x0 D:/NXP/S32DS.3.4/S32DS/build_tools/gcc_b1620/gcc-6.3-arm32-eabi/arm-none-eabi/newlib/lib/thumb/v7e-m/fpv4-sp/hard/crt0.o
 .ARM.extab     0x00000000        0x0 D:/NXP/S32DS.3.4/S32DS/build_tools/gcc_b1620/gcc-6.3-arm32-eabi/arm-none-eabi/newlib/lib/thumb/v7e-m/fpv4-sp/hard/crt0.o
 .group         0x00000000        0xc ./hooks.o
 .group         0x00000000        0xc ./hooks.o
 .group         0x00000000        0xc ./hooks.o
 .group         0x00000000        0xc ./hooks.o
 .group         0x00000000        0xc ./hooks.o
 .group         0x00000000        0xc ./hooks.o
 .group         0x00000000        0xc ./hooks.o
 .group         0x00000000        0xc ./hooks.o
 .group         0x00000000        0xc ./hooks.o
 .group         0x00000000        0xc ./hooks.o
 .group         0x00000000        0xc ./hooks.o
 .group         0x00000000        0xc ./hooks.o
 .group         0x00000000        0xc ./hooks.o
 .group         0x00000000        0xc ./hooks.o
 .group         0x00000000        0xc ./hooks.o
 .group         0x00000000        0xc ./hooks.o
 .group         0x00000000        0xc ./hooks.o
 .group         0x00000000        0xc ./hooks.o
 .group         0x00000000        0xc ./hooks.o
 .group         0x00000000        0xc ./hooks.o
 .group         0x00000000        0xc ./hooks.o
 .text          0x00000000        0x0 ./hooks.o
 .data          0x00000000        0x0 ./hooks.o
 .bss           0x00000000        0x0 ./hooks.o
 .group         0x00000000        0xc ./led.o
 .group         0x00000000        0xc ./led.o
 .group         0x00000000        0xc ./led.o
 .group         0x00000000        0xc ./led.o
 .group         0x00000000        0xc ./led.o
 .group         0x00000000        0xc ./led.o
 .group         0x00000000        0xc ./led.o
 .group         0x00000000        0xc ./led.o
 .group         0x00000000        0xc ./led.o
 .group         0x00000000        0xc ./led.o
 .group         0x00000000        0xc ./led.o
 .group         0x00000000        0xc ./led.o
 .group         0x00000000        0xc ./led.o
 .group         0x00000000        0xc ./led.o
 .group         0x00000000        0xc ./led.o
 .group         0x00000000        0xc ./led.o
 .group         0x00000000        0xc ./led.o
 .group         0x00000000        0xc ./led.o
 .group         0x00000000        0xc ./led.o
 .group         0x00000000        0xc ./led.o
 .group         0x00000000        0xc ./led.o
 .text          0x00000000        0x0 ./led.o
[...]
Memory Configuration

Name             Origin             Length             Attributes
m_interrupts     0x00000000         0x00000400         xr
m_flash_config   0x00000400         0x00000010         xr
m_text           0x00000410         0x00001bf0         xr
m_data           0x1fff8000         0x00008000         rw
m_data_2         0x20000000         0x00007000         rw
*default*        0x00000000         0xffffffff

Linker script and memory map

LOAD d:/nxp/s32ds.3.4/s32ds/build_tools/gcc_b1620/gcc-6.3-arm32-eabi/bin/../lib/gcc/arm-none-eabi/6.3.1/thumb/v7e-m/fpv4-sp/hard/crti.o
LOAD d:/nxp/s32ds.3.4/s32ds/build_tools/gcc_b1620/gcc-6.3-arm32-eabi/bin/../lib/gcc/arm-none-eabi/6.3.1/thumb/v7e-m/fpv4-sp/hard/crtbegin.o
LOAD D:/NXP/S32DS.3.4/S32DS/build_tools/gcc_b1620/gcc-6.3-arm32-eabi/arm-none-eabi/newlib/lib/thumb/v7e-m/fpv4-sp/hard/crt0.o
LOAD ./hooks.o
LOAD ./led.o
LOAD ./main.o
LOAD ./core/ARMCM4_S32K14/GCC/cpu_comp.o
LOAD ./core/ARMCM4_S32K14/can.o
LOAD ./core/ARMCM4_S32K14/cpu.o
LOAD ./core/ARMCM4_S32K14/flash.o
LOAD ./core/ARMCM4_S32K14/mbrtu.o
LOAD ./core/ARMCM4_S32K14/nvm.o
LOAD ./core/ARMCM4_S32K14/rs232.o
LOAD ./core/ARMCM4_S32K14/timer.o
LOAD ./core/asserts.o
LOAD ./core/backdoor.o
LOAD ./core/boot.o
LOAD ./core/com.o
LOAD ./core/cop.o
LOAD ./core/file.o
LOAD ./core/mb.o
LOAD ./core/net.o
LOAD ./core/xcp.o
LOAD ./lib/system_S32K144.o
LOAD ./startup/startup.o
LOAD ./startup/startup_S32K144.o
START GROUP
LOAD d:/nxp/s32ds.3.4/s32ds/build_tools/gcc_b1620/gcc-6.3-arm32-eabi/bin/../lib/gcc/arm-none-eabi/6.3.1/thumb/v7e-m/fpv4-sp/hard\libgcc.a
LOAD D:/NXP/S32DS.3.4/S32DS/build_tools/gcc_b1620/gcc-6.3-arm32-eabi/arm-none-eabi/newlib/lib/thumb/v7e-m/fpv4-sp/hard\libc_nano.a
END GROUP
START GROUP
LOAD d:/nxp/s32ds.3.4/s32ds/build_tools/gcc_b1620/gcc-6.3-arm32-eabi/bin/../lib/gcc/arm-none-eabi/6.3.1/thumb/v7e-m/fpv4-sp/hard\libgcc.a
LOAD D:/NXP/S32DS.3.4/S32DS/build_tools/gcc_b1620/gcc-6.3-arm32-eabi/arm-none-eabi/newlib/lib/thumb/v7e-m/fpv4-sp/hard\libc_nano.a
LOAD D:/NXP/S32DS.3.4/S32DS/build_tools/gcc_b1620/gcc-6.3-arm32-eabi/arm-none-eabi/newlib/lib/thumb/v7e-m/fpv4-sp/hard\libnosys.a
END GROUP
START GROUP
LOAD d:/nxp/s32ds.3.4/s32ds/build_tools/gcc_b1620/gcc-6.3-arm32-eabi/bin/../lib/gcc/arm-none-eabi/6.3.1/thumb/v7e-m/fpv4-sp/hard\libgcc.a
LOAD D:/NXP/S32DS.3.4/S32DS/build_tools/gcc_b1620/gcc-6.3-arm32-eabi/arm-none-eabi/newlib/lib/thumb/v7e-m/fpv4-sp/hard\libc_nano.a
LOAD D:/NXP/S32DS.3.4/S32DS/build_tools/gcc_b1620/gcc-6.3-arm32-eabi/arm-none-eabi/newlib/lib/thumb/v7e-m/fpv4-sp/hard\libnosys.a
END GROUP
LOAD d:/nxp/s32ds.3.4/s32ds/build_tools/gcc_b1620/gcc-6.3-arm32-eabi/bin/../lib/gcc/arm-none-eabi/6.3.1/thumb/v7e-m/fpv4-sp/hard/crtend.o
LOAD d:/nxp/s32ds.3.4/s32ds/build_tools/gcc_b1620/gcc-6.3-arm32-eabi/bin/../lib/gcc/arm-none-eabi/6.3.1/thumb/v7e-m/fpv4-sp/hard/crtn.o
                0x00000400                HEAP_SIZE = DEFINED (__heap_size__)?__heap_size__:0x400
                0x00000400                STACK_SIZE = DEFINED (__stack_size__)?__stack_size__:0x400
                0x00000400                M_VECTOR_RAM_SIZE = DEFINED (__flash_vector_table__)?0x0:0x400

.interrupts     0x00000000      0x400
                0x00000000                __VECTOR_TABLE = .
                0x00000000                __interrupts_start__ = .
                0x00000000                . = ALIGN (0x4)
 *(.isr_vector)
 .isr_vector    0x00000000      0x400 ./startup/startup_S32K144.o
                0x00000000                __isr_vector
                0x00000400                __interrupts_end__ = .
                0x00000400                . = ALIGN (0x4)

.flash_config   0x00000400       0x10
                0x00000400                . = ALIGN (0x4)
 *(.FlashConfig)
 .FlashConfig   0x00000400       0x10 ./startup/startup_S32K144.o
                0x00000410                . = ALIGN (0x4)

.text           0x00000410     0x1938
                0x00000410                . = ALIGN (0x4)
 *(.text)
 .text          0x00000410       0xa4 d:/nxp/s32ds.3.4/s32ds/build_tools/gcc_b1620/gcc-6.3-arm32-eabi/bin/../lib/gcc/arm-none-eabi/6.3.1/thumb/v7e-m/fpv4-sp/hard/crtbegin.o
 .text          0x000004b4       0x7c D:/NXP/S32DS.3.4/S32DS/build_tools/gcc_b1620/gcc-6.3-arm32-eabi/arm-none-eabi/newlib/lib/thumb/v7e-m/fpv4-sp/hard/crt0.o
                0x000004b4                _stack_init
                0x000004bc                _start
                0x000004bc                _mainCRTStartup
 .text          0x00000530       0x6c ./startup/startup_S32K144.o
                0x00000530                Reset_Handler
                0x00000598                DebugMon_Handler
                0x00000598                Reserved88_IRQHandler
                0x00000598                CAN0_ORed_IRQHandler
                0x00000598                HardFault_Handler
                0x00000598                Reserved86_IRQHandler
                0x00000598                Reserved103_IRQHandler
                0x00000598                SysTick_Handler
                0x00000598                FTM2_Ovf_Reload_IRQHandler
                0x00000598                Reserved50_IRQHandler
                0x00000598                FTFC_Fault_IRQHandler
                0x00000598                FTM0_Ch6_Ch7_IRQHandler
                0x00000598                Reserved114_IRQHandler
                0x00000598                PendSV_Handler
                0x00000598                NMI_Handler
                0x00000598                Reserved89_IRQHandler
                0x00000598                ERM_double_fault_IRQHandler
                0x00000598                DMA2_IRQHandler
                0x00000598                Reserved59_IRQHandler
                0x00000598                LPIT0_Ch0_IRQHandler
                0x00000598                Reserved99_IRQHandler
                0x00000598                FTM3_Ch6_Ch7_IRQHandler
                0x00000598                CAN2_ORed_0_15_MB_IRQHandler
                0x00000598                LPIT0_Ch3_IRQHandler
                0x00000598                Reserved92_IRQHandler
                0x00000598                FTM0_Ch4_Ch5_IRQHandler
                0x00000598                CAN1_Error_IRQHandler
                0x00000598                FTM3_Ch0_Ch1_IRQHandler
                0x00000598                SWI_IRQHandler
                0x00000598                ADC0_IRQHandler
                0x00000598                FTM2_Ch4_Ch5_IRQHandler
                0x00000598                UsageFault_Handler
                0x00000598                FTM0_Ovf_Reload_IRQHandler
                0x00000598                DefaultISR
                0x00000598                DMA9_IRQHandler
                0x00000598                Reserved58_IRQHandler
                0x00000598                CAN1_ORed_0_15_MB_IRQHandler
                0x00000598                FTM1_Ch2_Ch3_IRQHandler
                0x00000598                DMA14_IRQHandler
                0x00000598                Reserved82_IRQHandler
                0x00000598                CAN0_ORed_16_31_MB_IRQHandler
                0x00000598                LPI2C0_Slave_IRQHandler
                0x00000598                Reserved71_IRQHandler
                0x00000598                PORTD_IRQHandler
                0x00000598                Reserved69_IRQHandler
                0x00000598                PORTB_IRQHandler
                0x00000598                Reserved70_IRQHandler
                0x00000598                ADC1_IRQHandler
                0x00000598                FTM2_Ch2_Ch3_IRQHandler
                0x00000598                Reserved53_IRQHandler
                0x00000598                DMA5_IRQHandler
                0x00000598                RTC_IRQHandler
                0x00000598                PDB0_IRQHandler
                0x00000598                Reserved54_IRQHandler
                0x00000598                FTM2_Ch6_Ch7_IRQHandler
                0x00000598                FTM3_Ch2_Ch3_IRQHandler
                0x00000598                FTM2_Ch0_Ch1_IRQHandler
                0x00000598                LPSPI1_IRQHandler
                0x00000598                LPUART1_RxTx_IRQHandler
                0x00000598                RTC_Seconds_IRQHandler
                0x00000598                CAN2_ORed_IRQHandler
                0x00000598                Reserved72_IRQHandler
                0x00000598                Reserved110_IRQHandler
                0x00000598                DMA11_IRQHandler
                0x00000598                Reserved107_IRQHandler
                0x00000598                Read_Collision_IRQHandler
                0x00000598                CAN2_Error_IRQHandler
                0x00000598                FTFC_IRQHandler
                0x00000598                DMA7_IRQHandler
                0x00000598                FTM1_Ch6_Ch7_IRQHandler
                0x00000598                Reserved105_IRQHandler
                0x00000598                LPIT0_Ch1_IRQHandler
                0x00000598                FTM1_Ch4_Ch5_IRQHandler
                0x00000598                FTM3_Ovf_Reload_IRQHandler
                0x00000598                LPUART2_RxTx_IRQHandler
                0x00000598                LPSPI0_IRQHandler
                0x00000598                WDOG_EWM_IRQHandler
                0x00000598                MemManage_Handler
                0x00000598                Reserved90_IRQHandler
                0x00000598                Reserved83_IRQHandler
                0x00000598                FTM0_Fault_IRQHandler
                0x00000598                Reserved48_IRQHandler
                0x00000598                SVC_Handler
                0x00000598                ERM_single_fault_IRQHandler
                0x00000598                FTM2_Fault_IRQHandler
                0x00000598                FTM0_Ch2_Ch3_IRQHandler
                0x00000598                DMA13_IRQHandler
                0x00000598                FTM0_Ch0_Ch1_IRQHandler
                0x00000598                FTM3_Fault_IRQHandler
                0x00000598                RCM_IRQHandler
                0x00000598                DMA3_IRQHandler
                0x00000598                Reserved100_IRQHandler
                0x00000598                DMA0_IRQHandler
                0x00000598                Reserved91_IRQHandler
                0x00000598                CAN1_ORed_IRQHandler
                0x00000598                DMA15_IRQHandler
                0x00000598                SCG_IRQHandler
                0x00000598                PDB1_IRQHandler
                0x00000598                Reserved81_IRQHandler
                0x00000598                Reserved46_IRQHandler
                0x00000598                Reserved45_IRQHandler
                0x00000598                CAN0_Error_IRQHandler
                0x00000598                Reserved112_IRQHandler
                0x00000598                LPI2C0_Master_IRQHandler
                0x00000598                DMA4_IRQHandler
                0x00000598                FTM1_Fault_IRQHandler
                0x00000598                Reserved106_IRQHandler
                0x00000598                DMA_Error_IRQHandler
                0x00000598                LVD_LVW_IRQHandler
                0x00000598                LPIT0_Ch2_IRQHandler
                0x00000598                PORTA_IRQHandler
                0x00000598                MCM_IRQHandler
                0x00000598                LPSPI2_IRQHandler
                0x00000598                DMA12_IRQHandler
                0x00000598                FTM3_Ch4_Ch5_IRQHandler
                0x00000598                CAN0_ORed_0_15_MB_IRQHandler
                0x00000598                PORTE_IRQHandler
                0x00000598                LPUART0_RxTx_IRQHandler
                0x00000598                LPTMR0_IRQHandler
                0x00000598                BusFault_Handler
                0x00000598                Reserved87_IRQHandler
                0x00000598                FTM1_Ovf_Reload_IRQHandler
                0x00000598                DMA8_IRQHandler
                0x00000598                Reserved93_IRQHandler
                0x00000598                DMA10_IRQHandler
                0x00000598                CAN0_Wake_Up_IRQHandler
                0x00000598                CMP0_IRQHandler
                0x00000598                Reserved52_IRQHandler
                0x00000598                PORTC_IRQHandler
                0x00000598                DMA6_IRQHandler
                0x00000598                FTM1_Ch0_Ch1_IRQHandler
                0x00000598                FLEXIO_IRQHandler
                0x00000598                DMA1_IRQHandler
                0x00000598                Reserved113_IRQHandler
 *(.text*)
 .text.CpuUserProgramStartHook
                0x0000059c       0x1c ./hooks.o
                0x0000059c                CpuUserProgramStartHook
 .text.CopInitHook
                0x000005b8        0xc ./hooks.o
                0x000005b8                CopInitHook
 .text.CopServiceHook
                0x000005c4        0x8 ./hooks.o
                0x000005c4                CopServiceHook
 .text.LedBlinkInit
                0x000005cc       0x2c ./led.o
                0x000005cc                LedBlinkInit
 .text.LedBlinkTask
                0x000005f8       0x58 ./led.o
                0x000005f8                LedBlinkTask
 .text.LedBlinkExit
                0x00000650       0x10 ./led.o
                0x00000650                LedBlinkExit
 .text.JumpToUserApplication1
                0x00000660       0x1e ./main.o
                0x00000660                JumpToUserApplication1
 .text.JumpToUserApplication2
                0x0000067e       0x1e ./main.o
                0x0000067e                JumpToUserApplication2
 .text.main     0x0000069c      0x184 ./main.o
                0x0000069c                main
 .text.CpuIrqDisable
                0x00000820        0x4 ./core/ARMCM4_S32K14/GCC/cpu_comp.o
                0x00000820                CpuIrqDisable
 .text.CpuIrqEnable
                0x00000824        0x4 ./core/ARMCM4_S32K14/GCC/cpu_comp.o
                0x00000824                CpuIrqEnable
 .text.CanDisabledModeExit
                0x00000828       0x3c ./core/ARMCM4_S32K14/can.o
 .text.CanFreezeModeEnter
                0x00000864       0x50 ./core/ARMCM4_S32K14/can.o
 .text.CanInit  0x000008b4      0x268 ./core/ARMCM4_S32K14/can.o
                0x000008b4                CanInit
 .text.CanTransmitPacket
                0x00000b1c       0xa8 ./core/ARMCM4_S32K14/can.o
                0x00000b1c                CanTransmitPacket
 .text.CanReceivePacket
                0x00000bc4       0x58 ./core/ARMCM4_S32K14/can.o
                0x00000bc4                CanReceivePacket
 .text.CpuInit  0x00000c1c        0x8 ./core/ARMCM4_S32K14/cpu.o
                0x00000c1c                CpuInit
 .text.CpuStartUserProgram
                0x00000c24       0x3c ./core/ARMCM4_S32K14/cpu.o
                0x00000c24                CpuStartUserProgram
 .text.CpuMemCopy
                0x00000c60       0x22 ./core/ARMCM4_S32K14/cpu.o
                0x00000c60                CpuMemCopy
 *fill*         0x00000c82        0x2 
 .text.FlashGetSectorIdx
                0x00000c84       0x34 ./core/ARMCM4_S32K14/flash.o
 .text.FlashWriteBlock
                0x00000cb8       0xd0 ./core/ARMCM4_S32K14/flash.o
 .text.FlashSwitchBlock
                0x00000d88       0x54 ./core/ARMCM4_S32K14/flash.o
 .text.FlashAddToBlock
                0x00000ddc       0x88 ./core/ARMCM4_S32K14/flash.o
 .text.FlashInit
                0x00000e64       0x18 ./core/ARMCM4_S32K14/flash.o
                0x00000e64                FlashInit
 .text.FlashWrite
                0x00000e7c       0x60 ./core/ARMCM4_S32K14/flash.o
                0x00000e7c                FlashWrite
 .text.FlashErase
                0x00000edc      0x110 ./core/ARMCM4_S32K14/flash.o
                0x00000edc                FlashErase
 .text.FlashWriteChecksum
                0x00000fec       0x4c ./core/ARMCM4_S32K14/flash.o
                0x00000fec                FlashWriteChecksum
 .text.FlashVerifyChecksum
                0x00001038       0x46 ./core/ARMCM4_S32K14/flash.o
                0x00001038                FlashVerifyChecksum
 *fill*         0x0000107e        0x2 
 .text.FlashDone
                0x00001080       0x40 ./core/ARMCM4_S32K14/flash.o
                0x00001080                FlashDone
 .text.FlashGetUserProgBaseAddress
                0x000010c0        0x6 ./core/ARMCM4_S32K14/flash.o
                0x000010c0                FlashGetUserProgBaseAddress
 .text.NvmInit  0x000010c6        0x8 ./core/ARMCM4_S32K14/nvm.o
                0x000010c6                NvmInit
 .text.NvmWrite
                0x000010ce        0x8 ./core/ARMCM4_S32K14/nvm.o
                0x000010ce                NvmWrite
 .text.NvmErase
                0x000010d6        0x8 ./core/ARMCM4_S32K14/nvm.o
                0x000010d6                NvmErase
 .text.NvmVerifyChecksum
                0x000010de        0x8 ./core/ARMCM4_S32K14/nvm.o
                0x000010de                NvmVerifyChecksum
 .text.NvmGetUserProgBaseAddress
                0x000010e6        0x8 ./core/ARMCM4_S32K14/nvm.o
                0x000010e6                NvmGetUserProgBaseAddress
 .text.NvmDone  0x000010ee       0x16 ./core/ARMCM4_S32K14/nvm.o
                0x000010ee                NvmDone
 .text.Rs232TransmitByte
                0x00001104       0x2c ./core/ARMCM4_S32K14/rs232.o
 .text.Rs232Init
                0x00001130       0xe0 ./core/ARMCM4_S32K14/rs232.o
                0x00001130                Rs232Init
 .text.Rs232TransmitPacket
                0x00001210       0x3c ./core/ARMCM4_S32K14/rs232.o
                0x00001210                Rs232TransmitPacket
 .text.Rs232ReceivePacket
                0x0000124c       0xb0 ./core/ARMCM4_S32K14/rs232.o
                0x0000124c                Rs232ReceivePacket
 .text.TimerReset
                0x000012fc       0x10 ./core/ARMCM4_S32K14/timer.o
                0x000012fc                TimerReset
 .text.TimerInit
                0x0000130c       0x50 ./core/ARMCM4_S32K14/timer.o
                0x0000130c                TimerInit
 .text.TimerUpdate
                0x0000135c       0x48 ./core/ARMCM4_S32K14/timer.o
                0x0000135c                TimerUpdate
 .text.TimerGet
                0x000013a4       0x10 ./core/ARMCM4_S32K14/timer.o
                0x000013a4                TimerGet
 .text.AssertFailure
                0x000013b4        0x8 ./core/asserts.o
                0x000013b4                AssertFailure
 .text.BackDoorCheck
                0x000013bc       0x44 ./core/backdoor.o
                0x000013bc                BackDoorCheck
 .text.BackDoorRestartTimer
                0x00001400       0x20 ./core/backdoor.o
                0x00001400                BackDoorRestartTimer
 .text.BackDoorInit
                0x00001420       0x18 ./core/backdoor.o
                0x00001420                BackDoorInit
 .text.BootInit
                0x00001438       0x1c ./core/boot.o
                0x00001438                BootInit
 .text.BootTask
                0x00001454       0x14 ./core/boot.o
                0x00001454                BootTask
 .text.ComInit  0x00001468       0x20 ./core/com.o
                0x00001468                ComInit
 .text.ComTask  0x00001488       0x54 ./core/com.o
                0x00001488                ComTask
 .text.ComFree  0x000014dc        0x2 ./core/com.o
                0x000014dc                ComFree
 *fill*         0x000014de        0x2 
 .text.ComTransmitPacket
                0x000014e0       0x30 ./core/com.o
                0x000014e0                ComTransmitPacket
 .text.ComGetActiveInterfaceMaxRxLen
                0x00001510       0x24 ./core/com.o
                0x00001510                ComGetActiveInterfaceMaxRxLen
 .text.ComGetActiveInterfaceMaxTxLen
                0x00001534       0x24 ./core/com.o
                0x00001534                ComGetActiveInterfaceMaxTxLen
 .text.ComIsConnected
                0x00001558        0xe ./core/com.o
                0x00001558                ComIsConnected
 .text.CopInit  0x00001566        0x8 ./core/cop.o
                0x00001566                CopInit
 .text.CopService
                0x0000156e        0x8 ./core/cop.o
                0x0000156e                CopService
 *fill*         0x00001576        0x2 
 .text.XcpSetCtoError
                0x00001578       0x14 ./core/xcp.o
 .text.XcpGetOrderedLong
                0x0000158c       0x16 ./core/xcp.o
 *fill*         0x000015a2        0x2 
 .text.XcpInit  0x000015a4       0x24 ./core/xcp.o
                0x000015a4                XcpInit
 .text.XcpIsConnected
                0x000015c8       0x14 ./core/xcp.o
                0x000015c8                XcpIsConnected
 .text.XcpPacketTransmitted
                0x000015dc       0x10 ./core/xcp.o
                0x000015dc                XcpPacketTransmitted
 .text.XcpPacketReceived
                0x000015ec      0x360 ./core/xcp.o
                0x000015ec                XcpPacketReceived
 .text.SystemInit
                0x0000194c       0x3c ./lib/system_S32K144.o
                0x0000194c                SystemInit
 .text.SystemCoreClockUpdate
                0x00001988       0x80 ./lib/system_S32K144.o
                0x00001988                SystemCoreClockUpdate
 .text.init_data_bss
                0x00001a08       0xd8 ./startup/startup.o
                0x00001a08                init_data_bss
 .text.exit     0x00001ae0       0x28 D:/NXP/S32DS.3.4/S32DS/build_tools/gcc_b1620/gcc-6.3-arm32-eabi/arm-none-eabi/newlib/lib/thumb/v7e-m/fpv4-sp/hard\libc_nano.a(lib_a-exit.o)
                0x00001ae0                exit
 .text.__libc_init_array
                0x00001b08       0x48 D:/NXP/S32DS.3.4/S32DS/build_tools/gcc_b1620/gcc-6.3-arm32-eabi/arm-none-eabi/newlib/lib/thumb/v7e-m/fpv4-sp/hard\libc_nano.a(lib_a-init.o)
                0x00001b08                __libc_init_array
 .text.memset   0x00001b50       0x10 D:/NXP/S32DS.3.4/S32DS/build_tools/gcc_b1620/gcc-6.3-arm32-eabi/arm-none-eabi/newlib/lib/thumb/v7e-m/fpv4-sp/hard\libc_nano.a(lib_a-memset.o)
                0x00001b50                memset
 .text._exit    0x00001b60        0x2 D:/NXP/S32DS.3.4/S32DS/build_tools/gcc_b1620/gcc-6.3-arm32-eabi/arm-none-eabi/newlib/lib/thumb/v7e-m/fpv4-sp/hard\libnosys.a(_exit.o)
                0x00001b60                _exit
 *(.rodata)
 *(.rodata*)
 *fill*         0x00001b62        0x2 
 .rodata.CanFreezeModeEnter.str1.4
                0x00001b64       0x35 ./core/ARMCM4_S32K14/can.o
 *fill*         0x00001b99        0x3 
 .rodata.canTiming
                0x00001b9c       0x48 ./core/ARMCM4_S32K14/can.o
 .rodata.flashLayout
                0x00001be4       0xfc ./core/ARMCM4_S32K14/flash.o
 .rodata.Rs232TransmitPacket.str1.4
                0x00001ce0       0x38 ./core/ARMCM4_S32K14/rs232.o
                                 0x37 (size before relaxing)
 .rodata.xcpStationId
                0x00001d18        0x8 ./core/xcp.o
 .rodata._global_impure_ptr
                0x00001d20        0x4 D:/NXP/S32DS.3.4/S32DS/build_tools/gcc_b1620/gcc-6.3-arm32-eabi/arm-none-eabi/newlib/lib/thumb/v7e-m/fpv4-sp/hard\libc_nano.a(lib_a-impure.o)
                0x00001d20                _global_impure_ptr
 *(.glue_7)
 .glue_7        0x00001d24        0x0 linker stubs
 *(.glue_7t)
 .glue_7t       0x00001d24        0x0 linker stubs
 *(.eh_frame)
 .eh_frame      0x00001d24        0x0 d:/nxp/s32ds.3.4/s32ds/build_tools/gcc_b1620/gcc-6.3-arm32-eabi/bin/../lib/gcc/arm-none-eabi/6.3.1/thumb/v7e-m/fpv4-sp/hard/crtbegin.o
 *(.init)
 .init          0x00001d24        0x4 d:/nxp/s32ds.3.4/s32ds/build_tools/gcc_b1620/gcc-6.3-arm32-eabi/bin/../lib/gcc/arm-none-eabi/6.3.1/thumb/v7e-m/fpv4-sp/hard/crti.o
                0x00001d24                _init
 .init          0x00001d28        0x8 d:/nxp/s32ds.3.4/s32ds/build_tools/gcc_b1620/gcc-6.3-arm32-eabi/bin/../lib/gcc/arm-none-eabi/6.3.1/thumb/v7e-m/fpv4-sp/hard/crtn.o
 *(.fini)
 .fini          0x00001d30        0x4 d:/nxp/s32ds.3.4/s32ds/build_tools/gcc_b1620/gcc-6.3-arm32-eabi/bin/../lib/gcc/arm-none-eabi/6.3.1/thumb/v7e-m/fpv4-sp/hard/crti.o
                0x00001d30                _fini
 .fini          0x00001d34        0x8 d:/nxp/s32ds.3.4/s32ds/build_tools/gcc_b1620/gcc-6.3-arm32-eabi/bin/../lib/gcc/arm-none-eabi/6.3.1/thumb/v7e-m/fpv4-sp/hard/crtn.o
 *fill*         0x00001d3c        0x4 
 .fini.__stub   0x00001d40        0x8 linker stubs
                0x00001d48                . = ALIGN (0x4)

.vfp11_veneer   0x00001d48        0x0
 .vfp11_veneer  0x00001d48        0x0 linker stubs

.v4_bx          0x00001d48        0x0
 .v4_bx         0x00001d48        0x0 linker stubs

.iplt           0x00001d48        0x0
 .iplt          0x00001d48        0x0 d:/nxp/s32ds.3.4/s32ds/build_tools/gcc_b1620/gcc-6.3-arm32-eabi/bin/../lib/gcc/arm-none-eabi/6.3.1/thumb/v7e-m/fpv4-sp/hard/crtbegin.o

.ARM.extab
 *(.ARM.extab* .gnu.linkonce.armextab.*)

.ARM            0x00001d48        0x8
                0x00001d48                __exidx_start = .
 *(.ARM.exidx*)
 .ARM.exidx     0x00001d48        0x8 D:/NXP/S32DS.3.4/S32DS/build_tools/gcc_b1620/gcc-6.3-arm32-eabi/arm-none-eabi/newlib/lib/thumb/v7e-m/fpv4-sp/hard/crt0.o
                                 0x10 (size before relaxing)
                0x00001d50                __exidx_end = .

.ctors          0x00001d50        0x0
                0x00001d50                __CTOR_LIST__ = .
 *crtbegin.o(.ctors)
 *crtbegin?.o(.ctors)
 *(EXCLUDE_FILE(*crtend.o *crtend?.o) .ctors)
 *(SORT_BY_NAME(.ctors.*))
 *(.ctors)
                0x00001d50                __CTOR_END__ = .

.dtors          0x00001d50        0x0
                0x00001d50                __DTOR_LIST__ = .
 *crtbegin.o(.dtors)
 *crtbegin?.o(.dtors)
 *(EXCLUDE_FILE(*crtend.o *crtend?.o) .dtors)
 *(SORT_BY_NAME(.dtors.*))
 *(.dtors)
                0x00001d50                __DTOR_END__ = .

.preinit_array  0x00001d50        0x0
                0x00001d50                PROVIDE (__preinit_array_start = .)
 *(.preinit_array*)
                0x00001d50                PROVIDE (__preinit_array_end = .)

.init_array     0x00001d50        0x4
                0x00001d50                PROVIDE (__init_array_start = .)
 *(SORT_BY_NAME(.init_array.*))
 *(.init_array*)
 .init_array    0x00001d50        0x4 d:/nxp/s32ds.3.4/s32ds/build_tools/gcc_b1620/gcc-6.3-arm32-eabi/bin/../lib/gcc/arm-none-eabi/6.3.1/thumb/v7e-m/fpv4-sp/hard/crtbegin.o
                0x00001d54                PROVIDE (__init_array_end = .)

.fini_array     0x00001d54        0x4
                [!provide]                PROVIDE (__fini_array_start = .)
 *(SORT_BY_NAME(.fini_array.*))
 *(.fini_array*)
 .fini_array    0x00001d54        0x4 d:/nxp/s32ds.3.4/s32ds/build_tools/gcc_b1620/gcc-6.3-arm32-eabi/bin/../lib/gcc/arm-none-eabi/6.3.1/thumb/v7e-m/fpv4-sp/hard/crtbegin.o
                [!provide]                PROVIDE (__fini_array_end = .)
                0x00001d58                __etext = .
                0x00001d58                __DATA_ROM = .

.interrupts_ram
                0x1fff8000      0x400
                0x1fff8000                . = ALIGN (0x4)
                0x1fff8000                __VECTOR_RAM__ = .
                0x1fff8000                __RAM_START = .
                0x1fff8000                __interrupts_ram_start__ = .
 *(.m_interrupts_ram)
                0x1fff8400                . = (. + M_VECTOR_RAM_SIZE)
 *fill*         0x1fff8000      0x400 
                0x1fff8400                . = ALIGN (0x4)
                0x1fff8400                __interrupts_ram_end__ = .
                0x1fff8000                __VECTOR_RAM = DEFINED (__flash_vector_table__)?ORIGIN (m_interrupts):__VECTOR_RAM__
                0x00000400                __RAM_VECTOR_TABLE_SIZE = DEFINED (__flash_vector_table__)?0x0:(__interrupts_ram_end__ - __interrupts_ram_start__)

.data           0x1fff8400       0x6c load address 0x00001d58
                0x1fff8400                . = ALIGN (0x4)
                0x1fff8400                __DATA_RAM = .
                0x1fff8400                __data_start__ = .
 *(.data)
 *(.data*)
 .data.comActiveInterface
                0x1fff8400        0x1 ./core/com.o
 *fill*         0x1fff8401        0x3 
 .data.SystemCoreClock
                0x1fff8404        0x4 ./lib/system_S32K144.o
                0x1fff8404                SystemCoreClock
 .data.impure_data
                0x1fff8408       0x60 D:/NXP/S32DS.3.4/S32DS/build_tools/gcc_b1620/gcc-6.3-arm32-eabi/arm-none-eabi/newlib/lib/thumb/v7e-m/fpv4-sp/hard\libc_nano.a(lib_a-impure.o)
 *(.jcr*)
 .jcr           0x1fff8468        0x0 d:/nxp/s32ds.3.4/s32ds/build_tools/gcc_b1620/gcc-6.3-arm32-eabi/bin/../lib/gcc/arm-none-eabi/6.3.1/thumb/v7e-m/fpv4-sp/hard/crtbegin.o
 .jcr           0x1fff8468        0x4 d:/nxp/s32ds.3.4/s32ds/build_tools/gcc_b1620/gcc-6.3-arm32-eabi/bin/../lib/gcc/arm-none-eabi/6.3.1/thumb/v7e-m/fpv4-sp/hard/crtend.o
                0x1fff846c                . = ALIGN (0x4)
                0x1fff846c                __data_end__ = .
                0x00001dc4                __DATA_END = (__DATA_ROM + (__data_end__ - __data_start__))
                0x00001dc4                __CODE_ROM = __DATA_END

.tm_clone_table
                0x1fff846c        0x0 load address 0x00001dc4
 .tm_clone_table
                0x1fff846c        0x0 d:/nxp/s32ds.3.4/s32ds/build_tools/gcc_b1620/gcc-6.3-arm32-eabi/bin/../lib/gcc/arm-none-eabi/6.3.1/thumb/v7e-m/fpv4-sp/hard/crtbegin.o
 .tm_clone_table
                0x1fff846c        0x0 d:/nxp/s32ds.3.4/s32ds/build_tools/gcc_b1620/gcc-6.3-arm32-eabi/bin/../lib/gcc/arm-none-eabi/6.3.1/thumb/v7e-m/fpv4-sp/hard/crtend.o

.igot.plt       0x1fff846c        0x0 load address 0x00001dc4
 .igot.plt      0x1fff846c        0x0 d:/nxp/s32ds.3.4/s32ds/build_tools/gcc_b1620/gcc-6.3-arm32-eabi/bin/../lib/gcc/arm-none-eabi/6.3.1/thumb/v7e-m/fpv4-sp/hard/crtbegin.o

.code           0x1fff846c       0x18 load address 0x00001dc4
                0x1fff846c                . = ALIGN (0x4)
                0x1fff846c                __CODE_RAM = .
                0x1fff846c                __code_start__ = .
                0x1fff846c                __code_ram_start__ = .
 *(.code_ram)
 .code_ram      0x1fff846c       0x18 ./core/ARMCM4_S32K14/flash.o
                0x1fff8484                . = ALIGN (0x4)
                0x1fff8484                __code_end__ = .
                0x1fff8484                __code_ram_end__ = .
                0x00001ddc                __CODE_END = (__CODE_ROM + (__code_end__ - __code_start__))
                0x00001ddc                __CUSTOM_ROM = __CODE_END

.rel.dyn        0x1fff8484        0x0 load address 0x00001ddc
 .rel.iplt      0x1fff8484        0x0 d:/nxp/s32ds.3.4/s32ds/build_tools/gcc_b1620/gcc-6.3-arm32-eabi/bin/../lib/gcc/arm-none-eabi/6.3.1/thumb/v7e-m/fpv4-sp/hard/crtbegin.o

.customSectionBlock
                0x20000000        0x0 load address 0x00001ddc
                0x20000000                __customSection_start__ = .
 *(.customSection)
                0x20000000                __customSection_end__ = .
                0x00001ddc                __CUSTOM_END = (__CUSTOM_ROM + (__customSection_end__ - __customSection_start__))

.bss            0x20000000      0x9e0
                0x20000000                . = ALIGN (0x4)
                0x20000000                __BSS_START = .
                0x20000000                __bss_start__ = .
 *(.bss)
 .bss           0x20000000       0x1c d:/nxp/s32ds.3.4/s32ds/build_tools/gcc_b1620/gcc-6.3-arm32-eabi/bin/../lib/gcc/arm-none-eabi/6.3.1/thumb/v7e-m/fpv4-sp/hard/crtbegin.o
 *(.bss*)
 .bss.ledBlinkIntervalMs
                0x2000001c        0x2 ./led.o
 .bss.ledOn.6545
                0x2000001e        0x1 ./led.o
 *fill*         0x2000001f        0x1 
 .bss.nextBlinkEvent.6546
                0x20000020        0x4 ./led.o
 .bss.dummyTimerVal
                0x20000024        0x4 ./core/ARMCM4_S32K14/can.o
 .bss.blockInfo
                0x20000028      0x404 ./core/ARMCM4_S32K14/flash.o
 .bss.bootBlockInfo
                0x2000042c      0x404 ./core/ARMCM4_S32K14/flash.o
 .bss.xcpCtoReqPacket.6557
                0x20000830       0x82 ./core/ARMCM4_S32K14/rs232.o
 .bss.xcpCtoRxInProgress.6559
                0x200008b2        0x1 ./core/ARMCM4_S32K14/rs232.o
 .bss.xcpCtoRxLength.6558
                0x200008b3        0x1 ./core/ARMCM4_S32K14/rs232.o
 .bss.xcpCtoRxStartTime.6560
                0x200008b4        0x4 ./core/ARMCM4_S32K14/rs232.o
 .bss.counts_per_millisecond
                0x200008b8        0x4 ./core/ARMCM4_S32K14/timer.o
 .bss.free_running_counter_last
                0x200008bc        0x4 ./core/ARMCM4_S32K14/timer.o
 .bss.millisecond_counter
                0x200008c0        0x4 ./core/ARMCM4_S32K14/timer.o
 .bss.backdoorExtensionTime
                0x200008c4        0x4 ./core/backdoor.o
 .bss.backdoorOpen
                0x200008c8        0x1 ./core/backdoor.o
 *fill*         0x200008c9        0x3 
 .bss.backdoorOpenTime
                0x200008cc        0x4 ./core/backdoor.o
 .bss.xcpCtoReqPacket.5486
                0x200008d0       0x81 ./core/com.o
 *fill*         0x20000951        0x3 
 .bss.xcpInfo   0x20000954       0x8c ./core/xcp.o
 *(COMMON)
                0x200009e0                . = ALIGN (0x4)
                0x200009e0                __bss_end__ = .
                0x200009e0                __BSS_END = .

.heap           0x200009e0      0x400
                0x200009e0                . = ALIGN (0x8)
                0x200009e0                __end__ = .
                0x200009e0                __heap_start__ = .
                [!provide]                PROVIDE (end = .)
                [!provide]                PROVIDE (_end = .)
                [!provide]                PROVIDE (__end = .)
                0x200009e0                __HeapBase = .
                0x20000de0                . = (. + HEAP_SIZE)
 *fill*         0x200009e0      0x400 
                0x20000de0                __HeapLimit = .
                0x20000de0                __heap_limit = .
                0x20000de0                __heap_end__ = .
                0x20007000                __StackTop = (ORIGIN (m_data_2) + LENGTH (m_data_2))
                0x20006c00                __StackLimit = (__StackTop - STACK_SIZE)
                0x20007000                PROVIDE (__stack = __StackTop)
                0x20007000                __RAM_END = __StackTop

.stack          0x20006c00      0x400
                0x20006c00                . = ALIGN (0x8)
                0x20006c00                __stack_start__ = .
                0x20007000                . = (. + STACK_SIZE)
 *fill*         0x20006c00      0x400 
                0x20007000                __stack_end__ = .
                0x20000000                __START_BSS = __BSS_START
                0x200009e0                __END_BSS = __BSS_END
                0x20007000                __SP_INIT = __StackTop

.ARM.attributes
                0x00000000       0x30
 *(.ARM.attributes)
 .ARM.attributes
                0x00000000       0x22 d:/nxp/s32ds.3.4/s32ds/build_tools/gcc_b1620/gcc-6.3-arm32-eabi/bin/../lib/gcc/arm-none-eabi/6.3.1/thumb/v7e-m/fpv4-sp/hard/crti.o
 .ARM.attributes
                0x00000022       0x34 d:/nxp/s32ds.3.4/s32ds/build_tools/gcc_b1620/gcc-6.3-arm32-eabi/bin/../lib/gcc/arm-none-eabi/6.3.1/thumb/v7e-m/fpv4-sp/hard/crtbegin.o
 .ARM.attributes
                0x00000056       0x20 D:/NXP/S32DS.3.4/S32DS/build_tools/gcc_b1620/gcc-6.3-arm32-eabi/arm-none-eabi/newlib/lib/thumb/v7e-m/fpv4-sp/hard/crt0.o
 .ARM.attributes
                0x00000076       0x39 ./hooks.o
 .ARM.attributes
                0x000000af       0x39 ./led.o
 .ARM.attributes
                0x000000e8       0x39 ./main.o
 .ARM.attributes
                0x00000121       0x39 ./core/ARMCM4_S32K14/GCC/cpu_comp.o
 .ARM.attributes
                0x0000015a       0x39 ./core/ARMCM4_S32K14/can.o
 .ARM.attributes
                0x00000193       0x39 ./core/ARMCM4_S32K14/cpu.o
 .ARM.attributes
                0x000001cc       0x39 ./core/ARMCM4_S32K14/flash.o
 .ARM.attributes
                0x00000205       0x39 ./core/ARMCM4_S32K14/nvm.o
 .ARM.attributes
                0x0000023e       0x39 ./core/ARMCM4_S32K14/rs232.o
 .ARM.attributes
                0x00000277       0x39 ./core/ARMCM4_S32K14/timer.o
 .ARM.attributes
                0x000002b0       0x39 ./core/asserts.o
 .ARM.attributes
                0x000002e9       0x39 ./core/backdoor.o
 .ARM.attributes
                0x00000322       0x39 ./core/boot.o
 .ARM.attributes
                0x0000035b       0x39 ./core/com.o
 .ARM.attributes
                0x00000394       0x39 ./core/cop.o
 .ARM.attributes
                0x000003cd       0x39 ./core/xcp.o
 .ARM.attributes
                0x00000406       0x39 ./lib/system_S32K144.o
 .ARM.attributes
                0x0000043f       0x39 ./startup/startup.o
 .ARM.attributes
                0x00000478       0x1f ./startup/startup_S32K144.o
 .ARM.attributes
                0x00000497       0x34 D:/NXP/S32DS.3.4/S32DS/build_tools/gcc_b1620/gcc-6.3-arm32-eabi/arm-none-eabi/newlib/lib/thumb/v7e-m/fpv4-sp/hard\libc_nano.a(lib_a-exit.o)
 .ARM.attributes
                0x000004cb       0x34 D:/NXP/S32DS.3.4/S32DS/build_tools/gcc_b1620/gcc-6.3-arm32-eabi/arm-none-eabi/newlib/lib/thumb/v7e-m/fpv4-sp/hard\libc_nano.a(lib_a-impure.o)
 .ARM.attributes
                0x000004ff       0x34 D:/NXP/S32DS.3.4/S32DS/build_tools/gcc_b1620/gcc-6.3-arm32-eabi/arm-none-eabi/newlib/lib/thumb/v7e-m/fpv4-sp/hard\libc_nano.a(lib_a-init.o)
 .ARM.attributes
                0x00000533       0x34 D:/NXP/S32DS.3.4/S32DS/build_tools/gcc_b1620/gcc-6.3-arm32-eabi/arm-none-eabi/newlib/lib/thumb/v7e-m/fpv4-sp/hard\libc_nano.a(lib_a-memset.o)
 .ARM.attributes
                0x00000567       0x34 D:/NXP/S32DS.3.4/S32DS/build_tools/gcc_b1620/gcc-6.3-arm32-eabi/arm-none-eabi/newlib/lib/thumb/v7e-m/fpv4-sp/hard\libnosys.a(_exit.o)
 .ARM.attributes
                0x0000059b       0x34 d:/nxp/s32ds.3.4/s32ds/build_tools/gcc_b1620/gcc-6.3-arm32-eabi/bin/../lib/gcc/arm-none-eabi/6.3.1/thumb/v7e-m/fpv4-sp/hard/crtend.o
 .ARM.attributes
                0x000005cf       0x22 d:/nxp/s32ds.3.4/s32ds/build_tools/gcc_b1620/gcc-6.3-arm32-eabi/bin/../lib/gcc/arm-none-eabi/6.3.1/thumb/v7e-m/fpv4-sp/hard/crtn.o
                0x00000001                ASSERT ((__StackLimit >= __HeapLimit), region m_data_2 overflowed with stack and heap)
OUTPUT(openblt_s32k144.elf elf32-littlearm)

.comment        0x00000000       0x7e
 .comment       0x00000000       0x7e d:/nxp/s32ds.3.4/s32ds/build_tools/gcc_b1620/gcc-6.3-arm32-eabi/bin/../lib/gcc/arm-none-eabi/6.3.1/thumb/v7e-m/fpv4-sp/hard/crtbegin.o
                                 0x7f (size before relaxing)
 .comment       0x0000007e       0x7f ./hooks.o
 .comment       0x0000007e       0x7f ./led.o
 .comment       0x0000007e       0x7f ./main.o
 .comment       0x0000007e       0x7f ./core/ARMCM4_S32K14/GCC/cpu_comp.o
 .comment       0x0000007e       0x7f ./core/ARMCM4_S32K14/can.o
 .comment       0x0000007e       0x7f ./core/ARMCM4_S32K14/cpu.o
 .comment       0x0000007e       0x7f ./core/ARMCM4_S32K14/flash.o
 .comment       0x0000007e       0x7f ./core/ARMCM4_S32K14/nvm.o
 .comment       0x0000007e       0x7f ./core/ARMCM4_S32K14/rs232.o
 .comment       0x0000007e       0x7f ./core/ARMCM4_S32K14/timer.o
 .comment       0x0000007e       0x7f ./core/asserts.o
 .comment       0x0000007e       0x7f ./core/backdoor.o
 .comment       0x0000007e       0x7f ./core/boot.o
 .comment       0x0000007e       0x7f ./core/com.o
 .comment       0x0000007e       0x7f ./core/cop.o
 .comment       0x0000007e       0x7f ./core/xcp.o
 .comment       0x0000007e       0x7f ./lib/system_S32K144.o
 .comment       0x0000007e       0x7f ./startup/startup.o
 .comment       0x0000007e       0x7f d:/nxp/s32ds.3.4/s32ds/build_tools/gcc_b1620/gcc-6.3-arm32-eabi/bin/../lib/gcc/arm-none-eabi/6.3.1/thumb/v7e-m/fpv4-sp/hard/crtend.o

.debug_info     0x00000000     0x4771
 .debug_info    0x00000000      0x1a4 ./hooks.o
 .debug_info    0x000001a4      0x2ba ./led.o
 .debug_info    0x0000045e      0x685 ./main.o
 .debug_info    0x00000ae3       0x80 ./core/ARMCM4_S32K14/GCC/cpu_comp.o
 .debug_info    0x00000b63      0xa9c ./core/ARMCM4_S32K14/can.o
 .debug_info    0x000015ff      0x43b ./core/ARMCM4_S32K14/cpu.o
 .debug_info    0x00001a3a      0x9a3 ./core/ARMCM4_S32K14/flash.o
 .debug_info    0x000023dd      0x224 ./core/ARMCM4_S32K14/nvm.o
 .debug_info    0x00002601      0x612 ./core/ARMCM4_S32K14/rs232.o
 .debug_info    0x00002c13      0x1bf ./core/ARMCM4_S32K14/timer.o
 .debug_info    0x00002dd2       0xc2 ./core/asserts.o
 .debug_info    0x00002e94      0x178 ./core/backdoor.o
 .debug_info    0x0000300c      0x152 ./core/boot.o
 .debug_info    0x0000315e      0x316 ./core/com.o
 .debug_info    0x00003474       0xb2 ./core/cop.o
 .debug_info    0x00003526      0xa4f ./core/xcp.o
 .debug_info    0x00003f75      0x525 ./lib/system_S32K144.o
 .debug_info    0x0000449a      0x2b1 ./startup/startup.o
 .debug_info    0x0000474b       0x26 ./startup/startup_S32K144.o

.debug_abbrev   0x00000000     0x1636
 .debug_abbrev  0x00000000       0xda ./hooks.o
 .debug_abbrev  0x000000da       0xfe ./led.o
 .debug_abbrev  0x000001d8      0x190 ./main.o
 .debug_abbrev  0x00000368       0x43 ./core/ARMCM4_S32K14/GCC/cpu_comp.o
 .debug_abbrev  0x000003ab      0x2ec ./core/ARMCM4_S32K14/can.o
 .debug_abbrev  0x00000697      0x144 ./core/ARMCM4_S32K14/cpu.o
 .debug_abbrev  0x000007db      0x258 ./core/ARMCM4_S32K14/flash.o
 .debug_abbrev  0x00000a33       0xc8 ./core/ARMCM4_S32K14/nvm.o
 .debug_abbrev  0x00000afb      0x217 ./core/ARMCM4_S32K14/rs232.o
 .debug_abbrev  0x00000d12      0x11e ./core/ARMCM4_S32K14/timer.o
 .debug_abbrev  0x00000e30       0x86 ./core/asserts.o
 .debug_abbrev  0x00000eb6       0xa6 ./core/backdoor.o
 .debug_abbrev  0x00000f5c       0x61 ./core/boot.o
 .debug_abbrev  0x00000fbd      0x160 ./core/com.o
 .debug_abbrev  0x0000111d       0x61 ./core/cop.o
 .debug_abbrev  0x0000117e      0x27e ./core/xcp.o
 .debug_abbrev  0x000013fc      0x143 ./lib/system_S32K144.o
 .debug_abbrev  0x0000153f       0xe3 ./startup/startup.o
 .debug_abbrev  0x00001622       0x14 ./startup/startup_S32K144.o

.debug_aranges  0x00000000      0x418
 .debug_aranges
                0x00000000       0x30 ./hooks.o
 .debug_aranges
                0x00000030       0x30 ./led.o
 .debug_aranges
                0x00000060       0x30 ./main.o
 .debug_aranges
                0x00000090       0x28 ./core/ARMCM4_S32K14/GCC/cpu_comp.o
 .debug_aranges
                0x000000b8       0x40 ./core/ARMCM4_S32K14/can.o
 .debug_aranges
                0x000000f8       0x38 ./core/ARMCM4_S32K14/cpu.o
 .debug_aranges
                0x00000130       0x78 ./core/ARMCM4_S32K14/flash.o
 .debug_aranges
                0x000001a8       0x48 ./core/ARMCM4_S32K14/nvm.o
 .debug_aranges
                0x000001f0       0x38 ./core/ARMCM4_S32K14/rs232.o
 .debug_aranges
                0x00000228       0x38 ./core/ARMCM4_S32K14/timer.o
 .debug_aranges
                0x00000260       0x20 ./core/asserts.o
 .debug_aranges
                0x00000280       0x40 ./core/backdoor.o
 .debug_aranges
                0x000002c0       0x28 ./core/boot.o
 .debug_aranges
                0x000002e8       0x50 ./core/com.o
 .debug_aranges
                0x00000338       0x28 ./core/cop.o
 .debug_aranges
                0x00000360       0x48 ./core/xcp.o
 .debug_aranges
                0x000003a8       0x30 ./lib/system_S32K144.o
 .debug_aranges
                0x000003d8       0x20 ./startup/startup.o
 .debug_aranges
                0x000003f8       0x20 ./startup/startup_S32K144.o

.debug_ranges   0x00000000      0x350
 .debug_ranges  0x00000000       0x20 ./hooks.o
 .debug_ranges  0x00000020       0x20 ./led.o
 .debug_ranges  0x00000040       0x20 ./main.o
 .debug_ranges  0x00000060       0x18 ./core/ARMCM4_S32K14/GCC/cpu_comp.o
 .debug_ranges  0x00000078       0x60 ./core/ARMCM4_S32K14/can.o
 .debug_ranges  0x000000d8       0x28 ./core/ARMCM4_S32K14/cpu.o
 .debug_ranges  0x00000100       0x80 ./core/ARMCM4_S32K14/flash.o
 .debug_ranges  0x00000180       0x38 ./core/ARMCM4_S32K14/nvm.o
 .debug_ranges  0x000001b8       0x40 ./core/ARMCM4_S32K14/rs232.o
 .debug_ranges  0x000001f8       0x28 ./core/ARMCM4_S32K14/timer.o
 .debug_ranges  0x00000220       0x10 ./core/asserts.o
 .debug_ranges  0x00000230       0x30 ./core/backdoor.o
 .debug_ranges  0x00000260       0x18 ./core/boot.o
 .debug_ranges  0x00000278       0x40 ./core/com.o
 .debug_ranges  0x000002b8       0x18 ./core/cop.o
 .debug_ranges  0x000002d0       0x50 ./core/xcp.o
 .debug_ranges  0x00000320       0x20 ./lib/system_S32K144.o
 .debug_ranges  0x00000340       0x10 ./startup/startup.o

.debug_macro    0x00000000    0x207ac
 .debug_macro   0x00000000      0x136 ./hooks.o
 .debug_macro   0x00000136      0x8d4 ./hooks.o
 .debug_macro   0x00000a0a       0x1c ./hooks.o
 .debug_macro   0x00000a26       0x1c ./hooks.o
 .debug_macro   0x00000a42       0x22 ./hooks.o
 .debug_macro   0x00000a64       0x93 ./hooks.o
 .debug_macro   0x00000af7       0x7b ./hooks.o
 .debug_macro   0x00000b72       0x1c ./hooks.o
 .debug_macro   0x00000b8e      0x1aa ./hooks.o
 .debug_macro   0x00000d38       0x40 ./hooks.o
 .debug_macro   0x00000d78       0x10 ./hooks.o
 .debug_macro   0x00000d88       0x80 ./hooks.o
 .debug_macro   0x00000e08       0x19 ./hooks.o
 .debug_macro   0x00000e21       0x22 ./hooks.o
 .debug_macro   0x00000e43       0x8e ./hooks.o
 .debug_macro   0x00000ed1       0x51 ./hooks.o
 .debug_macro   0x00000f22       0xef ./hooks.o
 .debug_macro   0x00001011       0x6a ./hooks.o
 .debug_macro   0x0000107b      0x1df ./hooks.o
 .debug_macro   0x0000125a     0xed1d ./hooks.o
 .debug_macro   0x0000ff77      0xb86 ./hooks.o
 .debug_macro   0x00010afd       0x22 ./hooks.o
 .debug_macro   0x00010b1f      0x136 ./led.o
 .debug_macro   0x00010c55      0x141 ./main.o
 .debug_macro   0x00010d96       0x28 ./main.o
 .debug_macro   0x00010dbe       0x91 ./core/ARMCM4_S32K14/GCC/cpu_comp.o
 .debug_macro   0x00010e4f      0x156 ./core/ARMCM4_S32K14/can.o
 .debug_macro   0x00010fa5      0x138 ./core/ARMCM4_S32K14/cpu.o
 .debug_macro   0x000110dd      0x168 ./core/ARMCM4_S32K14/flash.o
 .debug_macro   0x00011245       0x9b ./core/ARMCM4_S32K14/nvm.o
 .debug_macro   0x000112e0      0x144 ./core/ARMCM4_S32K14/rs232.o
 .debug_macro   0x00011424      0x12c ./core/ARMCM4_S32K14/timer.o
 .debug_macro   0x00011550       0x91 ./core/asserts.o
 .debug_macro   0x000115e1       0x97 ./core/backdoor.o
 .debug_macro   0x00011678       0x91 ./core/boot.o
 .debug_macro   0x00011709       0xa5 ./core/com.o
 .debug_macro   0x000117ae       0x91 ./core/cop.o
 .debug_macro   0x0001183f       0x91 ./core/xcp.o
 .debug_macro   0x000118d0       0xb5 ./lib/system_S32K144.o
 .debug_macro   0x00011985       0xb5 ./startup/startup.o
 .debug_macro   0x00011a3a     0xed32 ./startup/startup.o
 .debug_macro   0x0002076c       0x40 ./startup/startup.o

.debug_line     0x00000000     0x387b
 .debug_line    0x00000000      0x418 ./hooks.o
 .debug_line    0x00000418      0x41e ./led.o
 .debug_line    0x00000836      0x45a ./main.o
 .debug_line    0x00000c90      0x1a1 ./core/ARMCM4_S32K14/GCC/cpu_comp.o
 .debug_line    0x00000e31      0x4e8 ./core/ARMCM4_S32K14/can.o
 .debug_line    0x00001319      0x42e ./core/ARMCM4_S32K14/cpu.o
 .debug_line    0x00001747      0x5d5 ./core/ARMCM4_S32K14/flash.o
 .debug_line    0x00001d1c      0x1c7 ./core/ARMCM4_S32K14/nvm.o
 .debug_line    0x00001ee3      0x471 ./core/ARMCM4_S32K14/rs232.o
 .debug_line    0x00002354      0x42c ./core/ARMCM4_S32K14/timer.o
 .debug_line    0x00002780      0x161 ./core/asserts.o
 .debug_line    0x000028e1      0x1b1 ./core/backdoor.o
 .debug_line    0x00002a92      0x173 ./core/boot.o
 .debug_line    0x00002c05      0x208 ./core/com.o
 .debug_line    0x00002e0d      0x169 ./core/cop.o
 .debug_line    0x00002f76      0x29a ./core/xcp.o
 .debug_line    0x00003210      0x2e0 ./lib/system_S32K144.o
 .debug_line    0x000034f0      0x310 ./startup/startup.o
 .debug_line    0x00003800       0x7b ./startup/startup_S32K144.o

.debug_str      0x00000000    0x6acff
 .debug_str     0x00000000    0x69367 ./hooks.o
                              0x694ea (size before relaxing)
 .debug_str     0x00069367       0xb2 ./led.o
                              0x69566 (size before relaxing)
 .debug_str     0x00069419      0x28d ./main.o
                              0x69765 (size before relaxing)
 .debug_str     0x000696a6       0x59 ./core/ARMCM4_S32K14/GCC/cpu_comp.o
                               0x34ee (size before relaxing)
 .debug_str     0x000696ff      0x3c4 ./core/ARMCM4_S32K14/can.o
                              0x698d8 (size before relaxing)
 .debug_str     0x00069ac3      0x16f ./core/ARMCM4_S32K14/cpu.o
                              0x69685 (size before relaxing)
 .debug_str     0x00069c32      0x4a4 ./core/ARMCM4_S32K14/flash.o
                              0x6991c (size before relaxing)
 .debug_str     0x0006a0d6       0x60 ./core/ARMCM4_S32K14/nvm.o
                               0x35bf (size before relaxing)
 .debug_str     0x0006a136      0x1af ./core/ARMCM4_S32K14/rs232.o
                              0x6972e (size before relaxing)
 .debug_str     0x0006a2e5       0xd9 ./core/ARMCM4_S32K14/timer.o
                              0x69509 (size before relaxing)
 .debug_str     0x0006a3be       0x3e ./core/asserts.o
                               0x34f7 (size before relaxing)
 .debug_str     0x0006a3fc       0xfb ./core/backdoor.o
                               0x35c1 (size before relaxing)
 .debug_str     0x0006a4f7       0x40 ./core/boot.o
                               0x3533 (size before relaxing)
 .debug_str     0x0006a537      0x13b ./core/com.o
                               0x3696 (size before relaxing)
 .debug_str     0x0006a672       0x27 ./core/cop.o
                               0x34ea (size before relaxing)
 .debug_str     0x0006a699      0x252 ./core/xcp.o
                               0x381d (size before relaxing)
 .debug_str     0x0006a8eb       0x91 ./lib/system_S32K144.o
                              0x688d1 (size before relaxing)
 .debug_str     0x0006a97c      0x35a ./startup/startup.o
                              0x68a57 (size before relaxing)
 .debug_str     0x0006acd6       0x29 ./startup/startup_S32K144.o
                                 0x70 (size before relaxing)

.debug_frame    0x00000000      0x868
 .debug_frame   0x00000000       0x58 ./hooks.o
 .debug_frame   0x00000058       0x48 ./led.o
 .debug_frame   0x000000a0       0x48 ./main.o
 .debug_frame   0x000000e8       0x30 ./core/ARMCM4_S32K14/GCC/cpu_comp.o
 .debug_frame   0x00000118       0xa4 ./core/ARMCM4_S32K14/can.o
 .debug_frame   0x000001bc       0x88 ./core/ARMCM4_S32K14/cpu.o
 .debug_frame   0x00000244      0x154 ./core/ARMCM4_S32K14/flash.o
 .debug_frame   0x00000398       0xa0 ./core/ARMCM4_S32K14/nvm.o
 .debug_frame   0x00000438       0x7c ./core/ARMCM4_S32K14/rs232.o
 .debug_frame   0x000004b4       0x6c ./core/ARMCM4_S32K14/timer.o
 .debug_frame   0x00000520       0x28 ./core/asserts.o
 .debug_frame   0x00000548       0x78 ./core/backdoor.o
 .debug_frame   0x000005c0       0x40 ./core/boot.o
 .debug_frame   0x00000600       0xac ./core/com.o
 .debug_frame   0x000006ac       0x40 ./core/cop.o
 .debug_frame   0x000006ec       0x7c ./core/xcp.o
 .debug_frame   0x00000768       0x40 ./lib/system_S32K144.o
 .debug_frame   0x000007a8       0x2c ./startup/startup.o
 .debug_frame   0x000007d4       0x28 D:/NXP/S32DS.3.4/S32DS/build_tools/gcc_b1620/gcc-6.3-arm32-eabi/arm-none-eabi/newlib/lib/thumb/v7e-m/fpv4-sp/hard\libc_nano.a(lib_a-exit.o)
 .debug_frame   0x000007fc       0x2c D:/NXP/S32DS.3.4/S32DS/build_tools/gcc_b1620/gcc-6.3-arm32-eabi/arm-none-eabi/newlib/lib/thumb/v7e-m/fpv4-sp/hard\libc_nano.a(lib_a-init.o)
 .debug_frame   0x00000828       0x20 D:/NXP/S32DS.3.4/S32DS/build_tools/gcc_b1620/gcc-6.3-arm32-eabi/arm-none-eabi/newlib/lib/thumb/v7e-m/fpv4-sp/hard\libc_nano.a(lib_a-memset.o)
 .debug_frame   0x00000848       0x20 D:/NXP/S32DS.3.4/S32DS/build_tools/gcc_b1620/gcc-6.3-arm32-eabi/arm-none-eabi/newlib/lib/thumb/v7e-m/fpv4-sp/hard\libnosys.a(_exit.o)

.debug_loc      0x00000000     0x1f39
 .debug_loc     0x00000000      0x357 ./core/ARMCM4_S32K14/can.o
 .debug_loc     0x00000357      0x1e1 ./core/ARMCM4_S32K14/cpu.o
 .debug_loc     0x00000538      0xb28 ./core/ARMCM4_S32K14/flash.o
 .debug_loc     0x00001060       0xa5 ./core/ARMCM4_S32K14/nvm.o
 .debug_loc     0x00001105      0x33f ./core/ARMCM4_S32K14/rs232.o
 .debug_loc     0x00001444       0x41 ./core/ARMCM4_S32K14/timer.o
 .debug_loc     0x00001485       0x42 ./core/asserts.o
 .debug_loc     0x000014c7       0xd1 ./core/com.o
 .debug_loc     0x00001598      0x7ca ./core/xcp.o
 .debug_loc     0x00001d62       0xeb ./lib/system_S32K144.o
 .debug_loc     0x00001e4d       0xec ./startup/startup.o
