Archive member included to satisfy reference by file (symbol)

D:/NXP/S32DS.3.4/S32DS/build_tools/gcc_b1620/gcc-6.3-arm32-eabi/arm-none-eabi/newlib/lib/thumb/v7e-m/fpv4-sp/hard\libc_nano.a(lib_a-exit.o)
                              D:/NXP/S32DS.3.4/S32DS/build_tools/gcc_b1620/gcc-6.3-arm32-eabi/arm-none-eabi/newlib/lib/thumb/v7e-m/fpv4-sp/hard/crt0.o (exit)
D:/NXP/S32DS.3.4/S32DS/build_tools/gcc_b1620/gcc-6.3-arm32-eabi/arm-none-eabi/newlib/lib/thumb/v7e-m/fpv4-sp/hard\libc_nano.a(lib_a-impure.o)
                              D:/NXP/S32DS.3.4/S32DS/build_tools/gcc_b1620/gcc-6.3-arm32-eabi/arm-none-eabi/newlib/lib/thumb/v7e-m/fpv4-sp/hard\libc_nano.a(lib_a-exit.o) (_global_impure_ptr)
D:/NXP/S32DS.3.4/S32DS/build_tools/gcc_b1620/gcc-6.3-arm32-eabi/arm-none-eabi/newlib/lib/thumb/v7e-m/fpv4-sp/hard\libc_nano.a(lib_a-init.o)
                              D:/NXP/S32DS.3.4/S32DS/build_tools/gcc_b1620/gcc-6.3-arm32-eabi/arm-none-eabi/newlib/lib/thumb/v7e-m/fpv4-sp/hard/crt0.o (__libc_init_array)
D:/NXP/S32DS.3.4/S32DS/build_tools/gcc_b1620/gcc-6.3-arm32-eabi/arm-none-eabi/newlib/lib/thumb/v7e-m/fpv4-sp/hard\libc_nano.a(lib_a-memset.o)
                              D:/NXP/S32DS.3.4/S32DS/build_tools/gcc_b1620/gcc-6.3-arm32-eabi/arm-none-eabi/newlib/lib/thumb/v7e-m/fpv4-sp/hard/crt0.o (memset)
D:/NXP/S32DS.3.4/S32DS/build_tools/gcc_b1620/gcc-6.3-arm32-eabi/arm-none-eabi/newlib/lib/thumb/v7e-m/fpv4-sp/hard\libnosys.a(_exit.o)
                              D:/NXP/S32DS.3.4/S32DS/build_tools/gcc_b1620/gcc-6.3-arm32-eabi/arm-none-eabi/newlib/lib/thumb/v7e-m/fpv4-sp/hard\libc_nano.a(lib_a-exit.o) (_exit)

Discarded input sections

 .text          0x00000000        0x0 d:/nxp/s32ds.3.4/s32ds/build_tools/gcc_b1620/gcc-6.3-arm32-eabi/bin/../lib/gcc/arm-none-eabi/6.3.1/thumb/v7e-m/fpv4-sp/hard/crti.o
 .data          0x00000000        0x0 d:/nxp/s32ds.3.4/s32ds/build_tools/gcc_b1620/gcc-6.3-arm32-eabi/bin/../lib/gcc/arm-none-eabi/6.3.1/thumb/v7e-m/fpv4-sp/hard/crti.o
 .bss           0x00000000        0x0 d:/nxp/s32ds.3.4/s32ds/build_tools/gcc_b1620/gcc-6.3-arm32-eabi/bin/../lib/gcc/arm-none-eabi/6.3.1/thumb/v7e-m/fpv4-sp/hard/crti.o
 .data          0x00000000        0x4 d:/nxp/s32ds.3.4/s32ds/build_tools/gcc_b1620/gcc-6.3-arm32-eabi/bin/../lib/gcc/arm-none-eabi/6.3.1/thumb/v7e-m/fpv4-sp/hard/crtbegin.o
 .data          0x00000000        0x0 D:/NXP/S32DS.3.4/S32DS/build_tools/gcc_b1620/gcc-6.3-arm32-eabi/arm-none-eabi/newlib/lib/thumb/v7e-m/fpv4-sp/hard/crt0.o
 .bss           0x00000000        0x0 D:/NXP/S32DS.3.4/S32DS/build_tools/gcc_b1620/gcc-6.3-arm32-eabi/arm-none-eabi/newlib/lib/thumb/v7e-m/fpv4-sp/hard/crt0.o
 .ARM.extab     0x00000000        0x0 D:/NXP/S32DS.3.4/S32DS/build_tools/gcc_b1620/gcc-6.3-arm32-eabi/arm-none-eabi/newlib/lib/thumb/v7e-m/fpv4-sp/hard/crt0.o
 .group         0x00000000        0xc ./hooks.o
 .group         0x00000000        0xc ./hooks.o
 .group         0x00000000        0xc ./hooks.o
 .group         0x00000000        0xc ./hooks.o
 .group         0x00000000        0xc ./hooks.o
 .group         0x00000000        0xc ./hooks.o
 .group         0x00000000        0xc ./hooks.o
 .group         0x00000000        0xc ./hooks.o
 .group         0x00000000        0xc ./hooks.o
 .group         0x00000000        0xc ./hooks.o
 .group         0x00000000        0xc ./hooks.o
 .group         0x00000000        0xc ./hooks.o
 .group         0x00000000        0xc ./hooks.o
 .group         0x00000000        0xc ./hooks.o
 .group         0x00000000        0xc ./hooks.o
 .group         0x00000000        0xc ./hooks.o
 .group         0x00000000        0xc ./hooks.o
 .group         0x00000000        0xc ./hooks.o
 .group         0x00000000        0xc ./hooks.o
 .group         0x00000000        0xc ./hooks.o
 .group         0x00000000        0xc ./hooks.o
 .text          0x00000000        0x0 ./hooks.o
 .data          0x00000000        0x0 ./hooks.o
 .bss           0x00000000        0x0 ./hooks.o
 .group         0x00000000        0xc ./led.o
 .group         0x00000000        0xc ./led.o
 .group         0x00000000        0xc ./led.o
 .group         0x00000000        0xc ./led.o
 .group         0x00000000        0xc ./led.o
 .group         0x00000000        0xc ./led.o
 .group         0x00000000        0xc ./led.o
 .group         0x00000000        0xc ./led.o
 .group         0x00000000        0xc ./led.o
 .group         0x00000000        0xc ./led.o
 .group         0x00000000        0xc ./led.o
 .group         0x00000000        0xc ./led.o
 .group         0x00000000        0xc ./led.o
 .group         0x00000000        0xc ./led.o
 .group         0x00000000        0xc ./led.o
 .group         0x00000000        0xc ./led.o
 .group         0x00000000        0xc ./led.o
 .group         0x00000000        0xc ./led.o
 .group         0x00000000        0xc ./led.o
 .group         0x00000000        0xc ./led.o
 .group         0x00000000        0xc ./led.o
 .text          0x00000000        0x0 ./led.o
 .data          0x00000000        0x0 ./led.o
 .bss           0x00000000        0x0 ./led.o
 .debug_macro   0x00000000      0x8da ./led.o
 .debug_macro   0x00000000       0x1c ./led.o
 .debug_macro   0x00000000       0x1c ./led.o
 .debug_macro   0x00000000       0x22 ./led.o
 .debug_macro   0x00000000       0x93 ./led.o
 .debug_macro   0x00000000       0x7b ./led.o
 .debug_macro   0x00000000       0x1c ./led.o
 .debug_macro   0x00000000      0x1aa ./led.o
 .debug_macro   0x00000000       0x40 ./led.o
 .debug_macro   0x00000000       0x10 ./led.o
 .debug_macro   0x00000000       0x80 ./led.o
 .debug_macro   0x00000000       0x19 ./led.o
 .debug_macro   0x00000000       0x22 ./led.o
 .debug_macro   0x00000000       0x8e ./led.o
 .debug_macro   0x00000000       0x51 ./led.o
 .debug_macro   0x00000000       0xef ./led.o
 .debug_macro   0x00000000       0x6a ./led.o
 .debug_macro   0x00000000      0x1df ./led.o
 .debug_macro   0x00000000     0xed1d ./led.o
 .debug_macro   0x00000000      0xb86 ./led.o
 .debug_macro   0x00000000       0x22 ./led.o
 .group         0x00000000        0xc ./main.o
 .group         0x00000000        0xc ./main.o
 .group         0x00000000        0xc ./main.o
 .group         0x00000000        0xc ./main.o
 .group         0x00000000        0xc ./main.o
 .group         0x00000000        0xc ./main.o
 .group         0x00000000        0xc ./main.o
 .group         0x00000000        0xc ./main.o
 .group         0x00000000        0xc ./main.o
 .group         0x00000000        0xc ./main.o
 .group         0x00000000        0xc ./main.o
 .group         0x00000000        0xc ./main.o
 .group         0x00000000        0xc ./main.o
 .group         0x00000000        0xc ./main.o
 .group         0x00000000        0xc ./main.o
 .group         0x00000000        0xc ./main.o
 .group         0x00000000        0xc ./main.o
 .group         0x00000000        0xc ./main.o
 .group         0x00000000        0xc ./main.o
 .group         0x00000000        0xc ./main.o
 .group         0x00000000        0xc ./main.o
 .group         0x00000000        0xc ./main.o
 .text          0x00000000        0x0 ./main.o
 .data          0x00000000        0x0 ./main.o
 .bss           0x00000000        0x0 ./main.o
 .bss.test      0x00000000        0x4 ./main.o
 .debug_macro   0x00000000      0x8da ./main.o
 .debug_macro   0x00000000       0x1c ./main.o
 .debug_macro   0x00000000       0x1c ./main.o
 .debug_macro   0x00000000       0x22 ./main.o
 .debug_macro   0x00000000       0x93 ./main.o
 .debug_macro   0x00000000       0x7b ./main.o
 .debug_macro   0x00000000       0x1c ./main.o
 .debug_macro   0x00000000      0x1aa ./main.o
 .debug_macro   0x00000000       0x40 ./main.o
 .debug_macro   0x00000000       0x10 ./main.o
 .debug_macro   0x00000000       0x80 ./main.o
 .debug_macro   0x00000000       0x19 ./main.o
 .debug_macro   0x00000000       0x22 ./main.o
 .debug_macro   0x00000000       0x8e ./main.o
 .debug_macro   0x00000000       0x51 ./main.o
 .debug_macro   0x00000000       0xef ./main.o
 .debug_macro   0x00000000       0x6a ./main.o
 .debug_macro   0x00000000      0x1df ./main.o
 .debug_macro   0x00000000     0xed1d ./main.o
 .debug_macro   0x00000000      0xb86 ./main.o
 .debug_macro   0x00000000       0x22 ./main.o
 .group         0x00000000        0xc ./core/ARMCM4_S32K14/GCC/cpu_comp.o
 .group         0x00000000        0xc ./core/ARMCM4_S32K14/GCC/cpu_comp.o
 .group         0x00000000        0xc ./core/ARMCM4_S32K14/GCC/cpu_comp.o
 .group         0x00000000        0xc ./core/ARMCM4_S32K14/GCC/cpu_comp.o
 .group         0x00000000        0xc ./core/ARMCM4_S32K14/GCC/cpu_comp.o
 .group         0x00000000        0xc ./core/ARMCM4_S32K14/GCC/cpu_comp.o
 .group         0x00000000        0xc ./core/ARMCM4_S32K14/GCC/cpu_comp.o
 .group         0x00000000        0xc ./core/ARMCM4_S32K14/GCC/cpu_comp.o
 .group         0x00000000        0xc ./core/ARMCM4_S32K14/GCC/cpu_comp.o
 .text          0x00000000        0x0 ./core/ARMCM4_S32K14/GCC/cpu_comp.o
 .data          0x00000000        0x0 ./core/ARMCM4_S32K14/GCC/cpu_comp.o
 .bss           0x00000000        0x0 ./core/ARMCM4_S32K14/GCC/cpu_comp.o
 .debug_macro   0x00000000      0x8da ./core/ARMCM4_S32K14/GCC/cpu_comp.o
 .debug_macro   0x00000000       0x1c ./core/ARMCM4_S32K14/GCC/cpu_comp.o
 .debug_macro   0x00000000       0x1c ./core/ARMCM4_S32K14/GCC/cpu_comp.o
 .debug_macro   0x00000000       0x22 ./core/ARMCM4_S32K14/GCC/cpu_comp.o
 .debug_macro   0x00000000       0x93 ./core/ARMCM4_S32K14/GCC/cpu_comp.o
 .debug_macro   0x00000000       0x7b ./core/ARMCM4_S32K14/GCC/cpu_comp.o
 .debug_macro   0x00000000       0x1c ./core/ARMCM4_S32K14/GCC/cpu_comp.o
 .debug_macro   0x00000000      0x1aa ./core/ARMCM4_S32K14/GCC/cpu_comp.o
 .debug_macro   0x00000000       0x40 ./core/ARMCM4_S32K14/GCC/cpu_comp.o
 .group         0x00000000        0xc ./core/ARMCM4_S32K14/can.o
 .group         0x00000000        0xc ./core/ARMCM4_S32K14/can.o
 .group         0x00000000        0xc ./core/ARMCM4_S32K14/can.o
 .group         0x00000000        0xc ./core/ARMCM4_S32K14/can.o
 .group         0x00000000        0xc ./core/ARMCM4_S32K14/can.o
 .group         0x00000000        0xc ./core/ARMCM4_S32K14/can.o
 .group         0x00000000        0xc ./core/ARMCM4_S32K14/can.o
 .group         0x00000000        0xc ./core/ARMCM4_S32K14/can.o
 .group         0x00000000        0xc ./core/ARMCM4_S32K14/can.o
 .group         0x00000000        0xc ./core/ARMCM4_S32K14/can.o
 .group         0x00000000        0xc ./core/ARMCM4_S32K14/can.o
 .group         0x00000000        0xc ./core/ARMCM4_S32K14/can.o
 .group         0x00000000        0xc ./core/ARMCM4_S32K14/can.o
 .group         0x00000000        0xc ./core/ARMCM4_S32K14/can.o
 .group         0x00000000        0xc ./core/ARMCM4_S32K14/can.o
 .group         0x00000000        0xc ./core/ARMCM4_S32K14/can.o
 .group         0x00000000        0xc ./core/ARMCM4_S32K14/can.o
 .group         0x00000000        0xc ./core/ARMCM4_S32K14/can.o
 .group         0x00000000        0xc ./core/ARMCM4_S32K14/can.o
 .group         0x00000000        0xc ./core/ARMCM4_S32K14/can.o
 .group         0x00000000        0xc ./core/ARMCM4_S32K14/can.o
 .text          0x00000000        0x0 ./core/ARMCM4_S32K14/can.o
 .data          0x00000000        0x0 ./core/ARMCM4_S32K14/can.o
 .bss           0x00000000        0x0 ./core/ARMCM4_S32K14/can.o
 .debug_macro   0x00000000      0x8da ./core/ARMCM4_S32K14/can.o
 .debug_macro   0x00000000       0x1c ./core/ARMCM4_S32K14/can.o
 .debug_macro   0x00000000       0x1c ./core/ARMCM4_S32K14/can.o
 .debug_macro   0x00000000       0x22 ./core/ARMCM4_S32K14/can.o
 .debug_macro   0x00000000       0x93 ./core/ARMCM4_S32K14/can.o
 .debug_macro   0x00000000       0x7b ./core/ARMCM4_S32K14/can.o
 .debug_macro   0x00000000       0x1c ./core/ARMCM4_S32K14/can.o
 .debug_macro   0x00000000      0x1aa ./core/ARMCM4_S32K14/can.o
 .debug_macro   0x00000000       0x40 ./core/ARMCM4_S32K14/can.o
 .debug_macro   0x00000000       0x10 ./core/ARMCM4_S32K14/can.o
 .debug_macro   0x00000000       0x80 ./core/ARMCM4_S32K14/can.o
 .debug_macro   0x00000000       0x19 ./core/ARMCM4_S32K14/can.o
 .debug_macro   0x00000000       0x22 ./core/ARMCM4_S32K14/can.o
 .debug_macro   0x00000000       0x8e ./core/ARMCM4_S32K14/can.o
 .debug_macro   0x00000000       0x51 ./core/ARMCM4_S32K14/can.o
 .debug_macro   0x00000000       0xef ./core/ARMCM4_S32K14/can.o
 .debug_macro   0x00000000       0x6a ./core/ARMCM4_S32K14/can.o
 .debug_macro   0x00000000      0x1df ./core/ARMCM4_S32K14/can.o
 .debug_macro   0x00000000     0xed1d ./core/ARMCM4_S32K14/can.o
 .debug_macro   0x00000000      0xb86 ./core/ARMCM4_S32K14/can.o
 .debug_macro   0x00000000       0x22 ./core/ARMCM4_S32K14/can.o
 .group         0x00000000        0xc ./core/ARMCM4_S32K14/cpu.o
 .group         0x00000000        0xc ./core/ARMCM4_S32K14/cpu.o
 .group         0x00000000        0xc ./core/ARMCM4_S32K14/cpu.o
 .group         0x00000000        0xc ./core/ARMCM4_S32K14/cpu.o
 .group         0x00000000        0xc ./core/ARMCM4_S32K14/cpu.o
 .group         0x00000000        0xc ./core/ARMCM4_S32K14/cpu.o
 .group         0x00000000        0xc ./core/ARMCM4_S32K14/cpu.o
 .group         0x00000000        0xc ./core/ARMCM4_S32K14/cpu.o
 .group         0x00000000        0xc ./core/ARMCM4_S32K14/cpu.o
 .group         0x00000000        0xc ./core/ARMCM4_S32K14/cpu.o
 .group         0x00000000        0xc ./core/ARMCM4_S32K14/cpu.o
 .group         0x00000000        0xc ./core/ARMCM4_S32K14/cpu.o
 .group         0x00000000        0xc ./core/ARMCM4_S32K14/cpu.o
 .group         0x00000000        0xc ./core/ARMCM4_S32K14/cpu.o
 .group         0x00000000        0xc ./core/ARMCM4_S32K14/cpu.o
 .group         0x00000000        0xc ./core/ARMCM4_S32K14/cpu.o
 .group         0x00000000        0xc ./core/ARMCM4_S32K14/cpu.o
 .group         0x00000000        0xc ./core/ARMCM4_S32K14/cpu.o
 .group         0x00000000        0xc ./core/ARMCM4_S32K14/cpu.o
 .group         0x00000000        0xc ./core/ARMCM4_S32K14/cpu.o
 .group         0x00000000        0xc ./core/ARMCM4_S32K14/cpu.o
 .text          0x00000000        0x0 ./core/ARMCM4_S32K14/cpu.o
 .data          0x00000000        0x0 ./core/ARMCM4_S32K14/cpu.o
 .bss           0x00000000        0x0 ./core/ARMCM4_S32K14/cpu.o
 .text.CpuMemSet
                0x00000000       0x18 ./core/ARMCM4_S32K14/cpu.o
 .debug_macro   0x00000000      0x8da ./core/ARMCM4_S32K14/cpu.o
 .debug_macro   0x00000000       0x1c ./core/ARMCM4_S32K14/cpu.o
 .debug_macro   0x00000000       0x1c ./core/ARMCM4_S32K14/cpu.o
 .debug_macro   0x00000000       0x22 ./core/ARMCM4_S32K14/cpu.o
 .debug_macro   0x00000000       0x93 ./core/ARMCM4_S32K14/cpu.o
 .debug_macro   0x00000000       0x7b ./core/ARMCM4_S32K14/cpu.o
 .debug_macro   0x00000000       0x1c ./core/ARMCM4_S32K14/cpu.o
 .debug_macro   0x00000000      0x1aa ./core/ARMCM4_S32K14/cpu.o
 .debug_macro   0x00000000       0x40 ./core/ARMCM4_S32K14/cpu.o
 .debug_macro   0x00000000       0x10 ./core/ARMCM4_S32K14/cpu.o
 .debug_macro   0x00000000       0x80 ./core/ARMCM4_S32K14/cpu.o
 .debug_macro   0x00000000       0x19 ./core/ARMCM4_S32K14/cpu.o
 .debug_macro   0x00000000       0x22 ./core/ARMCM4_S32K14/cpu.o
 .debug_macro   0x00000000       0x8e ./core/ARMCM4_S32K14/cpu.o
 .debug_macro   0x00000000       0x51 ./core/ARMCM4_S32K14/cpu.o
 .debug_macro   0x00000000       0xef ./core/ARMCM4_S32K14/cpu.o
 .debug_macro   0x00000000       0x6a ./core/ARMCM4_S32K14/cpu.o
 .debug_macro   0x00000000      0x1df ./core/ARMCM4_S32K14/cpu.o
 .debug_macro   0x00000000     0xed1d ./core/ARMCM4_S32K14/cpu.o
 .debug_macro   0x00000000      0xb86 ./core/ARMCM4_S32K14/cpu.o
 .debug_macro   0x00000000       0x22 ./core/ARMCM4_S32K14/cpu.o
 .group         0x00000000        0xc ./core/ARMCM4_S32K14/flash.o
 .group         0x00000000        0xc ./core/ARMCM4_S32K14/flash.o
 .group         0x00000000        0xc ./core/ARMCM4_S32K14/flash.o
 .group         0x00000000        0xc ./core/ARMCM4_S32K14/flash.o
 .group         0x00000000        0xc ./core/ARMCM4_S32K14/flash.o
 .group         0x00000000        0xc ./core/ARMCM4_S32K14/flash.o
 .group         0x00000000        0xc ./core/ARMCM4_S32K14/flash.o
 .group         0x00000000        0xc ./core/ARMCM4_S32K14/flash.o
 .group         0x00000000        0xc ./core/ARMCM4_S32K14/flash.o
 .group         0x00000000        0xc ./core/ARMCM4_S32K14/flash.o
 .group         0x00000000        0xc ./core/ARMCM4_S32K14/flash.o
 .group         0x00000000        0xc ./core/ARMCM4_S32K14/flash.o
 .group         0x00000000        0xc ./core/ARMCM4_S32K14/flash.o
 .group         0x00000000        0xc ./core/ARMCM4_S32K14/flash.o
 .group         0x00000000        0xc ./core/ARMCM4_S32K14/flash.o
 .group         0x00000000        0xc ./core/ARMCM4_S32K14/flash.o
 .group         0x00000000        0xc ./core/ARMCM4_S32K14/flash.o
 .group         0x00000000        0xc ./core/ARMCM4_S32K14/flash.o
 .group         0x00000000        0xc ./core/ARMCM4_S32K14/flash.o
 .group         0x00000000        0xc ./core/ARMCM4_S32K14/flash.o
 .group         0x00000000        0xc ./core/ARMCM4_S32K14/flash.o
 .text          0x00000000        0x0 ./core/ARMCM4_S32K14/flash.o
 .data          0x00000000        0x0 ./core/ARMCM4_S32K14/flash.o
 .bss           0x00000000        0x0 ./core/ARMCM4_S32K14/flash.o
 .debug_macro   0x00000000      0x8da ./core/ARMCM4_S32K14/flash.o
 .debug_macro   0x00000000       0x1c ./core/ARMCM4_S32K14/flash.o
 .debug_macro   0x00000000       0x1c ./core/ARMCM4_S32K14/flash.o
 .debug_macro   0x00000000       0x22 ./core/ARMCM4_S32K14/flash.o
 .debug_macro   0x00000000       0x93 ./core/ARMCM4_S32K14/flash.o
 .debug_macro   0x00000000       0x7b ./core/ARMCM4_S32K14/flash.o
 .debug_macro   0x00000000       0x1c ./core/ARMCM4_S32K14/flash.o
 .debug_macro   0x00000000      0x1aa ./core/ARMCM4_S32K14/flash.o
 .debug_macro   0x00000000       0x40 ./core/ARMCM4_S32K14/flash.o
 .debug_macro   0x00000000       0x10 ./core/ARMCM4_S32K14/flash.o
 .debug_macro   0x00000000       0x80 ./core/ARMCM4_S32K14/flash.o
 .debug_macro   0x00000000       0x19 ./core/ARMCM4_S32K14/flash.o
 .debug_macro   0x00000000       0x22 ./core/ARMCM4_S32K14/flash.o
 .debug_macro   0x00000000       0x8e ./core/ARMCM4_S32K14/flash.o
 .debug_macro   0x00000000       0x51 ./core/ARMCM4_S32K14/flash.o
 .debug_macro   0x00000000       0xef ./core/ARMCM4_S32K14/flash.o
 .debug_macro   0x00000000       0x6a ./core/ARMCM4_S32K14/flash.o
 .debug_macro   0x00000000      0x1df ./core/ARMCM4_S32K14/flash.o
 .debug_macro   0x00000000     0xed1d ./core/ARMCM4_S32K14/flash.o
 .debug_macro   0x00000000      0xb86 ./core/ARMCM4_S32K14/flash.o
 .debug_macro   0x00000000       0x22 ./core/ARMCM4_S32K14/flash.o
 .group         0x00000000        0xc ./core/ARMCM4_S32K14/mbrtu.o
 .group         0x00000000        0xc ./core/ARMCM4_S32K14/mbrtu.o
 .group         0x00000000        0xc ./core/ARMCM4_S32K14/mbrtu.o
 .group         0x00000000        0xc ./core/ARMCM4_S32K14/mbrtu.o
 .group         0x00000000        0xc ./core/ARMCM4_S32K14/mbrtu.o
 .group         0x00000000        0xc ./core/ARMCM4_S32K14/mbrtu.o
 .group         0x00000000        0xc ./core/ARMCM4_S32K14/mbrtu.o
 .group         0x00000000        0xc ./core/ARMCM4_S32K14/mbrtu.o
 .group         0x00000000        0xc ./core/ARMCM4_S32K14/mbrtu.o
 .text          0x00000000        0x0 ./core/ARMCM4_S32K14/mbrtu.o
 .data          0x00000000        0x0 ./core/ARMCM4_S32K14/mbrtu.o
 .bss           0x00000000        0x0 ./core/ARMCM4_S32K14/mbrtu.o
 .debug_info    0x00000000       0x56 ./core/ARMCM4_S32K14/mbrtu.o
 .debug_abbrev  0x00000000       0x27 ./core/ARMCM4_S32K14/mbrtu.o
 .debug_aranges
                0x00000000       0x18 ./core/ARMCM4_S32K14/mbrtu.o
 .debug_macro   0x00000000       0x91 ./core/ARMCM4_S32K14/mbrtu.o
 .debug_macro   0x00000000      0x8da ./core/ARMCM4_S32K14/mbrtu.o
 .debug_macro   0x00000000       0x1c ./core/ARMCM4_S32K14/mbrtu.o
 .debug_macro   0x00000000       0x1c ./core/ARMCM4_S32K14/mbrtu.o
 .debug_macro   0x00000000       0x22 ./core/ARMCM4_S32K14/mbrtu.o
 .debug_macro   0x00000000       0x93 ./core/ARMCM4_S32K14/mbrtu.o
 .debug_macro   0x00000000       0x7b ./core/ARMCM4_S32K14/mbrtu.o
 .debug_macro   0x00000000       0x1c ./core/ARMCM4_S32K14/mbrtu.o
 .debug_macro   0x00000000      0x1aa ./core/ARMCM4_S32K14/mbrtu.o
 .debug_macro   0x00000000       0x40 ./core/ARMCM4_S32K14/mbrtu.o
 .debug_line    0x00000000      0x22b ./core/ARMCM4_S32K14/mbrtu.o
 .debug_str     0x00000000     0x3537 ./core/ARMCM4_S32K14/mbrtu.o
 .comment       0x00000000       0x7f ./core/ARMCM4_S32K14/mbrtu.o
 .ARM.attributes
                0x00000000       0x39 ./core/ARMCM4_S32K14/mbrtu.o
 .group         0x00000000        0xc ./core/ARMCM4_S32K14/nvm.o
 .group         0x00000000        0xc ./core/ARMCM4_S32K14/nvm.o
 .group         0x00000000        0xc ./core/ARMCM4_S32K14/nvm.o
 .group         0x00000000        0xc ./core/ARMCM4_S32K14/nvm.o
 .group         0x00000000        0xc ./core/ARMCM4_S32K14/nvm.o
 .group         0x00000000        0xc ./core/ARMCM4_S32K14/nvm.o
 .group         0x00000000        0xc ./core/ARMCM4_S32K14/nvm.o
 .group         0x00000000        0xc ./core/ARMCM4_S32K14/nvm.o
 .group         0x00000000        0xc ./core/ARMCM4_S32K14/nvm.o
 .text          0x00000000        0x0 ./core/ARMCM4_S32K14/nvm.o
 .data          0x00000000        0x0 ./core/ARMCM4_S32K14/nvm.o
 .bss           0x00000000        0x0 ./core/ARMCM4_S32K14/nvm.o
 .debug_macro   0x00000000      0x8da ./core/ARMCM4_S32K14/nvm.o
 .debug_macro   0x00000000       0x1c ./core/ARMCM4_S32K14/nvm.o
 .debug_macro   0x00000000       0x1c ./core/ARMCM4_S32K14/nvm.o
 .debug_macro   0x00000000       0x22 ./core/ARMCM4_S32K14/nvm.o
 .debug_macro   0x00000000       0x93 ./core/ARMCM4_S32K14/nvm.o
 .debug_macro   0x00000000       0x7b ./core/ARMCM4_S32K14/nvm.o
 .debug_macro   0x00000000       0x1c ./core/ARMCM4_S32K14/nvm.o
 .debug_macro   0x00000000      0x1aa ./core/ARMCM4_S32K14/nvm.o
 .debug_macro   0x00000000       0x40 ./core/ARMCM4_S32K14/nvm.o
 .group         0x00000000        0xc ./core/ARMCM4_S32K14/rs232.o
 .group         0x00000000        0xc ./core/ARMCM4_S32K14/rs232.o
 .group         0x00000000        0xc ./core/ARMCM4_S32K14/rs232.o
 .group         0x00000000        0xc ./core/ARMCM4_S32K14/rs232.o
 .group         0x00000000        0xc ./core/ARMCM4_S32K14/rs232.o
 .group         0x00000000        0xc ./core/ARMCM4_S32K14/rs232.o
 .group         0x00000000        0xc ./core/ARMCM4_S32K14/rs232.o
 .group         0x00000000        0xc ./core/ARMCM4_S32K14/rs232.o
 .group         0x00000000        0xc ./core/ARMCM4_S32K14/rs232.o
 .text          0x00000000        0x0 ./core/ARMCM4_S32K14/rs232.o
 .data          0x00000000        0x0 ./core/ARMCM4_S32K14/rs232.o
 .bss           0x00000000        0x0 ./core/ARMCM4_S32K14/rs232.o
 .debug_info    0x00000000       0x56 ./core/ARMCM4_S32K14/rs232.o
 .debug_abbrev  0x00000000       0x27 ./core/ARMCM4_S32K14/rs232.o
 .debug_aranges
                0x00000000       0x18 ./core/ARMCM4_S32K14/rs232.o
 .debug_macro   0x00000000       0x91 ./core/ARMCM4_S32K14/rs232.o
 .debug_macro   0x00000000      0x8da ./core/ARMCM4_S32K14/rs232.o
 .debug_macro   0x00000000       0x1c ./core/ARMCM4_S32K14/rs232.o
 .debug_macro   0x00000000       0x1c ./core/ARMCM4_S32K14/rs232.o
 .debug_macro   0x00000000       0x22 ./core/ARMCM4_S32K14/rs232.o
 .debug_macro   0x00000000       0x93 ./core/ARMCM4_S32K14/rs232.o
 .debug_macro   0x00000000       0x7b ./core/ARMCM4_S32K14/rs232.o
 .debug_macro   0x00000000       0x1c ./core/ARMCM4_S32K14/rs232.o
 .debug_macro   0x00000000      0x1aa ./core/ARMCM4_S32K14/rs232.o
 .debug_macro   0x00000000       0x40 ./core/ARMCM4_S32K14/rs232.o
 .debug_line    0x00000000      0x22b ./core/ARMCM4_S32K14/rs232.o
 .debug_str     0x00000000     0x3537 ./core/ARMCM4_S32K14/rs232.o
 .comment       0x00000000       0x7f ./core/ARMCM4_S32K14/rs232.o
 .ARM.attributes
                0x00000000       0x39 ./core/ARMCM4_S32K14/rs232.o
 .group         0x00000000        0xc ./core/ARMCM4_S32K14/timer.o
 .group         0x00000000        0xc ./core/ARMCM4_S32K14/timer.o
 .group         0x00000000        0xc ./core/ARMCM4_S32K14/timer.o
 .group         0x00000000        0xc ./core/ARMCM4_S32K14/timer.o
 .group         0x00000000        0xc ./core/ARMCM4_S32K14/timer.o
 .group         0x00000000        0xc ./core/ARMCM4_S32K14/timer.o
 .group         0x00000000        0xc ./core/ARMCM4_S32K14/timer.o
 .group         0x00000000        0xc ./core/ARMCM4_S32K14/timer.o
 .group         0x00000000        0xc ./core/ARMCM4_S32K14/timer.o
 .group         0x00000000        0xc ./core/ARMCM4_S32K14/timer.o
 .group         0x00000000        0xc ./core/ARMCM4_S32K14/timer.o
 .group         0x00000000        0xc ./core/ARMCM4_S32K14/timer.o
 .group         0x00000000        0xc ./core/ARMCM4_S32K14/timer.o
 .group         0x00000000        0xc ./core/ARMCM4_S32K14/timer.o
 .group         0x00000000        0xc ./core/ARMCM4_S32K14/timer.o
 .group         0x00000000        0xc ./core/ARMCM4_S32K14/timer.o
 .group         0x00000000        0xc ./core/ARMCM4_S32K14/timer.o
 .group         0x00000000        0xc ./core/ARMCM4_S32K14/timer.o
 .group         0x00000000        0xc ./core/ARMCM4_S32K14/timer.o
 .group         0x00000000        0xc ./core/ARMCM4_S32K14/timer.o
 .group         0x00000000        0xc ./core/ARMCM4_S32K14/timer.o
 .text          0x00000000        0x0 ./core/ARMCM4_S32K14/timer.o
 .data          0x00000000        0x0 ./core/ARMCM4_S32K14/timer.o
 .bss           0x00000000        0x0 ./core/ARMCM4_S32K14/timer.o
 .debug_macro   0x00000000      0x8da ./core/ARMCM4_S32K14/timer.o
 .debug_macro   0x00000000       0x1c ./core/ARMCM4_S32K14/timer.o
 .debug_macro   0x00000000       0x1c ./core/ARMCM4_S32K14/timer.o
 .debug_macro   0x00000000       0x22 ./core/ARMCM4_S32K14/timer.o
 .debug_macro   0x00000000       0x93 ./core/ARMCM4_S32K14/timer.o
 .debug_macro   0x00000000       0x7b ./core/ARMCM4_S32K14/timer.o
 .debug_macro   0x00000000       0x1c ./core/ARMCM4_S32K14/timer.o
 .debug_macro   0x00000000      0x1aa ./core/ARMCM4_S32K14/timer.o
 .debug_macro   0x00000000       0x40 ./core/ARMCM4_S32K14/timer.o
 .debug_macro   0x00000000       0x10 ./core/ARMCM4_S32K14/timer.o
 .debug_macro   0x00000000       0x80 ./core/ARMCM4_S32K14/timer.o
 .debug_macro   0x00000000       0x19 ./core/ARMCM4_S32K14/timer.o
 .debug_macro   0x00000000       0x22 ./core/ARMCM4_S32K14/timer.o
 .debug_macro   0x00000000       0x8e ./core/ARMCM4_S32K14/timer.o
 .debug_macro   0x00000000       0x51 ./core/ARMCM4_S32K14/timer.o
 .debug_macro   0x00000000       0xef ./core/ARMCM4_S32K14/timer.o
 .debug_macro   0x00000000       0x6a ./core/ARMCM4_S32K14/timer.o
 .debug_macro   0x00000000      0x1df ./core/ARMCM4_S32K14/timer.o
 .debug_macro   0x00000000     0xed1d ./core/ARMCM4_S32K14/timer.o
 .debug_macro   0x00000000      0xb86 ./core/ARMCM4_S32K14/timer.o
 .debug_macro   0x00000000       0x22 ./core/ARMCM4_S32K14/timer.o
 .group         0x00000000        0xc ./core/asserts.o
 .group         0x00000000        0xc ./core/asserts.o
 .group         0x00000000        0xc ./core/asserts.o
 .group         0x00000000        0xc ./core/asserts.o
 .group         0x00000000        0xc ./core/asserts.o
 .group         0x00000000        0xc ./core/asserts.o
 .group         0x00000000        0xc ./core/asserts.o
 .group         0x00000000        0xc ./core/asserts.o
 .group         0x00000000        0xc ./core/asserts.o
 .text          0x00000000        0x0 ./core/asserts.o
 .data          0x00000000        0x0 ./core/asserts.o
 .bss           0x00000000        0x0 ./core/asserts.o
 .debug_macro   0x00000000      0x8da ./core/asserts.o
 .debug_macro   0x00000000       0x1c ./core/asserts.o
 .debug_macro   0x00000000       0x1c ./core/asserts.o
 .debug_macro   0x00000000       0x22 ./core/asserts.o
 .debug_macro   0x00000000       0x93 ./core/asserts.o
 .debug_macro   0x00000000       0x7b ./core/asserts.o
 .debug_macro   0x00000000       0x1c ./core/asserts.o
 .debug_macro   0x00000000      0x1aa ./core/asserts.o
 .debug_macro   0x00000000       0x40 ./core/asserts.o
 .group         0x00000000        0xc ./core/backdoor.o
 .group         0x00000000        0xc ./core/backdoor.o
 .group         0x00000000        0xc ./core/backdoor.o
 .group         0x00000000        0xc ./core/backdoor.o
 .group         0x00000000        0xc ./core/backdoor.o
 .group         0x00000000        0xc ./core/backdoor.o
 .group         0x00000000        0xc ./core/backdoor.o
 .group         0x00000000        0xc ./core/backdoor.o
 .group         0x00000000        0xc ./core/backdoor.o
 .text          0x00000000        0x0 ./core/backdoor.o
 .data          0x00000000        0x0 ./core/backdoor.o
 .bss           0x00000000        0x0 ./core/backdoor.o
 .text.BackDoorSetExtension
                0x00000000        0xc ./core/backdoor.o
 .text.BackDoorGetExtension
                0x00000000        0xc ./core/backdoor.o
 .debug_macro   0x00000000      0x8da ./core/backdoor.o
 .debug_macro   0x00000000       0x1c ./core/backdoor.o
 .debug_macro   0x00000000       0x1c ./core/backdoor.o
 .debug_macro   0x00000000       0x22 ./core/backdoor.o
 .debug_macro   0x00000000       0x93 ./core/backdoor.o
 .debug_macro   0x00000000       0x7b ./core/backdoor.o
 .debug_macro   0x00000000       0x1c ./core/backdoor.o
 .debug_macro   0x00000000      0x1aa ./core/backdoor.o
 .debug_macro   0x00000000       0x40 ./core/backdoor.o
 .group         0x00000000        0xc ./core/boot.o
 .group         0x00000000        0xc ./core/boot.o
 .group         0x00000000        0xc ./core/boot.o
 .group         0x00000000        0xc ./core/boot.o
 .group         0x00000000        0xc ./core/boot.o
 .group         0x00000000        0xc ./core/boot.o
 .group         0x00000000        0xc ./core/boot.o
 .group         0x00000000        0xc ./core/boot.o
 .group         0x00000000        0xc ./core/boot.o
 .text          0x00000000        0x0 ./core/boot.o
 .data          0x00000000        0x0 ./core/boot.o
 .bss           0x00000000        0x0 ./core/boot.o
 .debug_macro   0x00000000      0x8da ./core/boot.o
 .debug_macro   0x00000000       0x1c ./core/boot.o
 .debug_macro   0x00000000       0x1c ./core/boot.o
 .debug_macro   0x00000000       0x22 ./core/boot.o
 .debug_macro   0x00000000       0x93 ./core/boot.o
 .debug_macro   0x00000000       0x7b ./core/boot.o
 .debug_macro   0x00000000       0x1c ./core/boot.o
 .debug_macro   0x00000000      0x1aa ./core/boot.o
 .debug_macro   0x00000000       0x40 ./core/boot.o
 .group         0x00000000        0xc ./core/com.o
 .group         0x00000000        0xc ./core/com.o
 .group         0x00000000        0xc ./core/com.o
 .group         0x00000000        0xc ./core/com.o
 .group         0x00000000        0xc ./core/com.o
 .group         0x00000000        0xc ./core/com.o
 .group         0x00000000        0xc ./core/com.o
 .group         0x00000000        0xc ./core/com.o
 .group         0x00000000        0xc ./core/com.o
 .text          0x00000000        0x0 ./core/com.o
 .data          0x00000000        0x0 ./core/com.o
 .bss           0x00000000        0x0 ./core/com.o
 .debug_macro   0x00000000      0x8da ./core/com.o
 .debug_macro   0x00000000       0x1c ./core/com.o
 .debug_macro   0x00000000       0x1c ./core/com.o
 .debug_macro   0x00000000       0x22 ./core/com.o
 .debug_macro   0x00000000       0x93 ./core/com.o
 .debug_macro   0x00000000       0x7b ./core/com.o
 .debug_macro   0x00000000       0x1c ./core/com.o
 .debug_macro   0x00000000      0x1aa ./core/com.o
 .debug_macro   0x00000000       0x40 ./core/com.o
 .group         0x00000000        0xc ./core/cop.o
 .group         0x00000000        0xc ./core/cop.o
 .group         0x00000000        0xc ./core/cop.o
 .group         0x00000000        0xc ./core/cop.o
 .group         0x00000000        0xc ./core/cop.o
 .group         0x00000000        0xc ./core/cop.o
 .group         0x00000000        0xc ./core/cop.o
 .group         0x00000000        0xc ./core/cop.o
 .group         0x00000000        0xc ./core/cop.o
 .text          0x00000000        0x0 ./core/cop.o
 .data          0x00000000        0x0 ./core/cop.o
 .bss           0x00000000        0x0 ./core/cop.o
 .debug_macro   0x00000000      0x8da ./core/cop.o
 .debug_macro   0x00000000       0x1c ./core/cop.o
 .debug_macro   0x00000000       0x1c ./core/cop.o
 .debug_macro   0x00000000       0x22 ./core/cop.o
 .debug_macro   0x00000000       0x93 ./core/cop.o
 .debug_macro   0x00000000       0x7b ./core/cop.o
 .debug_macro   0x00000000       0x1c ./core/cop.o
 .debug_macro   0x00000000      0x1aa ./core/cop.o
 .debug_macro   0x00000000       0x40 ./core/cop.o
 .group         0x00000000        0xc ./core/file.o
 .group         0x00000000        0xc ./core/file.o
 .group         0x00000000        0xc ./core/file.o
 .group         0x00000000        0xc ./core/file.o
 .group         0x00000000        0xc ./core/file.o
 .group         0x00000000        0xc ./core/file.o
 .group         0x00000000        0xc ./core/file.o
 .group         0x00000000        0xc ./core/file.o
 .group         0x00000000        0xc ./core/file.o
 .group         0x00000000        0xc ./core/file.o
 .group         0x00000000        0xc ./core/file.o
 .group         0x00000000        0xc ./core/file.o
 .group         0x00000000        0xc ./core/file.o
 .group         0x00000000        0xc ./core/file.o
 .group         0x00000000        0xc ./core/file.o
 .group         0x00000000        0xc ./core/file.o
 .group         0x00000000        0xc ./core/file.o
 .group         0x00000000        0xc ./core/file.o
 .group         0x00000000        0xc ./core/file.o
 .group         0x00000000        0xc ./core/file.o
 .group         0x00000000        0xc ./core/file.o
 .group         0x00000000        0xc ./core/file.o
 .group         0x00000000        0xc ./core/file.o
 .group         0x00000000        0xc ./core/file.o
 .group         0x00000000        0xc ./core/file.o
 .group         0x00000000        0xc ./core/file.o
 .text          0x00000000        0x0 ./core/file.o
 .data          0x00000000        0x0 ./core/file.o
 .bss           0x00000000        0x0 ./core/file.o
 .debug_info    0x00000000      0x8a4 ./core/file.o
 .debug_abbrev  0x00000000      0x191 ./core/file.o
 .debug_aranges
                0x00000000       0x18 ./core/file.o
 .debug_macro   0x00000000      0x17c ./core/file.o
 .debug_macro   0x00000000      0x8da ./core/file.o
 .debug_macro   0x00000000       0x1c ./core/file.o
 .debug_macro   0x00000000       0x1c ./core/file.o
 .debug_macro   0x00000000       0x22 ./core/file.o
 .debug_macro   0x00000000       0x93 ./core/file.o
 .debug_macro   0x00000000       0x7b ./core/file.o
 .debug_macro   0x00000000       0x1c ./core/file.o
 .debug_macro   0x00000000      0x1aa ./core/file.o
 .debug_macro   0x00000000       0x40 ./core/file.o
 .debug_macro   0x00000000       0x22 ./core/file.o
 .debug_macro   0x00000000       0x4c ./core/file.o
 .debug_macro   0x00000000       0x18 ./core/file.o
 .debug_macro   0x00000000       0x94 ./core/file.o
 .debug_macro   0x00000000       0x35 ./core/file.o
 .debug_macro   0x00000000       0x34 ./core/file.o
 .debug_macro   0x00000000      0x174 ./core/file.o
 .debug_macro   0x00000000       0x57 ./core/file.o
 .debug_macro   0x00000000       0x52 ./core/file.o
 .debug_macro   0x00000000       0x1f ./core/file.o
 .debug_macro   0x00000000       0x43 ./core/file.o
 .debug_macro   0x00000000       0x20 ./core/file.o
 .debug_macro   0x00000000      0x18e ./core/file.o
 .debug_macro   0x00000000      0x339 ./core/file.o
 .debug_macro   0x00000000       0x10 ./core/file.o
 .debug_macro   0x00000000       0x35 ./core/file.o
 .debug_macro   0x00000000      0x11f ./core/file.o
 .debug_line    0x00000000      0x3fd ./core/file.o
 .debug_str     0x00000000     0x6e7f ./core/file.o
 .comment       0x00000000       0x7f ./core/file.o
 .ARM.attributes
                0x00000000       0x39 ./core/file.o
 .group         0x00000000        0xc ./core/mb.o
 .group         0x00000000        0xc ./core/mb.o
 .group         0x00000000        0xc ./core/mb.o
 .group         0x00000000        0xc ./core/mb.o
 .group         0x00000000        0xc ./core/mb.o
 .group         0x00000000        0xc ./core/mb.o
 .group         0x00000000        0xc ./core/mb.o
 .group         0x00000000        0xc ./core/mb.o
 .group         0x00000000        0xc ./core/mb.o
 .text          0x00000000        0x0 ./core/mb.o
 .data          0x00000000        0x0 ./core/mb.o
 .bss           0x00000000        0x0 ./core/mb.o
 .debug_info    0x00000000       0x56 ./core/mb.o
 .debug_abbrev  0x00000000       0x27 ./core/mb.o
 .debug_aranges
                0x00000000       0x18 ./core/mb.o
 .debug_macro   0x00000000       0x91 ./core/mb.o
 .debug_macro   0x00000000      0x8da ./core/mb.o
 .debug_macro   0x00000000       0x1c ./core/mb.o
 .debug_macro   0x00000000       0x1c ./core/mb.o
 .debug_macro   0x00000000       0x22 ./core/mb.o
 .debug_macro   0x00000000       0x93 ./core/mb.o
 .debug_macro   0x00000000       0x7b ./core/mb.o
 .debug_macro   0x00000000       0x1c ./core/mb.o
 .debug_macro   0x00000000      0x1aa ./core/mb.o
 .debug_macro   0x00000000       0x40 ./core/mb.o
 .debug_line    0x00000000      0x1a2 ./core/mb.o
 .debug_str     0x00000000     0x3526 ./core/mb.o
 .comment       0x00000000       0x7f ./core/mb.o
 .ARM.attributes
                0x00000000       0x39 ./core/mb.o
 .group         0x00000000        0xc ./core/net.o
 .group         0x00000000        0xc ./core/net.o
 .group         0x00000000        0xc ./core/net.o
 .group         0x00000000        0xc ./core/net.o
 .group         0x00000000        0xc ./core/net.o
 .group         0x00000000        0xc ./core/net.o
 .group         0x00000000        0xc ./core/net.o
 .group         0x00000000        0xc ./core/net.o
 .group         0x00000000        0xc ./core/net.o
 .text          0x00000000        0x0 ./core/net.o
 .data          0x00000000        0x0 ./core/net.o
 .bss           0x00000000        0x0 ./core/net.o
 .debug_info    0x00000000       0x56 ./core/net.o
 .debug_abbrev  0x00000000       0x27 ./core/net.o
 .debug_aranges
                0x00000000       0x18 ./core/net.o
 .debug_macro   0x00000000       0x91 ./core/net.o
 .debug_macro   0x00000000      0x8da ./core/net.o
 .debug_macro   0x00000000       0x1c ./core/net.o
 .debug_macro   0x00000000       0x1c ./core/net.o
 .debug_macro   0x00000000       0x22 ./core/net.o
 .debug_macro   0x00000000       0x93 ./core/net.o
 .debug_macro   0x00000000       0x7b ./core/net.o
 .debug_macro   0x00000000       0x1c ./core/net.o
 .debug_macro   0x00000000      0x1aa ./core/net.o
 .debug_macro   0x00000000       0x40 ./core/net.o
 .debug_line    0x00000000      0x1a3 ./core/net.o
 .debug_str     0x00000000     0x3527 ./core/net.o
 .comment       0x00000000       0x7f ./core/net.o
 .ARM.attributes
                0x00000000       0x39 ./core/net.o
 .group         0x00000000        0xc ./core/xcp.o
 .group         0x00000000        0xc ./core/xcp.o
 .group         0x00000000        0xc ./core/xcp.o
 .group         0x00000000        0xc ./core/xcp.o
 .group         0x00000000        0xc ./core/xcp.o
 .group         0x00000000        0xc ./core/xcp.o
 .group         0x00000000        0xc ./core/xcp.o
 .group         0x00000000        0xc ./core/xcp.o
 .group         0x00000000        0xc ./core/xcp.o
 .text          0x00000000        0x0 ./core/xcp.o
 .data          0x00000000        0x0 ./core/xcp.o
 .bss           0x00000000        0x0 ./core/xcp.o
 .debug_macro   0x00000000      0x8da ./core/xcp.o
 .debug_macro   0x00000000       0x1c ./core/xcp.o
 .debug_macro   0x00000000       0x1c ./core/xcp.o
 .debug_macro   0x00000000       0x22 ./core/xcp.o
 .debug_macro   0x00000000       0x93 ./core/xcp.o
 .debug_macro   0x00000000       0x7b ./core/xcp.o
 .debug_macro   0x00000000       0x1c ./core/xcp.o
 .debug_macro   0x00000000      0x1aa ./core/xcp.o
 .debug_macro   0x00000000       0x40 ./core/xcp.o
 .group         0x00000000        0xc ./lib/system_S32K144.o
 .group         0x00000000        0xc ./lib/system_S32K144.o
 .group         0x00000000        0xc ./lib/system_S32K144.o
 .group         0x00000000        0xc ./lib/system_S32K144.o
 .group         0x00000000        0xc ./lib/system_S32K144.o
 .group         0x00000000        0xc ./lib/system_S32K144.o
 .group         0x00000000        0xc ./lib/system_S32K144.o
 .group         0x00000000        0xc ./lib/system_S32K144.o
 .group         0x00000000        0xc ./lib/system_S32K144.o
 .group         0x00000000        0xc ./lib/system_S32K144.o
 .group         0x00000000        0xc ./lib/system_S32K144.o
 .group         0x00000000        0xc ./lib/system_S32K144.o
 .group         0x00000000        0xc ./lib/system_S32K144.o
 .group         0x00000000        0xc ./lib/system_S32K144.o
 .text          0x00000000        0x0 ./lib/system_S32K144.o
 .data          0x00000000        0x0 ./lib/system_S32K144.o
 .bss           0x00000000        0x0 ./lib/system_S32K144.o
 .text.SystemSoftwareReset
                0x00000000       0x18 ./lib/system_S32K144.o
 .debug_macro   0x00000000      0x8da ./lib/system_S32K144.o
 .debug_macro   0x00000000       0x10 ./lib/system_S32K144.o
 .debug_macro   0x00000000       0x80 ./lib/system_S32K144.o
 .debug_macro   0x00000000       0x19 ./lib/system_S32K144.o
 .debug_macro   0x00000000       0x22 ./lib/system_S32K144.o
 .debug_macro   0x00000000       0x8e ./lib/system_S32K144.o
 .debug_macro   0x00000000       0x51 ./lib/system_S32K144.o
 .debug_macro   0x00000000       0xef ./lib/system_S32K144.o
 .debug_macro   0x00000000       0x6a ./lib/system_S32K144.o
 .debug_macro   0x00000000      0x1df ./lib/system_S32K144.o
 .debug_macro   0x00000000     0xed1d ./lib/system_S32K144.o
 .debug_macro   0x00000000      0xb86 ./lib/system_S32K144.o
 .debug_macro   0x00000000       0x22 ./lib/system_S32K144.o
 .debug_macro   0x00000000       0x28 ./lib/system_S32K144.o
 .group         0x00000000        0xc ./startup/startup.o
 .group         0x00000000        0xc ./startup/startup.o
 .group         0x00000000        0xc ./startup/startup.o
 .group         0x00000000        0xc ./startup/startup.o
 .group         0x00000000        0xc ./startup/startup.o
 .group         0x00000000        0xc ./startup/startup.o
 .group         0x00000000        0xc ./startup/startup.o
 .group         0x00000000        0xc ./startup/startup.o
 .group         0x00000000        0xc ./startup/startup.o
 .group         0x00000000        0xc ./startup/startup.o
 .group         0x00000000        0xc ./startup/startup.o
 .group         0x00000000        0xc ./startup/startup.o
 .group         0x00000000        0xc ./startup/startup.o
 .text          0x00000000        0x0 ./startup/startup.o
 .data          0x00000000        0x0 ./startup/startup.o
 .bss           0x00000000        0x0 ./startup/startup.o
 .debug_macro   0x00000000      0x8da ./startup/startup.o
 .debug_macro   0x00000000       0x22 ./startup/startup.o
 .debug_macro   0x00000000       0x8e ./startup/startup.o
 .debug_macro   0x00000000       0x51 ./startup/startup.o
 .debug_macro   0x00000000       0xef ./startup/startup.o
 .debug_macro   0x00000000       0x6a ./startup/startup.o
 .debug_macro   0x00000000      0x1df ./startup/startup.o
 .debug_macro   0x00000000       0x10 ./startup/startup.o
 .debug_macro   0x00000000       0x80 ./startup/startup.o
 .debug_macro   0x00000000      0xb86 ./startup/startup.o
 .debug_macro   0x00000000       0x22 ./startup/startup.o
 .data          0x00000000        0x0 ./startup/startup_S32K144.o
 .bss           0x00000000        0x0 ./startup/startup_S32K144.o
 .text          0x00000000        0x0 D:/NXP/S32DS.3.4/S32DS/build_tools/gcc_b1620/gcc-6.3-arm32-eabi/arm-none-eabi/newlib/lib/thumb/v7e-m/fpv4-sp/hard\libc_nano.a(lib_a-exit.o)
 .data          0x00000000        0x0 D:/NXP/S32DS.3.4/S32DS/build_tools/gcc_b1620/gcc-6.3-arm32-eabi/arm-none-eabi/newlib/lib/thumb/v7e-m/fpv4-sp/hard\libc_nano.a(lib_a-exit.o)
 .bss           0x00000000        0x0 D:/NXP/S32DS.3.4/S32DS/build_tools/gcc_b1620/gcc-6.3-arm32-eabi/arm-none-eabi/newlib/lib/thumb/v7e-m/fpv4-sp/hard\libc_nano.a(lib_a-exit.o)
 .text          0x00000000        0x0 D:/NXP/S32DS.3.4/S32DS/build_tools/gcc_b1620/gcc-6.3-arm32-eabi/arm-none-eabi/newlib/lib/thumb/v7e-m/fpv4-sp/hard\libc_nano.a(lib_a-impure.o)
 .data          0x00000000        0x0 D:/NXP/S32DS.3.4/S32DS/build_tools/gcc_b1620/gcc-6.3-arm32-eabi/arm-none-eabi/newlib/lib/thumb/v7e-m/fpv4-sp/hard\libc_nano.a(lib_a-impure.o)
 .bss           0x00000000        0x0 D:/NXP/S32DS.3.4/S32DS/build_tools/gcc_b1620/gcc-6.3-arm32-eabi/arm-none-eabi/newlib/lib/thumb/v7e-m/fpv4-sp/hard\libc_nano.a(lib_a-impure.o)
 .data._impure_ptr
                0x00000000        0x4 D:/NXP/S32DS.3.4/S32DS/build_tools/gcc_b1620/gcc-6.3-arm32-eabi/arm-none-eabi/newlib/lib/thumb/v7e-m/fpv4-sp/hard\libc_nano.a(lib_a-impure.o)
 .text          0x00000000        0x0 D:/NXP/S32DS.3.4/S32DS/build_tools/gcc_b1620/gcc-6.3-arm32-eabi/arm-none-eabi/newlib/lib/thumb/v7e-m/fpv4-sp/hard\libc_nano.a(lib_a-init.o)
 .data          0x00000000        0x0 D:/NXP/S32DS.3.4/S32DS/build_tools/gcc_b1620/gcc-6.3-arm32-eabi/arm-none-eabi/newlib/lib/thumb/v7e-m/fpv4-sp/hard\libc_nano.a(lib_a-init.o)
 .bss           0x00000000        0x0 D:/NXP/S32DS.3.4/S32DS/build_tools/gcc_b1620/gcc-6.3-arm32-eabi/arm-none-eabi/newlib/lib/thumb/v7e-m/fpv4-sp/hard\libc_nano.a(lib_a-init.o)
 .text          0x00000000        0x0 D:/NXP/S32DS.3.4/S32DS/build_tools/gcc_b1620/gcc-6.3-arm32-eabi/arm-none-eabi/newlib/lib/thumb/v7e-m/fpv4-sp/hard\libc_nano.a(lib_a-memset.o)
 .data          0x00000000        0x0 D:/NXP/S32DS.3.4/S32DS/build_tools/gcc_b1620/gcc-6.3-arm32-eabi/arm-none-eabi/newlib/lib/thumb/v7e-m/fpv4-sp/hard\libc_nano.a(lib_a-memset.o)
 .bss           0x00000000        0x0 D:/NXP/S32DS.3.4/S32DS/build_tools/gcc_b1620/gcc-6.3-arm32-eabi/arm-none-eabi/newlib/lib/thumb/v7e-m/fpv4-sp/hard\libc_nano.a(lib_a-memset.o)
 .text          0x00000000        0x0 D:/NXP/S32DS.3.4/S32DS/build_tools/gcc_b1620/gcc-6.3-arm32-eabi/arm-none-eabi/newlib/lib/thumb/v7e-m/fpv4-sp/hard\libnosys.a(_exit.o)
 .data          0x00000000        0x0 D:/NXP/S32DS.3.4/S32DS/build_tools/gcc_b1620/gcc-6.3-arm32-eabi/arm-none-eabi/newlib/lib/thumb/v7e-m/fpv4-sp/hard\libnosys.a(_exit.o)
 .bss           0x00000000        0x0 D:/NXP/S32DS.3.4/S32DS/build_tools/gcc_b1620/gcc-6.3-arm32-eabi/arm-none-eabi/newlib/lib/thumb/v7e-m/fpv4-sp/hard\libnosys.a(_exit.o)
 .text          0x00000000        0x0 d:/nxp/s32ds.3.4/s32ds/build_tools/gcc_b1620/gcc-6.3-arm32-eabi/bin/../lib/gcc/arm-none-eabi/6.3.1/thumb/v7e-m/fpv4-sp/hard/crtend.o
 .data          0x00000000        0x0 d:/nxp/s32ds.3.4/s32ds/build_tools/gcc_b1620/gcc-6.3-arm32-eabi/bin/../lib/gcc/arm-none-eabi/6.3.1/thumb/v7e-m/fpv4-sp/hard/crtend.o
 .bss           0x00000000        0x0 d:/nxp/s32ds.3.4/s32ds/build_tools/gcc_b1620/gcc-6.3-arm32-eabi/bin/../lib/gcc/arm-none-eabi/6.3.1/thumb/v7e-m/fpv4-sp/hard/crtend.o
 .eh_frame      0x00000000        0x4 d:/nxp/s32ds.3.4/s32ds/build_tools/gcc_b1620/gcc-6.3-arm32-eabi/bin/../lib/gcc/arm-none-eabi/6.3.1/thumb/v7e-m/fpv4-sp/hard/crtend.o
 .text          0x00000000        0x0 d:/nxp/s32ds.3.4/s32ds/build_tools/gcc_b1620/gcc-6.3-arm32-eabi/bin/../lib/gcc/arm-none-eabi/6.3.1/thumb/v7e-m/fpv4-sp/hard/crtn.o
 .data          0x00000000        0x0 d:/nxp/s32ds.3.4/s32ds/build_tools/gcc_b1620/gcc-6.3-arm32-eabi/bin/../lib/gcc/arm-none-eabi/6.3.1/thumb/v7e-m/fpv4-sp/hard/crtn.o
 .bss           0x00000000        0x0 d:/nxp/s32ds.3.4/s32ds/build_tools/gcc_b1620/gcc-6.3-arm32-eabi/bin/../lib/gcc/arm-none-eabi/6.3.1/thumb/v7e-m/fpv4-sp/hard/crtn.o

Memory Configuration

Name             Origin             Length             Attributes
m_interrupts     0x00000000         0x00000400         xr
m_flash_config   0x00000400         0x00000010         xr
m_text           0x00000410         0x00003000         xr
m_data           0x1fff8000         0x00008000         rw
m_data_2         0x20000000         0x00007000         rw
*default*        0x00000000         0xffffffff

Linker script and memory map

LOAD d:/nxp/s32ds.3.4/s32ds/build_tools/gcc_b1620/gcc-6.3-arm32-eabi/bin/../lib/gcc/arm-none-eabi/6.3.1/thumb/v7e-m/fpv4-sp/hard/crti.o
LOAD d:/nxp/s32ds.3.4/s32ds/build_tools/gcc_b1620/gcc-6.3-arm32-eabi/bin/../lib/gcc/arm-none-eabi/6.3.1/thumb/v7e-m/fpv4-sp/hard/crtbegin.o
LOAD D:/NXP/S32DS.3.4/S32DS/build_tools/gcc_b1620/gcc-6.3-arm32-eabi/arm-none-eabi/newlib/lib/thumb/v7e-m/fpv4-sp/hard/crt0.o
LOAD ./hooks.o
LOAD ./led.o
LOAD ./main.o
LOAD ./core/ARMCM4_S32K14/GCC/cpu_comp.o
LOAD ./core/ARMCM4_S32K14/can.o
LOAD ./core/ARMCM4_S32K14/cpu.o
LOAD ./core/ARMCM4_S32K14/flash.o
LOAD ./core/ARMCM4_S32K14/mbrtu.o
LOAD ./core/ARMCM4_S32K14/nvm.o
LOAD ./core/ARMCM4_S32K14/rs232.o
LOAD ./core/ARMCM4_S32K14/timer.o
LOAD ./core/asserts.o
LOAD ./core/backdoor.o
LOAD ./core/boot.o
LOAD ./core/com.o
LOAD ./core/cop.o
LOAD ./core/file.o
LOAD ./core/mb.o
LOAD ./core/net.o
LOAD ./core/xcp.o
LOAD ./lib/system_S32K144.o
LOAD ./startup/startup.o
LOAD ./startup/startup_S32K144.o
START GROUP
LOAD d:/nxp/s32ds.3.4/s32ds/build_tools/gcc_b1620/gcc-6.3-arm32-eabi/bin/../lib/gcc/arm-none-eabi/6.3.1/thumb/v7e-m/fpv4-sp/hard\libgcc.a
LOAD D:/NXP/S32DS.3.4/S32DS/build_tools/gcc_b1620/gcc-6.3-arm32-eabi/arm-none-eabi/newlib/lib/thumb/v7e-m/fpv4-sp/hard\libc_nano.a
END GROUP
START GROUP
LOAD d:/nxp/s32ds.3.4/s32ds/build_tools/gcc_b1620/gcc-6.3-arm32-eabi/bin/../lib/gcc/arm-none-eabi/6.3.1/thumb/v7e-m/fpv4-sp/hard\libgcc.a
LOAD D:/NXP/S32DS.3.4/S32DS/build_tools/gcc_b1620/gcc-6.3-arm32-eabi/arm-none-eabi/newlib/lib/thumb/v7e-m/fpv4-sp/hard\libc_nano.a
LOAD D:/NXP/S32DS.3.4/S32DS/build_tools/gcc_b1620/gcc-6.3-arm32-eabi/arm-none-eabi/newlib/lib/thumb/v7e-m/fpv4-sp/hard\libnosys.a
END GROUP
START GROUP
LOAD d:/nxp/s32ds.3.4/s32ds/build_tools/gcc_b1620/gcc-6.3-arm32-eabi/bin/../lib/gcc/arm-none-eabi/6.3.1/thumb/v7e-m/fpv4-sp/hard\libgcc.a
LOAD D:/NXP/S32DS.3.4/S32DS/build_tools/gcc_b1620/gcc-6.3-arm32-eabi/arm-none-eabi/newlib/lib/thumb/v7e-m/fpv4-sp/hard\libc_nano.a
LOAD D:/NXP/S32DS.3.4/S32DS/build_tools/gcc_b1620/gcc-6.3-arm32-eabi/arm-none-eabi/newlib/lib/thumb/v7e-m/fpv4-sp/hard\libnosys.a
END GROUP
LOAD d:/nxp/s32ds.3.4/s32ds/build_tools/gcc_b1620/gcc-6.3-arm32-eabi/bin/../lib/gcc/arm-none-eabi/6.3.1/thumb/v7e-m/fpv4-sp/hard/crtend.o
LOAD d:/nxp/s32ds.3.4/s32ds/build_tools/gcc_b1620/gcc-6.3-arm32-eabi/bin/../lib/gcc/arm-none-eabi/6.3.1/thumb/v7e-m/fpv4-sp/hard/crtn.o
                0x00000400                HEAP_SIZE = DEFINED (__heap_size__)?__heap_size__:0x400
                0x00000400                STACK_SIZE = DEFINED (__stack_size__)?__stack_size__:0x400
                0x00000400                M_VECTOR_RAM_SIZE = DEFINED (__flash_vector_table__)?0x0:0x400

.interrupts     0x00000000      0x400
                0x00000000                __VECTOR_TABLE = .
                0x00000000                __interrupts_start__ = .
                0x00000000                . = ALIGN (0x4)
 *(.isr_vector)
 .isr_vector    0x00000000      0x400 ./startup/startup_S32K144.o
                0x00000000                __isr_vector
                0x00000400                __interrupts_end__ = .
                0x00000400                . = ALIGN (0x4)

.flash_config   0x00000400       0x10
                0x00000400                . = ALIGN (0x4)
 *(.FlashConfig)
 .FlashConfig   0x00000400       0x10 ./startup/startup_S32K144.o
                0x00000410                . = ALIGN (0x4)

.text           0x00000410     0x1338
                0x00000410                . = ALIGN (0x4)
 *(.text)
 .text          0x00000410       0xa4 d:/nxp/s32ds.3.4/s32ds/build_tools/gcc_b1620/gcc-6.3-arm32-eabi/bin/../lib/gcc/arm-none-eabi/6.3.1/thumb/v7e-m/fpv4-sp/hard/crtbegin.o
 .text          0x000004b4       0x7c D:/NXP/S32DS.3.4/S32DS/build_tools/gcc_b1620/gcc-6.3-arm32-eabi/arm-none-eabi/newlib/lib/thumb/v7e-m/fpv4-sp/hard/crt0.o
                0x000004b4                _stack_init
                0x000004bc                _start
                0x000004bc                _mainCRTStartup
 .text          0x00000530       0x6c ./startup/startup_S32K144.o
                0x00000530                Reset_Handler
                0x00000598                DebugMon_Handler
                0x00000598                Reserved88_IRQHandler
                0x00000598                CAN0_ORed_IRQHandler
                0x00000598                HardFault_Handler
                0x00000598                Reserved86_IRQHandler
                0x00000598                Reserved103_IRQHandler
                0x00000598                SysTick_Handler
                0x00000598                FTM2_Ovf_Reload_IRQHandler
                0x00000598                Reserved50_IRQHandler
                0x00000598                FTFC_Fault_IRQHandler
                0x00000598                FTM0_Ch6_Ch7_IRQHandler
                0x00000598                Reserved114_IRQHandler
                0x00000598                PendSV_Handler
                0x00000598                NMI_Handler
                0x00000598                Reserved89_IRQHandler
                0x00000598                ERM_double_fault_IRQHandler
                0x00000598                DMA2_IRQHandler
                0x00000598                Reserved59_IRQHandler
                0x00000598                LPIT0_Ch0_IRQHandler
                0x00000598                Reserved99_IRQHandler
                0x00000598                FTM3_Ch6_Ch7_IRQHandler
                0x00000598                CAN2_ORed_0_15_MB_IRQHandler
                0x00000598                LPIT0_Ch3_IRQHandler
                0x00000598                Reserved92_IRQHandler
                0x00000598                FTM0_Ch4_Ch5_IRQHandler
                0x00000598                CAN1_Error_IRQHandler
                0x00000598                FTM3_Ch0_Ch1_IRQHandler
                0x00000598                SWI_IRQHandler
                0x00000598                ADC0_IRQHandler
                0x00000598                FTM2_Ch4_Ch5_IRQHandler
                0x00000598                UsageFault_Handler
                0x00000598                FTM0_Ovf_Reload_IRQHandler
                0x00000598                DefaultISR
                0x00000598                DMA9_IRQHandler
                0x00000598                Reserved58_IRQHandler
                0x00000598                CAN1_ORed_0_15_MB_IRQHandler
                0x00000598                FTM1_Ch2_Ch3_IRQHandler
                0x00000598                DMA14_IRQHandler
                0x00000598                Reserved82_IRQHandler
                0x00000598                CAN0_ORed_16_31_MB_IRQHandler
                0x00000598                LPI2C0_Slave_IRQHandler
                0x00000598                Reserved71_IRQHandler
                0x00000598                PORTD_IRQHandler
                0x00000598                Reserved69_IRQHandler
                0x00000598                PORTB_IRQHandler
                0x00000598                Reserved70_IRQHandler
                0x00000598                ADC1_IRQHandler
                0x00000598                FTM2_Ch2_Ch3_IRQHandler
                0x00000598                Reserved53_IRQHandler
                0x00000598                DMA5_IRQHandler
                0x00000598                RTC_IRQHandler
                0x00000598                PDB0_IRQHandler
                0x00000598                Reserved54_IRQHandler
                0x00000598                FTM2_Ch6_Ch7_IRQHandler
                0x00000598                FTM3_Ch2_Ch3_IRQHandler
                0x00000598                FTM2_Ch0_Ch1_IRQHandler
                0x00000598                LPSPI1_IRQHandler
                0x00000598                LPUART1_RxTx_IRQHandler
                0x00000598                RTC_Seconds_IRQHandler
                0x00000598                CAN2_ORed_IRQHandler
                0x00000598                Reserved72_IRQHandler
                0x00000598                Reserved110_IRQHandler
                0x00000598                DMA11_IRQHandler
                0x00000598                Reserved107_IRQHandler
                0x00000598                Read_Collision_IRQHandler
                0x00000598                CAN2_Error_IRQHandler
                0x00000598                FTFC_IRQHandler
                0x00000598                DMA7_IRQHandler
                0x00000598                FTM1_Ch6_Ch7_IRQHandler
                0x00000598                Reserved105_IRQHandler
                0x00000598                LPIT0_Ch1_IRQHandler
                0x00000598                FTM1_Ch4_Ch5_IRQHandler
                0x00000598                FTM3_Ovf_Reload_IRQHandler
                0x00000598                LPUART2_RxTx_IRQHandler
                0x00000598                LPSPI0_IRQHandler
                0x00000598                WDOG_EWM_IRQHandler
                0x00000598                MemManage_Handler
                0x00000598                Reserved90_IRQHandler
                0x00000598                Reserved83_IRQHandler
                0x00000598                FTM0_Fault_IRQHandler
                0x00000598                Reserved48_IRQHandler
                0x00000598                SVC_Handler
                0x00000598                ERM_single_fault_IRQHandler
                0x00000598                FTM2_Fault_IRQHandler
                0x00000598                FTM0_Ch2_Ch3_IRQHandler
                0x00000598                DMA13_IRQHandler
                0x00000598                FTM0_Ch0_Ch1_IRQHandler
                0x00000598                FTM3_Fault_IRQHandler
                0x00000598                RCM_IRQHandler
                0x00000598                DMA3_IRQHandler
                0x00000598                Reserved100_IRQHandler
                0x00000598                DMA0_IRQHandler
                0x00000598                Reserved91_IRQHandler
                0x00000598                CAN1_ORed_IRQHandler
                0x00000598                DMA15_IRQHandler
                0x00000598                SCG_IRQHandler
                0x00000598                PDB1_IRQHandler
                0x00000598                Reserved81_IRQHandler
                0x00000598                Reserved46_IRQHandler
                0x00000598                Reserved45_IRQHandler
                0x00000598                CAN0_Error_IRQHandler
                0x00000598                Reserved112_IRQHandler
                0x00000598                LPI2C0_Master_IRQHandler
                0x00000598                DMA4_IRQHandler
                0x00000598                FTM1_Fault_IRQHandler
                0x00000598                Reserved106_IRQHandler
                0x00000598                DMA_Error_IRQHandler
                0x00000598                LVD_LVW_IRQHandler
                0x00000598                LPIT0_Ch2_IRQHandler
                0x00000598                PORTA_IRQHandler
                0x00000598                MCM_IRQHandler
                0x00000598                LPSPI2_IRQHandler
                0x00000598                DMA12_IRQHandler
                0x00000598                FTM3_Ch4_Ch5_IRQHandler
                0x00000598                CAN0_ORed_0_15_MB_IRQHandler
                0x00000598                PORTE_IRQHandler
                0x00000598                LPUART0_RxTx_IRQHandler
                0x00000598                LPTMR0_IRQHandler
                0x00000598                BusFault_Handler
                0x00000598                Reserved87_IRQHandler
                0x00000598                FTM1_Ovf_Reload_IRQHandler
                0x00000598                DMA8_IRQHandler
                0x00000598                Reserved93_IRQHandler
                0x00000598                DMA10_IRQHandler
                0x00000598                CAN0_Wake_Up_IRQHandler
                0x00000598                CMP0_IRQHandler
                0x00000598                Reserved52_IRQHandler
                0x00000598                PORTC_IRQHandler
                0x00000598                DMA6_IRQHandler
                0x00000598                FTM1_Ch0_Ch1_IRQHandler
                0x00000598                FLEXIO_IRQHandler
                0x00000598                DMA1_IRQHandler
                0x00000598                Reserved113_IRQHandler
 *(.text*)
 .text.CpuUserProgramStartHook
                0x0000059c       0x1c ./hooks.o
                0x0000059c                CpuUserProgramStartHook
 .text.CopInitHook
                0x000005b8        0x8 ./hooks.o
                0x000005b8                CopInitHook
 .text.CopServiceHook
                0x000005c0        0x4 ./hooks.o
                0x000005c0                CopServiceHook
 .text.LedBlinkInit
                0x000005c4       0x2c ./led.o
                0x000005c4                LedBlinkInit
 .text.LedBlinkTask
                0x000005f0       0x50 ./led.o
                0x000005f0                LedBlinkTask
 .text.LedBlinkExit
                0x00000640       0x10 ./led.o
                0x00000640                LedBlinkExit
 .text.JumpToUserApplication1
                0x00000650       0x1c ./main.o
                0x00000650                JumpToUserApplication1
 .text.startup.main
                0x0000066c      0x134 ./main.o
                0x0000066c                main
 .text.CpuIrqDisable
                0x000007a0        0x4 ./core/ARMCM4_S32K14/GCC/cpu_comp.o
                0x000007a0                CpuIrqDisable
 .text.CpuIrqEnable
                0x000007a4        0x4 ./core/ARMCM4_S32K14/GCC/cpu_comp.o
                0x000007a4                CpuIrqEnable
 .text.CanFreezeModeEnter
                0x000007a8       0x48 ./core/ARMCM4_S32K14/can.o
 .text.CanDisabledModeExit.part.0
                0x000007f0       0x2c ./core/ARMCM4_S32K14/can.o
 .text.CanInit  0x0000081c      0x194 ./core/ARMCM4_S32K14/can.o
                0x0000081c                CanInit
 .text.CanTransmitPacket
                0x000009b0       0xa0 ./core/ARMCM4_S32K14/can.o
                0x000009b0                CanTransmitPacket
 .text.CanReceivePacket
                0x00000a50       0x54 ./core/ARMCM4_S32K14/can.o
                0x00000a50                CanReceivePacket
 .text.CpuInit  0x00000aa4        0x4 ./core/ARMCM4_S32K14/cpu.o
                0x00000aa4                CpuInit
 .text.CpuStartUserProgram
                0x00000aa8       0x3c ./core/ARMCM4_S32K14/cpu.o
                0x00000aa8                CpuStartUserProgram
 .text.CpuMemCopy
                0x00000ae4       0x1c ./core/ARMCM4_S32K14/cpu.o
                0x00000ae4                CpuMemCopy
 .text.FlashGetSectorIdx
                0x00000b00       0x3c ./core/ARMCM4_S32K14/flash.o
 .text.FlashWriteBlock
                0x00000b3c       0xb0 ./core/ARMCM4_S32K14/flash.o
 .text.FlashSwitchBlock
                0x00000bec       0x54 ./core/ARMCM4_S32K14/flash.o
 .text.FlashAddToBlock
                0x00000c40       0x82 ./core/ARMCM4_S32K14/flash.o
 *fill*         0x00000cc2        0x2 
 .text.FlashInit
                0x00000cc4       0x18 ./core/ARMCM4_S32K14/flash.o
                0x00000cc4                FlashInit
 .text.FlashWrite
                0x00000cdc       0x60 ./core/ARMCM4_S32K14/flash.o
                0x00000cdc                FlashWrite
 .text.FlashErase
                0x00000d3c       0xcc ./core/ARMCM4_S32K14/flash.o
                0x00000d3c                FlashErase
 .text.FlashWriteChecksum
                0x00000e08       0x44 ./core/ARMCM4_S32K14/flash.o
                0x00000e08                FlashWriteChecksum
 .text.FlashVerifyChecksum
                0x00000e4c       0x46 ./core/ARMCM4_S32K14/flash.o
                0x00000e4c                FlashVerifyChecksum
 *fill*         0x00000e92        0x2 
 .text.FlashDone
                0x00000e94       0x30 ./core/ARMCM4_S32K14/flash.o
                0x00000e94                FlashDone
 .text.FlashGetUserProgBaseAddress
                0x00000ec4        0x6 ./core/ARMCM4_S32K14/flash.o
                0x00000ec4                FlashGetUserProgBaseAddress
 .text.NvmInit  0x00000eca        0x4 ./core/ARMCM4_S32K14/nvm.o
                0x00000eca                NvmInit
 .text.NvmWrite
                0x00000ece        0x4 ./core/ARMCM4_S32K14/nvm.o
                0x00000ece                NvmWrite
 .text.NvmErase
                0x00000ed2        0x4 ./core/ARMCM4_S32K14/nvm.o
                0x00000ed2                NvmErase
 .text.NvmVerifyChecksum
                0x00000ed6        0x4 ./core/ARMCM4_S32K14/nvm.o
                0x00000ed6                NvmVerifyChecksum
 .text.NvmGetUserProgBaseAddress
                0x00000eda        0x4 ./core/ARMCM4_S32K14/nvm.o
                0x00000eda                NvmGetUserProgBaseAddress
 .text.NvmDone  0x00000ede       0x12 ./core/ARMCM4_S32K14/nvm.o
                0x00000ede                NvmDone
 .text.TimerReset
                0x00000ef0       0x10 ./core/ARMCM4_S32K14/timer.o
                0x00000ef0                TimerReset
 .text.TimerInit
                0x00000f00       0x4c ./core/ARMCM4_S32K14/timer.o
                0x00000f00                TimerInit
 .text.TimerUpdate
                0x00000f4c       0x40 ./core/ARMCM4_S32K14/timer.o
                0x00000f4c                TimerUpdate
 .text.TimerGet
                0x00000f8c       0x10 ./core/ARMCM4_S32K14/timer.o
                0x00000f8c                TimerGet
 .text.AssertFailure
                0x00000f9c        0x8 ./core/asserts.o
                0x00000f9c                AssertFailure
 .text.BackDoorCheck
                0x00000fa4       0x44 ./core/backdoor.o
                0x00000fa4                BackDoorCheck
 .text.BackDoorRestartTimer
                0x00000fe8       0x1c ./core/backdoor.o
                0x00000fe8                BackDoorRestartTimer
 .text.BackDoorInit
                0x00001004       0x18 ./core/backdoor.o
                0x00001004                BackDoorInit
 .text.BootInit
                0x0000101c       0x1e ./core/boot.o
                0x0000101c                BootInit
 .text.BootTask
                0x0000103a       0x16 ./core/boot.o
                0x0000103a                BootTask
 .text.ComInit  0x00001050       0x18 ./core/com.o
                0x00001050                ComInit
 .text.ComTask  0x00001068       0x30 ./core/com.o
                0x00001068                ComTask
 .text.ComFree  0x00001098        0x2 ./core/com.o
                0x00001098                ComFree
 *fill*         0x0000109a        0x2 
 .text.ComTransmitPacket
                0x0000109c       0x1c ./core/com.o
                0x0000109c                ComTransmitPacket
 .text.ComGetActiveInterfaceMaxTxLen
                0x000010b8       0x1c ./core/com.o
                0x000010b8                ComGetActiveInterfaceMaxTxLen
 .text.ComGetActiveInterfaceMaxRxLen
                0x000010d4        0x4 ./core/com.o
                0x000010d4                ComGetActiveInterfaceMaxRxLen
 .text.ComIsConnected
                0x000010d8        0xe ./core/com.o
                0x000010d8                ComIsConnected
 .text.CopInit  0x000010e6        0x4 ./core/cop.o
                0x000010e6                CopInit
 .text.CopService
                0x000010ea        0x4 ./core/cop.o
                0x000010ea                CopService
 *fill*         0x000010ee        0x2 
 .text.XcpSetCtoError
                0x000010f0       0x14 ./core/xcp.o
 .text.XcpGetOrderedLong
                0x00001104        0x4 ./core/xcp.o
 .text.XcpInit  0x00001108       0x24 ./core/xcp.o
                0x00001108                XcpInit
 .text.XcpIsConnected
                0x0000112c       0x14 ./core/xcp.o
                0x0000112c                XcpIsConnected
 .text.XcpPacketTransmitted
                0x00001140       0x10 ./core/xcp.o
                0x00001140                XcpPacketTransmitted
 .text.XcpPacketReceived
                0x00001150      0x258 ./core/xcp.o
                0x00001150                XcpPacketReceived
 .text.SystemInit
                0x000013a8       0x3c ./lib/system_S32K144.o
                0x000013a8                SystemInit
 .text.SystemCoreClockUpdate
                0x000013e4       0x78 ./lib/system_S32K144.o
                0x000013e4                SystemCoreClockUpdate
 .text.init_data_bss
                0x0000145c       0xc8 ./startup/startup.o
                0x0000145c                init_data_bss
 .text.exit     0x00001524       0x28 D:/NXP/S32DS.3.4/S32DS/build_tools/gcc_b1620/gcc-6.3-arm32-eabi/arm-none-eabi/newlib/lib/thumb/v7e-m/fpv4-sp/hard\libc_nano.a(lib_a-exit.o)
                0x00001524                exit
 .text.__libc_init_array
                0x0000154c       0x48 D:/NXP/S32DS.3.4/S32DS/build_tools/gcc_b1620/gcc-6.3-arm32-eabi/arm-none-eabi/newlib/lib/thumb/v7e-m/fpv4-sp/hard\libc_nano.a(lib_a-init.o)
                0x0000154c                __libc_init_array
 .text.memset   0x00001594       0x10 D:/NXP/S32DS.3.4/S32DS/build_tools/gcc_b1620/gcc-6.3-arm32-eabi/arm-none-eabi/newlib/lib/thumb/v7e-m/fpv4-sp/hard\libc_nano.a(lib_a-memset.o)
                0x00001594                memset
 .text._exit    0x000015a4        0x2 D:/NXP/S32DS.3.4/S32DS/build_tools/gcc_b1620/gcc-6.3-arm32-eabi/arm-none-eabi/newlib/lib/thumb/v7e-m/fpv4-sp/hard\libnosys.a(_exit.o)
                0x000015a4                _exit
 *(.rodata)
 *(.rodata*)
 .rodata.CanFreezeModeEnter.str1.1
                0x000015a6       0x8c ./core/ARMCM4_S32K14/can.o
 *fill*         0x00001632        0x2 
 .rodata.flashLayout
                0x00001634       0xe4 ./core/ARMCM4_S32K14/flash.o
 .rodata.CSWTCH.11
                0x00001718        0x4 ./core/com.o
 .rodata.xcpStationId
                0x0000171c        0x8 ./core/xcp.o
 .rodata._global_impure_ptr
                0x00001724        0x4 D:/NXP/S32DS.3.4/S32DS/build_tools/gcc_b1620/gcc-6.3-arm32-eabi/arm-none-eabi/newlib/lib/thumb/v7e-m/fpv4-sp/hard\libc_nano.a(lib_a-impure.o)
                0x00001724                _global_impure_ptr
 *(.glue_7)
 .glue_7        0x00001728        0x0 linker stubs
 *(.glue_7t)
 .glue_7t       0x00001728        0x0 linker stubs
 *(.eh_frame)
 .eh_frame      0x00001728        0x0 d:/nxp/s32ds.3.4/s32ds/build_tools/gcc_b1620/gcc-6.3-arm32-eabi/bin/../lib/gcc/arm-none-eabi/6.3.1/thumb/v7e-m/fpv4-sp/hard/crtbegin.o
 *(.init)
 .init          0x00001728        0x4 d:/nxp/s32ds.3.4/s32ds/build_tools/gcc_b1620/gcc-6.3-arm32-eabi/bin/../lib/gcc/arm-none-eabi/6.3.1/thumb/v7e-m/fpv4-sp/hard/crti.o
                0x00001728                _init
 .init          0x0000172c        0x8 d:/nxp/s32ds.3.4/s32ds/build_tools/gcc_b1620/gcc-6.3-arm32-eabi/bin/../lib/gcc/arm-none-eabi/6.3.1/thumb/v7e-m/fpv4-sp/hard/crtn.o
 *(.fini)
 .fini          0x00001734        0x4 d:/nxp/s32ds.3.4/s32ds/build_tools/gcc_b1620/gcc-6.3-arm32-eabi/bin/../lib/gcc/arm-none-eabi/6.3.1/thumb/v7e-m/fpv4-sp/hard/crti.o
                0x00001734                _fini
 .fini          0x00001738        0x8 d:/nxp/s32ds.3.4/s32ds/build_tools/gcc_b1620/gcc-6.3-arm32-eabi/bin/../lib/gcc/arm-none-eabi/6.3.1/thumb/v7e-m/fpv4-sp/hard/crtn.o
 .fini.__stub   0x00001740        0x8 linker stubs
                0x00001748                . = ALIGN (0x4)

.vfp11_veneer   0x00001748        0x0
 .vfp11_veneer  0x00001748        0x0 linker stubs

.v4_bx          0x00001748        0x0
 .v4_bx         0x00001748        0x0 linker stubs

.iplt           0x00001748        0x0
 .iplt          0x00001748        0x0 d:/nxp/s32ds.3.4/s32ds/build_tools/gcc_b1620/gcc-6.3-arm32-eabi/bin/../lib/gcc/arm-none-eabi/6.3.1/thumb/v7e-m/fpv4-sp/hard/crtbegin.o

.ARM.extab
 *(.ARM.extab* .gnu.linkonce.armextab.*)

.ARM            0x00001748        0x8
                0x00001748                __exidx_start = .
 *(.ARM.exidx*)
 .ARM.exidx     0x00001748        0x8 D:/NXP/S32DS.3.4/S32DS/build_tools/gcc_b1620/gcc-6.3-arm32-eabi/arm-none-eabi/newlib/lib/thumb/v7e-m/fpv4-sp/hard/crt0.o
                                 0x10 (size before relaxing)
                0x00001750                __exidx_end = .

.ctors          0x00001750        0x0
                0x00001750                __CTOR_LIST__ = .
 *crtbegin.o(.ctors)
 *crtbegin?.o(.ctors)
 *(EXCLUDE_FILE(*crtend.o *crtend?.o) .ctors)
 *(SORT_BY_NAME(.ctors.*))
 *(.ctors)
                0x00001750                __CTOR_END__ = .

.dtors          0x00001750        0x0
                0x00001750                __DTOR_LIST__ = .
 *crtbegin.o(.dtors)
 *crtbegin?.o(.dtors)
 *(EXCLUDE_FILE(*crtend.o *crtend?.o) .dtors)
 *(SORT_BY_NAME(.dtors.*))
 *(.dtors)
                0x00001750                __DTOR_END__ = .

.preinit_array  0x00001750        0x0
                0x00001750                PROVIDE (__preinit_array_start = .)
 *(.preinit_array*)
                0x00001750                PROVIDE (__preinit_array_end = .)

.init_array     0x00001750        0x4
                0x00001750                PROVIDE (__init_array_start = .)
 *(SORT_BY_NAME(.init_array.*))
 *(.init_array*)
 .init_array    0x00001750        0x4 d:/nxp/s32ds.3.4/s32ds/build_tools/gcc_b1620/gcc-6.3-arm32-eabi/bin/../lib/gcc/arm-none-eabi/6.3.1/thumb/v7e-m/fpv4-sp/hard/crtbegin.o
                0x00001754                PROVIDE (__init_array_end = .)

.fini_array     0x00001754        0x4
                [!provide]                PROVIDE (__fini_array_start = .)
 *(SORT_BY_NAME(.fini_array.*))
 *(.fini_array*)
 .fini_array    0x00001754        0x4 d:/nxp/s32ds.3.4/s32ds/build_tools/gcc_b1620/gcc-6.3-arm32-eabi/bin/../lib/gcc/arm-none-eabi/6.3.1/thumb/v7e-m/fpv4-sp/hard/crtbegin.o
                [!provide]                PROVIDE (__fini_array_end = .)
                0x00001758                __etext = .
                0x00001758                __DATA_ROM = .

.interrupts_ram
                0x1fff8000      0x400
                0x1fff8000                . = ALIGN (0x4)
                0x1fff8000                __VECTOR_RAM__ = .
                0x1fff8000                __RAM_START = .
                0x1fff8000                __interrupts_ram_start__ = .
 *(.m_interrupts_ram)
                0x1fff8400                . = (. + M_VECTOR_RAM_SIZE)
 *fill*         0x1fff8000      0x400 
                0x1fff8400                . = ALIGN (0x4)
                0x1fff8400                __interrupts_ram_end__ = .
                0x1fff8000                __VECTOR_RAM = DEFINED (__flash_vector_table__)?ORIGIN (m_interrupts):__VECTOR_RAM__
                0x00000400                __RAM_VECTOR_TABLE_SIZE = DEFINED (__flash_vector_table__)?0x0:(__interrupts_ram_end__ - __interrupts_ram_start__)

.data           0x1fff8400       0x6c load address 0x00001758
                0x1fff8400                . = ALIGN (0x4)
                0x1fff8400                __DATA_RAM = .
                0x1fff8400                __data_start__ = .
 *(.data)
 *(.data*)
 .data.comActiveInterface
                0x1fff8400        0x1 ./core/com.o
 *fill*         0x1fff8401        0x3 
 .data.SystemCoreClock
                0x1fff8404        0x4 ./lib/system_S32K144.o
                0x1fff8404                SystemCoreClock
 .data.impure_data
                0x1fff8408       0x60 D:/NXP/S32DS.3.4/S32DS/build_tools/gcc_b1620/gcc-6.3-arm32-eabi/arm-none-eabi/newlib/lib/thumb/v7e-m/fpv4-sp/hard\libc_nano.a(lib_a-impure.o)
 *(.jcr*)
 .jcr           0x1fff8468        0x0 d:/nxp/s32ds.3.4/s32ds/build_tools/gcc_b1620/gcc-6.3-arm32-eabi/bin/../lib/gcc/arm-none-eabi/6.3.1/thumb/v7e-m/fpv4-sp/hard/crtbegin.o
 .jcr           0x1fff8468        0x4 d:/nxp/s32ds.3.4/s32ds/build_tools/gcc_b1620/gcc-6.3-arm32-eabi/bin/../lib/gcc/arm-none-eabi/6.3.1/thumb/v7e-m/fpv4-sp/hard/crtend.o
                0x1fff846c                . = ALIGN (0x4)
                0x1fff846c                __data_end__ = .
                0x000017c4                __DATA_END = (__DATA_ROM + (__data_end__ - __data_start__))
                0x000017c4                __CODE_ROM = __DATA_END

.tm_clone_table
                0x1fff846c        0x0 load address 0x000017c4
 .tm_clone_table
                0x1fff846c        0x0 d:/nxp/s32ds.3.4/s32ds/build_tools/gcc_b1620/gcc-6.3-arm32-eabi/bin/../lib/gcc/arm-none-eabi/6.3.1/thumb/v7e-m/fpv4-sp/hard/crtbegin.o
 .tm_clone_table
                0x1fff846c        0x0 d:/nxp/s32ds.3.4/s32ds/build_tools/gcc_b1620/gcc-6.3-arm32-eabi/bin/../lib/gcc/arm-none-eabi/6.3.1/thumb/v7e-m/fpv4-sp/hard/crtend.o

.igot.plt       0x1fff846c        0x0 load address 0x000017c4
 .igot.plt      0x1fff846c        0x0 d:/nxp/s32ds.3.4/s32ds/build_tools/gcc_b1620/gcc-6.3-arm32-eabi/bin/../lib/gcc/arm-none-eabi/6.3.1/thumb/v7e-m/fpv4-sp/hard/crtbegin.o

.code           0x1fff846c       0x18 load address 0x000017c4
                0x1fff846c                . = ALIGN (0x4)
                0x1fff846c                __CODE_RAM = .
                0x1fff846c                __code_start__ = .
                0x1fff846c                __code_ram_start__ = .
 *(.code_ram)
 .code_ram      0x1fff846c       0x18 ./core/ARMCM4_S32K14/flash.o
                0x1fff8484                . = ALIGN (0x4)
                0x1fff8484                __code_end__ = .
                0x1fff8484                __code_ram_end__ = .
                0x000017dc                __CODE_END = (__CODE_ROM + (__code_end__ - __code_start__))
                0x000017dc                __CUSTOM_ROM = __CODE_END

.rel.dyn        0x1fff8484        0x0 load address 0x000017dc
 .rel.iplt      0x1fff8484        0x0 d:/nxp/s32ds.3.4/s32ds/build_tools/gcc_b1620/gcc-6.3-arm32-eabi/bin/../lib/gcc/arm-none-eabi/6.3.1/thumb/v7e-m/fpv4-sp/hard/crtbegin.o

.customSectionBlock
                0x20000000        0x0 load address 0x000017dc
                0x20000000                __customSection_start__ = .
 *(.customSection)
                0x20000000                __customSection_end__ = .
                0x000017dc                __CUSTOM_END = (__CUSTOM_ROM + (__customSection_end__ - __customSection_start__))

.bss            0x20000000      0x958
                0x20000000                . = ALIGN (0x4)
                0x20000000                __BSS_START = .
                0x20000000                __bss_start__ = .
 *(.bss)
 .bss           0x20000000       0x1c d:/nxp/s32ds.3.4/s32ds/build_tools/gcc_b1620/gcc-6.3-arm32-eabi/bin/../lib/gcc/arm-none-eabi/6.3.1/thumb/v7e-m/fpv4-sp/hard/crtbegin.o
 *(.bss*)
 .bss.ledBlinkIntervalMs
                0x2000001c        0x2 ./led.o
 .bss.ledOn.6545
                0x2000001e        0x1 ./led.o
 *fill*         0x2000001f        0x1 
 .bss.nextBlinkEvent.6546
                0x20000020        0x4 ./led.o
 .bss.dummyTimerVal
                0x20000024        0x4 ./core/ARMCM4_S32K14/can.o
 .bss.blockInfo
                0x20000028      0x404 ./core/ARMCM4_S32K14/flash.o
 .bss.bootBlockInfo
                0x2000042c      0x404 ./core/ARMCM4_S32K14/flash.o
 .bss.counts_per_millisecond
                0x20000830        0x4 ./core/ARMCM4_S32K14/timer.o
 .bss.free_running_counter_last
                0x20000834        0x4 ./core/ARMCM4_S32K14/timer.o
 .bss.millisecond_counter
                0x20000838        0x4 ./core/ARMCM4_S32K14/timer.o
 .bss.backdoorExtensionTime
                0x2000083c        0x4 ./core/backdoor.o
 .bss.backdoorOpen
                0x20000840        0x1 ./core/backdoor.o
 *fill*         0x20000841        0x3 
 .bss.backdoorOpenTime
                0x20000844        0x4 ./core/backdoor.o
 .bss.xcpCtoReqPacket.5478
                0x20000848       0x81 ./core/com.o
 *fill*         0x200008c9        0x3 
 .bss.xcpInfo   0x200008cc       0x8c ./core/xcp.o
 *(COMMON)
                0x20000958                . = ALIGN (0x4)
                0x20000958                __bss_end__ = .
                0x20000958                __BSS_END = .

.heap           0x20000958      0x400
                0x20000958                . = ALIGN (0x8)
                0x20000958                __end__ = .
                0x20000958                __heap_start__ = .
                [!provide]                PROVIDE (end = .)
                [!provide]                PROVIDE (_end = .)
                [!provide]                PROVIDE (__end = .)
                0x20000958                __HeapBase = .
                0x20000d58                . = (. + HEAP_SIZE)
 *fill*         0x20000958      0x400 
                0x20000d58                __HeapLimit = .
                0x20000d58                __heap_limit = .
                0x20000d58                __heap_end__ = .
                0x20007000                __StackTop = (ORIGIN (m_data_2) + LENGTH (m_data_2))
                0x20006c00                __StackLimit = (__StackTop - STACK_SIZE)
                0x20007000                PROVIDE (__stack = __StackTop)
                0x20007000                __RAM_END = __StackTop

.stack          0x20006c00      0x400
                0x20006c00                . = ALIGN (0x8)
                0x20006c00                __stack_start__ = .
                0x20007000                . = (. + STACK_SIZE)
 *fill*         0x20006c00      0x400 
                0x20007000                __stack_end__ = .
                0x20000000                __START_BSS = __BSS_START
                0x20000958                __END_BSS = __BSS_END
                0x20007000                __SP_INIT = __StackTop

.ARM.attributes
                0x00000000       0x30
 *(.ARM.attributes)
 .ARM.attributes
                0x00000000       0x22 d:/nxp/s32ds.3.4/s32ds/build_tools/gcc_b1620/gcc-6.3-arm32-eabi/bin/../lib/gcc/arm-none-eabi/6.3.1/thumb/v7e-m/fpv4-sp/hard/crti.o
 .ARM.attributes
                0x00000022       0x34 d:/nxp/s32ds.3.4/s32ds/build_tools/gcc_b1620/gcc-6.3-arm32-eabi/bin/../lib/gcc/arm-none-eabi/6.3.1/thumb/v7e-m/fpv4-sp/hard/crtbegin.o
 .ARM.attributes
                0x00000056       0x20 D:/NXP/S32DS.3.4/S32DS/build_tools/gcc_b1620/gcc-6.3-arm32-eabi/arm-none-eabi/newlib/lib/thumb/v7e-m/fpv4-sp/hard/crt0.o
 .ARM.attributes
                0x00000076       0x39 ./hooks.o
 .ARM.attributes
                0x000000af       0x39 ./led.o
 .ARM.attributes
                0x000000e8       0x39 ./main.o
 .ARM.attributes
                0x00000121       0x39 ./core/ARMCM4_S32K14/GCC/cpu_comp.o
 .ARM.attributes
                0x0000015a       0x39 ./core/ARMCM4_S32K14/can.o
 .ARM.attributes
                0x00000193       0x39 ./core/ARMCM4_S32K14/cpu.o
 .ARM.attributes
                0x000001cc       0x39 ./core/ARMCM4_S32K14/flash.o
 .ARM.attributes
                0x00000205       0x39 ./core/ARMCM4_S32K14/nvm.o
 .ARM.attributes
                0x0000023e       0x39 ./core/ARMCM4_S32K14/timer.o
 .ARM.attributes
                0x00000277       0x39 ./core/asserts.o
 .ARM.attributes
                0x000002b0       0x39 ./core/backdoor.o
 .ARM.attributes
                0x000002e9       0x39 ./core/boot.o
 .ARM.attributes
                0x00000322       0x39 ./core/com.o
 .ARM.attributes
                0x0000035b       0x39 ./core/cop.o
 .ARM.attributes
                0x00000394       0x39 ./core/xcp.o
 .ARM.attributes
                0x000003cd       0x39 ./lib/system_S32K144.o
 .ARM.attributes
                0x00000406       0x39 ./startup/startup.o
 .ARM.attributes
                0x0000043f       0x1f ./startup/startup_S32K144.o
 .ARM.attributes
                0x0000045e       0x34 D:/NXP/S32DS.3.4/S32DS/build_tools/gcc_b1620/gcc-6.3-arm32-eabi/arm-none-eabi/newlib/lib/thumb/v7e-m/fpv4-sp/hard\libc_nano.a(lib_a-exit.o)
 .ARM.attributes
                0x00000492       0x34 D:/NXP/S32DS.3.4/S32DS/build_tools/gcc_b1620/gcc-6.3-arm32-eabi/arm-none-eabi/newlib/lib/thumb/v7e-m/fpv4-sp/hard\libc_nano.a(lib_a-impure.o)
 .ARM.attributes
                0x000004c6       0x34 D:/NXP/S32DS.3.4/S32DS/build_tools/gcc_b1620/gcc-6.3-arm32-eabi/arm-none-eabi/newlib/lib/thumb/v7e-m/fpv4-sp/hard\libc_nano.a(lib_a-init.o)
 .ARM.attributes
                0x000004fa       0x34 D:/NXP/S32DS.3.4/S32DS/build_tools/gcc_b1620/gcc-6.3-arm32-eabi/arm-none-eabi/newlib/lib/thumb/v7e-m/fpv4-sp/hard\libc_nano.a(lib_a-memset.o)
 .ARM.attributes
                0x0000052e       0x34 D:/NXP/S32DS.3.4/S32DS/build_tools/gcc_b1620/gcc-6.3-arm32-eabi/arm-none-eabi/newlib/lib/thumb/v7e-m/fpv4-sp/hard\libnosys.a(_exit.o)
 .ARM.attributes
                0x00000562       0x34 d:/nxp/s32ds.3.4/s32ds/build_tools/gcc_b1620/gcc-6.3-arm32-eabi/bin/../lib/gcc/arm-none-eabi/6.3.1/thumb/v7e-m/fpv4-sp/hard/crtend.o
 .ARM.attributes
                0x00000596       0x22 d:/nxp/s32ds.3.4/s32ds/build_tools/gcc_b1620/gcc-6.3-arm32-eabi/bin/../lib/gcc/arm-none-eabi/6.3.1/thumb/v7e-m/fpv4-sp/hard/crtn.o
                0x00000001                ASSERT ((__StackLimit >= __HeapLimit), region m_data_2 overflowed with stack and heap)
OUTPUT(openblt_s32k144.elf elf32-littlearm)

.comment        0x00000000       0x7e
 .comment       0x00000000       0x7e d:/nxp/s32ds.3.4/s32ds/build_tools/gcc_b1620/gcc-6.3-arm32-eabi/bin/../lib/gcc/arm-none-eabi/6.3.1/thumb/v7e-m/fpv4-sp/hard/crtbegin.o
                                 0x7f (size before relaxing)
 .comment       0x0000007e       0x7f ./hooks.o
 .comment       0x0000007e       0x7f ./led.o
 .comment       0x0000007e       0x7f ./main.o
 .comment       0x0000007e       0x7f ./core/ARMCM4_S32K14/GCC/cpu_comp.o
 .comment       0x0000007e       0x7f ./core/ARMCM4_S32K14/can.o
 .comment       0x0000007e       0x7f ./core/ARMCM4_S32K14/cpu.o
 .comment       0x0000007e       0x7f ./core/ARMCM4_S32K14/flash.o
 .comment       0x0000007e       0x7f ./core/ARMCM4_S32K14/nvm.o
 .comment       0x0000007e       0x7f ./core/ARMCM4_S32K14/timer.o
 .comment       0x0000007e       0x7f ./core/asserts.o
 .comment       0x0000007e       0x7f ./core/backdoor.o
 .comment       0x0000007e       0x7f ./core/boot.o
 .comment       0x0000007e       0x7f ./core/com.o
 .comment       0x0000007e       0x7f ./core/cop.o
 .comment       0x0000007e       0x7f ./core/xcp.o
 .comment       0x0000007e       0x7f ./lib/system_S32K144.o
 .comment       0x0000007e       0x7f ./startup/startup.o
 .comment       0x0000007e       0x7f d:/nxp/s32ds.3.4/s32ds/build_tools/gcc_b1620/gcc-6.3-arm32-eabi/bin/../lib/gcc/arm-none-eabi/6.3.1/thumb/v7e-m/fpv4-sp/hard/crtend.o

.debug_info     0x00000000     0x3ea4
 .debug_info    0x00000000      0x1a4 ./hooks.o
 .debug_info    0x000001a4      0x2ba ./led.o
 .debug_info    0x0000045e      0x6ab ./main.o
 .debug_info    0x00000b09       0x80 ./core/ARMCM4_S32K14/GCC/cpu_comp.o
 .debug_info    0x00000b89      0x8ad ./core/ARMCM4_S32K14/can.o
 .debug_info    0x00001436      0x43b ./core/ARMCM4_S32K14/cpu.o
 .debug_info    0x00001871      0x9f0 ./core/ARMCM4_S32K14/flash.o
 .debug_info    0x00002261      0x224 ./core/ARMCM4_S32K14/nvm.o
 .debug_info    0x00002485      0x1bf ./core/ARMCM4_S32K14/timer.o
 .debug_info    0x00002644       0xc2 ./core/asserts.o
 .debug_info    0x00002706      0x184 ./core/backdoor.o
 .debug_info    0x0000288a      0x152 ./core/boot.o
 .debug_info    0x000029dc      0x2aa ./core/com.o
 .debug_info    0x00002c86       0xb2 ./core/cop.o
 .debug_info    0x00002d38      0x97b ./core/xcp.o
 .debug_info    0x000036b3      0x523 ./lib/system_S32K144.o
 .debug_info    0x00003bd6      0x2a8 ./startup/startup.o
 .debug_info    0x00003e7e       0x26 ./startup/startup_S32K144.o

.debug_abbrev   0x00000000     0x1513
 .debug_abbrev  0x00000000       0xeb ./hooks.o
 .debug_abbrev  0x000000eb       0xfe ./led.o
 .debug_abbrev  0x000001e9      0x1b8 ./main.o
 .debug_abbrev  0x000003a1       0x43 ./core/ARMCM4_S32K14/GCC/cpu_comp.o
 .debug_abbrev  0x000003e4      0x2ac ./core/ARMCM4_S32K14/can.o
 .debug_abbrev  0x00000690      0x14f ./core/ARMCM4_S32K14/cpu.o
 .debug_abbrev  0x000007df      0x2b5 ./core/ARMCM4_S32K14/flash.o
 .debug_abbrev  0x00000a94       0xd9 ./core/ARMCM4_S32K14/nvm.o
 .debug_abbrev  0x00000b6d      0x11e ./core/ARMCM4_S32K14/timer.o
 .debug_abbrev  0x00000c8b       0x86 ./core/asserts.o
 .debug_abbrev  0x00000d11       0xd7 ./core/backdoor.o
 .debug_abbrev  0x00000de8       0x6f ./core/boot.o
 .debug_abbrev  0x00000e57      0x172 ./core/com.o
 .debug_abbrev  0x00000fc9       0x64 ./core/cop.o
 .debug_abbrev  0x0000102d      0x2ac ./core/xcp.o
 .debug_abbrev  0x000012d9      0x152 ./lib/system_S32K144.o
 .debug_abbrev  0x0000142b       0xd4 ./startup/startup.o
 .debug_abbrev  0x000014ff       0x14 ./startup/startup_S32K144.o

.debug_aranges  0x00000000      0x3d0
 .debug_aranges
                0x00000000       0x30 ./hooks.o
 .debug_aranges
                0x00000030       0x30 ./led.o
 .debug_aranges
                0x00000060       0x28 ./main.o
 .debug_aranges
                0x00000088       0x28 ./core/ARMCM4_S32K14/GCC/cpu_comp.o
 .debug_aranges
                0x000000b0       0x40 ./core/ARMCM4_S32K14/can.o
 .debug_aranges
                0x000000f0       0x38 ./core/ARMCM4_S32K14/cpu.o
 .debug_aranges
                0x00000128       0x78 ./core/ARMCM4_S32K14/flash.o
 .debug_aranges
                0x000001a0       0x48 ./core/ARMCM4_S32K14/nvm.o
 .debug_aranges
                0x000001e8       0x38 ./core/ARMCM4_S32K14/timer.o
 .debug_aranges
                0x00000220       0x20 ./core/asserts.o
 .debug_aranges
                0x00000240       0x40 ./core/backdoor.o
 .debug_aranges
                0x00000280       0x28 ./core/boot.o
 .debug_aranges
                0x000002a8       0x48 ./core/com.o
 .debug_aranges
                0x000002f0       0x28 ./core/cop.o
 .debug_aranges
                0x00000318       0x48 ./core/xcp.o
 .debug_aranges
                0x00000360       0x30 ./lib/system_S32K144.o
 .debug_aranges
                0x00000390       0x20 ./startup/startup.o
 .debug_aranges
                0x000003b0       0x20 ./startup/startup_S32K144.o

.debug_ranges   0x00000000      0x410
 .debug_ranges  0x00000000       0x20 ./hooks.o
 .debug_ranges  0x00000020       0x20 ./led.o
 .debug_ranges  0x00000040       0x30 ./main.o
 .debug_ranges  0x00000070       0x18 ./core/ARMCM4_S32K14/GCC/cpu_comp.o
 .debug_ranges  0x00000088       0x60 ./core/ARMCM4_S32K14/can.o
 .debug_ranges  0x000000e8       0x28 ./core/ARMCM4_S32K14/cpu.o
 .debug_ranges  0x00000110       0x80 ./core/ARMCM4_S32K14/flash.o
 .debug_ranges  0x00000190       0x38 ./core/ARMCM4_S32K14/nvm.o
 .debug_ranges  0x000001c8       0x28 ./core/ARMCM4_S32K14/timer.o
 .debug_ranges  0x000001f0       0x10 ./core/asserts.o
 .debug_ranges  0x00000200       0x30 ./core/backdoor.o
 .debug_ranges  0x00000230       0x18 ./core/boot.o
 .debug_ranges  0x00000248       0x38 ./core/com.o
 .debug_ranges  0x00000280       0x18 ./core/cop.o
 .debug_ranges  0x00000298      0x148 ./core/xcp.o
 .debug_ranges  0x000003e0       0x20 ./lib/system_S32K144.o
 .debug_ranges  0x00000400       0x10 ./startup/startup.o

.debug_macro    0x00000000    0x20664
 .debug_macro   0x00000000      0x136 ./hooks.o
 .debug_macro   0x00000136      0x8da ./hooks.o
 .debug_macro   0x00000a10       0x1c ./hooks.o
 .debug_macro   0x00000a2c       0x1c ./hooks.o
 .debug_macro   0x00000a48       0x22 ./hooks.o
 .debug_macro   0x00000a6a       0x93 ./hooks.o
 .debug_macro   0x00000afd       0x7b ./hooks.o
 .debug_macro   0x00000b78       0x1c ./hooks.o
 .debug_macro   0x00000b94      0x1aa ./hooks.o
 .debug_macro   0x00000d3e       0x40 ./hooks.o
 .debug_macro   0x00000d7e       0x10 ./hooks.o
 .debug_macro   0x00000d8e       0x80 ./hooks.o
 .debug_macro   0x00000e0e       0x19 ./hooks.o
 .debug_macro   0x00000e27       0x22 ./hooks.o
 .debug_macro   0x00000e49       0x8e ./hooks.o
 .debug_macro   0x00000ed7       0x51 ./hooks.o
 .debug_macro   0x00000f28       0xef ./hooks.o
 .debug_macro   0x00001017       0x6a ./hooks.o
 .debug_macro   0x00001081      0x1df ./hooks.o
 .debug_macro   0x00001260     0xed1d ./hooks.o
 .debug_macro   0x0000ff7d      0xb86 ./hooks.o
 .debug_macro   0x00010b03       0x22 ./hooks.o
 .debug_macro   0x00010b25      0x136 ./led.o
 .debug_macro   0x00010c5b      0x141 ./main.o
 .debug_macro   0x00010d9c       0x28 ./main.o
 .debug_macro   0x00010dc4       0x91 ./core/ARMCM4_S32K14/GCC/cpu_comp.o
 .debug_macro   0x00010e55      0x156 ./core/ARMCM4_S32K14/can.o
 .debug_macro   0x00010fab      0x138 ./core/ARMCM4_S32K14/cpu.o
 .debug_macro   0x000110e3      0x168 ./core/ARMCM4_S32K14/flash.o
 .debug_macro   0x0001124b       0x9b ./core/ARMCM4_S32K14/nvm.o
 .debug_macro   0x000112e6      0x12c ./core/ARMCM4_S32K14/timer.o
 .debug_macro   0x00011412       0x91 ./core/asserts.o
 .debug_macro   0x000114a3       0x97 ./core/backdoor.o
 .debug_macro   0x0001153a       0x91 ./core/boot.o
 .debug_macro   0x000115cb       0x9b ./core/com.o
 .debug_macro   0x00011666       0x91 ./core/cop.o
 .debug_macro   0x000116f7       0x91 ./core/xcp.o
 .debug_macro   0x00011788       0xb5 ./lib/system_S32K144.o
 .debug_macro   0x0001183d       0xb5 ./startup/startup.o
 .debug_macro   0x000118f2     0xed32 ./startup/startup.o
 .debug_macro   0x00020624       0x40 ./startup/startup.o

.debug_line     0x00000000     0x3dd9
 .debug_line    0x00000000      0x4a8 ./hooks.o
 .debug_line    0x000004a8      0x4aa ./led.o
 .debug_line    0x00000952      0x4cf ./main.o
 .debug_line    0x00000e21      0x252 ./core/ARMCM4_S32K14/GCC/cpu_comp.o
 .debug_line    0x00001073      0x611 ./core/ARMCM4_S32K14/can.o
 .debug_line    0x00001684      0x540 ./core/ARMCM4_S32K14/cpu.o
 .debug_line    0x00001bc4      0x6f5 ./core/ARMCM4_S32K14/flash.o
 .debug_line    0x000022b9      0x2a4 ./core/ARMCM4_S32K14/nvm.o
 .debug_line    0x0000255d      0x54c ./core/ARMCM4_S32K14/timer.o
 .debug_line    0x00002aa9      0x1bb ./core/asserts.o
 .debug_line    0x00002c64      0x20c ./core/backdoor.o
 .debug_line    0x00002e70      0x1cf ./core/boot.o
 .debug_line    0x0000303f      0x227 ./core/com.o
 .debug_line    0x00003266      0x1c3 ./core/cop.o
 .debug_line    0x00003429      0x315 ./core/xcp.o
 .debug_line    0x0000373e      0x2ea ./lib/system_S32K144.o
 .debug_line    0x00003a28      0x336 ./startup/startup.o
 .debug_line    0x00003d5e       0x7b ./startup/startup_S32K144.o

.debug_str      0x00000000    0x6af5b
 .debug_str     0x00000000    0x693ad ./hooks.o
                              0x69530 (size before relaxing)
 .debug_str     0x000693ad       0xb2 ./led.o
                              0x695ac (size before relaxing)
 .debug_str     0x0006945f      0x28a ./main.o
                              0x697b1 (size before relaxing)
 .debug_str     0x000696e9       0xb0 ./core/ARMCM4_S32K14/GCC/cpu_comp.o
                               0x3559 (size before relaxing)
 .debug_str     0x00069799      0x3c8 ./core/ARMCM4_S32K14/can.o
                              0x69861 (size before relaxing)
 .debug_str     0x00069b61      0x1c6 ./core/ARMCM4_S32K14/cpu.o
                              0x696f0 (size before relaxing)
 .debug_str     0x00069d27      0x4fb ./core/ARMCM4_S32K14/flash.o
                              0x69987 (size before relaxing)
 .debug_str     0x0006a222       0xb7 ./core/ARMCM4_S32K14/nvm.o
                               0x362a (size before relaxing)
 .debug_str     0x0006a2d9      0x130 ./core/ARMCM4_S32K14/timer.o
                              0x69574 (size before relaxing)
 .debug_str     0x0006a409       0x95 ./core/asserts.o
                               0x3562 (size before relaxing)
 .debug_str     0x0006a49e      0x152 ./core/backdoor.o
                               0x362c (size before relaxing)
 .debug_str     0x0006a5f0       0x97 ./core/boot.o
                               0x359e (size before relaxing)
 .debug_str     0x0006a687      0x199 ./core/com.o
                               0x36c7 (size before relaxing)
 .debug_str     0x0006a820       0x7e ./core/cop.o
                               0x3555 (size before relaxing)
 .debug_str     0x0006a89e      0x2a9 ./core/xcp.o
                               0x3888 (size before relaxing)
 .debug_str     0x0006ab47       0x91 ./lib/system_S32K144.o
                              0x68917 (size before relaxing)
 .debug_str     0x0006abd8      0x35a ./startup/startup.o
                              0x68a9d (size before relaxing)
 .debug_str     0x0006af32       0x29 ./startup/startup_S32K144.o
                                 0xa2 (size before relaxing)

.debug_frame    0x00000000      0x7a4
 .debug_frame   0x00000000       0x48 ./hooks.o
 .debug_frame   0x00000048       0x48 ./led.o
 .debug_frame   0x00000090       0x3c ./main.o
 .debug_frame   0x000000cc       0x30 ./core/ARMCM4_S32K14/GCC/cpu_comp.o
 .debug_frame   0x000000fc       0x9c ./core/ARMCM4_S32K14/can.o
 .debug_frame   0x00000198       0x78 ./core/ARMCM4_S32K14/cpu.o
 .debug_frame   0x00000210      0x158 ./core/ARMCM4_S32K14/flash.o
 .debug_frame   0x00000368       0x80 ./core/ARMCM4_S32K14/nvm.o
 .debug_frame   0x000003e8       0x6c ./core/ARMCM4_S32K14/timer.o
 .debug_frame   0x00000454       0x28 ./core/asserts.o
 .debug_frame   0x0000047c       0x84 ./core/backdoor.o
 .debug_frame   0x00000500       0x48 ./core/boot.o
 .debug_frame   0x00000548       0xa4 ./core/com.o
 .debug_frame   0x000005ec       0x30 ./core/cop.o
 .debug_frame   0x0000061c       0x8c ./core/xcp.o
 .debug_frame   0x000006a8       0x40 ./lib/system_S32K144.o
 .debug_frame   0x000006e8       0x28 ./startup/startup.o
 .debug_frame   0x00000710       0x28 D:/NXP/S32DS.3.4/S32DS/build_tools/gcc_b1620/gcc-6.3-arm32-eabi/arm-none-eabi/newlib/lib/thumb/v7e-m/fpv4-sp/hard\libc_nano.a(lib_a-exit.o)
 .debug_frame   0x00000738       0x2c D:/NXP/S32DS.3.4/S32DS/build_tools/gcc_b1620/gcc-6.3-arm32-eabi/arm-none-eabi/newlib/lib/thumb/v7e-m/fpv4-sp/hard\libc_nano.a(lib_a-init.o)
 .debug_frame   0x00000764       0x20 D:/NXP/S32DS.3.4/S32DS/build_tools/gcc_b1620/gcc-6.3-arm32-eabi/arm-none-eabi/newlib/lib/thumb/v7e-m/fpv4-sp/hard\libc_nano.a(lib_a-memset.o)
 .debug_frame   0x00000784       0x20 D:/NXP/S32DS.3.4/S32DS/build_tools/gcc_b1620/gcc-6.3-arm32-eabi/arm-none-eabi/newlib/lib/thumb/v7e-m/fpv4-sp/hard\libnosys.a(_exit.o)

.debug_loc      0x00000000     0x15e4
 .debug_loc     0x00000000       0x68 ./main.o
 .debug_loc     0x00000068      0x28e ./core/ARMCM4_S32K14/can.o
 .debug_loc     0x000002f6      0x144 ./core/ARMCM4_S32K14/cpu.o
 .debug_loc     0x0000043a      0x7a2 ./core/ARMCM4_S32K14/flash.o
 .debug_loc     0x00000bdc       0xa5 ./core/ARMCM4_S32K14/nvm.o
 .debug_loc     0x00000c81       0x41 ./core/ARMCM4_S32K14/timer.o
 .debug_loc     0x00000cc2       0x42 ./core/asserts.o
 .debug_loc     0x00000d04       0x67 ./core/com.o
 .debug_loc     0x00000d6b      0x6c9 ./core/xcp.o
 .debug_loc     0x00001434       0xeb ./lib/system_S32K144.o
 .debug_loc     0x0000151f       0xc5 ./startup/startup.o
